<!doctype html public "-//w3c//dtd html 4.0 transitional//en">
<html><head>
<title>Static Call Graph - [.\Flash\Obj\output.axf]</title></head>
<body><HR>
<H1>Static Call Graph for image .\Flash\Obj\output.axf</H1><HR>
<BR><P>#&#060CALLGRAPH&#062# ARM Linker, 5050106: Last Updated: Fri Aug 14 12:01:17 2020
<BR><P>
<H3>Maximum Stack Usage =        552 bytes + Unknown(Cycles, Untraceable Function Pointers)</H3><H3>
Call chain for Maximum Stack Depth:</H3>
vTaskControl &rArr; bsp_UpdateCleanStrategyB &rArr; clean_strategyB &rArr; AStarReturnOrigin &rArr; printShortest &rArr; getShortest &rArr; astar &rArr; __aeabi_dadd &rArr; _double_epilogue &rArr; _double_round
<P>
<H3>
Mutually Recursive functions
</H3> <LI><a href="#[1c]">ADC1_2_IRQHandler</a>&nbsp;&nbsp;&nbsp;&rArr;&nbsp;&nbsp;&nbsp;<a href="#[1c]">ADC1_2_IRQHandler</a><BR>
 <LI><a href="#[2]">HardFault_Handler</a>&nbsp;&nbsp;&nbsp;&rArr;&nbsp;&nbsp;&nbsp;<a href="#[2]">HardFault_Handler</a><BR>
 <LI><a href="#[4d]">vTaskKey</a>&nbsp;&nbsp;&nbsp;&rArr;&nbsp;&nbsp;&nbsp;<a href="#[4d]">vTaskKey</a><BR>
</UL>
<P>
<H3>
Function Pointers
</H3><UL>
 <LI><a href="#[1c]">ADC1_2_IRQHandler</a> from startup_stm32f10x_hd.o(.text) referenced from startup_stm32f10x_hd.o(RESET)
 <LI><a href="#[39]">ADC3_IRQHandler</a> from startup_stm32f10x_hd.o(.text) referenced from startup_stm32f10x_hd.o(RESET)
 <LI><a href="#[4]">BusFault_Handler</a> from stm32f10x_it.o(i.BusFault_Handler) referenced from startup_stm32f10x_hd.o(RESET)
 <LI><a href="#[1f]">CAN1_RX1_IRQHandler</a> from startup_stm32f10x_hd.o(.text) referenced from startup_stm32f10x_hd.o(RESET)
 <LI><a href="#[20]">CAN1_SCE_IRQHandler</a> from startup_stm32f10x_hd.o(.text) referenced from startup_stm32f10x_hd.o(RESET)
 <LI><a href="#[15]">DMA1_Channel1_IRQHandler</a> from startup_stm32f10x_hd.o(.text) referenced from startup_stm32f10x_hd.o(RESET)
 <LI><a href="#[16]">DMA1_Channel2_IRQHandler</a> from startup_stm32f10x_hd.o(.text) referenced from startup_stm32f10x_hd.o(RESET)
 <LI><a href="#[17]">DMA1_Channel3_IRQHandler</a> from startup_stm32f10x_hd.o(.text) referenced from startup_stm32f10x_hd.o(RESET)
 <LI><a href="#[18]">DMA1_Channel4_IRQHandler</a> from startup_stm32f10x_hd.o(.text) referenced from startup_stm32f10x_hd.o(RESET)
 <LI><a href="#[19]">DMA1_Channel5_IRQHandler</a> from startup_stm32f10x_hd.o(.text) referenced from startup_stm32f10x_hd.o(RESET)
 <LI><a href="#[1a]">DMA1_Channel6_IRQHandler</a> from startup_stm32f10x_hd.o(.text) referenced from startup_stm32f10x_hd.o(RESET)
 <LI><a href="#[1b]">DMA1_Channel7_IRQHandler</a> from startup_stm32f10x_hd.o(.text) referenced from startup_stm32f10x_hd.o(RESET)
 <LI><a href="#[42]">DMA2_Channel1_IRQHandler</a> from startup_stm32f10x_hd.o(.text) referenced from startup_stm32f10x_hd.o(RESET)
 <LI><a href="#[43]">DMA2_Channel2_IRQHandler</a> from startup_stm32f10x_hd.o(.text) referenced from startup_stm32f10x_hd.o(RESET)
 <LI><a href="#[44]">DMA2_Channel3_IRQHandler</a> from startup_stm32f10x_hd.o(.text) referenced from startup_stm32f10x_hd.o(RESET)
 <LI><a href="#[45]">DMA2_Channel4_5_IRQHandler</a> from startup_stm32f10x_hd.o(.text) referenced from startup_stm32f10x_hd.o(RESET)
 <LI><a href="#[7]">DebugMon_Handler</a> from stm32f10x_it.o(i.DebugMon_Handler) referenced from startup_stm32f10x_hd.o(RESET)
 <LI><a href="#[10]">EXTI0_IRQHandler</a> from startup_stm32f10x_hd.o(.text) referenced from startup_stm32f10x_hd.o(RESET)
 <LI><a href="#[32]">EXTI15_10_IRQHandler</a> from bsp_encoder.o(i.EXTI15_10_IRQHandler) referenced from startup_stm32f10x_hd.o(RESET)
 <LI><a href="#[11]">EXTI1_IRQHandler</a> from startup_stm32f10x_hd.o(.text) referenced from startup_stm32f10x_hd.o(RESET)
 <LI><a href="#[12]">EXTI2_IRQHandler</a> from startup_stm32f10x_hd.o(.text) referenced from startup_stm32f10x_hd.o(RESET)
 <LI><a href="#[13]">EXTI3_IRQHandler</a> from bsp_encoder.o(i.EXTI3_IRQHandler) referenced from startup_stm32f10x_hd.o(RESET)
 <LI><a href="#[14]">EXTI4_IRQHandler</a> from startup_stm32f10x_hd.o(.text) referenced from startup_stm32f10x_hd.o(RESET)
 <LI><a href="#[21]">EXTI9_5_IRQHandler</a> from bsp_stopmode.o(i.EXTI9_5_IRQHandler) referenced from startup_stm32f10x_hd.o(RESET)
 <LI><a href="#[e]">FLASH_IRQHandler</a> from startup_stm32f10x_hd.o(.text) referenced from startup_stm32f10x_hd.o(RESET)
 <LI><a href="#[3a]">FSMC_IRQHandler</a> from startup_stm32f10x_hd.o(.text) referenced from startup_stm32f10x_hd.o(RESET)
 <LI><a href="#[2]">HardFault_Handler</a> from stm32f10x_it.o(i.HardFault_Handler) referenced from startup_stm32f10x_hd.o(RESET)
 <LI><a href="#[2a]">I2C1_ER_IRQHandler</a> from startup_stm32f10x_hd.o(.text) referenced from startup_stm32f10x_hd.o(RESET)
 <LI><a href="#[29]">I2C1_EV_IRQHandler</a> from startup_stm32f10x_hd.o(.text) referenced from startup_stm32f10x_hd.o(RESET)
 <LI><a href="#[2c]">I2C2_ER_IRQHandler</a> from startup_stm32f10x_hd.o(.text) referenced from startup_stm32f10x_hd.o(RESET)
 <LI><a href="#[2b]">I2C2_EV_IRQHandler</a> from startup_stm32f10x_hd.o(.text) referenced from startup_stm32f10x_hd.o(RESET)
 <LI><a href="#[52]">IsKeyDown1</a> from bsp_key.o(i.IsKeyDown1) referenced from bsp_key.o(i.bsp_InitKeyVar)
 <LI><a href="#[5b]">IsKeyDown10</a> from bsp_key.o(i.IsKeyDown10) referenced from bsp_key.o(i.bsp_InitKeyVar)
 <LI><a href="#[53]">IsKeyDown2</a> from bsp_key.o(i.IsKeyDown2) referenced from bsp_key.o(i.bsp_InitKeyVar)
 <LI><a href="#[54]">IsKeyDown3</a> from bsp_key.o(i.IsKeyDown3) referenced from bsp_key.o(i.bsp_InitKeyVar)
 <LI><a href="#[55]">IsKeyDown4</a> from bsp_key.o(i.IsKeyDown4) referenced from bsp_key.o(i.bsp_InitKeyVar)
 <LI><a href="#[56]">IsKeyDown5</a> from bsp_key.o(i.IsKeyDown5) referenced from bsp_key.o(i.bsp_InitKeyVar)
 <LI><a href="#[57]">IsKeyDown6</a> from bsp_key.o(i.IsKeyDown6) referenced from bsp_key.o(i.bsp_InitKeyVar)
 <LI><a href="#[58]">IsKeyDown7</a> from bsp_key.o(i.IsKeyDown7) referenced from bsp_key.o(i.bsp_InitKeyVar)
 <LI><a href="#[59]">IsKeyDown8</a> from bsp_key.o(i.IsKeyDown8) referenced from bsp_key.o(i.bsp_InitKeyVar)
 <LI><a href="#[5a]">IsKeyDown9</a> from bsp_key.o(i.IsKeyDown9) referenced from bsp_key.o(i.bsp_InitKeyVar)
 <LI><a href="#[3]">MemManage_Handler</a> from stm32f10x_it.o(i.MemManage_Handler) referenced from startup_stm32f10x_hd.o(RESET)
 <LI><a href="#[1]">NMI_Handler</a> from stm32f10x_it.o(i.NMI_Handler) referenced from startup_stm32f10x_hd.o(RESET)
 <LI><a href="#[b]">PVD_IRQHandler</a> from startup_stm32f10x_hd.o(.text) referenced from startup_stm32f10x_hd.o(RESET)
 <LI><a href="#[8]">PendSV_Handler</a> from port.o(.emb_text) referenced from startup_stm32f10x_hd.o(RESET)
 <LI><a href="#[f]">RCC_IRQHandler</a> from startup_stm32f10x_hd.o(.text) referenced from startup_stm32f10x_hd.o(RESET)
 <LI><a href="#[33]">RTCAlarm_IRQHandler</a> from startup_stm32f10x_hd.o(.text) referenced from startup_stm32f10x_hd.o(RESET)
 <LI><a href="#[d]">RTC_IRQHandler</a> from startup_stm32f10x_hd.o(.text) referenced from startup_stm32f10x_hd.o(RESET)
 <LI><a href="#[0]">Reset_Handler</a> from startup_stm32f10x_hd.o(.text) referenced from startup_stm32f10x_hd.o(RESET)
 <LI><a href="#[3b]">SDIO_IRQHandler</a> from startup_stm32f10x_hd.o(.text) referenced from startup_stm32f10x_hd.o(RESET)
 <LI><a href="#[2d]">SPI1_IRQHandler</a> from startup_stm32f10x_hd.o(.text) referenced from startup_stm32f10x_hd.o(RESET)
 <LI><a href="#[2e]">SPI2_IRQHandler</a> from startup_stm32f10x_hd.o(.text) referenced from startup_stm32f10x_hd.o(RESET)
 <LI><a href="#[3d]">SPI3_IRQHandler</a> from startup_stm32f10x_hd.o(.text) referenced from startup_stm32f10x_hd.o(RESET)
 <LI><a href="#[6]">SVC_Handler</a> from port.o(.emb_text) referenced from startup_stm32f10x_hd.o(RESET)
 <LI><a href="#[9]">SysTick_Handler</a> from port.o(i.SysTick_Handler) referenced from startup_stm32f10x_hd.o(RESET)
 <LI><a href="#[47]">SystemInit</a> from system_stm32f10x.o(i.SystemInit) referenced from startup_stm32f10x_hd.o(.text)
 <LI><a href="#[c]">TAMPER_IRQHandler</a> from startup_stm32f10x_hd.o(.text) referenced from startup_stm32f10x_hd.o(RESET)
 <LI><a href="#[22]">TIM1_BRK_IRQHandler</a> from startup_stm32f10x_hd.o(.text) referenced from startup_stm32f10x_hd.o(RESET)
 <LI><a href="#[25]">TIM1_CC_IRQHandler</a> from startup_stm32f10x_hd.o(.text) referenced from startup_stm32f10x_hd.o(RESET)
 <LI><a href="#[24]">TIM1_TRG_COM_IRQHandler</a> from startup_stm32f10x_hd.o(.text) referenced from startup_stm32f10x_hd.o(RESET)
 <LI><a href="#[23]">TIM1_UP_IRQHandler</a> from startup_stm32f10x_hd.o(.text) referenced from startup_stm32f10x_hd.o(RESET)
 <LI><a href="#[26]">TIM2_IRQHandler</a> from startup_stm32f10x_hd.o(.text) referenced from startup_stm32f10x_hd.o(RESET)
 <LI><a href="#[27]">TIM3_IRQHandler</a> from bsp_ir_decode.o(i.TIM3_IRQHandler) referenced from startup_stm32f10x_hd.o(RESET)
 <LI><a href="#[28]">TIM4_IRQHandler</a> from startup_stm32f10x_hd.o(.text) referenced from startup_stm32f10x_hd.o(RESET)
 <LI><a href="#[3c]">TIM5_IRQHandler</a> from bsp_timer.o(i.TIM5_IRQHandler) referenced from startup_stm32f10x_hd.o(RESET)
 <LI><a href="#[40]">TIM6_IRQHandler</a> from sysinfotest.o(i.TIM6_IRQHandler) referenced from startup_stm32f10x_hd.o(RESET)
 <LI><a href="#[41]">TIM7_IRQHandler</a> from startup_stm32f10x_hd.o(.text) referenced from startup_stm32f10x_hd.o(RESET)
 <LI><a href="#[35]">TIM8_BRK_IRQHandler</a> from startup_stm32f10x_hd.o(.text) referenced from startup_stm32f10x_hd.o(RESET)
 <LI><a href="#[38]">TIM8_CC_IRQHandler</a> from startup_stm32f10x_hd.o(.text) referenced from startup_stm32f10x_hd.o(RESET)
 <LI><a href="#[37]">TIM8_TRG_COM_IRQHandler</a> from startup_stm32f10x_hd.o(.text) referenced from startup_stm32f10x_hd.o(RESET)
 <LI><a href="#[36]">TIM8_UP_IRQHandler</a> from startup_stm32f10x_hd.o(.text) referenced from startup_stm32f10x_hd.o(RESET)
 <LI><a href="#[3e]">UART4_IRQHandler</a> from startup_stm32f10x_hd.o(.text) referenced from startup_stm32f10x_hd.o(RESET)
 <LI><a href="#[3f]">UART5_IRQHandler</a> from bsp_uart_fifo.o(i.UART5_IRQHandler) referenced from startup_stm32f10x_hd.o(RESET)
 <LI><a href="#[2f]">USART1_IRQHandler</a> from startup_stm32f10x_hd.o(.text) referenced from startup_stm32f10x_hd.o(RESET)
 <LI><a href="#[30]">USART2_IRQHandler</a> from bsp_uart_fifo.o(i.USART2_IRQHandler) referenced from startup_stm32f10x_hd.o(RESET)
 <LI><a href="#[31]">USART3_IRQHandler</a> from bsp_uart_fifo.o(i.USART3_IRQHandler) referenced from startup_stm32f10x_hd.o(RESET)
 <LI><a href="#[34]">USBWakeUp_IRQHandler</a> from startup_stm32f10x_hd.o(.text) referenced from startup_stm32f10x_hd.o(RESET)
 <LI><a href="#[1d]">USB_HP_CAN1_TX_IRQHandler</a> from startup_stm32f10x_hd.o(.text) referenced from startup_stm32f10x_hd.o(RESET)
 <LI><a href="#[1e]">USB_LP_CAN1_RX0_IRQHandler</a> from startup_stm32f10x_hd.o(.text) referenced from startup_stm32f10x_hd.o(RESET)
 <LI><a href="#[5]">UsageFault_Handler</a> from stm32f10x_it.o(i.UsageFault_Handler) referenced from startup_stm32f10x_hd.o(RESET)
 <LI><a href="#[a]">WWDG_IRQHandler</a> from startup_stm32f10x_hd.o(.text) referenced from startup_stm32f10x_hd.o(RESET)
 <LI><a href="#[48]">__main</a> from entry.o(.ARM.Collect$$$$00000000) referenced from startup_stm32f10x_hd.o(.text)
 <LI><a href="#[4e]">bsp_AngleRevByte</a> from bsp_angle.o(i.bsp_AngleRevByte) referenced from bsp_uart_fifo.o(i.UartVarInit)
 <LI><a href="#[51]">bsp_AngleTimeout</a> from bsp_angle.o(i.bsp_AngleTimeout) referenced from bsp_angle.o(i.bsp_AngleRevByte)
 <LI><a href="#[50]">fputc</a> from bsp_uart_fifo.o(i.fputc) referenced from printfa.o(i.__0printf)
 <LI><a href="#[46]">main</a> from main.o(i.main) referenced from entry9a.o(.ARM.Collect$$$$0000000B)
 <LI><a href="#[5d]">prvIdleTask</a> from tasks.o(i.prvIdleTask) referenced from tasks.o(i.vTaskStartScheduler)
 <LI><a href="#[5c]">prvTaskExitError</a> from port.o(i.prvTaskExitError) referenced from port.o(i.pxPortInitialiseStack)
 <LI><a href="#[4f]">uart_receive_input</a> from mcu_api.o(i.uart_receive_input) referenced from bsp_uart_fifo.o(i.UartVarInit)
 <LI><a href="#[4b]">vTaskControl</a> from main.o(i.vTaskControl) referenced from main.o(i.AppTaskCreate)
 <LI><a href="#[4a]">vTaskDecision</a> from main.o(i.vTaskDecision) referenced from main.o(i.AppTaskCreate)
 <LI><a href="#[4d]">vTaskKey</a> from main.o(i.vTaskKey) referenced from main.o(i.AppTaskCreate)
 <LI><a href="#[49]">vTaskMapping</a> from main.o(i.vTaskMapping) referenced from main.o(i.AppTaskCreate)
 <LI><a href="#[4c]">vTaskPerception</a> from main.o(i.vTaskPerception) referenced from main.o(i.AppTaskCreate)
</UL>
<P>
<H3>
Global Symbols
</H3>
<P><STRONG><a name="[48]"></a>__main</STRONG> (Thumb, 0 bytes, Stack size unknown bytes, entry.o(.ARM.Collect$$$$00000000))
<BR>[Address Reference Count : 1]<UL><LI> startup_stm32f10x_hd.o(.text)
</UL>
<P><STRONG><a name="[2af]"></a>_main_stk</STRONG> (Thumb, 0 bytes, Stack size unknown bytes, entry2.o(.ARM.Collect$$$$00000001))

<P><STRONG><a name="[5e]"></a>_main_scatterload</STRONG> (Thumb, 0 bytes, Stack size unknown bytes, entry5.o(.ARM.Collect$$$$00000004))
<BR><BR>[Calls]<UL><LI><a href="#[5f]">&gt;&gt;</a>&nbsp;&nbsp;&nbsp;__scatterload
</UL>

<P><STRONG><a name="[7d]"></a>__main_after_scatterload</STRONG> (Thumb, 0 bytes, Stack size unknown bytes, entry5.o(.ARM.Collect$$$$00000004))
<BR><BR>[Called By]<UL><LI><a href="#[5f]">&gt;&gt;</a>&nbsp;&nbsp;&nbsp;__scatterload
</UL>

<P><STRONG><a name="[2b0]"></a>_main_clock</STRONG> (Thumb, 0 bytes, Stack size unknown bytes, entry7b.o(.ARM.Collect$$$$00000008))

<P><STRONG><a name="[2b1]"></a>_main_cpp_init</STRONG> (Thumb, 0 bytes, Stack size unknown bytes, entry8b.o(.ARM.Collect$$$$0000000A))

<P><STRONG><a name="[2b2]"></a>_main_init</STRONG> (Thumb, 0 bytes, Stack size unknown bytes, entry9a.o(.ARM.Collect$$$$0000000B))

<P><STRONG><a name="[2b3]"></a>__rt_final_cpp</STRONG> (Thumb, 0 bytes, Stack size unknown bytes, entry10a.o(.ARM.Collect$$$$0000000D))

<P><STRONG><a name="[2b4]"></a>__rt_final_exit</STRONG> (Thumb, 0 bytes, Stack size unknown bytes, entry11a.o(.ARM.Collect$$$$0000000F))

<P><STRONG><a name="[6]"></a>SVC_Handler</STRONG> (Thumb, 32 bytes, Stack size 0 bytes, port.o(.emb_text))
<BR>[Address Reference Count : 1]<UL><LI> startup_stm32f10x_hd.o(RESET)
</UL>
<P><STRONG><a name="[2aa]"></a>__asm___6_port_c_39a90d8d__prvStartFirstTask</STRONG> (Thumb, 28 bytes, Stack size 0 bytes, port.o(.emb_text))
<BR><BR>[Called By]<UL><LI><a href="#[2a4]">&gt;&gt;</a>&nbsp;&nbsp;&nbsp;xPortStartScheduler
</UL>

<P><STRONG><a name="[8]"></a>PendSV_Handler</STRONG> (Thumb, 64 bytes, Stack size 0 bytes, port.o(.emb_text))
<BR><BR>[Stack]<UL><LI>Max Depth = 8<LI>Call Chain = PendSV_Handler &rArr; vTaskSwitchContext
</UL>
<BR>[Calls]<UL><LI><a href="#[60]">&gt;&gt;</a>&nbsp;&nbsp;&nbsp;vTaskSwitchContext
</UL>
<BR>[Address Reference Count : 1]<UL><LI> startup_stm32f10x_hd.o(RESET)
</UL>
<P><STRONG><a name="[f3]"></a>ulPortSetInterruptMask</STRONG> (Thumb, 14 bytes, Stack size 0 bytes, port.o(.emb_text))
<BR><BR>[Called By]<UL><LI><a href="#[8c]">&gt;&gt;</a>&nbsp;&nbsp;&nbsp;xTaskGenericCreate
<LI><a href="#[2ab]">&gt;&gt;</a>&nbsp;&nbsp;&nbsp;xQueueGenericSend
<LI><a href="#[275]">&gt;&gt;</a>&nbsp;&nbsp;&nbsp;vTaskStartScheduler
<LI><a href="#[206]">&gt;&gt;</a>&nbsp;&nbsp;&nbsp;vTaskDelay
<LI><a href="#[28c]">&gt;&gt;</a>&nbsp;&nbsp;&nbsp;xTaskRemoveFromEventList
<LI><a href="#[284]">&gt;&gt;</a>&nbsp;&nbsp;&nbsp;xTaskPriorityDisinherit
<LI><a href="#[2ac]">&gt;&gt;</a>&nbsp;&nbsp;&nbsp;xTaskCheckForTimeOut
<LI><a href="#[2a3]">&gt;&gt;</a>&nbsp;&nbsp;&nbsp;vTaskSetTimeOutState
<LI><a href="#[2a1]">&gt;&gt;</a>&nbsp;&nbsp;&nbsp;vTaskPlaceOnEventList
<LI><a href="#[27e]">&gt;&gt;</a>&nbsp;&nbsp;&nbsp;xTaskResumeAll
<LI><a href="#[27c]">&gt;&gt;</a>&nbsp;&nbsp;&nbsp;vPortFree
<LI><a href="#[281]">&gt;&gt;</a>&nbsp;&nbsp;&nbsp;vPortExitCritical
<LI><a href="#[27f]">&gt;&gt;</a>&nbsp;&nbsp;&nbsp;vPortEnterCritical
<LI><a href="#[27b]">&gt;&gt;</a>&nbsp;&nbsp;&nbsp;pvPortMalloc
<LI><a href="#[9]">&gt;&gt;</a>&nbsp;&nbsp;&nbsp;SysTick_Handler
<LI><a href="#[5c]">&gt;&gt;</a>&nbsp;&nbsp;&nbsp;prvTaskExitError
<LI><a href="#[f4]">&gt;&gt;</a>&nbsp;&nbsp;&nbsp;xTaskIncrementTick
<LI><a href="#[60]">&gt;&gt;</a>&nbsp;&nbsp;&nbsp;vTaskSwitchContext
</UL>

<P><STRONG><a name="[f5]"></a>vPortClearInterruptMask</STRONG> (Thumb, 6 bytes, Stack size 0 bytes, port.o(.emb_text))
<BR><BR>[Called By]<UL><LI><a href="#[281]">&gt;&gt;</a>&nbsp;&nbsp;&nbsp;vPortExitCritical
<LI><a href="#[9]">&gt;&gt;</a>&nbsp;&nbsp;&nbsp;SysTick_Handler
</UL>

<P><STRONG><a name="[2b5]"></a>vPortGetIPSR</STRONG> (Thumb, 6 bytes, Stack size 0 bytes, port.o(.emb_text), UNUSED)

<P><STRONG><a name="[0]"></a>Reset_Handler</STRONG> (Thumb, 8 bytes, Stack size 0 bytes, startup_stm32f10x_hd.o(.text))
<BR>[Address Reference Count : 1]<UL><LI> startup_stm32f10x_hd.o(RESET)
</UL>
<P><STRONG><a name="[1c]"></a>ADC1_2_IRQHandler</STRONG> (Thumb, 0 bytes, Stack size 0 bytes, startup_stm32f10x_hd.o(.text))
<BR><BR>[Calls]<UL><LI><a href="#[1c]">&gt;&gt;</a>&nbsp;&nbsp;&nbsp;ADC1_2_IRQHandler
</UL>
<BR>[Called By]<UL><LI><a href="#[1c]">&gt;&gt;</a>&nbsp;&nbsp;&nbsp;ADC1_2_IRQHandler
</UL>
<BR>[Address Reference Count : 1]<UL><LI> startup_stm32f10x_hd.o(RESET)
</UL>
<P><STRONG><a name="[39]"></a>ADC3_IRQHandler</STRONG> (Thumb, 0 bytes, Stack size 0 bytes, startup_stm32f10x_hd.o(.text))
<BR>[Address Reference Count : 1]<UL><LI> startup_stm32f10x_hd.o(RESET)
</UL>
<P><STRONG><a name="[1f]"></a>CAN1_RX1_IRQHandler</STRONG> (Thumb, 0 bytes, Stack size 0 bytes, startup_stm32f10x_hd.o(.text))
<BR>[Address Reference Count : 1]<UL><LI> startup_stm32f10x_hd.o(RESET)
</UL>
<P><STRONG><a name="[20]"></a>CAN1_SCE_IRQHandler</STRONG> (Thumb, 0 bytes, Stack size 0 bytes, startup_stm32f10x_hd.o(.text))
<BR>[Address Reference Count : 1]<UL><LI> startup_stm32f10x_hd.o(RESET)
</UL>
<P><STRONG><a name="[15]"></a>DMA1_Channel1_IRQHandler</STRONG> (Thumb, 0 bytes, Stack size 0 bytes, startup_stm32f10x_hd.o(.text))
<BR>[Address Reference Count : 1]<UL><LI> startup_stm32f10x_hd.o(RESET)
</UL>
<P><STRONG><a name="[16]"></a>DMA1_Channel2_IRQHandler</STRONG> (Thumb, 0 bytes, Stack size 0 bytes, startup_stm32f10x_hd.o(.text))
<BR>[Address Reference Count : 1]<UL><LI> startup_stm32f10x_hd.o(RESET)
</UL>
<P><STRONG><a name="[17]"></a>DMA1_Channel3_IRQHandler</STRONG> (Thumb, 0 bytes, Stack size 0 bytes, startup_stm32f10x_hd.o(.text))
<BR>[Address Reference Count : 1]<UL><LI> startup_stm32f10x_hd.o(RESET)
</UL>
<P><STRONG><a name="[18]"></a>DMA1_Channel4_IRQHandler</STRONG> (Thumb, 0 bytes, Stack size 0 bytes, startup_stm32f10x_hd.o(.text))
<BR>[Address Reference Count : 1]<UL><LI> startup_stm32f10x_hd.o(RESET)
</UL>
<P><STRONG><a name="[19]"></a>DMA1_Channel5_IRQHandler</STRONG> (Thumb, 0 bytes, Stack size 0 bytes, startup_stm32f10x_hd.o(.text))
<BR>[Address Reference Count : 1]<UL><LI> startup_stm32f10x_hd.o(RESET)
</UL>
<P><STRONG><a name="[1a]"></a>DMA1_Channel6_IRQHandler</STRONG> (Thumb, 0 bytes, Stack size 0 bytes, startup_stm32f10x_hd.o(.text))
<BR>[Address Reference Count : 1]<UL><LI> startup_stm32f10x_hd.o(RESET)
</UL>
<P><STRONG><a name="[1b]"></a>DMA1_Channel7_IRQHandler</STRONG> (Thumb, 0 bytes, Stack size 0 bytes, startup_stm32f10x_hd.o(.text))
<BR>[Address Reference Count : 1]<UL><LI> startup_stm32f10x_hd.o(RESET)
</UL>
<P><STRONG><a name="[42]"></a>DMA2_Channel1_IRQHandler</STRONG> (Thumb, 0 bytes, Stack size 0 bytes, startup_stm32f10x_hd.o(.text))
<BR>[Address Reference Count : 1]<UL><LI> startup_stm32f10x_hd.o(RESET)
</UL>
<P><STRONG><a name="[43]"></a>DMA2_Channel2_IRQHandler</STRONG> (Thumb, 0 bytes, Stack size 0 bytes, startup_stm32f10x_hd.o(.text))
<BR>[Address Reference Count : 1]<UL><LI> startup_stm32f10x_hd.o(RESET)
</UL>
<P><STRONG><a name="[44]"></a>DMA2_Channel3_IRQHandler</STRONG> (Thumb, 0 bytes, Stack size 0 bytes, startup_stm32f10x_hd.o(.text))
<BR>[Address Reference Count : 1]<UL><LI> startup_stm32f10x_hd.o(RESET)
</UL>
<P><STRONG><a name="[45]"></a>DMA2_Channel4_5_IRQHandler</STRONG> (Thumb, 0 bytes, Stack size 0 bytes, startup_stm32f10x_hd.o(.text))
<BR>[Address Reference Count : 1]<UL><LI> startup_stm32f10x_hd.o(RESET)
</UL>
<P><STRONG><a name="[10]"></a>EXTI0_IRQHandler</STRONG> (Thumb, 0 bytes, Stack size 0 bytes, startup_stm32f10x_hd.o(.text))
<BR>[Address Reference Count : 1]<UL><LI> startup_stm32f10x_hd.o(RESET)
</UL>
<P><STRONG><a name="[11]"></a>EXTI1_IRQHandler</STRONG> (Thumb, 0 bytes, Stack size 0 bytes, startup_stm32f10x_hd.o(.text))
<BR>[Address Reference Count : 1]<UL><LI> startup_stm32f10x_hd.o(RESET)
</UL>
<P><STRONG><a name="[12]"></a>EXTI2_IRQHandler</STRONG> (Thumb, 0 bytes, Stack size 0 bytes, startup_stm32f10x_hd.o(.text))
<BR>[Address Reference Count : 1]<UL><LI> startup_stm32f10x_hd.o(RESET)
</UL>
<P><STRONG><a name="[14]"></a>EXTI4_IRQHandler</STRONG> (Thumb, 0 bytes, Stack size 0 bytes, startup_stm32f10x_hd.o(.text))
<BR>[Address Reference Count : 1]<UL><LI> startup_stm32f10x_hd.o(RESET)
</UL>
<P><STRONG><a name="[e]"></a>FLASH_IRQHandler</STRONG> (Thumb, 0 bytes, Stack size 0 bytes, startup_stm32f10x_hd.o(.text))
<BR>[Address Reference Count : 1]<UL><LI> startup_stm32f10x_hd.o(RESET)
</UL>
<P><STRONG><a name="[3a]"></a>FSMC_IRQHandler</STRONG> (Thumb, 0 bytes, Stack size 0 bytes, startup_stm32f10x_hd.o(.text))
<BR>[Address Reference Count : 1]<UL><LI> startup_stm32f10x_hd.o(RESET)
</UL>
<P><STRONG><a name="[2a]"></a>I2C1_ER_IRQHandler</STRONG> (Thumb, 0 bytes, Stack size 0 bytes, startup_stm32f10x_hd.o(.text))
<BR>[Address Reference Count : 1]<UL><LI> startup_stm32f10x_hd.o(RESET)
</UL>
<P><STRONG><a name="[29]"></a>I2C1_EV_IRQHandler</STRONG> (Thumb, 0 bytes, Stack size 0 bytes, startup_stm32f10x_hd.o(.text))
<BR>[Address Reference Count : 1]<UL><LI> startup_stm32f10x_hd.o(RESET)
</UL>
<P><STRONG><a name="[2c]"></a>I2C2_ER_IRQHandler</STRONG> (Thumb, 0 bytes, Stack size 0 bytes, startup_stm32f10x_hd.o(.text))
<BR>[Address Reference Count : 1]<UL><LI> startup_stm32f10x_hd.o(RESET)
</UL>
<P><STRONG><a name="[2b]"></a>I2C2_EV_IRQHandler</STRONG> (Thumb, 0 bytes, Stack size 0 bytes, startup_stm32f10x_hd.o(.text))
<BR>[Address Reference Count : 1]<UL><LI> startup_stm32f10x_hd.o(RESET)
</UL>
<P><STRONG><a name="[b]"></a>PVD_IRQHandler</STRONG> (Thumb, 0 bytes, Stack size 0 bytes, startup_stm32f10x_hd.o(.text))
<BR>[Address Reference Count : 1]<UL><LI> startup_stm32f10x_hd.o(RESET)
</UL>
<P><STRONG><a name="[f]"></a>RCC_IRQHandler</STRONG> (Thumb, 0 bytes, Stack size 0 bytes, startup_stm32f10x_hd.o(.text))
<BR>[Address Reference Count : 1]<UL><LI> startup_stm32f10x_hd.o(RESET)
</UL>
<P><STRONG><a name="[33]"></a>RTCAlarm_IRQHandler</STRONG> (Thumb, 0 bytes, Stack size 0 bytes, startup_stm32f10x_hd.o(.text))
<BR>[Address Reference Count : 1]<UL><LI> startup_stm32f10x_hd.o(RESET)
</UL>
<P><STRONG><a name="[d]"></a>RTC_IRQHandler</STRONG> (Thumb, 0 bytes, Stack size 0 bytes, startup_stm32f10x_hd.o(.text))
<BR>[Address Reference Count : 1]<UL><LI> startup_stm32f10x_hd.o(RESET)
</UL>
<P><STRONG><a name="[3b]"></a>SDIO_IRQHandler</STRONG> (Thumb, 0 bytes, Stack size 0 bytes, startup_stm32f10x_hd.o(.text))
<BR>[Address Reference Count : 1]<UL><LI> startup_stm32f10x_hd.o(RESET)
</UL>
<P><STRONG><a name="[2d]"></a>SPI1_IRQHandler</STRONG> (Thumb, 0 bytes, Stack size 0 bytes, startup_stm32f10x_hd.o(.text))
<BR>[Address Reference Count : 1]<UL><LI> startup_stm32f10x_hd.o(RESET)
</UL>
<P><STRONG><a name="[2e]"></a>SPI2_IRQHandler</STRONG> (Thumb, 0 bytes, Stack size 0 bytes, startup_stm32f10x_hd.o(.text))
<BR>[Address Reference Count : 1]<UL><LI> startup_stm32f10x_hd.o(RESET)
</UL>
<P><STRONG><a name="[3d]"></a>SPI3_IRQHandler</STRONG> (Thumb, 0 bytes, Stack size 0 bytes, startup_stm32f10x_hd.o(.text))
<BR>[Address Reference Count : 1]<UL><LI> startup_stm32f10x_hd.o(RESET)
</UL>
<P><STRONG><a name="[c]"></a>TAMPER_IRQHandler</STRONG> (Thumb, 0 bytes, Stack size 0 bytes, startup_stm32f10x_hd.o(.text))
<BR>[Address Reference Count : 1]<UL><LI> startup_stm32f10x_hd.o(RESET)
</UL>
<P><STRONG><a name="[22]"></a>TIM1_BRK_IRQHandler</STRONG> (Thumb, 0 bytes, Stack size 0 bytes, startup_stm32f10x_hd.o(.text))
<BR>[Address Reference Count : 1]<UL><LI> startup_stm32f10x_hd.o(RESET)
</UL>
<P><STRONG><a name="[25]"></a>TIM1_CC_IRQHandler</STRONG> (Thumb, 0 bytes, Stack size 0 bytes, startup_stm32f10x_hd.o(.text))
<BR>[Address Reference Count : 1]<UL><LI> startup_stm32f10x_hd.o(RESET)
</UL>
<P><STRONG><a name="[24]"></a>TIM1_TRG_COM_IRQHandler</STRONG> (Thumb, 0 bytes, Stack size 0 bytes, startup_stm32f10x_hd.o(.text))
<BR>[Address Reference Count : 1]<UL><LI> startup_stm32f10x_hd.o(RESET)
</UL>
<P><STRONG><a name="[23]"></a>TIM1_UP_IRQHandler</STRONG> (Thumb, 0 bytes, Stack size 0 bytes, startup_stm32f10x_hd.o(.text))
<BR>[Address Reference Count : 1]<UL><LI> startup_stm32f10x_hd.o(RESET)
</UL>
<P><STRONG><a name="[26]"></a>TIM2_IRQHandler</STRONG> (Thumb, 0 bytes, Stack size 0 bytes, startup_stm32f10x_hd.o(.text))
<BR>[Address Reference Count : 1]<UL><LI> startup_stm32f10x_hd.o(RESET)
</UL>
<P><STRONG><a name="[28]"></a>TIM4_IRQHandler</STRONG> (Thumb, 0 bytes, Stack size 0 bytes, startup_stm32f10x_hd.o(.text))
<BR>[Address Reference Count : 1]<UL><LI> startup_stm32f10x_hd.o(RESET)
</UL>
<P><STRONG><a name="[41]"></a>TIM7_IRQHandler</STRONG> (Thumb, 0 bytes, Stack size 0 bytes, startup_stm32f10x_hd.o(.text))
<BR>[Address Reference Count : 1]<UL><LI> startup_stm32f10x_hd.o(RESET)
</UL>
<P><STRONG><a name="[35]"></a>TIM8_BRK_IRQHandler</STRONG> (Thumb, 0 bytes, Stack size 0 bytes, startup_stm32f10x_hd.o(.text))
<BR>[Address Reference Count : 1]<UL><LI> startup_stm32f10x_hd.o(RESET)
</UL>
<P><STRONG><a name="[38]"></a>TIM8_CC_IRQHandler</STRONG> (Thumb, 0 bytes, Stack size 0 bytes, startup_stm32f10x_hd.o(.text))
<BR>[Address Reference Count : 1]<UL><LI> startup_stm32f10x_hd.o(RESET)
</UL>
<P><STRONG><a name="[37]"></a>TIM8_TRG_COM_IRQHandler</STRONG> (Thumb, 0 bytes, Stack size 0 bytes, startup_stm32f10x_hd.o(.text))
<BR>[Address Reference Count : 1]<UL><LI> startup_stm32f10x_hd.o(RESET)
</UL>
<P><STRONG><a name="[36]"></a>TIM8_UP_IRQHandler</STRONG> (Thumb, 0 bytes, Stack size 0 bytes, startup_stm32f10x_hd.o(.text))
<BR>[Address Reference Count : 1]<UL><LI> startup_stm32f10x_hd.o(RESET)
</UL>
<P><STRONG><a name="[3e]"></a>UART4_IRQHandler</STRONG> (Thumb, 0 bytes, Stack size 0 bytes, startup_stm32f10x_hd.o(.text))
<BR>[Address Reference Count : 1]<UL><LI> startup_stm32f10x_hd.o(RESET)
</UL>
<P><STRONG><a name="[2f]"></a>USART1_IRQHandler</STRONG> (Thumb, 0 bytes, Stack size 0 bytes, startup_stm32f10x_hd.o(.text))
<BR>[Address Reference Count : 1]<UL><LI> startup_stm32f10x_hd.o(RESET)
</UL>
<P><STRONG><a name="[34]"></a>USBWakeUp_IRQHandler</STRONG> (Thumb, 0 bytes, Stack size 0 bytes, startup_stm32f10x_hd.o(.text))
<BR>[Address Reference Count : 1]<UL><LI> startup_stm32f10x_hd.o(RESET)
</UL>
<P><STRONG><a name="[1d]"></a>USB_HP_CAN1_TX_IRQHandler</STRONG> (Thumb, 0 bytes, Stack size 0 bytes, startup_stm32f10x_hd.o(.text))
<BR>[Address Reference Count : 1]<UL><LI> startup_stm32f10x_hd.o(RESET)
</UL>
<P><STRONG><a name="[1e]"></a>USB_LP_CAN1_RX0_IRQHandler</STRONG> (Thumb, 0 bytes, Stack size 0 bytes, startup_stm32f10x_hd.o(.text))
<BR>[Address Reference Count : 1]<UL><LI> startup_stm32f10x_hd.o(RESET)
</UL>
<P><STRONG><a name="[a]"></a>WWDG_IRQHandler</STRONG> (Thumb, 0 bytes, Stack size 0 bytes, startup_stm32f10x_hd.o(.text))
<BR>[Address Reference Count : 1]<UL><LI> startup_stm32f10x_hd.o(RESET)
</UL>
<P><STRONG><a name="[cf]"></a>rand</STRONG> (Thumb, 20 bytes, Stack size 0 bytes, rand.o(.text))
<BR><BR>[Called By]<UL><LI><a href="#[90]">&gt;&gt;</a>&nbsp;&nbsp;&nbsp;GetSoftRandom
</UL>

<P><STRONG><a name="[ce]"></a>srand</STRONG> (Thumb, 6 bytes, Stack size 0 bytes, rand.o(.text))
<BR><BR>[Called By]<UL><LI><a href="#[90]">&gt;&gt;</a>&nbsp;&nbsp;&nbsp;GetSoftRandom
</UL>

<P><STRONG><a name="[11f]"></a>__aeabi_memcpy</STRONG> (Thumb, 36 bytes, Stack size 0 bytes, memcpya.o(.text))
<BR><BR>[Called By]<UL><LI><a href="#[169]">&gt;&gt;</a>&nbsp;&nbsp;&nbsp;bsp_ComAnalysis
<LI><a href="#[283]">&gt;&gt;</a>&nbsp;&nbsp;&nbsp;prvCopyDataToQueue
<LI><a href="#[ea]">&gt;&gt;</a>&nbsp;&nbsp;&nbsp;_WriteNoCheck
<LI><a href="#[eb]">&gt;&gt;</a>&nbsp;&nbsp;&nbsp;_WriteBlocking
</UL>

<P><STRONG><a name="[8e]"></a>__aeabi_memcpy4</STRONG> (Thumb, 0 bytes, Stack size 0 bytes, memcpya.o(.text))
<BR><BR>[Called By]<UL><LI><a href="#[8d]">&gt;&gt;</a>&nbsp;&nbsp;&nbsp;AuthenticationTest
</UL>

<P><STRONG><a name="[2b6]"></a>__aeabi_memcpy8</STRONG> (Thumb, 0 bytes, Stack size 0 bytes, memcpya.o(.text), UNUSED)

<P><STRONG><a name="[62]"></a>__aeabi_memset</STRONG> (Thumb, 14 bytes, Stack size 0 bytes, memseta.o(.text))
<BR><BR>[Called By]<UL><LI><a href="#[27a]">&gt;&gt;</a>&nbsp;&nbsp;&nbsp;prvAllocateTCBAndStack
<LI><a href="#[63]">&gt;&gt;</a>&nbsp;&nbsp;&nbsp;_memset$wrapper
<LI><a href="#[61]">&gt;&gt;</a>&nbsp;&nbsp;&nbsp;__aeabi_memclr
</UL>

<P><STRONG><a name="[2b7]"></a>__aeabi_memset4</STRONG> (Thumb, 0 bytes, Stack size 0 bytes, memseta.o(.text), UNUSED)

<P><STRONG><a name="[2b8]"></a>__aeabi_memset8</STRONG> (Thumb, 0 bytes, Stack size 0 bytes, memseta.o(.text), UNUSED)

<P><STRONG><a name="[61]"></a>__aeabi_memclr</STRONG> (Thumb, 4 bytes, Stack size 0 bytes, memseta.o(.text))
<BR><BR>[Calls]<UL><LI><a href="#[62]">&gt;&gt;</a>&nbsp;&nbsp;&nbsp;__aeabi_memset
</UL>
<BR>[Called By]<UL><LI><a href="#[237]">&gt;&gt;</a>&nbsp;&nbsp;&nbsp;bsp_SendReportFrameWithCRC16
<LI><a href="#[169]">&gt;&gt;</a>&nbsp;&nbsp;&nbsp;bsp_ComAnalysis
<LI><a href="#[19f]">&gt;&gt;</a>&nbsp;&nbsp;&nbsp;bsp_SendMCU_Ver
<LI><a href="#[1a0]">&gt;&gt;</a>&nbsp;&nbsp;&nbsp;bsp_SendAllCalibration
<LI><a href="#[1dd]">&gt;&gt;</a>&nbsp;&nbsp;&nbsp;bsp_ParamReadAtPowerOn
<LI><a href="#[230]">&gt;&gt;</a>&nbsp;&nbsp;&nbsp;bsp_StopSelfCheck
</UL>

<P><STRONG><a name="[92]"></a>__aeabi_memclr4</STRONG> (Thumb, 0 bytes, Stack size 0 bytes, memseta.o(.text))
<BR><BR>[Called By]<UL><LI><a href="#[8d]">&gt;&gt;</a>&nbsp;&nbsp;&nbsp;AuthenticationTest
</UL>

<P><STRONG><a name="[2b9]"></a>__aeabi_memclr8</STRONG> (Thumb, 0 bytes, Stack size 0 bytes, memseta.o(.text), UNUSED)

<P><STRONG><a name="[63]"></a>_memset$wrapper</STRONG> (Thumb, 18 bytes, Stack size 8 bytes, memseta.o(.text), UNUSED)
<BR><BR>[Calls]<UL><LI><a href="#[62]">&gt;&gt;</a>&nbsp;&nbsp;&nbsp;__aeabi_memset
</UL>

<P><STRONG><a name="[95]"></a>memcmp</STRONG> (Thumb, 26 bytes, Stack size 12 bytes, memcmp.o(.text))
<BR><BR>[Stack]<UL><LI>Max Depth = 12<LI>Call Chain = memcmp
</UL>
<BR>[Called By]<UL><LI><a href="#[8d]">&gt;&gt;</a>&nbsp;&nbsp;&nbsp;AuthenticationTest
</UL>

<P><STRONG><a name="[11e]"></a>strcpy</STRONG> (Thumb, 18 bytes, Stack size 0 bytes, strcpy.o(.text))
<BR><BR>[Called By]<UL><LI><a href="#[e7]">&gt;&gt;</a>&nbsp;&nbsp;&nbsp;_DoInit
</UL>

<P><STRONG><a name="[64]"></a>__aeabi_fadd</STRONG> (Thumb, 164 bytes, Stack size 16 bytes, fadd.o(.text))
<BR><BR>[Stack]<UL><LI>Max Depth = 20<LI>Call Chain = __aeabi_fadd &rArr; _float_epilogue
</UL>
<BR>[Calls]<UL><LI><a href="#[66]">&gt;&gt;</a>&nbsp;&nbsp;&nbsp;_float_round
<LI><a href="#[65]">&gt;&gt;</a>&nbsp;&nbsp;&nbsp;_float_epilogue
</UL>
<BR>[Called By]<UL><LI><a href="#[68]">&gt;&gt;</a>&nbsp;&nbsp;&nbsp;__aeabi_frsub
<LI><a href="#[149]">&gt;&gt;</a>&nbsp;&nbsp;&nbsp;bsp_AngleAdd
<LI><a href="#[1b7]">&gt;&gt;</a>&nbsp;&nbsp;&nbsp;bsp_GetVoltageFilterProc
<LI><a href="#[67]">&gt;&gt;</a>&nbsp;&nbsp;&nbsp;__aeabi_fsub
<LI><a href="#[24a]">&gt;&gt;</a>&nbsp;&nbsp;&nbsp;bsp_UploadBatteryInfo
<LI><a href="#[21e]">&gt;&gt;</a>&nbsp;&nbsp;&nbsp;bsp_PidExec
</UL>

<P><STRONG><a name="[67]"></a>__aeabi_fsub</STRONG> (Thumb, 6 bytes, Stack size 0 bytes, fadd.o(.text))
<BR><BR>[Stack]<UL><LI>Max Depth = 20<LI>Call Chain = __aeabi_fsub &rArr; __aeabi_fadd &rArr; _float_epilogue
</UL>
<BR>[Calls]<UL><LI><a href="#[64]">&gt;&gt;</a>&nbsp;&nbsp;&nbsp;__aeabi_fadd
</UL>
<BR>[Called By]<UL><LI><a href="#[149]">&gt;&gt;</a>&nbsp;&nbsp;&nbsp;bsp_AngleAdd
<LI><a href="#[243]">&gt;&gt;</a>&nbsp;&nbsp;&nbsp;bsp_StrategyRandomProc
<LI><a href="#[1b1]">&gt;&gt;</a>&nbsp;&nbsp;&nbsp;bsp_GetCliffStates
<LI><a href="#[1a4]">&gt;&gt;</a>&nbsp;&nbsp;&nbsp;bsp_FunctionTestUpdate
<LI><a href="#[180]">&gt;&gt;</a>&nbsp;&nbsp;&nbsp;bsp_EdgewiseRun
<LI><a href="#[172]">&gt;&gt;</a>&nbsp;&nbsp;&nbsp;bsp_DetectAct
<LI><a href="#[24a]">&gt;&gt;</a>&nbsp;&nbsp;&nbsp;bsp_UploadBatteryInfo
<LI><a href="#[21e]">&gt;&gt;</a>&nbsp;&nbsp;&nbsp;bsp_PidExec
</UL>

<P><STRONG><a name="[68]"></a>__aeabi_frsub</STRONG> (Thumb, 6 bytes, Stack size 0 bytes, fadd.o(.text))
<BR><BR>[Stack]<UL><LI>Max Depth = 20<LI>Call Chain = __aeabi_frsub &rArr; __aeabi_fadd &rArr; _float_epilogue
</UL>
<BR>[Calls]<UL><LI><a href="#[64]">&gt;&gt;</a>&nbsp;&nbsp;&nbsp;__aeabi_fadd
</UL>
<BR>[Called By]<UL><LI><a href="#[149]">&gt;&gt;</a>&nbsp;&nbsp;&nbsp;bsp_AngleAdd
<LI><a href="#[243]">&gt;&gt;</a>&nbsp;&nbsp;&nbsp;bsp_StrategyRandomProc
<LI><a href="#[180]">&gt;&gt;</a>&nbsp;&nbsp;&nbsp;bsp_EdgewiseRun
</UL>

<P><STRONG><a name="[152]"></a>__aeabi_fmul</STRONG> (Thumb, 100 bytes, Stack size 8 bytes, fmul.o(.text))
<BR><BR>[Stack]<UL><LI>Max Depth = 8<LI>Call Chain = __aeabi_fmul
</UL>
<BR>[Called By]<UL><LI><a href="#[151]">&gt;&gt;</a>&nbsp;&nbsp;&nbsp;bsp_AngleReadRaw
<LI><a href="#[19e]">&gt;&gt;</a>&nbsp;&nbsp;&nbsp;bsp_StartVacuum
<LI><a href="#[237]">&gt;&gt;</a>&nbsp;&nbsp;&nbsp;bsp_SendReportFrameWithCRC16
<LI><a href="#[22c]">&gt;&gt;</a>&nbsp;&nbsp;&nbsp;bsp_SelfCheckProc
<LI><a href="#[223]">&gt;&gt;</a>&nbsp;&nbsp;&nbsp;bsp_PositionUpdate
<LI><a href="#[19c]">&gt;&gt;</a>&nbsp;&nbsp;&nbsp;bsp_MotorSpeedMM2Pulse
<LI><a href="#[1ba]">&gt;&gt;</a>&nbsp;&nbsp;&nbsp;bsp_Get_GridMapArea
<LI><a href="#[1b7]">&gt;&gt;</a>&nbsp;&nbsp;&nbsp;bsp_GetVoltageFilterProc
<LI><a href="#[1b5]">&gt;&gt;</a>&nbsp;&nbsp;&nbsp;bsp_GetFeedbackVoltage
<LI><a href="#[1b1]">&gt;&gt;</a>&nbsp;&nbsp;&nbsp;bsp_GetCliffStates
<LI><a href="#[1a4]">&gt;&gt;</a>&nbsp;&nbsp;&nbsp;bsp_FunctionTestUpdate
<LI><a href="#[172]">&gt;&gt;</a>&nbsp;&nbsp;&nbsp;bsp_DetectAct
<LI><a href="#[24a]">&gt;&gt;</a>&nbsp;&nbsp;&nbsp;bsp_UploadBatteryInfo
<LI><a href="#[21e]">&gt;&gt;</a>&nbsp;&nbsp;&nbsp;bsp_PidExec
<LI><a href="#[173]">&gt;&gt;</a>&nbsp;&nbsp;&nbsp;bsp_GetAdScanValue
<LI><a href="#[251]">&gt;&gt;</a>&nbsp;&nbsp;&nbsp;check_sensor
<LI><a href="#[1b2]">&gt;&gt;</a>&nbsp;&nbsp;&nbsp;bsp_GetCliffVoltage
</UL>

<P><STRONG><a name="[69]"></a>__aeabi_fdiv</STRONG> (Thumb, 124 bytes, Stack size 8 bytes, fdiv.o(.text))
<BR><BR>[Stack]<UL><LI>Max Depth = 8<LI>Call Chain = __aeabi_fdiv
</UL>
<BR>[Calls]<UL><LI><a href="#[66]">&gt;&gt;</a>&nbsp;&nbsp;&nbsp;_float_round
</UL>
<BR>[Called By]<UL><LI><a href="#[19e]">&gt;&gt;</a>&nbsp;&nbsp;&nbsp;bsp_StartVacuum
<LI><a href="#[22c]">&gt;&gt;</a>&nbsp;&nbsp;&nbsp;bsp_SelfCheckProc
<LI><a href="#[223]">&gt;&gt;</a>&nbsp;&nbsp;&nbsp;bsp_PositionUpdate
<LI><a href="#[19c]">&gt;&gt;</a>&nbsp;&nbsp;&nbsp;bsp_MotorSpeedMM2Pulse
<LI><a href="#[1b7]">&gt;&gt;</a>&nbsp;&nbsp;&nbsp;bsp_GetVoltageFilterProc
<LI><a href="#[24a]">&gt;&gt;</a>&nbsp;&nbsp;&nbsp;bsp_UploadBatteryInfo
<LI><a href="#[21e]">&gt;&gt;</a>&nbsp;&nbsp;&nbsp;bsp_PidExec
<LI><a href="#[219]">&gt;&gt;</a>&nbsp;&nbsp;&nbsp;bsp_MotorGetSpeed
<LI><a href="#[173]">&gt;&gt;</a>&nbsp;&nbsp;&nbsp;bsp_GetAdScanValue
</UL>

<P><STRONG><a name="[1b0]"></a>__ARM_scalbnf</STRONG> (Thumb, 24 bytes, Stack size 0 bytes, fscalb.o(.text))
<BR><BR>[Called By]<UL><LI><a href="#[223]">&gt;&gt;</a>&nbsp;&nbsp;&nbsp;bsp_PositionUpdate
<LI><a href="#[1b5]">&gt;&gt;</a>&nbsp;&nbsp;&nbsp;bsp_GetFeedbackVoltage
<LI><a href="#[188]">&gt;&gt;</a>&nbsp;&nbsp;&nbsp;bsp_GetCurrentBothPulse
<LI><a href="#[173]">&gt;&gt;</a>&nbsp;&nbsp;&nbsp;bsp_GetAdScanValue
<LI><a href="#[1b2]">&gt;&gt;</a>&nbsp;&nbsp;&nbsp;bsp_GetCliffVoltage
</UL>

<P><STRONG><a name="[2ba]"></a>scalbnf</STRONG> (Thumb, 0 bytes, Stack size 0 bytes, fscalb.o(.text), UNUSED)

<P><STRONG><a name="[6a]"></a>__aeabi_dadd</STRONG> (Thumb, 322 bytes, Stack size 48 bytes, dadd.o(.text))
<BR><BR>[Stack]<UL><LI>Max Depth = 88<LI>Call Chain = __aeabi_dadd &rArr; _double_epilogue &rArr; _double_round
</UL>
<BR>[Calls]<UL><LI><a href="#[6e]">&gt;&gt;</a>&nbsp;&nbsp;&nbsp;_double_round
<LI><a href="#[6d]">&gt;&gt;</a>&nbsp;&nbsp;&nbsp;_double_epilogue
<LI><a href="#[6c]">&gt;&gt;</a>&nbsp;&nbsp;&nbsp;__aeabi_lasr
<LI><a href="#[6b]">&gt;&gt;</a>&nbsp;&nbsp;&nbsp;__aeabi_llsl
</UL>
<BR>[Called By]<UL><LI><a href="#[22c]">&gt;&gt;</a>&nbsp;&nbsp;&nbsp;bsp_SelfCheckProc
<LI><a href="#[223]">&gt;&gt;</a>&nbsp;&nbsp;&nbsp;bsp_PositionUpdate
<LI><a href="#[1bc]">&gt;&gt;</a>&nbsp;&nbsp;&nbsp;bsp_GridMapUpdate
<LI><a href="#[1b7]">&gt;&gt;</a>&nbsp;&nbsp;&nbsp;bsp_GetVoltageFilterProc
<LI><a href="#[257]">&gt;&gt;</a>&nbsp;&nbsp;&nbsp;sendvelocity
<LI><a href="#[251]">&gt;&gt;</a>&nbsp;&nbsp;&nbsp;check_sensor
<LI><a href="#[6f]">&gt;&gt;</a>&nbsp;&nbsp;&nbsp;__aeabi_dsub
<LI><a href="#[134]">&gt;&gt;</a>&nbsp;&nbsp;&nbsp;astar
<LI><a href="#[c7]">&gt;&gt;</a>&nbsp;&nbsp;&nbsp;ForceReturnOrigin
<LI><a href="#[126]">&gt;&gt;</a>&nbsp;&nbsp;&nbsp;__kernel_sin
<LI><a href="#[122]">&gt;&gt;</a>&nbsp;&nbsp;&nbsp;__ieee754_rem_pio2
<LI><a href="#[125]">&gt;&gt;</a>&nbsp;&nbsp;&nbsp;__kernel_poly
<LI><a href="#[12b]">&gt;&gt;</a>&nbsp;&nbsp;&nbsp;__mathlib_dbl_infnan2
<LI><a href="#[13a]">&gt;&gt;</a>&nbsp;&nbsp;&nbsp;atan
<LI><a href="#[12e]">&gt;&gt;</a>&nbsp;&nbsp;&nbsp;_fp_digits
<LI><a href="#[ca]">&gt;&gt;</a>&nbsp;&nbsp;&nbsp;pow
<LI><a href="#[70]">&gt;&gt;</a>&nbsp;&nbsp;&nbsp;__aeabi_drsub
</UL>

<P><STRONG><a name="[6f]"></a>__aeabi_dsub</STRONG> (Thumb, 6 bytes, Stack size 0 bytes, dadd.o(.text))
<BR><BR>[Stack]<UL><LI>Max Depth = 88<LI>Call Chain = __aeabi_dsub &rArr; __aeabi_dadd &rArr; _double_epilogue &rArr; _double_round
</UL>
<BR>[Calls]<UL><LI><a href="#[6a]">&gt;&gt;</a>&nbsp;&nbsp;&nbsp;__aeabi_dadd
</UL>
<BR>[Called By]<UL><LI><a href="#[257]">&gt;&gt;</a>&nbsp;&nbsp;&nbsp;sendvelocity
<LI><a href="#[c7]">&gt;&gt;</a>&nbsp;&nbsp;&nbsp;ForceReturnOrigin
<LI><a href="#[126]">&gt;&gt;</a>&nbsp;&nbsp;&nbsp;__kernel_sin
<LI><a href="#[122]">&gt;&gt;</a>&nbsp;&nbsp;&nbsp;__ieee754_rem_pio2
<LI><a href="#[124]">&gt;&gt;</a>&nbsp;&nbsp;&nbsp;__kernel_cos
<LI><a href="#[13a]">&gt;&gt;</a>&nbsp;&nbsp;&nbsp;atan
<LI><a href="#[ca]">&gt;&gt;</a>&nbsp;&nbsp;&nbsp;pow
<LI><a href="#[c9]">&gt;&gt;</a>&nbsp;&nbsp;&nbsp;atan2
</UL>

<P><STRONG><a name="[70]"></a>__aeabi_drsub</STRONG> (Thumb, 6 bytes, Stack size 0 bytes, dadd.o(.text))
<BR><BR>[Stack]<UL><LI>Max Depth = 88<LI>Call Chain = __aeabi_drsub &rArr; __aeabi_dadd &rArr; _double_epilogue &rArr; _double_round
</UL>
<BR>[Calls]<UL><LI><a href="#[6a]">&gt;&gt;</a>&nbsp;&nbsp;&nbsp;__aeabi_dadd
</UL>
<BR>[Called By]<UL><LI><a href="#[126]">&gt;&gt;</a>&nbsp;&nbsp;&nbsp;__kernel_sin
<LI><a href="#[122]">&gt;&gt;</a>&nbsp;&nbsp;&nbsp;__ieee754_rem_pio2
<LI><a href="#[124]">&gt;&gt;</a>&nbsp;&nbsp;&nbsp;__kernel_cos
<LI><a href="#[13a]">&gt;&gt;</a>&nbsp;&nbsp;&nbsp;atan
<LI><a href="#[ca]">&gt;&gt;</a>&nbsp;&nbsp;&nbsp;pow
<LI><a href="#[c9]">&gt;&gt;</a>&nbsp;&nbsp;&nbsp;atan2
</UL>

<P><STRONG><a name="[71]"></a>__aeabi_dmul</STRONG> (Thumb, 228 bytes, Stack size 48 bytes, dmul.o(.text))
<BR><BR>[Stack]<UL><LI>Max Depth = 88<LI>Call Chain = __aeabi_dmul &rArr; _double_epilogue &rArr; _double_round
</UL>
<BR>[Calls]<UL><LI><a href="#[6d]">&gt;&gt;</a>&nbsp;&nbsp;&nbsp;_double_epilogue
</UL>
<BR>[Called By]<UL><LI><a href="#[248]">&gt;&gt;</a>&nbsp;&nbsp;&nbsp;bsp_UpdateCleanStrategyB
<LI><a href="#[223]">&gt;&gt;</a>&nbsp;&nbsp;&nbsp;bsp_PositionUpdate
<LI><a href="#[1bc]">&gt;&gt;</a>&nbsp;&nbsp;&nbsp;bsp_GridMapUpdate
<LI><a href="#[1a9]">&gt;&gt;</a>&nbsp;&nbsp;&nbsp;bsp_GetCurrentPosY
<LI><a href="#[1a8]">&gt;&gt;</a>&nbsp;&nbsp;&nbsp;bsp_GetCurrentPosX
<LI><a href="#[1a4]">&gt;&gt;</a>&nbsp;&nbsp;&nbsp;bsp_FunctionTestUpdate
<LI><a href="#[257]">&gt;&gt;</a>&nbsp;&nbsp;&nbsp;sendvelocity
<LI><a href="#[1bd]">&gt;&gt;</a>&nbsp;&nbsp;&nbsp;inverseSensorModelB
<LI><a href="#[c7]">&gt;&gt;</a>&nbsp;&nbsp;&nbsp;ForceReturnOrigin
<LI><a href="#[126]">&gt;&gt;</a>&nbsp;&nbsp;&nbsp;__kernel_sin
<LI><a href="#[122]">&gt;&gt;</a>&nbsp;&nbsp;&nbsp;__ieee754_rem_pio2
<LI><a href="#[125]">&gt;&gt;</a>&nbsp;&nbsp;&nbsp;__kernel_poly
<LI><a href="#[124]">&gt;&gt;</a>&nbsp;&nbsp;&nbsp;__kernel_cos
<LI><a href="#[13a]">&gt;&gt;</a>&nbsp;&nbsp;&nbsp;atan
<LI><a href="#[12e]">&gt;&gt;</a>&nbsp;&nbsp;&nbsp;_fp_digits
<LI><a href="#[ca]">&gt;&gt;</a>&nbsp;&nbsp;&nbsp;pow
</UL>

<P><STRONG><a name="[72]"></a>__aeabi_ddiv</STRONG> (Thumb, 222 bytes, Stack size 32 bytes, ddiv.o(.text))
<BR><BR>[Stack]<UL><LI>Max Depth = 40<LI>Call Chain = __aeabi_ddiv &rArr; _double_round
</UL>
<BR>[Calls]<UL><LI><a href="#[6e]">&gt;&gt;</a>&nbsp;&nbsp;&nbsp;_double_round
</UL>
<BR>[Called By]<UL><LI><a href="#[248]">&gt;&gt;</a>&nbsp;&nbsp;&nbsp;bsp_UpdateCleanStrategyB
<LI><a href="#[22c]">&gt;&gt;</a>&nbsp;&nbsp;&nbsp;bsp_SelfCheckProc
<LI><a href="#[1bc]">&gt;&gt;</a>&nbsp;&nbsp;&nbsp;bsp_GridMapUpdate
<LI><a href="#[1b7]">&gt;&gt;</a>&nbsp;&nbsp;&nbsp;bsp_GetVoltageFilterProc
<LI><a href="#[1a4]">&gt;&gt;</a>&nbsp;&nbsp;&nbsp;bsp_FunctionTestUpdate
<LI><a href="#[257]">&gt;&gt;</a>&nbsp;&nbsp;&nbsp;sendvelocity
<LI><a href="#[251]">&gt;&gt;</a>&nbsp;&nbsp;&nbsp;check_sensor
<LI><a href="#[1bd]">&gt;&gt;</a>&nbsp;&nbsp;&nbsp;inverseSensorModelB
<LI><a href="#[c7]">&gt;&gt;</a>&nbsp;&nbsp;&nbsp;ForceReturnOrigin
<LI><a href="#[12c]">&gt;&gt;</a>&nbsp;&nbsp;&nbsp;__mathlib_dbl_invalid
<LI><a href="#[129]">&gt;&gt;</a>&nbsp;&nbsp;&nbsp;__mathlib_dbl_divzero
<LI><a href="#[13a]">&gt;&gt;</a>&nbsp;&nbsp;&nbsp;atan
<LI><a href="#[12e]">&gt;&gt;</a>&nbsp;&nbsp;&nbsp;_fp_digits
<LI><a href="#[ca]">&gt;&gt;</a>&nbsp;&nbsp;&nbsp;pow
<LI><a href="#[c9]">&gt;&gt;</a>&nbsp;&nbsp;&nbsp;atan2
</UL>

<P><STRONG><a name="[123]"></a>__ARM_scalbn</STRONG> (Thumb, 46 bytes, Stack size 16 bytes, dscalb.o(.text))
<BR><BR>[Stack]<UL><LI>Max Depth = 16<LI>Call Chain = __ARM_scalbn
</UL>
<BR>[Called By]<UL><LI><a href="#[257]">&gt;&gt;</a>&nbsp;&nbsp;&nbsp;sendvelocity
<LI><a href="#[126]">&gt;&gt;</a>&nbsp;&nbsp;&nbsp;__kernel_sin
<LI><a href="#[122]">&gt;&gt;</a>&nbsp;&nbsp;&nbsp;__ieee754_rem_pio2
<LI><a href="#[128]">&gt;&gt;</a>&nbsp;&nbsp;&nbsp;__mathlib_dbl_underflow
<LI><a href="#[12d]">&gt;&gt;</a>&nbsp;&nbsp;&nbsp;__mathlib_dbl_overflow
<LI><a href="#[12a]">&gt;&gt;</a>&nbsp;&nbsp;&nbsp;__mathlib_dbl_infnan
<LI><a href="#[124]">&gt;&gt;</a>&nbsp;&nbsp;&nbsp;__kernel_cos
<LI><a href="#[13a]">&gt;&gt;</a>&nbsp;&nbsp;&nbsp;atan
<LI><a href="#[ca]">&gt;&gt;</a>&nbsp;&nbsp;&nbsp;pow
</UL>

<P><STRONG><a name="[2bb]"></a>scalbn</STRONG> (Thumb, 0 bytes, Stack size 16 bytes, dscalb.o(.text), UNUSED)

<P><STRONG><a name="[73]"></a>__aeabi_i2f</STRONG> (Thumb, 18 bytes, Stack size 0 bytes, fflti.o(.text))
<BR><BR>[Stack]<UL><LI>Max Depth = 4<LI>Call Chain = __aeabi_i2f &rArr; _float_epilogue
</UL>
<BR>[Calls]<UL><LI><a href="#[65]">&gt;&gt;</a>&nbsp;&nbsp;&nbsp;_float_epilogue
</UL>
<BR>[Called By]<UL><LI><a href="#[223]">&gt;&gt;</a>&nbsp;&nbsp;&nbsp;bsp_PositionUpdate
<LI><a href="#[19c]">&gt;&gt;</a>&nbsp;&nbsp;&nbsp;bsp_MotorSpeedMM2Pulse
<LI><a href="#[1ba]">&gt;&gt;</a>&nbsp;&nbsp;&nbsp;bsp_Get_GridMapArea
<LI><a href="#[1b1]">&gt;&gt;</a>&nbsp;&nbsp;&nbsp;bsp_GetCliffStates
<LI><a href="#[172]">&gt;&gt;</a>&nbsp;&nbsp;&nbsp;bsp_DetectAct
<LI><a href="#[21e]">&gt;&gt;</a>&nbsp;&nbsp;&nbsp;bsp_PidExec
<LI><a href="#[219]">&gt;&gt;</a>&nbsp;&nbsp;&nbsp;bsp_MotorGetSpeed
</UL>

<P><STRONG><a name="[74]"></a>__aeabi_ui2f</STRONG> (Thumb, 10 bytes, Stack size 0 bytes, ffltui.o(.text))
<BR><BR>[Stack]<UL><LI>Max Depth = 4<LI>Call Chain = __aeabi_ui2f &rArr; _float_epilogue
</UL>
<BR>[Calls]<UL><LI><a href="#[65]">&gt;&gt;</a>&nbsp;&nbsp;&nbsp;_float_epilogue
</UL>
<BR>[Called By]<UL><LI><a href="#[243]">&gt;&gt;</a>&nbsp;&nbsp;&nbsp;bsp_StrategyRandomProc
<LI><a href="#[19e]">&gt;&gt;</a>&nbsp;&nbsp;&nbsp;bsp_StartVacuum
<LI><a href="#[229]">&gt;&gt;</a>&nbsp;&nbsp;&nbsp;bsp_SearchChargePile
<LI><a href="#[1b5]">&gt;&gt;</a>&nbsp;&nbsp;&nbsp;bsp_GetFeedbackVoltage
<LI><a href="#[180]">&gt;&gt;</a>&nbsp;&nbsp;&nbsp;bsp_EdgewiseRun
<LI><a href="#[188]">&gt;&gt;</a>&nbsp;&nbsp;&nbsp;bsp_GetCurrentBothPulse
<LI><a href="#[173]">&gt;&gt;</a>&nbsp;&nbsp;&nbsp;bsp_GetAdScanValue
<LI><a href="#[1b2]">&gt;&gt;</a>&nbsp;&nbsp;&nbsp;bsp_GetCliffVoltage
</UL>

<P><STRONG><a name="[75]"></a>__aeabi_i2d</STRONG> (Thumb, 34 bytes, Stack size 16 bytes, dflti.o(.text))
<BR><BR>[Stack]<UL><LI>Max Depth = 56<LI>Call Chain = __aeabi_i2d &rArr; _double_epilogue &rArr; _double_round
</UL>
<BR>[Calls]<UL><LI><a href="#[6d]">&gt;&gt;</a>&nbsp;&nbsp;&nbsp;_double_epilogue
</UL>
<BR>[Called By]<UL><LI><a href="#[1bc]">&gt;&gt;</a>&nbsp;&nbsp;&nbsp;bsp_GridMapUpdate
<LI><a href="#[257]">&gt;&gt;</a>&nbsp;&nbsp;&nbsp;sendvelocity
<LI><a href="#[228]">&gt;&gt;</a>&nbsp;&nbsp;&nbsp;bsp_Right_ReturnExtreme_point
<LI><a href="#[213]">&gt;&gt;</a>&nbsp;&nbsp;&nbsp;bsp_Left_ReturnExtreme_point
<LI><a href="#[1bd]">&gt;&gt;</a>&nbsp;&nbsp;&nbsp;inverseSensorModelB
<LI><a href="#[249]">&gt;&gt;</a>&nbsp;&nbsp;&nbsp;clean_strategyB
<LI><a href="#[134]">&gt;&gt;</a>&nbsp;&nbsp;&nbsp;astar
<LI><a href="#[e4]">&gt;&gt;</a>&nbsp;&nbsp;&nbsp;StuckRightRunStep
<LI><a href="#[de]">&gt;&gt;</a>&nbsp;&nbsp;&nbsp;StuckLeftRunStep
<LI><a href="#[e5]">&gt;&gt;</a>&nbsp;&nbsp;&nbsp;RightWalkEdge
<LI><a href="#[e3]">&gt;&gt;</a>&nbsp;&nbsp;&nbsp;RightRunningWorkStep
<LI><a href="#[e2]">&gt;&gt;</a>&nbsp;&nbsp;&nbsp;RightReverseWalkEdge
<LI><a href="#[e1]">&gt;&gt;</a>&nbsp;&nbsp;&nbsp;RightReadyLeakingSweep
<LI><a href="#[e0]">&gt;&gt;</a>&nbsp;&nbsp;&nbsp;RightEdgeDilemma
<LI><a href="#[df]">&gt;&gt;</a>&nbsp;&nbsp;&nbsp;LeftWalkEdge
<LI><a href="#[dc]">&gt;&gt;</a>&nbsp;&nbsp;&nbsp;LeftRunningWorkStep
<LI><a href="#[da]">&gt;&gt;</a>&nbsp;&nbsp;&nbsp;LeftReverseWalkEdge
<LI><a href="#[d9]">&gt;&gt;</a>&nbsp;&nbsp;&nbsp;LeftReadyLeakingSweep
<LI><a href="#[d8]">&gt;&gt;</a>&nbsp;&nbsp;&nbsp;LeftEdgeDilemma
<LI><a href="#[cd]">&gt;&gt;</a>&nbsp;&nbsp;&nbsp;ForwardBoundaryRightRunStep
<LI><a href="#[cc]">&gt;&gt;</a>&nbsp;&nbsp;&nbsp;ForwardBoundaryLeftRunStep
<LI><a href="#[c7]">&gt;&gt;</a>&nbsp;&nbsp;&nbsp;ForceReturnOrigin
<LI><a href="#[c0]">&gt;&gt;</a>&nbsp;&nbsp;&nbsp;DetectionCloseEdge
<LI><a href="#[af]">&gt;&gt;</a>&nbsp;&nbsp;&nbsp;CollisionRightRightRunStep
<LI><a href="#[ae]">&gt;&gt;</a>&nbsp;&nbsp;&nbsp;CollisionRightLeftRunStep
<LI><a href="#[ad]">&gt;&gt;</a>&nbsp;&nbsp;&nbsp;CollisionLeftRightRunStep
<LI><a href="#[ab]">&gt;&gt;</a>&nbsp;&nbsp;&nbsp;CollisionLeftLeftRunStep
<LI><a href="#[aa]">&gt;&gt;</a>&nbsp;&nbsp;&nbsp;CollisionFrontRightRunStep
<LI><a href="#[a9]">&gt;&gt;</a>&nbsp;&nbsp;&nbsp;CollisionFrontLeftRunStep
<LI><a href="#[a6]">&gt;&gt;</a>&nbsp;&nbsp;&nbsp;CloseEdgedMap
<LI><a href="#[85]">&gt;&gt;</a>&nbsp;&nbsp;&nbsp;AStarNotMotionReturnOrigin
<LI><a href="#[83]">&gt;&gt;</a>&nbsp;&nbsp;&nbsp;AStarMotionReturnOrigin
<LI><a href="#[80]">&gt;&gt;</a>&nbsp;&nbsp;&nbsp;AStarCollision
<LI><a href="#[122]">&gt;&gt;</a>&nbsp;&nbsp;&nbsp;__ieee754_rem_pio2
<LI><a href="#[ca]">&gt;&gt;</a>&nbsp;&nbsp;&nbsp;pow
</UL>

<P><STRONG><a name="[76]"></a>__aeabi_ui2d</STRONG> (Thumb, 26 bytes, Stack size 16 bytes, dfltui.o(.text))
<BR><BR>[Stack]<UL><LI>Max Depth = 56<LI>Call Chain = __aeabi_ui2d &rArr; _double_epilogue &rArr; _double_round
</UL>
<BR>[Calls]<UL><LI><a href="#[6d]">&gt;&gt;</a>&nbsp;&nbsp;&nbsp;_double_epilogue
</UL>
<BR>[Called By]<UL><LI><a href="#[223]">&gt;&gt;</a>&nbsp;&nbsp;&nbsp;bsp_PositionUpdate
<LI><a href="#[122]">&gt;&gt;</a>&nbsp;&nbsp;&nbsp;__ieee754_rem_pio2
</UL>

<P><STRONG><a name="[139]"></a>__aeabi_f2iz</STRONG> (Thumb, 50 bytes, Stack size 0 bytes, ffixi.o(.text))
<BR><BR>[Called By]<UL><LI><a href="#[151]">&gt;&gt;</a>&nbsp;&nbsp;&nbsp;bsp_AngleReadRaw
<LI><a href="#[237]">&gt;&gt;</a>&nbsp;&nbsp;&nbsp;bsp_SendReportFrameWithCRC16
<LI><a href="#[19c]">&gt;&gt;</a>&nbsp;&nbsp;&nbsp;bsp_MotorSpeedMM2Pulse
<LI><a href="#[1ba]">&gt;&gt;</a>&nbsp;&nbsp;&nbsp;bsp_Get_GridMapArea
<LI><a href="#[1b1]">&gt;&gt;</a>&nbsp;&nbsp;&nbsp;bsp_GetCliffStates
<LI><a href="#[172]">&gt;&gt;</a>&nbsp;&nbsp;&nbsp;bsp_DetectAct
<LI><a href="#[21e]">&gt;&gt;</a>&nbsp;&nbsp;&nbsp;bsp_PidExec
<LI><a href="#[219]">&gt;&gt;</a>&nbsp;&nbsp;&nbsp;bsp_MotorGetSpeed
<LI><a href="#[257]">&gt;&gt;</a>&nbsp;&nbsp;&nbsp;sendvelocity
<LI><a href="#[134]">&gt;&gt;</a>&nbsp;&nbsp;&nbsp;astar
</UL>

<P><STRONG><a name="[1b4]"></a>__aeabi_f2uiz</STRONG> (Thumb, 40 bytes, Stack size 0 bytes, ffixui.o(.text))
<BR><BR>[Called By]<UL><LI><a href="#[19e]">&gt;&gt;</a>&nbsp;&nbsp;&nbsp;bsp_StartVacuum
<LI><a href="#[237]">&gt;&gt;</a>&nbsp;&nbsp;&nbsp;bsp_SendReportFrameWithCRC16
<LI><a href="#[24a]">&gt;&gt;</a>&nbsp;&nbsp;&nbsp;bsp_UploadBatteryInfo
<LI><a href="#[188]">&gt;&gt;</a>&nbsp;&nbsp;&nbsp;bsp_GetCurrentBothPulse
</UL>

<P><STRONG><a name="[77]"></a>__aeabi_d2iz</STRONG> (Thumb, 62 bytes, Stack size 16 bytes, dfixi.o(.text))
<BR><BR>[Stack]<UL><LI>Max Depth = 16<LI>Call Chain = __aeabi_d2iz
</UL>
<BR>[Calls]<UL><LI><a href="#[78]">&gt;&gt;</a>&nbsp;&nbsp;&nbsp;__aeabi_llsr
</UL>
<BR>[Called By]<UL><LI><a href="#[248]">&gt;&gt;</a>&nbsp;&nbsp;&nbsp;bsp_UpdateCleanStrategyB
<LI><a href="#[1bc]">&gt;&gt;</a>&nbsp;&nbsp;&nbsp;bsp_GridMapUpdate
<LI><a href="#[1a9]">&gt;&gt;</a>&nbsp;&nbsp;&nbsp;bsp_GetCurrentPosY
<LI><a href="#[1a8]">&gt;&gt;</a>&nbsp;&nbsp;&nbsp;bsp_GetCurrentPosX
<LI><a href="#[1a4]">&gt;&gt;</a>&nbsp;&nbsp;&nbsp;bsp_FunctionTestUpdate
<LI><a href="#[257]">&gt;&gt;</a>&nbsp;&nbsp;&nbsp;sendvelocity
<LI><a href="#[1bd]">&gt;&gt;</a>&nbsp;&nbsp;&nbsp;inverseSensorModelB
<LI><a href="#[c7]">&gt;&gt;</a>&nbsp;&nbsp;&nbsp;ForceReturnOrigin
<LI><a href="#[122]">&gt;&gt;</a>&nbsp;&nbsp;&nbsp;__ieee754_rem_pio2
<LI><a href="#[124]">&gt;&gt;</a>&nbsp;&nbsp;&nbsp;__kernel_cos
</UL>

<P><STRONG><a name="[1b9]"></a>__aeabi_f2d</STRONG> (Thumb, 38 bytes, Stack size 0 bytes, f2d.o(.text))
<BR><BR>[Called By]<UL><LI><a href="#[22c]">&gt;&gt;</a>&nbsp;&nbsp;&nbsp;bsp_SelfCheckProc
<LI><a href="#[223]">&gt;&gt;</a>&nbsp;&nbsp;&nbsp;bsp_PositionUpdate
<LI><a href="#[1b7]">&gt;&gt;</a>&nbsp;&nbsp;&nbsp;bsp_GetVoltageFilterProc
<LI><a href="#[251]">&gt;&gt;</a>&nbsp;&nbsp;&nbsp;check_sensor
</UL>

<P><STRONG><a name="[dd]"></a>__aeabi_cdcmpeq</STRONG> (Thumb, 0 bytes, Stack size 0 bytes, cdcmple.o(.text))
<BR><BR>[Called By]<UL><LI><a href="#[257]">&gt;&gt;</a>&nbsp;&nbsp;&nbsp;sendvelocity
<LI><a href="#[e3]">&gt;&gt;</a>&nbsp;&nbsp;&nbsp;RightRunningWorkStep
<LI><a href="#[dc]">&gt;&gt;</a>&nbsp;&nbsp;&nbsp;LeftRunningWorkStep
</UL>

<P><STRONG><a name="[84]"></a>__aeabi_cdcmple</STRONG> (Thumb, 48 bytes, Stack size 0 bytes, cdcmple.o(.text))
<BR><BR>[Called By]<UL><LI><a href="#[1a4]">&gt;&gt;</a>&nbsp;&nbsp;&nbsp;bsp_FunctionTestUpdate
<LI><a href="#[257]">&gt;&gt;</a>&nbsp;&nbsp;&nbsp;sendvelocity
<LI><a href="#[214]">&gt;&gt;</a>&nbsp;&nbsp;&nbsp;my_abs
<LI><a href="#[1bd]">&gt;&gt;</a>&nbsp;&nbsp;&nbsp;inverseSensorModelB
<LI><a href="#[81]">&gt;&gt;</a>&nbsp;&nbsp;&nbsp;my_abs
<LI><a href="#[e5]">&gt;&gt;</a>&nbsp;&nbsp;&nbsp;RightWalkEdge
<LI><a href="#[e3]">&gt;&gt;</a>&nbsp;&nbsp;&nbsp;RightRunningWorkStep
<LI><a href="#[e2]">&gt;&gt;</a>&nbsp;&nbsp;&nbsp;RightReverseWalkEdge
<LI><a href="#[e1]">&gt;&gt;</a>&nbsp;&nbsp;&nbsp;RightReadyLeakingSweep
<LI><a href="#[e0]">&gt;&gt;</a>&nbsp;&nbsp;&nbsp;RightEdgeDilemma
<LI><a href="#[df]">&gt;&gt;</a>&nbsp;&nbsp;&nbsp;LeftWalkEdge
<LI><a href="#[dc]">&gt;&gt;</a>&nbsp;&nbsp;&nbsp;LeftRunningWorkStep
<LI><a href="#[da]">&gt;&gt;</a>&nbsp;&nbsp;&nbsp;LeftReverseWalkEdge
<LI><a href="#[d9]">&gt;&gt;</a>&nbsp;&nbsp;&nbsp;LeftReadyLeakingSweep
<LI><a href="#[d8]">&gt;&gt;</a>&nbsp;&nbsp;&nbsp;LeftEdgeDilemma
<LI><a href="#[cd]">&gt;&gt;</a>&nbsp;&nbsp;&nbsp;ForwardBoundaryRightRunStep
<LI><a href="#[cc]">&gt;&gt;</a>&nbsp;&nbsp;&nbsp;ForwardBoundaryLeftRunStep
<LI><a href="#[c7]">&gt;&gt;</a>&nbsp;&nbsp;&nbsp;ForceReturnOrigin
<LI><a href="#[c0]">&gt;&gt;</a>&nbsp;&nbsp;&nbsp;DetectionCloseEdge
<LI><a href="#[af]">&gt;&gt;</a>&nbsp;&nbsp;&nbsp;CollisionRightRightRunStep
<LI><a href="#[ae]">&gt;&gt;</a>&nbsp;&nbsp;&nbsp;CollisionRightLeftRunStep
<LI><a href="#[ad]">&gt;&gt;</a>&nbsp;&nbsp;&nbsp;CollisionLeftRightRunStep
<LI><a href="#[ab]">&gt;&gt;</a>&nbsp;&nbsp;&nbsp;CollisionLeftLeftRunStep
<LI><a href="#[aa]">&gt;&gt;</a>&nbsp;&nbsp;&nbsp;CollisionFrontRightRunStep
<LI><a href="#[a9]">&gt;&gt;</a>&nbsp;&nbsp;&nbsp;CollisionFrontLeftRunStep
<LI><a href="#[a6]">&gt;&gt;</a>&nbsp;&nbsp;&nbsp;CloseEdgedMap
<LI><a href="#[83]">&gt;&gt;</a>&nbsp;&nbsp;&nbsp;AStarMotionReturnOrigin
</UL>

<P><STRONG><a name="[82]"></a>__aeabi_cdrcmple</STRONG> (Thumb, 48 bytes, Stack size 0 bytes, cdrcmple.o(.text))
<BR><BR>[Called By]<UL><LI><a href="#[1a4]">&gt;&gt;</a>&nbsp;&nbsp;&nbsp;bsp_FunctionTestUpdate
<LI><a href="#[257]">&gt;&gt;</a>&nbsp;&nbsp;&nbsp;sendvelocity
<LI><a href="#[228]">&gt;&gt;</a>&nbsp;&nbsp;&nbsp;bsp_Right_ReturnExtreme_point
<LI><a href="#[213]">&gt;&gt;</a>&nbsp;&nbsp;&nbsp;bsp_Left_ReturnExtreme_point
<LI><a href="#[1bd]">&gt;&gt;</a>&nbsp;&nbsp;&nbsp;inverseSensorModelB
<LI><a href="#[249]">&gt;&gt;</a>&nbsp;&nbsp;&nbsp;clean_strategyB
<LI><a href="#[e4]">&gt;&gt;</a>&nbsp;&nbsp;&nbsp;StuckRightRunStep
<LI><a href="#[de]">&gt;&gt;</a>&nbsp;&nbsp;&nbsp;StuckLeftRunStep
<LI><a href="#[e5]">&gt;&gt;</a>&nbsp;&nbsp;&nbsp;RightWalkEdge
<LI><a href="#[e3]">&gt;&gt;</a>&nbsp;&nbsp;&nbsp;RightRunningWorkStep
<LI><a href="#[e2]">&gt;&gt;</a>&nbsp;&nbsp;&nbsp;RightReverseWalkEdge
<LI><a href="#[e1]">&gt;&gt;</a>&nbsp;&nbsp;&nbsp;RightReadyLeakingSweep
<LI><a href="#[e0]">&gt;&gt;</a>&nbsp;&nbsp;&nbsp;RightEdgeDilemma
<LI><a href="#[df]">&gt;&gt;</a>&nbsp;&nbsp;&nbsp;LeftWalkEdge
<LI><a href="#[dc]">&gt;&gt;</a>&nbsp;&nbsp;&nbsp;LeftRunningWorkStep
<LI><a href="#[da]">&gt;&gt;</a>&nbsp;&nbsp;&nbsp;LeftReverseWalkEdge
<LI><a href="#[d9]">&gt;&gt;</a>&nbsp;&nbsp;&nbsp;LeftReadyLeakingSweep
<LI><a href="#[d8]">&gt;&gt;</a>&nbsp;&nbsp;&nbsp;LeftEdgeDilemma
<LI><a href="#[cd]">&gt;&gt;</a>&nbsp;&nbsp;&nbsp;ForwardBoundaryRightRunStep
<LI><a href="#[cc]">&gt;&gt;</a>&nbsp;&nbsp;&nbsp;ForwardBoundaryLeftRunStep
<LI><a href="#[c7]">&gt;&gt;</a>&nbsp;&nbsp;&nbsp;ForceReturnOrigin
<LI><a href="#[af]">&gt;&gt;</a>&nbsp;&nbsp;&nbsp;CollisionRightRightRunStep
<LI><a href="#[ae]">&gt;&gt;</a>&nbsp;&nbsp;&nbsp;CollisionRightLeftRunStep
<LI><a href="#[ad]">&gt;&gt;</a>&nbsp;&nbsp;&nbsp;CollisionLeftRightRunStep
<LI><a href="#[ab]">&gt;&gt;</a>&nbsp;&nbsp;&nbsp;CollisionLeftLeftRunStep
<LI><a href="#[aa]">&gt;&gt;</a>&nbsp;&nbsp;&nbsp;CollisionFrontRightRunStep
<LI><a href="#[a9]">&gt;&gt;</a>&nbsp;&nbsp;&nbsp;CollisionFrontLeftRunStep
<LI><a href="#[a6]">&gt;&gt;</a>&nbsp;&nbsp;&nbsp;CloseEdgedMap
<LI><a href="#[85]">&gt;&gt;</a>&nbsp;&nbsp;&nbsp;AStarNotMotionReturnOrigin
<LI><a href="#[83]">&gt;&gt;</a>&nbsp;&nbsp;&nbsp;AStarMotionReturnOrigin
<LI><a href="#[80]">&gt;&gt;</a>&nbsp;&nbsp;&nbsp;AStarCollision
<LI><a href="#[12e]">&gt;&gt;</a>&nbsp;&nbsp;&nbsp;_fp_digits
<LI><a href="#[ca]">&gt;&gt;</a>&nbsp;&nbsp;&nbsp;pow
</UL>

<P><STRONG><a name="[79]"></a>__aeabi_d2f</STRONG> (Thumb, 56 bytes, Stack size 8 bytes, d2f.o(.text))
<BR><BR>[Stack]<UL><LI>Max Depth = 8<LI>Call Chain = __aeabi_d2f
</UL>
<BR>[Calls]<UL><LI><a href="#[66]">&gt;&gt;</a>&nbsp;&nbsp;&nbsp;_float_round
</UL>
<BR>[Called By]<UL><LI><a href="#[22c]">&gt;&gt;</a>&nbsp;&nbsp;&nbsp;bsp_SelfCheckProc
<LI><a href="#[1b7]">&gt;&gt;</a>&nbsp;&nbsp;&nbsp;bsp_GetVoltageFilterProc
<LI><a href="#[251]">&gt;&gt;</a>&nbsp;&nbsp;&nbsp;check_sensor
<LI><a href="#[134]">&gt;&gt;</a>&nbsp;&nbsp;&nbsp;astar
</UL>

<P><STRONG><a name="[2bc]"></a>__aeabi_cfcmpeq</STRONG> (Thumb, 0 bytes, Stack size 0 bytes, cfcmple.o(.text), UNUSED)

<P><STRONG><a name="[174]"></a>__aeabi_cfcmple</STRONG> (Thumb, 20 bytes, Stack size 0 bytes, cfcmple.o(.text))
<BR><BR>[Called By]<UL><LI><a href="#[172]">&gt;&gt;</a>&nbsp;&nbsp;&nbsp;bsp_DetectAct
</UL>

<P><STRONG><a name="[291]"></a>__aeabi_cfrcmple</STRONG> (Thumb, 20 bytes, Stack size 0 bytes, cfrcmple.o(.text))
<BR><BR>[Called By]<UL><LI><a href="#[1b8]">&gt;&gt;</a>&nbsp;&nbsp;&nbsp;sort_float
</UL>

<P><STRONG><a name="[2bd]"></a>__aeabi_uidiv</STRONG> (Thumb, 0 bytes, Stack size 12 bytes, uidiv.o(.text), UNUSED)

<P><STRONG><a name="[131]"></a>__aeabi_uidivmod</STRONG> (Thumb, 44 bytes, Stack size 12 bytes, uidiv.o(.text), UNUSED)
<BR><BR>[Called By]<UL><LI><a href="#[121]">&gt;&gt;</a>&nbsp;&nbsp;&nbsp;_printf_core
</UL>

<P><STRONG><a name="[7a]"></a>__aeabi_uldivmod</STRONG> (Thumb, 98 bytes, Stack size 40 bytes, uldiv.o(.text), UNUSED)
<BR><BR>[Calls]<UL><LI><a href="#[78]">&gt;&gt;</a>&nbsp;&nbsp;&nbsp;__aeabi_llsr
<LI><a href="#[6b]">&gt;&gt;</a>&nbsp;&nbsp;&nbsp;__aeabi_llsl
</UL>
<BR>[Called By]<UL><LI><a href="#[121]">&gt;&gt;</a>&nbsp;&nbsp;&nbsp;_printf_core
<LI><a href="#[12e]">&gt;&gt;</a>&nbsp;&nbsp;&nbsp;_fp_digits
</UL>

<P><STRONG><a name="[6b]"></a>__aeabi_llsl</STRONG> (Thumb, 30 bytes, Stack size 0 bytes, llshl.o(.text))
<BR><BR>[Called By]<UL><LI><a href="#[6a]">&gt;&gt;</a>&nbsp;&nbsp;&nbsp;__aeabi_dadd
<LI><a href="#[6d]">&gt;&gt;</a>&nbsp;&nbsp;&nbsp;_double_epilogue
<LI><a href="#[7c]">&gt;&gt;</a>&nbsp;&nbsp;&nbsp;__aeabi_d2ulz
<LI><a href="#[7a]">&gt;&gt;</a>&nbsp;&nbsp;&nbsp;__aeabi_uldivmod
</UL>

<P><STRONG><a name="[2be]"></a>_ll_shift_l</STRONG> (Thumb, 0 bytes, Stack size 0 bytes, llshl.o(.text), UNUSED)

<P><STRONG><a name="[78]"></a>__aeabi_llsr</STRONG> (Thumb, 32 bytes, Stack size 0 bytes, llushr.o(.text))
<BR><BR>[Called By]<UL><LI><a href="#[77]">&gt;&gt;</a>&nbsp;&nbsp;&nbsp;__aeabi_d2iz
<LI><a href="#[6d]">&gt;&gt;</a>&nbsp;&nbsp;&nbsp;_double_epilogue
<LI><a href="#[7c]">&gt;&gt;</a>&nbsp;&nbsp;&nbsp;__aeabi_d2ulz
<LI><a href="#[7b]">&gt;&gt;</a>&nbsp;&nbsp;&nbsp;_dsqrt
<LI><a href="#[7a]">&gt;&gt;</a>&nbsp;&nbsp;&nbsp;__aeabi_uldivmod
</UL>

<P><STRONG><a name="[2bf]"></a>_ll_ushift_r</STRONG> (Thumb, 0 bytes, Stack size 0 bytes, llushr.o(.text), UNUSED)

<P><STRONG><a name="[6c]"></a>__aeabi_lasr</STRONG> (Thumb, 36 bytes, Stack size 0 bytes, llsshr.o(.text))
<BR><BR>[Called By]<UL><LI><a href="#[6a]">&gt;&gt;</a>&nbsp;&nbsp;&nbsp;__aeabi_dadd
</UL>

<P><STRONG><a name="[2c0]"></a>_ll_sshift_r</STRONG> (Thumb, 0 bytes, Stack size 0 bytes, llsshr.o(.text), UNUSED)

<P><STRONG><a name="[2c1]"></a>__I$use$fp</STRONG> (Thumb, 0 bytes, Stack size 0 bytes, iusefp.o(.text), UNUSED)

<P><STRONG><a name="[66]"></a>_float_round</STRONG> (Thumb, 18 bytes, Stack size 0 bytes, fepilogue.o(.text))
<BR><BR>[Called By]<UL><LI><a href="#[69]">&gt;&gt;</a>&nbsp;&nbsp;&nbsp;__aeabi_fdiv
<LI><a href="#[64]">&gt;&gt;</a>&nbsp;&nbsp;&nbsp;__aeabi_fadd
<LI><a href="#[79]">&gt;&gt;</a>&nbsp;&nbsp;&nbsp;__aeabi_d2f
</UL>

<P><STRONG><a name="[65]"></a>_float_epilogue</STRONG> (Thumb, 92 bytes, Stack size 4 bytes, fepilogue.o(.text))
<BR><BR>[Stack]<UL><LI>Max Depth = 4<LI>Call Chain = _float_epilogue
</UL>
<BR>[Called By]<UL><LI><a href="#[64]">&gt;&gt;</a>&nbsp;&nbsp;&nbsp;__aeabi_fadd
<LI><a href="#[74]">&gt;&gt;</a>&nbsp;&nbsp;&nbsp;__aeabi_ui2f
<LI><a href="#[73]">&gt;&gt;</a>&nbsp;&nbsp;&nbsp;__aeabi_i2f
</UL>

<P><STRONG><a name="[6e]"></a>_double_round</STRONG> (Thumb, 30 bytes, Stack size 8 bytes, depilogue.o(.text))
<BR><BR>[Stack]<UL><LI>Max Depth = 8<LI>Call Chain = _double_round
</UL>
<BR>[Called By]<UL><LI><a href="#[6a]">&gt;&gt;</a>&nbsp;&nbsp;&nbsp;__aeabi_dadd
<LI><a href="#[72]">&gt;&gt;</a>&nbsp;&nbsp;&nbsp;__aeabi_ddiv
<LI><a href="#[6d]">&gt;&gt;</a>&nbsp;&nbsp;&nbsp;_double_epilogue
<LI><a href="#[7b]">&gt;&gt;</a>&nbsp;&nbsp;&nbsp;_dsqrt
</UL>

<P><STRONG><a name="[6d]"></a>_double_epilogue</STRONG> (Thumb, 156 bytes, Stack size 32 bytes, depilogue.o(.text))
<BR><BR>[Stack]<UL><LI>Max Depth = 40<LI>Call Chain = _double_epilogue &rArr; _double_round
</UL>
<BR>[Calls]<UL><LI><a href="#[6e]">&gt;&gt;</a>&nbsp;&nbsp;&nbsp;_double_round
<LI><a href="#[78]">&gt;&gt;</a>&nbsp;&nbsp;&nbsp;__aeabi_llsr
<LI><a href="#[6b]">&gt;&gt;</a>&nbsp;&nbsp;&nbsp;__aeabi_llsl
</UL>
<BR>[Called By]<UL><LI><a href="#[76]">&gt;&gt;</a>&nbsp;&nbsp;&nbsp;__aeabi_ui2d
<LI><a href="#[71]">&gt;&gt;</a>&nbsp;&nbsp;&nbsp;__aeabi_dmul
<LI><a href="#[6a]">&gt;&gt;</a>&nbsp;&nbsp;&nbsp;__aeabi_dadd
<LI><a href="#[75]">&gt;&gt;</a>&nbsp;&nbsp;&nbsp;__aeabi_i2d
</UL>

<P><STRONG><a name="[7b]"></a>_dsqrt</STRONG> (Thumb, 162 bytes, Stack size 32 bytes, dsqrt.o(.text))
<BR><BR>[Stack]<UL><LI>Max Depth = 40<LI>Call Chain = _dsqrt &rArr; _double_round
</UL>
<BR>[Calls]<UL><LI><a href="#[6e]">&gt;&gt;</a>&nbsp;&nbsp;&nbsp;_double_round
<LI><a href="#[78]">&gt;&gt;</a>&nbsp;&nbsp;&nbsp;__aeabi_llsr
</UL>
<BR>[Called By]<UL><LI><a href="#[cb]">&gt;&gt;</a>&nbsp;&nbsp;&nbsp;sqrt
</UL>

<P><STRONG><a name="[7c]"></a>__aeabi_d2ulz</STRONG> (Thumb, 48 bytes, Stack size 0 bytes, dfixul.o(.text), UNUSED)
<BR><BR>[Calls]<UL><LI><a href="#[78]">&gt;&gt;</a>&nbsp;&nbsp;&nbsp;__aeabi_llsr
<LI><a href="#[6b]">&gt;&gt;</a>&nbsp;&nbsp;&nbsp;__aeabi_llsl
</UL>
<BR>[Called By]<UL><LI><a href="#[12e]">&gt;&gt;</a>&nbsp;&nbsp;&nbsp;_fp_digits
</UL>

<P><STRONG><a name="[5f]"></a>__scatterload</STRONG> (Thumb, 28 bytes, Stack size 0 bytes, init.o(.text))
<BR><BR>[Calls]<UL><LI><a href="#[7d]">&gt;&gt;</a>&nbsp;&nbsp;&nbsp;__main_after_scatterload
</UL>
<BR>[Called By]<UL><LI><a href="#[5e]">&gt;&gt;</a>&nbsp;&nbsp;&nbsp;_main_scatterload
</UL>

<P><STRONG><a name="[2c2]"></a>__scatterload_rt2</STRONG> (Thumb, 0 bytes, Stack size 0 bytes, init.o(.text), UNUSED)

<P><STRONG><a name="[2c3]"></a>__decompress</STRONG> (Thumb, 0 bytes, Stack size unknown bytes, __dczerorl2.o(.text), UNUSED)

<P><STRONG><a name="[2c4]"></a>__decompress1</STRONG> (Thumb, 86 bytes, Stack size unknown bytes, __dczerorl2.o(.text), UNUSED)

<P><STRONG><a name="[143]"></a>ADC_Cmd</STRONG> (Thumb, 24 bytes, Stack size 0 bytes, stm32f10x_adc.o(i.ADC_Cmd))
<BR><BR>[Called By]<UL><LI><a href="#[1eb]">&gt;&gt;</a>&nbsp;&nbsp;&nbsp;bsp_InitCliffSW
<LI><a href="#[140]">&gt;&gt;</a>&nbsp;&nbsp;&nbsp;bsp_ADCConfig
<LI><a href="#[1db]">&gt;&gt;</a>&nbsp;&nbsp;&nbsp;bsp_InitCurrentFeedbackADC
</UL>

<P><STRONG><a name="[7e]"></a>ADC_DeInit</STRONG> (Thumb, 88 bytes, Stack size 8 bytes, stm32f10x_adc.o(i.ADC_DeInit))
<BR><BR>[Stack]<UL><LI>Max Depth = 8<LI>Call Chain = ADC_DeInit
</UL>
<BR>[Calls]<UL><LI><a href="#[7f]">&gt;&gt;</a>&nbsp;&nbsp;&nbsp;RCC_APB2PeriphResetCmd
</UL>
<BR>[Called By]<UL><LI><a href="#[1eb]">&gt;&gt;</a>&nbsp;&nbsp;&nbsp;bsp_InitCliffSW
<LI><a href="#[140]">&gt;&gt;</a>&nbsp;&nbsp;&nbsp;bsp_ADCConfig
<LI><a href="#[1db]">&gt;&gt;</a>&nbsp;&nbsp;&nbsp;bsp_InitCurrentFeedbackADC
</UL>

<P><STRONG><a name="[147]"></a>ADC_GetCalibrationStatus</STRONG> (Thumb, 14 bytes, Stack size 0 bytes, stm32f10x_adc.o(i.ADC_GetCalibrationStatus))
<BR><BR>[Called By]<UL><LI><a href="#[1eb]">&gt;&gt;</a>&nbsp;&nbsp;&nbsp;bsp_InitCliffSW
<LI><a href="#[140]">&gt;&gt;</a>&nbsp;&nbsp;&nbsp;bsp_ADCConfig
<LI><a href="#[1db]">&gt;&gt;</a>&nbsp;&nbsp;&nbsp;bsp_InitCurrentFeedbackADC
</UL>

<P><STRONG><a name="[1af]"></a>ADC_GetConversionValue</STRONG> (Thumb, 6 bytes, Stack size 0 bytes, stm32f10x_adc.o(i.ADC_GetConversionValue))
<BR><BR>[Called By]<UL><LI><a href="#[1b5]">&gt;&gt;</a>&nbsp;&nbsp;&nbsp;bsp_GetFeedbackVoltage
<LI><a href="#[173]">&gt;&gt;</a>&nbsp;&nbsp;&nbsp;bsp_GetAdScanValue
<LI><a href="#[1b2]">&gt;&gt;</a>&nbsp;&nbsp;&nbsp;bsp_GetCliffVoltage
</UL>

<P><STRONG><a name="[1ae]"></a>ADC_GetFlagStatus</STRONG> (Thumb, 14 bytes, Stack size 0 bytes, stm32f10x_adc.o(i.ADC_GetFlagStatus))
<BR><BR>[Called By]<UL><LI><a href="#[1b5]">&gt;&gt;</a>&nbsp;&nbsp;&nbsp;bsp_GetFeedbackVoltage
<LI><a href="#[173]">&gt;&gt;</a>&nbsp;&nbsp;&nbsp;bsp_GetAdScanValue
<LI><a href="#[1b2]">&gt;&gt;</a>&nbsp;&nbsp;&nbsp;bsp_GetCliffVoltage
</UL>

<P><STRONG><a name="[145]"></a>ADC_GetResetCalibrationStatus</STRONG> (Thumb, 14 bytes, Stack size 0 bytes, stm32f10x_adc.o(i.ADC_GetResetCalibrationStatus))
<BR><BR>[Called By]<UL><LI><a href="#[1eb]">&gt;&gt;</a>&nbsp;&nbsp;&nbsp;bsp_InitCliffSW
<LI><a href="#[140]">&gt;&gt;</a>&nbsp;&nbsp;&nbsp;bsp_ADCConfig
<LI><a href="#[1db]">&gt;&gt;</a>&nbsp;&nbsp;&nbsp;bsp_InitCurrentFeedbackADC
</UL>

<P><STRONG><a name="[142]"></a>ADC_Init</STRONG> (Thumb, 62 bytes, Stack size 8 bytes, stm32f10x_adc.o(i.ADC_Init))
<BR><BR>[Stack]<UL><LI>Max Depth = 8<LI>Call Chain = ADC_Init
</UL>
<BR>[Called By]<UL><LI><a href="#[1eb]">&gt;&gt;</a>&nbsp;&nbsp;&nbsp;bsp_InitCliffSW
<LI><a href="#[140]">&gt;&gt;</a>&nbsp;&nbsp;&nbsp;bsp_ADCConfig
<LI><a href="#[1db]">&gt;&gt;</a>&nbsp;&nbsp;&nbsp;bsp_InitCurrentFeedbackADC
</UL>

<P><STRONG><a name="[1ac]"></a>ADC_RegularChannelConfig</STRONG> (Thumb, 116 bytes, Stack size 16 bytes, stm32f10x_adc.o(i.ADC_RegularChannelConfig))
<BR><BR>[Stack]<UL><LI>Max Depth = 16<LI>Call Chain = ADC_RegularChannelConfig
</UL>
<BR>[Called By]<UL><LI><a href="#[1eb]">&gt;&gt;</a>&nbsp;&nbsp;&nbsp;bsp_InitCliffSW
<LI><a href="#[1b5]">&gt;&gt;</a>&nbsp;&nbsp;&nbsp;bsp_GetFeedbackVoltage
<LI><a href="#[173]">&gt;&gt;</a>&nbsp;&nbsp;&nbsp;bsp_GetAdScanValue
<LI><a href="#[1b2]">&gt;&gt;</a>&nbsp;&nbsp;&nbsp;bsp_GetCliffVoltage
<LI><a href="#[1db]">&gt;&gt;</a>&nbsp;&nbsp;&nbsp;bsp_InitCurrentFeedbackADC
</UL>

<P><STRONG><a name="[144]"></a>ADC_ResetCalibration</STRONG> (Thumb, 10 bytes, Stack size 0 bytes, stm32f10x_adc.o(i.ADC_ResetCalibration))
<BR><BR>[Called By]<UL><LI><a href="#[1eb]">&gt;&gt;</a>&nbsp;&nbsp;&nbsp;bsp_InitCliffSW
<LI><a href="#[140]">&gt;&gt;</a>&nbsp;&nbsp;&nbsp;bsp_ADCConfig
<LI><a href="#[1db]">&gt;&gt;</a>&nbsp;&nbsp;&nbsp;bsp_InitCurrentFeedbackADC
</UL>

<P><STRONG><a name="[1ad]"></a>ADC_SoftwareStartConvCmd</STRONG> (Thumb, 24 bytes, Stack size 0 bytes, stm32f10x_adc.o(i.ADC_SoftwareStartConvCmd))
<BR><BR>[Called By]<UL><LI><a href="#[1b5]">&gt;&gt;</a>&nbsp;&nbsp;&nbsp;bsp_GetFeedbackVoltage
<LI><a href="#[173]">&gt;&gt;</a>&nbsp;&nbsp;&nbsp;bsp_GetAdScanValue
<LI><a href="#[1b2]">&gt;&gt;</a>&nbsp;&nbsp;&nbsp;bsp_GetCliffVoltage
</UL>

<P><STRONG><a name="[146]"></a>ADC_StartCalibration</STRONG> (Thumb, 10 bytes, Stack size 0 bytes, stm32f10x_adc.o(i.ADC_StartCalibration))
<BR><BR>[Called By]<UL><LI><a href="#[1eb]">&gt;&gt;</a>&nbsp;&nbsp;&nbsp;bsp_InitCliffSW
<LI><a href="#[140]">&gt;&gt;</a>&nbsp;&nbsp;&nbsp;bsp_ADCConfig
<LI><a href="#[1db]">&gt;&gt;</a>&nbsp;&nbsp;&nbsp;bsp_InitCurrentFeedbackADC
</UL>

<P><STRONG><a name="[80]"></a>AStarCollision</STRONG> (Thumb, 1870 bytes, Stack size 40 bytes, bsp_cleanstrategyb.o(i.AStarCollision))
<BR><BR>[Stack]<UL><LI>Max Depth = 96<LI>Call Chain = AStarCollision &rArr; __aeabi_i2d &rArr; _double_epilogue &rArr; _double_round
</UL>
<BR>[Calls]<UL><LI><a href="#[75]">&gt;&gt;</a>&nbsp;&nbsp;&nbsp;__aeabi_i2d
<LI><a href="#[82]">&gt;&gt;</a>&nbsp;&nbsp;&nbsp;__aeabi_cdrcmple
<LI><a href="#[81]">&gt;&gt;</a>&nbsp;&nbsp;&nbsp;my_abs
</UL>
<BR>[Called By]<UL><LI><a href="#[249]">&gt;&gt;</a>&nbsp;&nbsp;&nbsp;clean_strategyB
</UL>

<P><STRONG><a name="[83]"></a>AStarMotionReturnOrigin</STRONG> (Thumb, 4572 bytes, Stack size 40 bytes, bsp_cleanstrategyb.o(i.AStarMotionReturnOrigin))
<BR><BR>[Stack]<UL><LI>Max Depth = 96<LI>Call Chain = AStarMotionReturnOrigin &rArr; __aeabi_i2d &rArr; _double_epilogue &rArr; _double_round
</UL>
<BR>[Calls]<UL><LI><a href="#[75]">&gt;&gt;</a>&nbsp;&nbsp;&nbsp;__aeabi_i2d
<LI><a href="#[82]">&gt;&gt;</a>&nbsp;&nbsp;&nbsp;__aeabi_cdrcmple
<LI><a href="#[84]">&gt;&gt;</a>&nbsp;&nbsp;&nbsp;__aeabi_cdcmple
<LI><a href="#[81]">&gt;&gt;</a>&nbsp;&nbsp;&nbsp;my_abs
</UL>
<BR>[Called By]<UL><LI><a href="#[249]">&gt;&gt;</a>&nbsp;&nbsp;&nbsp;clean_strategyB
</UL>

<P><STRONG><a name="[85]"></a>AStarNotMotionReturnOrigin</STRONG> (Thumb, 508 bytes, Stack size 40 bytes, bsp_cleanstrategyb.o(i.AStarNotMotionReturnOrigin))
<BR><BR>[Stack]<UL><LI>Max Depth = 96<LI>Call Chain = AStarNotMotionReturnOrigin &rArr; __aeabi_i2d &rArr; _double_epilogue &rArr; _double_round
</UL>
<BR>[Calls]<UL><LI><a href="#[75]">&gt;&gt;</a>&nbsp;&nbsp;&nbsp;__aeabi_i2d
<LI><a href="#[82]">&gt;&gt;</a>&nbsp;&nbsp;&nbsp;__aeabi_cdrcmple
<LI><a href="#[81]">&gt;&gt;</a>&nbsp;&nbsp;&nbsp;my_abs
</UL>
<BR>[Called By]<UL><LI><a href="#[249]">&gt;&gt;</a>&nbsp;&nbsp;&nbsp;clean_strategyB
</UL>

<P><STRONG><a name="[86]"></a>AStarReturnOrigin</STRONG> (Thumb, 818 bytes, Stack size 88 bytes, bsp_cleanstrategyb.o(i.AStarReturnOrigin))
<BR><BR>[Stack]<UL><LI>Max Depth = 456<LI>Call Chain = AStarReturnOrigin &rArr; printShortest &rArr; getShortest &rArr; astar &rArr; __aeabi_dadd &rArr; _double_epilogue &rArr; _double_round
</UL>
<BR>[Calls]<UL><LI><a href="#[88]">&gt;&gt;</a>&nbsp;&nbsp;&nbsp;printShortest
<LI><a href="#[87]">&gt;&gt;</a>&nbsp;&nbsp;&nbsp;initGraph
</UL>
<BR>[Called By]<UL><LI><a href="#[249]">&gt;&gt;</a>&nbsp;&nbsp;&nbsp;clean_strategyB
</UL>

<P><STRONG><a name="[8d]"></a>AuthenticationTest</STRONG> (Thumb, 124 bytes, Stack size 80 bytes, bsp_passwd.o(i.AuthenticationTest))
<BR><BR>[Stack]<UL><LI>Max Depth = 284<LI>Call Chain = AuthenticationTest &rArr; DX8_VerifyPin &rArr; DX8_VerifyPassword &rArr; DX8_GetRandom &rArr; DX8_GetResponse &rArr; Stream_Dec &rArr; Crypto_Data &rArr; q_b2
</UL>
<BR>[Calls]<UL><LI><a href="#[94]">&gt;&gt;</a>&nbsp;&nbsp;&nbsp;Lib_HostAuth
<LI><a href="#[91]">&gt;&gt;</a>&nbsp;&nbsp;&nbsp;DX8_VerifyPin
<LI><a href="#[96]">&gt;&gt;</a>&nbsp;&nbsp;&nbsp;DX8_Sleep
<LI><a href="#[8f]">&gt;&gt;</a>&nbsp;&nbsp;&nbsp;DX8_Reset
<LI><a href="#[93]">&gt;&gt;</a>&nbsp;&nbsp;&nbsp;DX8_HostAuth
<LI><a href="#[90]">&gt;&gt;</a>&nbsp;&nbsp;&nbsp;GetSoftRandom
<LI><a href="#[95]">&gt;&gt;</a>&nbsp;&nbsp;&nbsp;memcmp
<LI><a href="#[92]">&gt;&gt;</a>&nbsp;&nbsp;&nbsp;__aeabi_memclr4
<LI><a href="#[8e]">&gt;&gt;</a>&nbsp;&nbsp;&nbsp;__aeabi_memcpy4
</UL>
<BR>[Called By]<UL><LI><a href="#[16e]">&gt;&gt;</a>&nbsp;&nbsp;&nbsp;bsp_DX8_CMD
</UL>

<P><STRONG><a name="[4]"></a>BusFault_Handler</STRONG> (Thumb, 66 bytes, Stack size 0 bytes, stm32f10x_it.o(i.BusFault_Handler))
<BR><BR>[Calls]<UL><LI><a href="#[9a]">&gt;&gt;</a>&nbsp;&nbsp;&nbsp;TIM_SetCompare4
<LI><a href="#[99]">&gt;&gt;</a>&nbsp;&nbsp;&nbsp;TIM_SetCompare3
<LI><a href="#[98]">&gt;&gt;</a>&nbsp;&nbsp;&nbsp;TIM_SetCompare2
<LI><a href="#[97]">&gt;&gt;</a>&nbsp;&nbsp;&nbsp;TIM_SetCompare1
</UL>
<BR>[Address Reference Count : 1]<UL><LI> startup_stm32f10x_hd.o(RESET)
</UL>
<P><STRONG><a name="[16a]"></a>CRC16_Modbus</STRONG> (Thumb, 38 bytes, Stack size 16 bytes, bsp_user_lib.o(i.CRC16_Modbus))
<BR><BR>[Stack]<UL><LI>Max Depth = 16<LI>Call Chain = CRC16_Modbus
</UL>
<BR>[Called By]<UL><LI><a href="#[237]">&gt;&gt;</a>&nbsp;&nbsp;&nbsp;bsp_SendReportFrameWithCRC16
<LI><a href="#[169]">&gt;&gt;</a>&nbsp;&nbsp;&nbsp;bsp_ComAnalysis
<LI><a href="#[19f]">&gt;&gt;</a>&nbsp;&nbsp;&nbsp;bsp_SendMCU_Ver
<LI><a href="#[1a0]">&gt;&gt;</a>&nbsp;&nbsp;&nbsp;bsp_SendAllCalibration
<LI><a href="#[22d]">&gt;&gt;</a>&nbsp;&nbsp;&nbsp;bsp_SendSelfCheck
</UL>

<P><STRONG><a name="[a6]"></a>CloseEdgedMap</STRONG> (Thumb, 6116 bytes, Stack size 40 bytes, bsp_cleanstrategyb.o(i.CloseEdgedMap))
<BR><BR>[Stack]<UL><LI>Max Depth = 96<LI>Call Chain = CloseEdgedMap &rArr; __aeabi_i2d &rArr; _double_epilogue &rArr; _double_round
</UL>
<BR>[Calls]<UL><LI><a href="#[a7]">&gt;&gt;</a>&nbsp;&nbsp;&nbsp;right_edge_judgment_repeat
<LI><a href="#[75]">&gt;&gt;</a>&nbsp;&nbsp;&nbsp;__aeabi_i2d
<LI><a href="#[82]">&gt;&gt;</a>&nbsp;&nbsp;&nbsp;__aeabi_cdrcmple
<LI><a href="#[84]">&gt;&gt;</a>&nbsp;&nbsp;&nbsp;__aeabi_cdcmple
<LI><a href="#[81]">&gt;&gt;</a>&nbsp;&nbsp;&nbsp;my_abs
<LI><a href="#[a8]">&gt;&gt;</a>&nbsp;&nbsp;&nbsp;ReturnExtreme_point_init
</UL>
<BR>[Called By]<UL><LI><a href="#[249]">&gt;&gt;</a>&nbsp;&nbsp;&nbsp;clean_strategyB
</UL>

<P><STRONG><a name="[a9]"></a>CollisionFrontLeftRunStep</STRONG> (Thumb, 2838 bytes, Stack size 40 bytes, bsp_cleanstrategyb.o(i.CollisionFrontLeftRunStep))
<BR><BR>[Stack]<UL><LI>Max Depth = 96<LI>Call Chain = CollisionFrontLeftRunStep &rArr; __aeabi_i2d &rArr; _double_epilogue &rArr; _double_round
</UL>
<BR>[Calls]<UL><LI><a href="#[75]">&gt;&gt;</a>&nbsp;&nbsp;&nbsp;__aeabi_i2d
<LI><a href="#[82]">&gt;&gt;</a>&nbsp;&nbsp;&nbsp;__aeabi_cdrcmple
<LI><a href="#[84]">&gt;&gt;</a>&nbsp;&nbsp;&nbsp;__aeabi_cdcmple
<LI><a href="#[81]">&gt;&gt;</a>&nbsp;&nbsp;&nbsp;my_abs
</UL>
<BR>[Called By]<UL><LI><a href="#[dc]">&gt;&gt;</a>&nbsp;&nbsp;&nbsp;LeftRunningWorkStep
</UL>

<P><STRONG><a name="[aa]"></a>CollisionFrontRightRunStep</STRONG> (Thumb, 2876 bytes, Stack size 40 bytes, bsp_cleanstrategyb.o(i.CollisionFrontRightRunStep))
<BR><BR>[Stack]<UL><LI>Max Depth = 96<LI>Call Chain = CollisionFrontRightRunStep &rArr; __aeabi_i2d &rArr; _double_epilogue &rArr; _double_round
</UL>
<BR>[Calls]<UL><LI><a href="#[75]">&gt;&gt;</a>&nbsp;&nbsp;&nbsp;__aeabi_i2d
<LI><a href="#[82]">&gt;&gt;</a>&nbsp;&nbsp;&nbsp;__aeabi_cdrcmple
<LI><a href="#[84]">&gt;&gt;</a>&nbsp;&nbsp;&nbsp;__aeabi_cdcmple
<LI><a href="#[81]">&gt;&gt;</a>&nbsp;&nbsp;&nbsp;my_abs
</UL>
<BR>[Called By]<UL><LI><a href="#[e3]">&gt;&gt;</a>&nbsp;&nbsp;&nbsp;RightRunningWorkStep
</UL>

<P><STRONG><a name="[ab]"></a>CollisionLeftLeftRunStep</STRONG> (Thumb, 4862 bytes, Stack size 40 bytes, bsp_cleanstrategyb.o(i.CollisionLeftLeftRunStep))
<BR><BR>[Stack]<UL><LI>Max Depth = 96<LI>Call Chain = CollisionLeftLeftRunStep &rArr; __aeabi_i2d &rArr; _double_epilogue &rArr; _double_round
</UL>
<BR>[Calls]<UL><LI><a href="#[ac]">&gt;&gt;</a>&nbsp;&nbsp;&nbsp;left_edge_judgment_repeat
<LI><a href="#[75]">&gt;&gt;</a>&nbsp;&nbsp;&nbsp;__aeabi_i2d
<LI><a href="#[82]">&gt;&gt;</a>&nbsp;&nbsp;&nbsp;__aeabi_cdrcmple
<LI><a href="#[84]">&gt;&gt;</a>&nbsp;&nbsp;&nbsp;__aeabi_cdcmple
<LI><a href="#[81]">&gt;&gt;</a>&nbsp;&nbsp;&nbsp;my_abs
</UL>
<BR>[Called By]<UL><LI><a href="#[dc]">&gt;&gt;</a>&nbsp;&nbsp;&nbsp;LeftRunningWorkStep
</UL>

<P><STRONG><a name="[ad]"></a>CollisionLeftRightRunStep</STRONG> (Thumb, 4538 bytes, Stack size 40 bytes, bsp_cleanstrategyb.o(i.CollisionLeftRightRunStep))
<BR><BR>[Stack]<UL><LI>Max Depth = 96<LI>Call Chain = CollisionLeftRightRunStep &rArr; __aeabi_i2d &rArr; _double_epilogue &rArr; _double_round
</UL>
<BR>[Calls]<UL><LI><a href="#[ac]">&gt;&gt;</a>&nbsp;&nbsp;&nbsp;left_edge_judgment_repeat
<LI><a href="#[75]">&gt;&gt;</a>&nbsp;&nbsp;&nbsp;__aeabi_i2d
<LI><a href="#[82]">&gt;&gt;</a>&nbsp;&nbsp;&nbsp;__aeabi_cdrcmple
<LI><a href="#[84]">&gt;&gt;</a>&nbsp;&nbsp;&nbsp;__aeabi_cdcmple
<LI><a href="#[81]">&gt;&gt;</a>&nbsp;&nbsp;&nbsp;my_abs
</UL>
<BR>[Called By]<UL><LI><a href="#[e3]">&gt;&gt;</a>&nbsp;&nbsp;&nbsp;RightRunningWorkStep
</UL>

<P><STRONG><a name="[ae]"></a>CollisionRightLeftRunStep</STRONG> (Thumb, 5112 bytes, Stack size 40 bytes, bsp_cleanstrategyb.o(i.CollisionRightLeftRunStep))
<BR><BR>[Stack]<UL><LI>Max Depth = 96<LI>Call Chain = CollisionRightLeftRunStep &rArr; __aeabi_i2d &rArr; _double_epilogue &rArr; _double_round
</UL>
<BR>[Calls]<UL><LI><a href="#[a7]">&gt;&gt;</a>&nbsp;&nbsp;&nbsp;right_edge_judgment_repeat
<LI><a href="#[75]">&gt;&gt;</a>&nbsp;&nbsp;&nbsp;__aeabi_i2d
<LI><a href="#[82]">&gt;&gt;</a>&nbsp;&nbsp;&nbsp;__aeabi_cdrcmple
<LI><a href="#[84]">&gt;&gt;</a>&nbsp;&nbsp;&nbsp;__aeabi_cdcmple
<LI><a href="#[81]">&gt;&gt;</a>&nbsp;&nbsp;&nbsp;my_abs
</UL>
<BR>[Called By]<UL><LI><a href="#[dc]">&gt;&gt;</a>&nbsp;&nbsp;&nbsp;LeftRunningWorkStep
</UL>

<P><STRONG><a name="[af]"></a>CollisionRightRightRunStep</STRONG> (Thumb, 4558 bytes, Stack size 40 bytes, bsp_cleanstrategyb.o(i.CollisionRightRightRunStep))
<BR><BR>[Stack]<UL><LI>Max Depth = 96<LI>Call Chain = CollisionRightRightRunStep &rArr; __aeabi_i2d &rArr; _double_epilogue &rArr; _double_round
</UL>
<BR>[Calls]<UL><LI><a href="#[a7]">&gt;&gt;</a>&nbsp;&nbsp;&nbsp;right_edge_judgment_repeat
<LI><a href="#[75]">&gt;&gt;</a>&nbsp;&nbsp;&nbsp;__aeabi_i2d
<LI><a href="#[82]">&gt;&gt;</a>&nbsp;&nbsp;&nbsp;__aeabi_cdrcmple
<LI><a href="#[84]">&gt;&gt;</a>&nbsp;&nbsp;&nbsp;__aeabi_cdcmple
<LI><a href="#[81]">&gt;&gt;</a>&nbsp;&nbsp;&nbsp;my_abs
</UL>
<BR>[Called By]<UL><LI><a href="#[e3]">&gt;&gt;</a>&nbsp;&nbsp;&nbsp;RightRunningWorkStep
</UL>

<P><STRONG><a name="[258]"></a>ComToUart</STRONG> (Thumb, 44 bytes, Stack size 0 bytes, bsp_uart_fifo.o(i.ComToUart))
<BR><BR>[Called By]<UL><LI><a href="#[16b]">&gt;&gt;</a>&nbsp;&nbsp;&nbsp;comGetChar
</UL>

<P><STRONG><a name="[1cb]"></a>DBGMCU_Config</STRONG> (Thumb, 22 bytes, Stack size 0 bytes, stm32f10x_dbgmcu.o(i.DBGMCU_Config))
<BR><BR>[Called By]<UL><LI><a href="#[1c9]">&gt;&gt;</a>&nbsp;&nbsp;&nbsp;bsp_Init
</UL>

<P><STRONG><a name="[b8]"></a>DX8_GetRandom</STRONG> (Thumb, 80 bytes, Stack size 16 bytes, dx8_api.o(i.DX8_GetRandom))
<BR><BR>[Stack]<UL><LI>Max Depth = 132<LI>Call Chain = DX8_GetRandom &rArr; DX8_GetResponse &rArr; Stream_Dec &rArr; Crypto_Data &rArr; q_b2
</UL>
<BR>[Calls]<UL><LI><a href="#[9d]">&gt;&gt;</a>&nbsp;&nbsp;&nbsp;dxif_transfer
<LI><a href="#[b9]">&gt;&gt;</a>&nbsp;&nbsp;&nbsp;PollingStatus
<LI><a href="#[ba]">&gt;&gt;</a>&nbsp;&nbsp;&nbsp;DX8_GetResponse
</UL>
<BR>[Called By]<UL><LI><a href="#[8f]">&gt;&gt;</a>&nbsp;&nbsp;&nbsp;DX8_Reset
<LI><a href="#[bd]">&gt;&gt;</a>&nbsp;&nbsp;&nbsp;DX8_VerifyPassword
</UL>

<P><STRONG><a name="[93]"></a>DX8_HostAuth</STRONG> (Thumb, 154 bytes, Stack size 24 bytes, dx8_api.o(i.DX8_HostAuth))
<BR><BR>[Stack]<UL><LI>Max Depth = 140<LI>Call Chain = DX8_HostAuth &rArr; DX8_GetResponse &rArr; Stream_Dec &rArr; Crypto_Data &rArr; q_b2
</UL>
<BR>[Calls]<UL><LI><a href="#[9d]">&gt;&gt;</a>&nbsp;&nbsp;&nbsp;dxif_transfer
<LI><a href="#[b9]">&gt;&gt;</a>&nbsp;&nbsp;&nbsp;PollingStatus
<LI><a href="#[9e]">&gt;&gt;</a>&nbsp;&nbsp;&nbsp;Lib_memcpy
<LI><a href="#[bc]">&gt;&gt;</a>&nbsp;&nbsp;&nbsp;Lib_crc16
<LI><a href="#[ba]">&gt;&gt;</a>&nbsp;&nbsp;&nbsp;DX8_GetResponse
<LI><a href="#[b6]">&gt;&gt;</a>&nbsp;&nbsp;&nbsp;DX8_CompareCheckSum
</UL>
<BR>[Called By]<UL><LI><a href="#[8d]">&gt;&gt;</a>&nbsp;&nbsp;&nbsp;AuthenticationTest
</UL>

<P><STRONG><a name="[8f]"></a>DX8_Reset</STRONG> (Thumb, 220 bytes, Stack size 24 bytes, dx8_api.o(i.DX8_Reset))
<BR><BR>[Stack]<UL><LI>Max Depth = 156<LI>Call Chain = DX8_Reset &rArr; DX8_GetRandom &rArr; DX8_GetResponse &rArr; Stream_Dec &rArr; Crypto_Data &rArr; q_b2
</UL>
<BR>[Calls]<UL><LI><a href="#[9d]">&gt;&gt;</a>&nbsp;&nbsp;&nbsp;dxif_transfer
<LI><a href="#[b8]">&gt;&gt;</a>&nbsp;&nbsp;&nbsp;DX8_GetRandom
<LI><a href="#[b9]">&gt;&gt;</a>&nbsp;&nbsp;&nbsp;PollingStatus
<LI><a href="#[9b]">&gt;&gt;</a>&nbsp;&nbsp;&nbsp;CMD_GetChipInfo
</UL>
<BR>[Called By]<UL><LI><a href="#[8d]">&gt;&gt;</a>&nbsp;&nbsp;&nbsp;AuthenticationTest
</UL>

<P><STRONG><a name="[96]"></a>DX8_Sleep</STRONG> (Thumb, 60 bytes, Stack size 8 bytes, dx8_api.o(i.DX8_Sleep))
<BR><BR>[Stack]<UL><LI>Max Depth = 88<LI>Call Chain = DX8_Sleep &rArr; PollingStatus &rArr; dxif_transfer &rArr; TWI_SendByte &rArr; TWI_NOP
</UL>
<BR>[Calls]<UL><LI><a href="#[9d]">&gt;&gt;</a>&nbsp;&nbsp;&nbsp;dxif_transfer
<LI><a href="#[b9]">&gt;&gt;</a>&nbsp;&nbsp;&nbsp;PollingStatus
</UL>
<BR>[Called By]<UL><LI><a href="#[8d]">&gt;&gt;</a>&nbsp;&nbsp;&nbsp;AuthenticationTest
</UL>

<P><STRONG><a name="[91]"></a>DX8_VerifyPin</STRONG> (Thumb, 58 bytes, Stack size 32 bytes, dx8_api.o(i.DX8_VerifyPin))
<BR><BR>[Stack]<UL><LI>Max Depth = 204<LI>Call Chain = DX8_VerifyPin &rArr; DX8_VerifyPassword &rArr; DX8_GetRandom &rArr; DX8_GetResponse &rArr; Stream_Dec &rArr; Crypto_Data &rArr; q_b2
</UL>
<BR>[Calls]<UL><LI><a href="#[bb]">&gt;&gt;</a>&nbsp;&nbsp;&nbsp;Stream_Dec
<LI><a href="#[bf]">&gt;&gt;</a>&nbsp;&nbsp;&nbsp;InitStreamKey
<LI><a href="#[bd]">&gt;&gt;</a>&nbsp;&nbsp;&nbsp;DX8_VerifyPassword
<LI><a href="#[9f]">&gt;&gt;</a>&nbsp;&nbsp;&nbsp;CalHMAC
</UL>
<BR>[Called By]<UL><LI><a href="#[8d]">&gt;&gt;</a>&nbsp;&nbsp;&nbsp;AuthenticationTest
</UL>

[...]
</UL>
<BR>[Called By]<UL><LI><a href="#[2ab]">&gt;&gt;</a>&nbsp;&nbsp;&nbsp;xQueueGenericSend
</UL>

<P><STRONG><a name="[278]"></a>prvAddCurrentTaskToDelayedList</STRONG> (Thumb, 50 bytes, Stack size 16 bytes, tasks.o(i.prvAddCurrentTaskToDelayedList))
<BR><BR>[Stack]<UL><LI>Max Depth = 28<LI>Call Chain = prvAddCurrentTaskToDelayedList &rArr; vListInsert
</UL>
<BR>[Calls]<UL><LI><a href="#[279]">&gt;&gt;</a>&nbsp;&nbsp;&nbsp;vListInsert
</UL>
<BR>[Called By]<UL><LI><a href="#[206]">&gt;&gt;</a>&nbsp;&nbsp;&nbsp;vTaskDelay
<LI><a href="#[2a1]">&gt;&gt;</a>&nbsp;&nbsp;&nbsp;vTaskPlaceOnEventList
</UL>

<P><STRONG><a name="[27a]"></a>prvAllocateTCBAndStack</STRONG> (Thumb, 62 bytes, Stack size 16 bytes, tasks.o(i.prvAllocateTCBAndStack))
<BR><BR>[Stack]<UL><LI>Max Depth = 88<LI>Call Chain = prvAllocateTCBAndStack &rArr; pvPortMalloc &rArr; xTaskResumeAll &rArr; xTaskIncrementTick
</UL>
<BR>[Calls]<UL><LI><a href="#[27c]">&gt;&gt;</a>&nbsp;&nbsp;&nbsp;vPortFree
<LI><a href="#[27b]">&gt;&gt;</a>&nbsp;&nbsp;&nbsp;pvPortMalloc
<LI><a href="#[62]">&gt;&gt;</a>&nbsp;&nbsp;&nbsp;__aeabi_memset
</UL>
<BR>[Called By]<UL><LI><a href="#[8c]">&gt;&gt;</a>&nbsp;&nbsp;&nbsp;xTaskGenericCreate
</UL>

<P><STRONG><a name="[27d]"></a>prvCheckTasksWaitingTermination</STRONG> (Thumb, 74 bytes, Stack size 16 bytes, tasks.o(i.prvCheckTasksWaitingTermination))
<BR><BR>[Stack]<UL><LI>Max Depth = 88<LI>Call Chain = prvCheckTasksWaitingTermination &rArr; prvDeleteTCB &rArr; vPortFree &rArr; xTaskResumeAll &rArr; xTaskIncrementTick
</UL>
<BR>[Calls]<UL><LI><a href="#[192]">&gt;&gt;</a>&nbsp;&nbsp;&nbsp;vTaskSuspendAll
<LI><a href="#[280]">&gt;&gt;</a>&nbsp;&nbsp;&nbsp;uxListRemove
<LI><a href="#[27e]">&gt;&gt;</a>&nbsp;&nbsp;&nbsp;xTaskResumeAll
<LI><a href="#[281]">&gt;&gt;</a>&nbsp;&nbsp;&nbsp;vPortExitCritical
<LI><a href="#[27f]">&gt;&gt;</a>&nbsp;&nbsp;&nbsp;vPortEnterCritical
<LI><a href="#[282]">&gt;&gt;</a>&nbsp;&nbsp;&nbsp;prvDeleteTCB
</UL>
<BR>[Called By]<UL><LI><a href="#[5d]">&gt;&gt;</a>&nbsp;&nbsp;&nbsp;prvIdleTask
</UL>

<P><STRONG><a name="[282]"></a>prvDeleteTCB</STRONG> (Thumb, 20 bytes, Stack size 8 bytes, tasks.o(i.prvDeleteTCB))
<BR><BR>[Stack]<UL><LI>Max Depth = 72<LI>Call Chain = prvDeleteTCB &rArr; vPortFree &rArr; xTaskResumeAll &rArr; xTaskIncrementTick
</UL>
<BR>[Calls]<UL><LI><a href="#[27c]">&gt;&gt;</a>&nbsp;&nbsp;&nbsp;vPortFree
</UL>
<BR>[Called By]<UL><LI><a href="#[27d]">&gt;&gt;</a>&nbsp;&nbsp;&nbsp;prvCheckTasksWaitingTermination
</UL>

<P><STRONG><a name="[5d]"></a>prvIdleTask</STRONG> (Thumb, 18 bytes, Stack size 0 bytes, tasks.o(i.prvIdleTask))
<BR><BR>[Stack]<UL><LI>Max Depth = 88<LI>Call Chain = prvIdleTask &rArr; prvCheckTasksWaitingTermination &rArr; prvDeleteTCB &rArr; vPortFree &rArr; xTaskResumeAll &rArr; xTaskIncrementTick
</UL>
<BR>[Calls]<UL><LI><a href="#[285]">&gt;&gt;</a>&nbsp;&nbsp;&nbsp;vPortYield
<LI><a href="#[27d]">&gt;&gt;</a>&nbsp;&nbsp;&nbsp;prvCheckTasksWaitingTermination
</UL>
<BR>[Address Reference Count : 1]<UL><LI> tasks.o(i.vTaskStartScheduler)
</UL>
<P><STRONG><a name="[286]"></a>prvInitialiseTCBVariables</STRONG> (Thumb, 78 bytes, Stack size 16 bytes, tasks.o(i.prvInitialiseTCBVariables))
<BR><BR>[Stack]<UL><LI>Max Depth = 16<LI>Call Chain = prvInitialiseTCBVariables
</UL>
<BR>[Calls]<UL><LI><a href="#[287]">&gt;&gt;</a>&nbsp;&nbsp;&nbsp;vListInitialiseItem
</UL>
<BR>[Called By]<UL><LI><a href="#[8c]">&gt;&gt;</a>&nbsp;&nbsp;&nbsp;xTaskGenericCreate
</UL>

<P><STRONG><a name="[288]"></a>prvInitialiseTaskLists</STRONG> (Thumb, 78 bytes, Stack size 16 bytes, tasks.o(i.prvInitialiseTaskLists))
<BR><BR>[Stack]<UL><LI>Max Depth = 16<LI>Call Chain = prvInitialiseTaskLists
</UL>
<BR>[Calls]<UL><LI><a href="#[289]">&gt;&gt;</a>&nbsp;&nbsp;&nbsp;vListInitialise
</UL>
<BR>[Called By]<UL><LI><a href="#[8c]">&gt;&gt;</a>&nbsp;&nbsp;&nbsp;xTaskGenericCreate
</UL>

<P><STRONG><a name="[2ae]"></a>prvResetNextTaskUnblockTime</STRONG> (Thumb, 30 bytes, Stack size 0 bytes, tasks.o(i.prvResetNextTaskUnblockTime))
<BR><BR>[Called By]<UL><LI><a href="#[f4]">&gt;&gt;</a>&nbsp;&nbsp;&nbsp;xTaskIncrementTick
</UL>

<P><STRONG><a name="[294]"></a>prvTaskCheckFreeStackSpace</STRONG> (Thumb, 20 bytes, Stack size 0 bytes, tasks.o(i.prvTaskCheckFreeStackSpace))
<BR><BR>[Called By]<UL><LI><a href="#[293]">&gt;&gt;</a>&nbsp;&nbsp;&nbsp;uxTaskGetStackHighWaterMark
</UL>

<P><STRONG><a name="[5c]"></a>prvTaskExitError</STRONG> (Thumb, 20 bytes, Stack size 0 bytes, port.o(i.prvTaskExitError))
<BR><BR>[Calls]<UL><LI><a href="#[f3]">&gt;&gt;</a>&nbsp;&nbsp;&nbsp;ulPortSetInterruptMask
</UL>
<BR>[Address Reference Count : 1]<UL><LI> port.o(i.pxPortInitialiseStack)
</UL>
<P><STRONG><a name="[28e]"></a>prvHeapInit</STRONG> (Thumb, 68 bytes, Stack size 0 bytes, heap_4.o(i.prvHeapInit))
<BR><BR>[Called By]<UL><LI><a href="#[27b]">&gt;&gt;</a>&nbsp;&nbsp;&nbsp;pvPortMalloc
</UL>

<P><STRONG><a name="[28f]"></a>prvInsertBlockIntoFreeList</STRONG> (Thumb, 78 bytes, Stack size 12 bytes, heap_4.o(i.prvInsertBlockIntoFreeList))
<BR><BR>[Stack]<UL><LI>Max Depth = 12<LI>Call Chain = prvInsertBlockIntoFreeList
</UL>
<BR>[Called By]<UL><LI><a href="#[27c]">&gt;&gt;</a>&nbsp;&nbsp;&nbsp;vPortFree
<LI><a href="#[27b]">&gt;&gt;</a>&nbsp;&nbsp;&nbsp;pvPortMalloc
</UL>

<P><STRONG><a name="[e7]"></a>_DoInit</STRONG> (Thumb, 76 bytes, Stack size 8 bytes, segger_rtt.o(i._DoInit))
<BR><BR>[Stack]<UL><LI>Max Depth = 8<LI>Call Chain = _DoInit
</UL>
<BR>[Calls]<UL><LI><a href="#[11e]">&gt;&gt;</a>&nbsp;&nbsp;&nbsp;strcpy
</UL>
<BR>[Called By]<UL><LI><a href="#[e6]">&gt;&gt;</a>&nbsp;&nbsp;&nbsp;SEGGER_RTT_Write
</UL>

<P><STRONG><a name="[e9]"></a>_GetAvailWriteSpace</STRONG> (Thumb, 24 bytes, Stack size 0 bytes, segger_rtt.o(i._GetAvailWriteSpace))
<BR><BR>[Called By]<UL><LI><a href="#[e8]">&gt;&gt;</a>&nbsp;&nbsp;&nbsp;SEGGER_RTT_WriteNoLock
</UL>

<P><STRONG><a name="[eb]"></a>_WriteBlocking</STRONG> (Thumb, 92 bytes, Stack size 32 bytes, segger_rtt.o(i._WriteBlocking))
<BR><BR>[Stack]<UL><LI>Max Depth = 32<LI>Call Chain = _WriteBlocking
</UL>
<BR>[Calls]<UL><LI><a href="#[11f]">&gt;&gt;</a>&nbsp;&nbsp;&nbsp;__aeabi_memcpy
</UL>
<BR>[Called By]<UL><LI><a href="#[e8]">&gt;&gt;</a>&nbsp;&nbsp;&nbsp;SEGGER_RTT_WriteNoLock
</UL>

<P><STRONG><a name="[ea]"></a>_WriteNoCheck</STRONG> (Thumb, 68 bytes, Stack size 24 bytes, segger_rtt.o(i._WriteNoCheck))
<BR><BR>[Stack]<UL><LI>Max Depth = 24<LI>Call Chain = _WriteNoCheck
</UL>
<BR>[Calls]<UL><LI><a href="#[11f]">&gt;&gt;</a>&nbsp;&nbsp;&nbsp;__aeabi_memcpy
</UL>
<BR>[Called By]<UL><LI><a href="#[e8]">&gt;&gt;</a>&nbsp;&nbsp;&nbsp;SEGGER_RTT_WriteNoLock
</UL>

<P><STRONG><a name="[ef]"></a>_PrintInt</STRONG> (Thumb, 216 bytes, Stack size 48 bytes, segger_rtt_printf.o(i._PrintInt))
<BR><BR>[Stack]<UL><LI>Max Depth = 168<LI>Call Chain = _PrintInt &rArr; _PrintUnsigned &rArr; _StoreChar &rArr; SEGGER_RTT_Write &rArr; SEGGER_RTT_WriteNoLock &rArr; _WriteBlocking
</UL>
<BR>[Calls]<UL><LI><a href="#[ee]">&gt;&gt;</a>&nbsp;&nbsp;&nbsp;_StoreChar
<LI><a href="#[f0]">&gt;&gt;</a>&nbsp;&nbsp;&nbsp;_PrintUnsigned
</UL>
<BR>[Called By]<UL><LI><a href="#[ed]">&gt;&gt;</a>&nbsp;&nbsp;&nbsp;SEGGER_RTT_vprintf
</UL>

<P><STRONG><a name="[f0]"></a>_PrintUnsigned</STRONG> (Thumb, 210 bytes, Stack size 40 bytes, segger_rtt_printf.o(i._PrintUnsigned))
<BR><BR>[Stack]<UL><LI>Max Depth = 120<LI>Call Chain = _PrintUnsigned &rArr; _StoreChar &rArr; SEGGER_RTT_Write &rArr; SEGGER_RTT_WriteNoLock &rArr; _WriteBlocking
</UL>
<BR>[Calls]<UL><LI><a href="#[ee]">&gt;&gt;</a>&nbsp;&nbsp;&nbsp;_StoreChar
</UL>
<BR>[Called By]<UL><LI><a href="#[ed]">&gt;&gt;</a>&nbsp;&nbsp;&nbsp;SEGGER_RTT_vprintf
<LI><a href="#[ef]">&gt;&gt;</a>&nbsp;&nbsp;&nbsp;_PrintInt
</UL>

<P><STRONG><a name="[ee]"></a>_StoreChar</STRONG> (Thumb, 62 bytes, Stack size 8 bytes, segger_rtt_printf.o(i._StoreChar))
<BR><BR>[Stack]<UL><LI>Max Depth = 80<LI>Call Chain = _StoreChar &rArr; SEGGER_RTT_Write &rArr; SEGGER_RTT_WriteNoLock &rArr; _WriteBlocking
</UL>
<BR>[Calls]<UL><LI><a href="#[e6]">&gt;&gt;</a>&nbsp;&nbsp;&nbsp;SEGGER_RTT_Write
</UL>
<BR>[Called By]<UL><LI><a href="#[ed]">&gt;&gt;</a>&nbsp;&nbsp;&nbsp;SEGGER_RTT_vprintf
<LI><a href="#[f0]">&gt;&gt;</a>&nbsp;&nbsp;&nbsp;_PrintUnsigned
<LI><a href="#[ef]">&gt;&gt;</a>&nbsp;&nbsp;&nbsp;_PrintInt
</UL>

<P><STRONG><a name="[9b]"></a>CMD_GetChipInfo</STRONG> (Thumb, 270 bytes, Stack size 24 bytes, dx8_api.o(i.CMD_GetChipInfo))
<BR><BR>[Stack]<UL><LI>Max Depth = 80<LI>Call Chain = CMD_GetChipInfo &rArr; dxif_transfer &rArr; TWI_SendByte &rArr; TWI_NOP
</UL>
<BR>[Calls]<UL><LI><a href="#[9d]">&gt;&gt;</a>&nbsp;&nbsp;&nbsp;dxif_transfer
<LI><a href="#[9c]">&gt;&gt;</a>&nbsp;&nbsp;&nbsp;Lib_memset
<LI><a href="#[9e]">&gt;&gt;</a>&nbsp;&nbsp;&nbsp;Lib_memcpy
</UL>
<BR>[Called By]<UL><LI><a href="#[8f]">&gt;&gt;</a>&nbsp;&nbsp;&nbsp;DX8_Reset
</UL>

<P><STRONG><a name="[9f]"></a>CalHMAC</STRONG> (Thumb, 66 bytes, Stack size 16 bytes, dx8_api.o(i.CalHMAC))
<BR><BR>[Stack]<UL><LI>Max Depth = 76<LI>Call Chain = CalHMAC &rArr; Sha1update &rArr; SHA1ProcessMessageBlock
</UL>
<BR>[Calls]<UL><LI><a href="#[a1]">&gt;&gt;</a>&nbsp;&nbsp;&nbsp;Sha1update
<LI><a href="#[a0]">&gt;&gt;</a>&nbsp;&nbsp;&nbsp;Sha1init
<LI><a href="#[a2]">&gt;&gt;</a>&nbsp;&nbsp;&nbsp;Sha1final
</UL>
<BR>[Called By]<UL><LI><a href="#[94]">&gt;&gt;</a>&nbsp;&nbsp;&nbsp;Lib_HostAuth
<LI><a href="#[91]">&gt;&gt;</a>&nbsp;&nbsp;&nbsp;DX8_VerifyPin
</UL>

<P><STRONG><a name="[a3]"></a>CalStreamKey</STRONG> (Thumb, 68 bytes, Stack size 16 bytes, dx8_api.o(i.CalStreamKey))
<BR><BR>[Stack]<UL><LI>Max Depth = 32<LI>Call Chain = CalStreamKey &rArr; LoadKey
</UL>
<BR>[Calls]<UL><LI><a href="#[a5]">&gt;&gt;</a>&nbsp;&nbsp;&nbsp;LoadKey
<LI><a href="#[a4]">&gt;&gt;</a>&nbsp;&nbsp;&nbsp;Lib_xor
</UL>
<BR>[Called By]<UL><LI><a href="#[bf]">&gt;&gt;</a>&nbsp;&nbsp;&nbsp;InitStreamKey
<LI><a href="#[bd]">&gt;&gt;</a>&nbsp;&nbsp;&nbsp;DX8_VerifyPassword
</UL>

<P><STRONG><a name="[b6]"></a>DX8_CompareCheckSum</STRONG> (Thumb, 58 bytes, Stack size 16 bytes, dx8_api.o(i.DX8_CompareCheckSum))
<BR><BR>[Stack]<UL><LI>Max Depth = 72<LI>Call Chain = DX8_CompareCheckSum &rArr; dxif_transfer &rArr; TWI_SendByte &rArr; TWI_NOP
</UL>
<BR>[Calls]<UL><LI><a href="#[9d]">&gt;&gt;</a>&nbsp;&nbsp;&nbsp;dxif_transfer
<LI><a href="#[b7]">&gt;&gt;</a>&nbsp;&nbsp;&nbsp;Lib_memcmp
</UL>
<BR>[Called By]<UL><LI><a href="#[93]">&gt;&gt;</a>&nbsp;&nbsp;&nbsp;DX8_HostAuth
<LI><a href="#[bd]">&gt;&gt;</a>&nbsp;&nbsp;&nbsp;DX8_VerifyPassword
<LI><a href="#[ba]">&gt;&gt;</a>&nbsp;&nbsp;&nbsp;DX8_GetResponse
</UL>

<P><STRONG><a name="[ba]"></a>DX8_GetResponse</STRONG> (Thumb, 130 bytes, Stack size 32 bytes, dx8_api.o(i.DX8_GetResponse))
<BR><BR>[Stack]<UL><LI>Max Depth = 116<LI>Call Chain = DX8_GetResponse &rArr; Stream_Dec &rArr; Crypto_Data &rArr; q_b2
</UL>
<BR>[Calls]<UL><LI><a href="#[9d]">&gt;&gt;</a>&nbsp;&nbsp;&nbsp;dxif_transfer
<LI><a href="#[bb]">&gt;&gt;</a>&nbsp;&nbsp;&nbsp;Stream_Dec
<LI><a href="#[9e]">&gt;&gt;</a>&nbsp;&nbsp;&nbsp;Lib_memcpy
<LI><a href="#[bc]">&gt;&gt;</a>&nbsp;&nbsp;&nbsp;Lib_crc16
<LI><a href="#[b6]">&gt;&gt;</a>&nbsp;&nbsp;&nbsp;DX8_CompareCheckSum
</UL>
<BR>[Called By]<UL><LI><a href="#[93]">&gt;&gt;</a>&nbsp;&nbsp;&nbsp;DX8_HostAuth
<LI><a href="#[b8]">&gt;&gt;</a>&nbsp;&nbsp;&nbsp;DX8_GetRandom
<LI><a href="#[bd]">&gt;&gt;</a>&nbsp;&nbsp;&nbsp;DX8_VerifyPassword
</UL>

<P><STRONG><a name="[bd]"></a>DX8_VerifyPassword</STRONG> (Thumb, 288 bytes, Stack size 40 bytes, dx8_api.o(i.DX8_VerifyPassword))
<BR><BR>[Stack]<UL><LI>Max Depth = 172<LI>Call Chain = DX8_VerifyPassword &rArr; DX8_GetRandom &rArr; DX8_GetResponse &rArr; Stream_Dec &rArr; Crypto_Data &rArr; q_b2
</UL>
<BR>[Calls]<UL><LI><a href="#[9d]">&gt;&gt;</a>&nbsp;&nbsp;&nbsp;dxif_transfer
<LI><a href="#[a1]">&gt;&gt;</a>&nbsp;&nbsp;&nbsp;Sha1update
<LI><a href="#[a2]">&gt;&gt;</a>&nbsp;&nbsp;&nbsp;Sha1final
<LI><a href="#[b8]">&gt;&gt;</a>&nbsp;&nbsp;&nbsp;DX8_GetRandom
<LI><a href="#[b9]">&gt;&gt;</a>&nbsp;&nbsp;&nbsp;PollingStatus
<LI><a href="#[be]">&gt;&gt;</a>&nbsp;&nbsp;&nbsp;MAC_Password
<LI><a href="#[b7]">&gt;&gt;</a>&nbsp;&nbsp;&nbsp;Lib_memcmp
<LI><a href="#[bc]">&gt;&gt;</a>&nbsp;&nbsp;&nbsp;Lib_crc16
<LI><a href="#[ba]">&gt;&gt;</a>&nbsp;&nbsp;&nbsp;DX8_GetResponse
<LI><a href="#[b6]">&gt;&gt;</a>&nbsp;&nbsp;&nbsp;DX8_CompareCheckSum
<LI><a href="#[a3]">&gt;&gt;</a>&nbsp;&nbsp;&nbsp;CalStreamKey
</UL>
<BR>[Called By]<UL><LI><a href="#[91]">&gt;&gt;</a>&nbsp;&nbsp;&nbsp;DX8_VerifyPin
</UL>

<P><STRONG><a name="[bf]"></a>InitStreamKey</STRONG> (Thumb, 80 bytes, Stack size 24 bytes, dx8_api.o(i.InitStreamKey))
<BR><BR>[Stack]<UL><LI>Max Depth = 84<LI>Call Chain = InitStreamKey &rArr; Sha1update &rArr; SHA1ProcessMessageBlock
</UL>
<BR>[Calls]<UL><LI><a href="#[a1]">&gt;&gt;</a>&nbsp;&nbsp;&nbsp;Sha1update
<LI><a href="#[a0]">&gt;&gt;</a>&nbsp;&nbsp;&nbsp;Sha1init
<LI><a href="#[a2]">&gt;&gt;</a>&nbsp;&nbsp;&nbsp;Sha1final
<LI><a href="#[9c]">&gt;&gt;</a>&nbsp;&nbsp;&nbsp;Lib_memset
<LI><a href="#[9e]">&gt;&gt;</a>&nbsp;&nbsp;&nbsp;Lib_memcpy
<LI><a href="#[a3]">&gt;&gt;</a>&nbsp;&nbsp;&nbsp;CalStreamKey
</UL>
<BR>[Called By]<UL><LI><a href="#[94]">&gt;&gt;</a>&nbsp;&nbsp;&nbsp;Lib_HostAuth
<LI><a href="#[91]">&gt;&gt;</a>&nbsp;&nbsp;&nbsp;DX8_VerifyPin
</UL>

<P><STRONG><a name="[bc]"></a>Lib_crc16</STRONG> (Thumb, 54 bytes, Stack size 12 bytes, dx8_api.o(i.Lib_crc16))
<BR><BR>[Stack]<UL><LI>Max Depth = 12<LI>Call Chain = Lib_crc16
</UL>
<BR>[Called By]<UL><LI><a href="#[93]">&gt;&gt;</a>&nbsp;&nbsp;&nbsp;DX8_HostAuth
<LI><a href="#[bd]">&gt;&gt;</a>&nbsp;&nbsp;&nbsp;DX8_VerifyPassword
<LI><a href="#[ba]">&gt;&gt;</a>&nbsp;&nbsp;&nbsp;DX8_GetResponse
</UL>

<P><STRONG><a name="[b7]"></a>Lib_memcmp</STRONG> (Thumb, 30 bytes, Stack size 8 bytes, dx8_api.o(i.Lib_memcmp))
<BR><BR>[Stack]<UL><LI>Max Depth = 8<LI>Call Chain = Lib_memcmp
</UL>
<BR>[Called By]<UL><LI><a href="#[bd]">&gt;&gt;</a>&nbsp;&nbsp;&nbsp;DX8_VerifyPassword
<LI><a href="#[b6]">&gt;&gt;</a>&nbsp;&nbsp;&nbsp;DX8_CompareCheckSum
</UL>

<P><STRONG><a name="[9e]"></a>Lib_memcpy</STRONG> (Thumb, 20 bytes, Stack size 0 bytes, dx8_api.o(i.Lib_memcpy))
<BR><BR>[Called By]<UL><LI><a href="#[93]">&gt;&gt;</a>&nbsp;&nbsp;&nbsp;DX8_HostAuth
<LI><a href="#[bf]">&gt;&gt;</a>&nbsp;&nbsp;&nbsp;InitStreamKey
<LI><a href="#[ba]">&gt;&gt;</a>&nbsp;&nbsp;&nbsp;DX8_GetResponse
<LI><a href="#[9b]">&gt;&gt;</a>&nbsp;&nbsp;&nbsp;CMD_GetChipInfo
</UL>

<P><STRONG><a name="[9c]"></a>Lib_memset</STRONG> (Thumb, 16 bytes, Stack size 0 bytes, dx8_api.o(i.Lib_memset))
<BR><BR>[Called By]<UL><LI><a href="#[94]">&gt;&gt;</a>&nbsp;&nbsp;&nbsp;Lib_HostAuth
<LI><a href="#[be]">&gt;&gt;</a>&nbsp;&nbsp;&nbsp;MAC_Password
<LI><a href="#[bf]">&gt;&gt;</a>&nbsp;&nbsp;&nbsp;InitStreamKey
<LI><a href="#[9b]">&gt;&gt;</a>&nbsp;&nbsp;&nbsp;CMD_GetChipInfo
</UL>

<P><STRONG><a name="[a4]"></a>Lib_xor</STRONG> (Thumb, 26 bytes, Stack size 12 bytes, dx8_api.o(i.Lib_xor))
<BR><BR>[Stack]<UL><LI>Max Depth = 12<LI>Call Chain = Lib_xor
</UL>
<BR>[Called By]<UL><LI><a href="#[a3]">&gt;&gt;</a>&nbsp;&nbsp;&nbsp;CalStreamKey
</UL>

<P><STRONG><a name="[be]"></a>MAC_Password</STRONG> (Thumb, 80 bytes, Stack size 16 bytes, dx8_api.o(i.MAC_Password))
<BR><BR>[Stack]<UL><LI>Max Depth = 76<LI>Call Chain = MAC_Password &rArr; Sha1update &rArr; SHA1ProcessMessageBlock
</UL>
<BR>[Calls]<UL><LI><a href="#[a1]">&gt;&gt;</a>&nbsp;&nbsp;&nbsp;Sha1update
<LI><a href="#[a0]">&gt;&gt;</a>&nbsp;&nbsp;&nbsp;Sha1init
<LI><a href="#[9c]">&gt;&gt;</a>&nbsp;&nbsp;&nbsp;Lib_memset
</UL>
<BR>[Called By]<UL><LI><a href="#[bd]">&gt;&gt;</a>&nbsp;&nbsp;&nbsp;DX8_VerifyPassword
</UL>

<P><STRONG><a name="[b9]"></a>PollingStatus</STRONG> (Thumb, 94 bytes, Stack size 24 bytes, dx8_api.o(i.PollingStatus))
<BR><BR>[Stack]<UL><LI>Max Depth = 80<LI>Call Chain = PollingStatus &rArr; dxif_transfer &rArr; TWI_SendByte &rArr; TWI_NOP
</UL>
<BR>[Calls]<UL><LI><a href="#[9d]">&gt;&gt;</a>&nbsp;&nbsp;&nbsp;dxif_transfer
</UL>
<BR>[Called By]<UL><LI><a href="#[96]">&gt;&gt;</a>&nbsp;&nbsp;&nbsp;DX8_Sleep
<LI><a href="#[8f]">&gt;&gt;</a>&nbsp;&nbsp;&nbsp;DX8_Reset
<LI><a href="#[93]">&gt;&gt;</a>&nbsp;&nbsp;&nbsp;DX8_HostAuth
<LI><a href="#[b8]">&gt;&gt;</a>&nbsp;&nbsp;&nbsp;DX8_GetRandom
<LI><a href="#[bd]">&gt;&gt;</a>&nbsp;&nbsp;&nbsp;DX8_VerifyPassword
</UL>

<P><STRONG><a name="[f1]"></a>SHA1PadMessage</STRONG> (Thumb, 132 bytes, Stack size 16 bytes, sha1.o(i.SHA1PadMessage))
<BR><BR>[Stack]<UL><LI>Max Depth = 52<LI>Call Chain = SHA1PadMessage &rArr; SHA1ProcessMessageBlock
</UL>
<BR>[Calls]<UL><LI><a href="#[f2]">&gt;&gt;</a>&nbsp;&nbsp;&nbsp;SHA1ProcessMessageBlock
</UL>
<BR>[Called By]<UL><LI><a href="#[a2]">&gt;&gt;</a>&nbsp;&nbsp;&nbsp;Sha1final
</UL>

<P><STRONG><a name="[f2]"></a>SHA1ProcessMessageBlock</STRONG> (Thumb, 322 bytes, Stack size 36 bytes, sha1.o(i.SHA1ProcessMessageBlock))
<BR><BR>[Stack]<UL><LI>Max Depth = 36<LI>Call Chain = SHA1ProcessMessageBlock
</UL>
<BR>[Called By]<UL><LI><a href="#[f1]">&gt;&gt;</a>&nbsp;&nbsp;&nbsp;SHA1PadMessage
<LI><a href="#[a1]">&gt;&gt;</a>&nbsp;&nbsp;&nbsp;Sha1update
</UL>

<P><STRONG><a name="[b2]"></a>Crypto_Data</STRONG> (Thumb, 236 bytes, Stack size 48 bytes, streamec.o(i.Crypto_Data))
<BR><BR>[Stack]<UL><LI>Max Depth = 68<LI>Call Chain = Crypto_Data &rArr; q_b2
</UL>
<BR>[Calls]<UL><LI><a href="#[b3]">&gt;&gt;</a>&nbsp;&nbsp;&nbsp;q_b2
<LI><a href="#[b4]">&gt;&gt;</a>&nbsp;&nbsp;&nbsp;q_b1
<LI><a href="#[b5]">&gt;&gt;</a>&nbsp;&nbsp;&nbsp;UpDataKey
</UL>
<BR>[Called By]<UL><LI><a href="#[bb]">&gt;&gt;</a>&nbsp;&nbsp;&nbsp;Stream_Dec
</UL>

<P><STRONG><a name="[b5]"></a>UpDataKey</STRONG> (Thumb, 110 bytes, Stack size 0 bytes, streamec.o(i.UpDataKey))
<BR><BR>[Called By]<UL><LI><a href="#[b2]">&gt;&gt;</a>&nbsp;&nbsp;&nbsp;Crypto_Data
</UL>

<P><STRONG><a name="[b4]"></a>q_b1</STRONG> (Thumb, 42 bytes, Stack size 16 bytes, streamec.o(i.q_b1))
<BR><BR>[Stack]<UL><LI>Max Depth = 16<LI>Call Chain = q_b1
</UL>
<BR>[Called By]<UL><LI><a href="#[b2]">&gt;&gt;</a>&nbsp;&nbsp;&nbsp;Crypto_Data
</UL>

<P><STRONG><a name="[b3]"></a>q_b2</STRONG> (Thumb, 64 bytes, Stack size 20 bytes, streamec.o(i.q_b2))
<BR><BR>[Stack]<UL><LI>Max Depth = 20<LI>Call Chain = q_b2
</UL>
<BR>[Called By]<UL><LI><a href="#[b2]">&gt;&gt;</a>&nbsp;&nbsp;&nbsp;Crypto_Data
</UL>

<P><STRONG><a name="[12e]"></a>_fp_digits</STRONG> (Thumb, 334 bytes, Stack size 56 bytes, printfa.o(i._fp_digits), UNUSED)
<BR><BR>[Calls]<UL><LI><a href="#[71]">&gt;&gt;</a>&nbsp;&nbsp;&nbsp;__aeabi_dmul
<LI><a href="#[6a]">&gt;&gt;</a>&nbsp;&nbsp;&nbsp;__aeabi_dadd
<LI><a href="#[82]">&gt;&gt;</a>&nbsp;&nbsp;&nbsp;__aeabi_cdrcmple
<LI><a href="#[72]">&gt;&gt;</a>&nbsp;&nbsp;&nbsp;__aeabi_ddiv
<LI><a href="#[7c]">&gt;&gt;</a>&nbsp;&nbsp;&nbsp;__aeabi_d2ulz
<LI><a href="#[7a]">&gt;&gt;</a>&nbsp;&nbsp;&nbsp;__aeabi_uldivmod
</UL>
<BR>[Called By]<UL><LI><a href="#[121]">&gt;&gt;</a>&nbsp;&nbsp;&nbsp;_printf_core
</UL>

<P><STRONG><a name="[121]"></a>_printf_core</STRONG> (Thumb, 1744 bytes, Stack size 136 bytes, printfa.o(i._printf_core), UNUSED)
<BR><BR>[Calls]<UL><LI><a href="#[12f]">&gt;&gt;</a>&nbsp;&nbsp;&nbsp;_printf_pre_padding
<LI><a href="#[130]">&gt;&gt;</a>&nbsp;&nbsp;&nbsp;_printf_post_padding
<LI><a href="#[12e]">&gt;&gt;</a>&nbsp;&nbsp;&nbsp;_fp_digits
<LI><a href="#[7a]">&gt;&gt;</a>&nbsp;&nbsp;&nbsp;__aeabi_uldivmod
<LI><a href="#[131]">&gt;&gt;</a>&nbsp;&nbsp;&nbsp;__aeabi_uidivmod
</UL>
<BR>[Called By]<UL><LI><a href="#[120]">&gt;&gt;</a>&nbsp;&nbsp;&nbsp;__0printf
</UL>

<P><STRONG><a name="[130]"></a>_printf_post_padding</STRONG> (Thumb, 36 bytes, Stack size 24 bytes, printfa.o(i._printf_post_padding), UNUSED)
<BR><BR>[Called By]<UL><LI><a href="#[121]">&gt;&gt;</a>&nbsp;&nbsp;&nbsp;_printf_core
</UL>

<P><STRONG><a name="[12f]"></a>_printf_pre_padding</STRONG> (Thumb, 46 bytes, Stack size 24 bytes, printfa.o(i._printf_pre_padding), UNUSED)
<BR><BR>[Called By]<UL><LI><a href="#[121]">&gt;&gt;</a>&nbsp;&nbsp;&nbsp;_printf_core
</UL>
<P>
<H3>
Undefined Global Symbols
</H3><HR></body></html>
