<html>
<body>
<pre>
<h1>礦ision Build Log</h1>
<h2>Tool Versions:</h2>
IDE-Version: μVision V5.25.2.0
Copyright (C) 2018 ARM Ltd and ARM Germany GmbH. All rights reserved.
License Information: 1 User0 Microsoft Flex license: MDK-ARM Essential: 1 user(s) (mdk_essential) Support: Aug 2019
 
Tool Versions:
Toolchain:       MDK-ARM Essential: 1 user(s)  Version: 5.25.2.0
Toolchain Path:  E:\Keil_v5\ARM\ARMCC\Bin
C Compiler:      Armcc.exe V5.06 update 6 (build 750)
Assembler:       Armasm.exe V5.06 update 6 (build 750)
Linker/Locator:  ArmLink.exe V5.06 update 6 (build 750)
Library Manager: ArmAr.exe V5.06 update 6 (build 750)
Hex Converter:   FromElf.exe V5.06 update 6 (build 750)
CPU DLL:         SARMCM3.DLL V5.25.2.0
Dialog DLL:      DARMSTM.DLL V1.68.0.0
Target DLL:      Segger\JL2CM3.dll V2.99.29.0
Dialog DLL:      TARMSTM.DLL V1.66.0.0
 
<h2>Project:</h2>
C:\Users\User020\Documents\CleanCar\Project\MDK-ARM(uV4)\project.uvprojx
Project File Date:  04/15/2020

<h2>Output:</h2>
*** Using Compiler 'V5.06 update 6 (build 750)', folder: 'E:\Keil_v5\ARM\ARMCC\Bin'
Build target 'Flash'
compiling bsp_CleanStrategyB.c...
..\..\User\app\src\bsp_CleanStrategyB.c(586): warning:  #940-D: missing return statement at end of non-void function "clean_strategyB" 
  }
..\..\User\app\src\bsp_CleanStrategyB.c(4221): warning:  #186-D: pointless comparison of unsigned integer with zero
                  for (i = MAPHEIGHT / GRIDHEIGHT - 1; i >= 0; i--)
..\..\User\app\src\bsp_CleanStrategyB.c(4225): warning:  #186-D: pointless comparison of unsigned integer with zero
                      for (  j = MAPWIDTH / GRIDWIDTH - 1; j >= 0; j--)
..\..\User\app\src\bsp_CleanStrategyB.c(4285): warning:  #186-D: pointless comparison of unsigned integer with zero
                  for (  i = MAPHEIGHT / GRIDHEIGHT - 1; i >= 0; i--)
..\..\User\app\src\bsp_CleanStrategyB.c(4289): warning:  #186-D: pointless comparison of unsigned integer with zero
                      for (  j = MAPWIDTH / GRIDWIDTH - 1; j >= 0; j--)
..\..\User\app\src\bsp_CleanStrategyB.c(6070): warning:  #174-D: expression has no effect
                  turn_start_update == 0;
..\..\User\app\src\bsp_CleanStrategyB.c(8502): warning:  #68-D: integer conversion resulted in a change of sign
              return_origin_positive_start = -1;
..\..\User\app\src\bsp_CleanStrategyB.c(8646): warning:  #68-D: integer conversion resulted in a change of sign
              return_origin_positive_start = -1;
..\..\User\app\src\bsp_CleanStrategyB.c(8790): warning:  #68-D: integer conversion resulted in a change of sign
              return_origin_positive_start = -1;
..\..\User\app\src\bsp_CleanStrategyB.c(8935): warning:  #68-D: integer conversion resulted in a change of sign
              return_origin_positive_start = -1;
..\..\User\app\src\bsp_CleanStrategyB.c(9077): warning:  #69-D: integer conversion resulted in truncation
      cls[dx][dy].AStar_G = AStar_Infinity;
..\..\User\app\src\bsp_CleanStrategyB.c(12711): warning:  #186-D: pointless comparison of unsigned integer with zero
      for (i = map_robot_x; i >= 0; i--)
..\..\User\app\src\bsp_CleanStrategyB.c(12729): warning:  #186-D: pointless comparison of unsigned integer with zero
      for (j = map_robot_y; j >= 0; j--)
..\..\User\app\src\bsp_CleanStrategyB.c(12773): warning:  #186-D: pointless comparison of unsigned integer with zero
                      for (j = GRIDHEIGHT - 1; j >= 0; j--)
..\..\User\app\src\bsp_CleanStrategyB.c(12688): warning:  #550-D: variable "complete_flag"  was set but never used
      unsigned char i, j, complete_flag = 0;
..\..\User\app\src\bsp_CleanStrategyB.c(162): warning:  #177-D: variable "Yaw"  was declared but never referenced
  static int Yaw;
..\..\User\app\src\bsp_CleanStrategyB.c: 16 warnings, 0 errors
linking...
Program Size: Code=121088 RO-data=1220 RW-data=672 ZI-data=55928  
FromELF: creating hex file...
After Build - User command #1: CopyHex_Flash.bat
C:\Users\User020\Documents\CleanCar\Project\MDK-ARM(uV4)>copy Flash\Obj\output.hex ..\output(mdk).hex 
已复制         1 个文件。
".\Flash\Obj\output.axf" - 0 Error(s), 16 Warning(s).

<h2>Software Packages used:</h2>

Package Vendor: Keil
                http://www.keil.com/pack/Keil.STM32F1xx_DFP.1.0.5.pack
                Keil.STM32F1xx_DFP.1.0.5
                STMicroelectronics STM32F1 Series Device Support, Drivers and Examples

<h2>Collection of Component include folders:</h2>
  .\RTE\_Flash
  E:\Keil_v5\ARM\PACK\Keil\STM32F1xx_DFP\1.0.5\Device\Include

<h2>Collection of Component Files used:</h2>
Build Time Elapsed:  00:00:06
</pre>
</body>
</html>
