<html>
<body>
<pre>
<h1>礦ision Build Log</h1>
<h2>Tool Versions:</h2>
IDE-Version: μVision V5.14.0.0
Copyright (C) 2015 ARM Ltd and ARM Germany GmbH. All rights reserved.
License Information: rd rd rd Flex license: MDK-ARM Standard Cortex-M only: 1 user(s) (mdk_cm_std) Support: Aug 2019
 
Tool Versions:
Toolchain:       MDK-ARM Standard Cortex-M only: 1 user(s)  Version: 5.14.0.0
Toolchain Path:  D:\soft\MDK5\ARM\ARMCC\Bin
C Compiler:      Armcc.exe V5.05 update 1 (build 106)
Assembler:       Armasm.exe V5.05 update 1 (build 106)
Linker/Locator:  ArmLink.exe V5.05 update 1 (build 106)
Library Manager: ArmAr.exe V5.05 update 1 (build 106)
Hex Converter:   FromElf.exe V5.05 update 1 (build 106)
CPU DLL:         SARMCM3.DLL V5.14.0.0
Dialog DLL:      DCM.DLL V1.13.1.0
Target DLL:      Segger\JL2CM3.dll V2.99.13.0
Dialog DLL:      TCM.DLL V1.14.4.0
 
<h2>Project:</h2>
F:\LuckyXRQ\CleanCar\NO_RTOS\Project\MDK-ARM(uV4)\project.uvprojx
Project File Date:  04/22/2020

<h2>Output:</h2>
Build target 'Flash'
compiling main.c...
compiling bsp_PowerSwitch.c...
compiling bsp_Collision.c...
compiling bsp_Angle.c...
compiling bsp_led.c...
compiling bsp_timer.c...
compiling bsp.c...
compiling stm32f10x_it.c...
compiling stm32f10x_assert.c...
compiling bsp_key.c...
compiling bsp_uart_fifo.c...
compiling stm32f10x_gpio.c...
compiling stm32f10x_rcc.c...
compiling misc.c...
compiling stm32f10x_tim.c...
compiling stm32f10x_usart.c...
compiling stm32f10x_flash.c...
compiling stm32f10x_pwr.c...
compiling system_stm32f10x.c...
linking...
Program Size: Code=4824 RO-data=336 RW-data=72 ZI-data=39256  
FromELF: creating hex file...
After Build - User command #1: CopyHex_Flash.bat
F:\LuckyXRQ\CleanCar\NO_RTOS\Project\MDK-ARM(uV4)>轇;勱筐* 
'轇' 不是内部或外部命令，也不是可运行的程序
或批处理文件。
".\Flash\Obj\output.axf" - 0 Error(s), 0 Warning(s).

<h2>Collection of Component include folders:</h2>
  F:\LuckyXRQ\CleanCar\NO_RTOS\Project\MDK-ARM(uV4)\RTE
  D:\soft\MDK5\ARM\PACK\Keil\STM32F1xx_DFP\1.0.5\Device\Include

<h2>Collection of Component Files used:</h2>
</pre>
</body>
</html>
