Component: ARM Compiler 5.06 update 6 (build 750) Tool: armlink [4d35ed]

==============================================================================

Section Cross References

    main.o(i.AppObjCreate) refers to queue.o(i.xQueueCreateMutex) for xQueueCreateMutex
    main.o(i.AppObjCreate) refers to main.o(.data) for .data
    main.o(i.AppTaskCreate) refers to tasks.o(i.xTaskGenericCreate) for xTaskGenericCreate
    main.o(i.AppTaskCreate) refers to main.o(.data) for .data
    main.o(i.AppTaskCreate) refers to main.o(i.vTaskMapping) for vTaskMapping
    main.o(i.AppTaskCreate) refers to main.o(i.vTaskDecision) for vTaskDecision
    main.o(i.AppTaskCreate) refers to main.o(i.vTaskControl) for vTaskControl
    main.o(i.AppTaskCreate) refers to main.o(i.vTaskPerception) for vTaskPerception
    main.o(i.AppTaskCreate) refers to main.o(i.vTaskKey) for vTaskKey
    main.o(i.App_Printf) refers to printfa.o(i.__0vsnprintf) for vsnprintf
    main.o(i.App_Printf) refers to queue.o(i.xQueueGenericReceive) for xQueueGenericReceive
    main.o(i.App_Printf) refers to queue.o(i.xQueueGenericSend) for xQueueGenericSend
    main.o(i.App_Printf) refers to main.o(.data) for .data
    main.o(i.bsp_CloseAllStateRun) refers to bsp_searchchargepile.o(i.bsp_StopSearchChargePile) for bsp_StopSearchChargePile
    main.o(i.bsp_CloseAllStateRun) refers to bsp_cliffsw.o(i.bsp_StopCliffTest) for bsp_StopCliffTest
    main.o(i.bsp_CloseAllStateRun) refers to bsp_cleanstrategyb.o(i.bsp_StopUpdateCleanStrategyB) for bsp_StopUpdateCleanStrategyB
    main.o(i.bsp_CloseAllStateRun) refers to bsp_cleanstrategyrandom.o(i.bsp_StopStrategyRandom) for bsp_StopStrategyRandom
    main.o(i.bsp_CloseAllStateRun) refers to bsp_edgewise.o(i.bsp_StopEdgewiseRun) for bsp_StopEdgewiseRun
    main.o(i.bsp_KeyProc) refers to bsp_key.o(i.bsp_GetKey) for bsp_GetKey
    main.o(i.bsp_KeyProc) refers to bsp_uploadmap.o(i.bsp_SetUploadMapIdIndex) for bsp_SetUploadMapIdIndex
    main.o(i.bsp_KeyProc) refers to bsp_communication.o(i.GetCmdStartUpload) for GetCmdStartUpload
    main.o(i.bsp_KeyProc) refers to bsp_functiontest.o(i.bsp_StartFunctionTest) for bsp_StartFunctionTest
    main.o(i.bsp_KeyProc) refers to main.o(i.bsp_KeySuspend) for bsp_KeySuspend
    main.o(i.bsp_KeyProc) refers to bsp_runcontrol.o(i.bsp_CloseAllLed) for bsp_CloseAllLed
    main.o(i.bsp_KeyProc) refers to bsp_runcontrol.o(i.bsp_SetLedState) for bsp_SetLedState
    main.o(i.bsp_KeyProc) refers to main.o(i.bsp_StopAllMotor) for bsp_StopAllMotor
    main.o(i.bsp_KeyProc) refers to main.o(i.bsp_CloseAllStateRun) for bsp_CloseAllStateRun
    main.o(i.bsp_KeyProc) refers to bsp_runcontrol.o(i.bsp_SetLastKeyState) for bsp_SetLastKeyState
    main.o(i.bsp_KeyProc) refers to bsp_speaker.o(i.bsp_SperkerPlay) for bsp_SperkerPlay
    main.o(i.bsp_KeyProc) refers to tasks.o(i.vTaskDelay) for vTaskDelay
    main.o(i.bsp_KeyProc) refers to bsp_speaker.o(i.bsp_SpeakerIsBusy) for bsp_SpeakerIsBusy
    main.o(i.bsp_KeyProc) refers to bsp_key.o(i.bsp_ClearKey) for bsp_ClearKey
    main.o(i.bsp_KeyProc) refers to bsp_stopmode.o(i.bsp_EnterStopMODE) for bsp_EnterStopMODE
    main.o(i.bsp_KeyProc) refers to bsp_offsitesw.o(i.bsp_OffSiteGetState) for bsp_OffSiteGetState
    main.o(i.bsp_KeyProc) refers to bsp_dustbox.o(i.bsp_DustBoxGetState) for bsp_DustBoxGetState
    main.o(i.bsp_KeyProc) refers to bsp_searchchargepile.o(i.bsp_StartSearchChargePile) for bsp_StartSearchChargePile
    main.o(i.bsp_KeyProc) refers to bsp_motor.o(i.bsp_MotorCleanSetPWM) for bsp_MotorCleanSetPWM
    main.o(i.bsp_KeyProc) refers to bsp_ir_decode.o(i.bsp_IRD_StopWork) for bsp_IRD_StopWork
    main.o(i.bsp_KeyProc) refers to bsp_searchchargepile.o(i.bsp_IsTouchChargePile) for bsp_IsTouchChargePile
    main.o(i.bsp_KeyProc) refers to bsp_angle.o(i.bsp_CleanZeroYaw) for bsp_CleanZeroYaw
    main.o(i.bsp_KeyProc) refers to bsp_control.o(i.bsp_MotorSpeedMM2Pulse) for bsp_MotorSpeedMM2Pulse
    main.o(i.bsp_KeyProc) refers to bsp_control.o(i.bsp_SetMotorSpeed) for bsp_SetMotorSpeed
    main.o(i.bsp_KeyProc) refers to bsp_cleanstrategyb.o(i.bsp_StartUpdateCleanStrategyB) for bsp_StartUpdateCleanStrategyB
    main.o(i.bsp_KeyProc) refers to bsp_param.o(i.bsp_GetVacuumPowerGrade) for bsp_GetVacuumPowerGrade
    main.o(i.bsp_KeyProc) refers to bsp_motor.o(i.bsp_StartVacuum) for bsp_StartVacuum
    main.o(i.bsp_KeyProc) refers to bsp_wifi_app.o(i.bsp_StartChangeWifi2SmartConfigState) for bsp_StartChangeWifi2SmartConfigState
    main.o(i.bsp_KeyProc) refers to bsp_key.o(i.bsp_PutKey) for bsp_PutKey
    main.o(i.bsp_KeyProc) refers to bsp_runcontrol.o(i.bsp_OpenThreeWhileLed) for bsp_OpenThreeWhileLed
    main.o(i.bsp_KeyProc) refers to mcu_api.o(i.mcu_dp_enum_update) for mcu_dp_enum_update
    main.o(i.bsp_KeyProc) refers to main.o(.data) for .data
    main.o(i.bsp_KeyProc) refers to bsp_runcontrol.o(.data) for work_switch_go
    main.o(i.bsp_KeySuspend) refers to bsp_angle.o(i.bsp_CleanZeroYaw) for bsp_CleanZeroYaw
[...]
    last_position_xx                         0x20000158   Data           4  bsp_cleanstrategyb.o(.data)
    last_position_y                          0x2000015c   Data           4  bsp_cleanstrategyb.o(.data)
    last_position_yy                         0x20000160   Data           4  bsp_cleanstrategyb.o(.data)
    turn_start_x                             0x20000164   Data           4  bsp_cleanstrategyb.o(.data)
    turn_start_y                             0x20000168   Data           4  bsp_cleanstrategyb.o(.data)
    maintain_bow_distance                    0x2000016c   Data           4  bsp_cleanstrategyb.o(.data)
    cnt_update                               0x20000170   Data           4  bsp_cleanstrategyb.o(.data)
    temporary_yaw                            0x20000174   Data           4  bsp_cleanstrategyb.o(.data)
    temporary_close_edge                     0x20000178   Data           4  bsp_cleanstrategyb.o(.data)
    edge_length_start                        0x2000017c   Data           4  bsp_cleanstrategyb.o(.data)
    FunctionStatus                           0x20000180   Data           4  bsp_cleanstrategyb.o(.data)
    RealWorkTime                             0x20000184   Data           4  bsp_cleanstrategyb.o(.data)
    LastCleanTimeStamp                       0x20000188   Data           4  bsp_cleanstrategyb.o(.data)
    CurrentCleanTimeStamp                    0x2000018c   Data           4  bsp_cleanstrategyb.o(.data)
    ForceReturnOriginTimeStamp               0x20000190   Data           4  bsp_cleanstrategyb.o(.data)
    judgment_Stuck_status                    0x20000194   Data           4  bsp_cleanstrategyb.o(.data)
    judgment_Stuck_status_x                  0x20000198   Data           4  bsp_cleanstrategyb.o(.data)
    judgment_Stuck_status_y                  0x2000019c   Data           4  bsp_cleanstrategyb.o(.data)
    judgment_Stuck_status_yaw                0x200001a0   Data           4  bsp_cleanstrategyb.o(.data)
    x_error                                  0x200001a4   Data           4  bsp_cleanstrategyb.o(.data)
    y_error                                  0x200001a8   Data           4  bsp_cleanstrategyb.o(.data)
    AStar_start                              0x200001ac   Data           4  bsp_cleanstrategyb.o(.data)
    global_pose_x                            0x200001b0   Data           4  bsp_cleanstrategyb.o(.data)
    global_pose_y                            0x200001b4   Data           4  bsp_cleanstrategyb.o(.data)
    map_current_pose_x                       0x200001b8   Data           4  bsp_cleanstrategyb.o(.data)
    map_current_pose_y                       0x200001bc   Data           4  bsp_cleanstrategyb.o(.data)
    linear_velocity                          0x200001c8   Data           8  bsp_cleanstrategyb.o(.data)
    angular_velocity                         0x200001d0   Data           8  bsp_cleanstrategyb.o(.data)
    reset_wifi_flag                          0x2000025d   Data           1  system.o(.data)
    set_wifimode_flag                        0x2000025e   Data           1  system.o(.data)
    wifi_work_state                          0x2000025f   Data           1  system.o(.data)
    stream_status                            0x20000260   Data           1  system.o(.data)
    queue_in                                 0x20000264   Data           4  system.o(.data)
    queue_out                                0x20000268   Data           4  system.o(.data)
    stop_update_flag                         0x2000026c   Data           1  system.o(.data)
    SystemCoreClock                          0x20000270   Data           4  system_stm32f10x.o(.data)
    AHBPrescTable                            0x20000274   Data          16  system_stm32f10x.o(.data)
    pxCurrentTCB                             0x20000284   Data           4  tasks.o(.data)
    srand_cnt                                0x200002f0   Data           4  dx8_api.o(.data)
    __stdout                                 0x20000320   Data           4  stdout.o(.data)
    adcRealTime                              0x2000041c   Data          40  bsp_detectact.o(.bss)
    Under_extreme_point_x                    0x20000a83   Data          20  bsp_gridmap.o(.bss)
    Under_extreme_point_y                    0x20000a97   Data          20  bsp_gridmap.o(.bss)
    On_extreme_point_x                       0x20000aab   Data          20  bsp_gridmap.o(.bss)
    On_extreme_point_y                       0x20000abf   Data          20  bsp_gridmap.o(.bss)
    gridmap                                  0x20000ae0   Data       10032  bsp_gridmap.o(.bss)
    AStar_graph                              0x20003210   Data        2500  bsp_cleanstrategyb.o(.bss)
    astar_close                              0x20003bd4   Data       12500  bsp_cleanstrategyb.o(.bss)
    maze                                     0x20006ca8   Data         625  bsp_cleanstrategyb.o(.bss)
    plansteps                                0x20006f19   Data          50  bsp_cleanstrategyb.o(.bss)
    g_tIR                                    0x20008de4   Data         140  bsp_ir_decode.o(.bss)
    wifi_queue_buf                           0x20008e70   Data          23  system.o(.bss)
    wifi_uart_rx_buf                         0x20008e87   Data         519  system.o(.bss)
    wifi_uart_tx_buf                         0x2000908e   Data         519  system.o(.bss)
    dx8_info                                 0x2000c414   Data          44  dx8_api.o(.bss)
    context                                  0x2000c440   Data          92  sha1.o(.bss)
    __initial_sp                             0x2000dcd0   Data           0  startup_stm32f10x_hd.o(STACK)



==============================================================================

Memory Map of the image

  Image Entry point : 0x08000131

  Load Region LR_IROM1 (Base: 0x08000000, Size: 0x00024f1c, Max: 0x00080000, ABSOLUTE, COMPRESSED[0x00024c8c])

    Execution Region ER_IROM1 (Exec base: 0x08000000, Load base: 0x08000000, Size: 0x00024bf0, Max: 0x00080000, ABSOLUTE)

    Exec Addr    Load Addr    Size         Type   Attr      Idx    E Section Name        Object

    0x08000000   0x08000000   0x00000130   Data   RO         3666    RESET               startup_stm32f10x_hd.o
    0x08000130   0x08000130   0x00000000   Code   RO         7031  * .ARM.Collect$$$$00000000  mc_w.l(entry.o)
    0x08000130   0x08000130   0x00000004   Code   RO         7404    .ARM.Collect$$$$00000001  mc_w.l(entry2.o)
    0x08000134   0x08000134   0x00000004   Code   RO         7407    .ARM.Collect$$$$00000004  mc_w.l(entry5.o)
    0x08000138   0x08000138   0x00000000   Code   RO         7409    .ARM.Collect$$$$00000008  mc_w.l(entry7b.o)
    0x08000138   0x08000138   0x00000000   Code   RO         7411    .ARM.Collect$$$$0000000A  mc_w.l(entry8b.o)
    0x08000138   0x08000138   0x00000008   Code   RO         7412    .ARM.Collect$$$$0000000B  mc_w.l(entry9a.o)
    0x08000140   0x08000140   0x00000000   Code   RO         7414    .ARM.Collect$$$$0000000D  mc_w.l(entry10a.o)
    0x08000140   0x08000140   0x00000000   Code   RO         7416    .ARM.Collect$$$$0000000F  mc_w.l(entry11a.o)
    0x08000140   0x08000140   0x00000004   Code   RO         7405    .ARM.Collect$$$$00002712  mc_w.l(entry2.o)
    0x08000144   0x08000144   0x000000a2   Code   RO         6468    .emb_text           port.o
    0x080001e6   0x080001e6   0x00000002   PAD
    0x080001e8   0x080001e8   0x00000024   Code   RO         3667    .text               startup_stm32f10x_hd.o
    0x0800020c   0x0800020c   0x00000024   Code   RO         7039    .text               mc_w.l(rand.o)
    0x08000230   0x08000230   0x00000024   Code   RO         7042    .text               mc_w.l(memcpya.o)
    0x08000254   0x08000254   0x00000024   Code   RO         7044    .text               mc_w.l(memseta.o)
    0x08000278   0x08000278   0x0000001a   Code   RO         7050    .text               mc_w.l(memcmp.o)
    0x08000292   0x08000292   0x000000b0   Code   RO         7317    .text               mf_w.l(fadd.o)
    0x08000342   0x08000342   0x00000064   Code   RO         7319    .text               mf_w.l(fmul.o)
    0x080003a6   0x080003a6   0x0000007c   Code   RO         7321    .text               mf_w.l(fdiv.o)
    0x08000422   0x08000422   0x00000018   Code   RO         7323    .text               mf_w.l(fscalb.o)
    0x0800043a   0x0800043a   0x0000014e   Code   RO         7325    .text               mf_w.l(dadd.o)
    0x08000588   0x08000588   0x000000e4   Code   RO         7327    .text               mf_w.l(dmul.o)
    0x0800066c   0x0800066c   0x000000de   Code   RO         7329    .text               mf_w.l(ddiv.o)
    0x0800074a   0x0800074a   0x0000002e   Code   RO         7331    .text               mf_w.l(dscalb.o)
    0x08000778   0x08000778   0x00000012   Code   RO         7333    .text               mf_w.l(fflti.o)
    0x0800078a   0x0800078a   0x0000000a   Code   RO         7335    .text               mf_w.l(ffltui.o)
    0x08000794   0x08000794   0x00000022   Code   RO         7337    .text               mf_w.l(dflti.o)
    0x080007b6   0x080007b6   0x0000001a   Code   RO         7339    .text               mf_w.l(dfltui.o)
    0x080007d0   0x080007d0   0x00000032   Code   RO         7341    .text               mf_w.l(ffixi.o)
    0x08000802   0x08000802   0x00000028   Code   RO         7343    .text               mf_w.l(ffixui.o)
    0x0800082a   0x0800082a   0x0000003e   Code   RO         7345    .text               mf_w.l(dfixi.o)
    0x08000868   0x08000868   0x00000032   Code   RO         7347    .text               mf_w.l(dfixui.o)
    0x0800089a   0x0800089a   0x00000026   Code   RO         7349    .text               mf_w.l(f2d.o)
    0x080008c0   0x080008c0   0x00000030   Code   RO         7351    .text               mf_w.l(cdcmple.o)
    0x080008f0   0x080008f0   0x00000030   Code   RO         7353    .text               mf_w.l(cdrcmple.o)
    0x08000920   0x08000920   0x00000038   Code   RO         7355    .text               mf_w.l(d2f.o)
    0x08000958   0x08000958   0x00000014   Code   RO         7357    .text               mf_w.l(cfcmple.o)
    0x0800096c   0x0800096c   0x00000014   Code   RO         7359    .text               mf_w.l(cfrcmple.o)
    0x08000980   0x08000980   0x0000002c   Code   RO         7418    .text               mc_w.l(uidiv.o)
    0x080009ac   0x080009ac   0x00000062   Code   RO         7420    .text               mc_w.l(uldiv.o)
    0x08000a0e   0x08000a0e   0x0000001e   Code   RO         7422    .text               mc_w.l(llshl.o)
    0x08000a2c   0x08000a2c   0x00000020   Code   RO         7424    .text               mc_w.l(llushr.o)
    0x08000a4c   0x08000a4c   0x00000024   Code   RO         7426    .text               mc_w.l(llsshr.o)
    0x08000a70   0x08000a70   0x00000000   Code   RO         7435    .text               mc_w.l(iusefp.o)
    0x08000a70   0x08000a70   0x0000006e   Code   RO         7436    .text               mf_w.l(fepilogue.o)
    0x08000ade   0x08000ade   0x000000ba   Code   RO         7438    .text               mf_w.l(depilogue.o)
    0x08000b98   0x08000b98   0x000000a2   Code   RO         7440    .text               mf_w.l(dsqrt.o)
    0x08000c3a   0x08000c3a   0x00000030   Code   RO         7442    .text               mf_w.l(dfixul.o)
    0x08000c6a   0x08000c6a   0x00000002   PAD
    0x08000c6c   0x08000c6c   0x00000024   Code   RO         7444    .text               mc_w.l(init.o)
    0x08000c90   0x08000c90   0x00000056   Code   RO         7454    .text               mc_w.l(__dczerorl2.o)
    0x08000ce6   0x08000ce6   0x00000018   Code   RO         4979    i.ADC_Cmd           stm32f10x_adc.o
    0x08000cfe   0x08000cfe   0x00000002   PAD
    0x08000d00   0x08000d00   0x00000064   Code   RO         4981    i.ADC_DeInit        stm32f10x_adc.o
    0x08000d64   0x08000d64   0x0000000e   Code   RO         4987    i.ADC_GetCalibrationStatus  stm32f10x_adc.o
    0x08000d72   0x08000d72   0x00000006   Code   RO         4988    i.ADC_GetConversionValue  stm32f10x_adc.o
    0x08000d78   0x08000d78   0x0000000e   Code   RO         4990    i.ADC_GetFlagStatus  stm32f10x_adc.o
    0x08000d86   0x08000d86   0x0000000e   Code   RO         4993    i.ADC_GetResetCalibrationStatus  stm32f10x_adc.o
    0x08000d94   0x08000d94   0x00000048   Code   RO         4997    i.ADC_Init          stm32f10x_adc.o
    0x08000ddc   0x08000ddc   0x00000074   Code   RO         5001    i.ADC_RegularChannelConfig  stm32f10x_adc.o
    0x08000e50   0x08000e50   0x0000000a   Code   RO         5002    i.ADC_ResetCalibration  stm32f10x_adc.o
    0x08000e5a   0x08000e5a   0x00000018   Code   RO         5004    i.ADC_SoftwareStartConvCmd  stm32f10x_adc.o
    0x08000e72   0x08000e72   0x0000000a   Code   RO         5006    i.ADC_StartCalibration  stm32f10x_adc.o
    0x08000e7c   0x08000e7c   0x0000076c   Code   RO         1963    i.AStarCollision    bsp_cleanstrategyb.o
    0x080015e8   0x080015e8   0x0000120c   Code   RO         1964    i.AStarMotionReturnOrigin  bsp_cleanstrategyb.o
    0x080027f4   0x080027f4   0x00000220   Code   RO         1965    i.AStarNotMotionReturnOrigin  bsp_cleanstrategyb.o
    0x08002a14   0x08002a14   0x00000340   Code   RO         1966    i.AStarReturnOrigin  bsp_cleanstrategyb.o
    0x08002d54   0x08002d54   0x00000014   Code   RO            3    i.AppObjCreate      main.o
    0x08002d68   0x08002d68   0x000000ec   Code   RO            4    i.AppTaskCreate     main.o
    0x08002e54   0x08002e54   0x00000080   Code   RO         2421    i.AuthenticationTest  bsp_passwd.o
    0x08002ed4   0x08002ed4   0x00000078   Code   RO         2946    i.BusFault_Handler  stm32f10x_it.o
    0x08002f4c   0x08002f4c   0x0000011c   Code   RO         6901    i.CMD_GetChipInfo   libdx8_stm32f1.lib(dx8_api.o)
    0x08003068   0x08003068   0x0000002c   Code   RO         3382    i.CRC16_Modbus      bsp_user_lib.o
    0x08003094   0x08003094   0x0000004c   Code   RO         6902    i.CalHMAC           libdx8_stm32f1.lib(dx8_api.o)
    0x080030e0   0x080030e0   0x00000048   Code   RO         6903    i.CalStreamKey      libdx8_stm32f1.lib(dx8_api.o)
    0x08003128   0x08003128   0x00001b00   Code   RO         1967    i.CloseEdgedMap     bsp_cleanstrategyb.o
    0x08004c28   0x08004c28   0x0000085c   Code   RO         1968    i.CollisionFrontLeftRunStep  bsp_cleanstrategyb.o
    0x08005484   0x08005484   0x00000880   Code   RO         1969    i.CollisionFrontRightRunStep  bsp_cleanstrategyb.o
    0x08005d04   0x08005d04   0x000010a4   Code   RO         1970    i.CollisionLeftLeftRunStep  bsp_cleanstrategyb.o
    0x08006da8   0x08006da8   0x00000f84   Code   RO         1971    i.CollisionLeftRightRunStep  bsp_cleanstrategyb.o
    0x08007d2c   0x08007d2c   0x0000119c   Code   RO         1972    i.CollisionRightLeftRunStep  bsp_cleanstrategyb.o
    0x08008ec8   0x08008ec8   0x00000f34   Code   RO         1973    i.CollisionRightRightRunStep  bsp_cleanstrategyb.o
    0x08009dfc   0x08009dfc   0x0000003c   Code   RO         2768    i.ComToUart         bsp_uart_fifo.o
    0x08009e38   0x08009e38   0x00000068   Code   RO         2769    i.ConfigUartNVIC    bsp_uart_fifo.o
    0x08009ea0   0x08009ea0   0x000000f0   Code   RO         6974    i.Crypto_Data       libdx8_stm32f1.lib(streamec.o)
    0x08009f90   0x08009f90   0x0000001c   Code   RO         5315    i.DBGMCU_Config     stm32f10x_dbgmcu.o
    0x08009fac   0x08009fac   0x00000040   Code   RO         6904    i.DX8_CompareCheckSum  libdx8_stm32f1.lib(dx8_api.o)
    0x08009fec   0x08009fec   0x00000058   Code   RO         6905    i.DX8_GetRandom     libdx8_stm32f1.lib(dx8_api.o)
    0x0800a044   0x0800a044   0x0000008c   Code   RO         6906    i.DX8_GetResponse   libdx8_stm32f1.lib(dx8_api.o)
    0x0800a0d0   0x0800a0d0   0x000000a4   Code   RO         6907    i.DX8_HostAuth      libdx8_stm32f1.lib(dx8_api.o)
    0x0800a174   0x0800a174   0x000000e4   Code   RO         6910    i.DX8_Reset         libdx8_stm32f1.lib(dx8_api.o)
    0x0800a258   0x0800a258   0x00000044   Code   RO         6912    i.DX8_Sleep         libdx8_stm32f1.lib(dx8_api.o)
    0x0800a29c   0x0800a29c   0x00000128   Code   RO         6913    i.DX8_VerifyPassword  libdx8_stm32f1.lib(dx8_api.o)
    0x0800a3c4   0x0800a3c4   0x00000040   Code   RO         6914    i.DX8_VerifyPin     libdx8_stm32f1.lib(dx8_api.o)
    0x0800a404   0x0800a404   0x00000008   Code   RO         6916    i.DX8_Version       libdx8_stm32f1.lib(dx8_api.o)
    0x0800a40c   0x0800a40c   0x00000078   Code   RO         2947    i.DebugMon_Handler  stm32f10x_it.o
    0x0800a484   0x0800a484   0x00000404   Code   RO         1974    i.DetectionCloseEdge  bsp_cleanstrategyb.o
    0x0800a888   0x0800a888   0x0000002c   Code   RO         1082    i.EXTI15_10_IRQHandler  bsp_encoder.o
    0x0800a8b4   0x0800a8b4   0x00000028   Code   RO         1083    i.EXTI3_IRQHandler  bsp_encoder.o
    0x0800a8dc   0x0800a8dc   0x00000018   Code   RO         1811    i.EXTI9_5_IRQHandler  bsp_stopmode.o
    0x0800a8f4   0x0800a8f4   0x0000000c   Code   RO         5254    i.EXTI_ClearITPendingBit  stm32f10x_exti.o
    0x0800a900   0x0800a900   0x00000020   Code   RO         5258    i.EXTI_GetITStatus  stm32f10x_exti.o
    0x0800a920   0x0800a920   0x00000074   Code   RO         5259    i.EXTI_Init         stm32f10x_exti.o
    0x0800a994   0x0800a994   0x00000094   Code   RO         1865    i.Edge_length       bsp_gridmap.o
    0x0800aa28   0x0800aa28   0x0000003c   Code   RO         4240    i.FLASH_ErasePage   stm32f10x_flash.o
    0x0800aa64   0x0800aa64   0x00000028   Code   RO         4241    i.FLASH_GetBank1Status  stm32f10x_flash.o
    0x0800aa8c   0x0800aa8c   0x00000010   Code   RO         4250    i.FLASH_Lock        stm32f10x_flash.o
    0x0800aa9c   0x0800aa9c   0x00000034   Code   RO         4253    i.FLASH_ProgramHalfWord  stm32f10x_flash.o
    0x0800aad0   0x0800aad0   0x00000018   Code   RO         4258    i.FLASH_Unlock      stm32f10x_flash.o
    0x0800aae8   0x0800aae8   0x00000020   Code   RO         4262    i.FLASH_WaitForLastOperation  stm32f10x_flash.o
    0x0800ab08   0x0800ab08   0x00001358   Code   RO         1975    i.ForceReturnOrigin  bsp_cleanstrategyb.o
    0x0800be60   0x0800be60   0x00000442   Code   RO         1976    i.ForwardBoundaryLeftRunStep  bsp_cleanstrategyb.o
    0x0800c2a2   0x0800c2a2   0x00000002   PAD
    0x0800c2a4   0x0800c2a4   0x00000442   Code   RO         1977    i.ForwardBoundaryRightRunStep  bsp_cleanstrategyb.o
    0x0800c6e6   0x0800c6e6   0x00000002   PAD
    0x0800c6e8   0x0800c6e8   0x00000028   Code   RO         3720    i.GPIO_EXTILineConfig  stm32f10x_gpio.o
    0x0800c710   0x0800c710   0x000000a6   Code   RO         3723    i.GPIO_Init         stm32f10x_gpio.o
    0x0800c7b6   0x0800c7b6   0x00000002   PAD
    0x0800c7b8   0x0800c7b8   0x0000005c   Code   RO         3725    i.GPIO_PinRemapConfig  stm32f10x_gpio.o
    0x0800c814   0x0800c814   0x0000000e   Code   RO         3727    i.GPIO_ReadInputDataBit  stm32f10x_gpio.o
    0x0800c822   0x0800c822   0x00000004   Code   RO         3730    i.GPIO_ResetBits    stm32f10x_gpio.o
    0x0800c826   0x0800c826   0x00000004   Code   RO         3731    i.GPIO_SetBits      stm32f10x_gpio.o
    0x0800c82a   0x0800c82a   0x0000000c   Code   RO         3734    i.GPIO_WriteBit     stm32f10x_gpio.o
    0x0800c836   0x0800c836   0x00000002   PAD
    0x0800c838   0x0800c838   0x0000000c   Code   RO         1002    i.GetCmdStartUpload  bsp_communication.o
    0x0800c844   0x0800c844   0x0000000c   Code   RO         1978    i.GetReturnChargeStationStatus  bsp_cleanstrategyb.o
    0x0800c850   0x0800c850   0x0000002c   Code   RO         2422    i.GetSoftRandom     bsp_passwd.o
    0x0800c87c   0x0800c87c   0x00000078   Code   RO         2948    i.HardFault_Handler  stm32f10x_it.o
    0x0800c8f4   0x0800c8f4   0x00000248   Code   RO         2770    i.InitHardUart      bsp_uart_fifo.o
    0x0800cb3c   0x0800cb3c   0x00000054   Code   RO         6921    i.InitStreamKey     libdx8_stm32f1.lib(dx8_api.o)
    0x0800cb90   0x0800cb90   0x0000000c   Code   RO         1812    i.IsInitFromSleep   bsp_stopmode.o
    0x0800cb9c   0x0800cb9c   0x00000020   Code   RO         3073    i.IsKeyDown1        bsp_key.o
    0x0800cbbc   0x0800cbbc   0x00000020   Code   RO         3074    i.IsKeyDown10       bsp_key.o
    0x0800cbdc   0x0800cbdc   0x00000020   Code   RO         3075    i.IsKeyDown2        bsp_key.o
    0x0800cbfc   0x0800cbfc   0x00000020   Code   RO         3076    i.IsKeyDown3        bsp_key.o
    0x0800cc1c   0x0800cc1c   0x0000000c   Code   RO         3077    i.IsKeyDown4        bsp_key.o
    0x0800cc28   0x0800cc28   0x0000000c   Code   RO         3078    i.IsKeyDown5        bsp_key.o
    0x0800cc34   0x0800cc34   0x00000014   Code   RO         3079    i.IsKeyDown6        bsp_key.o
    0x0800cc48   0x0800cc48   0x00000014   Code   RO         3080    i.IsKeyDown7        bsp_key.o
    0x0800cc5c   0x0800cc5c   0x00000014   Code   RO         3081    i.IsKeyDown8        bsp_key.o
    0x0800cc70   0x0800cc70   0x00000020   Code   RO         3082    i.IsKeyDown9        bsp_key.o
    0x0800cc90   0x0800cc90   0x0000165a   Code   RO         1979    i.LeftEdgeDilemma   bsp_cleanstrategyb.o
    0x0800e2ea   0x0800e2ea   0x00000002   PAD
    0x0800e2ec   0x0800e2ec   0x00000db8   Code   RO         1980    i.LeftReadyLeakingSweep  bsp_cleanstrategyb.o
    0x0800f0a4   0x0800f0a4   0x00000c6c   Code   RO         1981    i.LeftReverseWalkEdge  bsp_cleanstrategyb.o
    0x0800fd10   0x0800fd10   0x00000dd2   Code   RO         1982    i.LeftRunningWorkStep  bsp_cleanstrategyb.o
    0x08010ae2   0x08010ae2   0x00000002   PAD
    0x08010ae4   0x08010ae4   0x00000edc   Code   RO         1983    i.LeftWalkEdge      bsp_cleanstrategyb.o
    0x080119c0   0x080119c0   0x00000038   Code   RO         1984    i.LessMap           bsp_cleanstrategyb.o
    0x080119f8   0x080119f8   0x000000b4   Code   RO         6922    i.Lib_HostAuth      libdx8_stm32f1.lib(dx8_api.o)
    0x08011aac   0x08011aac   0x0000003c   Code   RO         6923    i.Lib_crc16         libdx8_stm32f1.lib(dx8_api.o)
    0x08011ae8   0x08011ae8   0x0000001e   Code   RO         6924    i.Lib_memcmp        libdx8_stm32f1.lib(dx8_api.o)
    0x08011b06   0x08011b06   0x00000002   PAD
    0x08011b08   0x08011b08   0x00000014   Code   RO         6925    i.Lib_memcpy        libdx8_stm32f1.lib(dx8_api.o)
    0x08011b1c   0x08011b1c   0x00000010   Code   RO         6926    i.Lib_memset        libdx8_stm32f1.lib(dx8_api.o)
    0x08011b2c   0x08011b2c   0x0000001a   Code   RO         6927    i.Lib_xor           libdx8_stm32f1.lib(dx8_api.o)
    0x08011b46   0x08011b46   0x00000002   PAD
    0x08011b48   0x08011b48   0x00000030   Code   RO         6975    i.LoadKey           libdx8_stm32f1.lib(streamec.o)
    0x08011b78   0x08011b78   0x00000054   Code   RO         6928    i.MAC_Password      libdx8_stm32f1.lib(dx8_api.o)
    0x08011bcc   0x08011bcc   0x00000078   Code   RO         2949    i.MemManage_Handler  stm32f10x_it.o
    0x08011c44   0x08011c44   0x00000140   Code   RO         1985    i.MoreMap           bsp_cleanstrategyb.o
    0x08011d84   0x08011d84   0x00000002   Code   RO         2950    i.NMI_Handler       stm32f10x_it.o
    0x08011d86   0x08011d86   0x00000002   PAD
    0x08011d88   0x08011d88   0x00000064   Code   RO         3673    i.NVIC_Init         misc.o
    0x08011dec   0x08011dec   0x00000014   Code   RO         3674    i.NVIC_PriorityGroupConfig  misc.o
    0x08011e00   0x08011e00   0x00000034   Code   RO         5351    i.PWR_EnterSTOPMode  stm32f10x_pwr.o
    0x08011e34   0x08011e34   0x00000064   Code   RO         6929    i.PollingStatus     libdx8_stm32f1.lib(dx8_api.o)
    0x08011e98   0x08011e98   0x00000028   Code   RO         5724    i.Queue_Read_Byte   system.o
    0x08011ec0   0x08011ec0   0x00000014   Code   RO         3839    i.RCC_ADCCLKConfig  stm32f10x_rcc.o
    0x08011ed4   0x08011ed4   0x0000001c   Code   RO         3841    i.RCC_APB1PeriphClockCmd  stm32f10x_rcc.o
    0x08011ef0   0x08011ef0   0x0000001c   Code   RO         3842    i.RCC_APB1PeriphResetCmd  stm32f10x_rcc.o
    0x08011f0c   0x08011f0c   0x0000001c   Code   RO         3843    i.RCC_APB2PeriphClockCmd  stm32f10x_rcc.o
    0x08011f28   0x08011f28   0x0000001c   Code   RO         3844    i.RCC_APB2PeriphResetCmd  stm32f10x_rcc.o
    0x08011f44   0x08011f44   0x000000ac   Code   RO         3851    i.RCC_GetClocksFreq  stm32f10x_rcc.o
    0x08011ff0   0x08011ff0   0x0000000c   Code   RO         1986    i.ResetReturnChargeStationStatus  bsp_cleanstrategyb.o
    0x08011ffc   0x08011ffc   0x00000054   Code   RO         1987    i.ReturnExtreme_point_init  bsp_cleanstrategyb.o
    0x08012050   0x08012050   0x00001640   Code   RO         1988    i.RightEdgeDilemma  bsp_cleanstrategyb.o
    0x08013690   0x08013690   0x00000078   Code   RO         1989    i.RightMapExtreme   bsp_cleanstrategyb.o
    0x08013708   0x08013708   0x00000db0   Code   RO         1990    i.RightReadyLeakingSweep  bsp_cleanstrategyb.o
    0x080144b8   0x080144b8   0x00000c98   Code   RO         1991    i.RightReverseWalkEdge  bsp_cleanstrategyb.o
    0x08015150   0x08015150   0x00000dfc   Code   RO         1992    i.RightRunningWorkStep  bsp_cleanstrategyb.o
    0x08015f4c   0x08015f4c   0x00000cf0   Code   RO         1993    i.RightWalkEdge     bsp_cleanstrategyb.o
    0x08016c3c   0x08016c3c   0x0000008c   Code   RO         6962    i.SHA1PadMessage    libdx8_stm32f1.lib(sha1.o)
    0x08016cc8   0x08016cc8   0x0000015c   Code   RO         6963    i.SHA1ProcessMessageBlock  libdx8_stm32f1.lib(sha1.o)
    0x08016e24   0x08016e24   0x0000000c   Code   RO         1813    i.SetIsInitFromSleep  bsp_stopmode.o
    0x08016e30   0x08016e30   0x00000004   Code   RO         5823    i.SetSysClock       system_stm32f10x.o
    0x08016e34   0x08016e34   0x000000b0   Code   RO         5824    i.SetSysClockTo72   system_stm32f10x.o
    0x08016ee4   0x08016ee4   0x00000044   Code   RO         6964    i.Sha1final         libdx8_stm32f1.lib(sha1.o)
    0x08016f28   0x08016f28   0x0000003c   Code   RO         6965    i.Sha1init          libdx8_stm32f1.lib(sha1.o)
    0x08016f64   0x08016f64   0x00000044   Code   RO         6966    i.Sha1update        libdx8_stm32f1.lib(sha1.o)
    0x08016fa8   0x08016fa8   0x00000030   Code   RO         1994    i.StartUpdateGridMap  bsp_cleanstrategyb.o
    0x08016fd8   0x08016fd8   0x00000022   Code   RO         6976    i.Stream_Dec        libdx8_stm32f1.lib(streamec.o)
    0x08016ffa   0x08016ffa   0x00000002   PAD
    0x08016ffc   0x08016ffc   0x00000678   Code   RO         1995    i.StuckLeftRunStep  bsp_cleanstrategyb.o
    0x08017674   0x08017674   0x0000063c   Code   RO         1996    i.StuckRightRunStep  bsp_cleanstrategyb.o
    0x08017cb0   0x08017cb0   0x00000218   Code   RO         1997    i.StuckRunStep      bsp_cleanstrategyb.o
    0x08017ec8   0x08017ec8   0x00000024   Code   RO         6469    i.SysTick_Handler   port.o
    0x08017eec   0x08017eec   0x00000050   Code   RO         5826    i.SystemInit        system_stm32f10x.o
    0x08017f3c   0x08017f3c   0x00000074   Code   RO         4417    i.TI1_Config        stm32f10x_tim.o
    0x08017fb0   0x08017fb0   0x0000007c   Code   RO         4418    i.TI2_Config        stm32f10x_tim.o
    0x0801802c   0x0801802c   0x00000078   Code   RO         4419    i.TI3_Config        stm32f10x_tim.o
    0x080180a4   0x080180a4   0x0000007c   Code   RO         4420    i.TI4_Config        stm32f10x_tim.o
    0x08018120   0x08018120   0x0000009c   Code   RO         3497    i.TIM3_IRQHandler   bsp_ir_decode.o
    0x080181bc   0x080181bc   0x00000098   Code   RO         3271    i.TIM5_IRQHandler   bsp_timer.o
    0x08018254   0x08018254   0x00000040   Code   RO          438    i.TIM6_IRQHandler   sysinfotest.o
    0x08018294   0x08018294   0x00000018   Code   RO         4421    i.TIM_ARRPreloadConfig  stm32f10x_tim.o
    0x080182ac   0x080182ac   0x00000006   Code   RO         4428    i.TIM_ClearITPendingBit  stm32f10x_tim.o
    0x080182b2   0x080182b2   0x00000018   Code   RO         4433    i.TIM_Cmd           stm32f10x_tim.o
    0x080182ca   0x080182ca   0x0000001c   Code   RO         4435    i.TIM_CtrlPWMOutputs  stm32f10x_tim.o
    0x080182e6   0x080182e6   0x00000004   Code   RO         4448    i.TIM_GetCapture1   stm32f10x_tim.o
    0x080182ea   0x080182ea   0x00000004   Code   RO         4449    i.TIM_GetCapture2   stm32f10x_tim.o
    0x080182ee   0x080182ee   0x00000004   Code   RO         4450    i.TIM_GetCapture3   stm32f10x_tim.o
    0x080182f2   0x080182f2   0x00000006   Code   RO         4451    i.TIM_GetCapture4   stm32f10x_tim.o
    0x080182f8   0x080182f8   0x00000004   Code   RO         4452    i.TIM_GetCounter    stm32f10x_tim.o
    0x080182fc   0x080182fc   0x00000018   Code   RO         4454    i.TIM_GetITStatus   stm32f10x_tim.o
    0x08018314   0x08018314   0x0000008c   Code   RO         4456    i.TIM_ICInit        stm32f10x_tim.o
    0x080183a0   0x080183a0   0x00000014   Code   RO         4458    i.TIM_ITConfig      stm32f10x_tim.o
    0x080183b4   0x080183b4   0x00000088   Code   RO         4462    i.TIM_OC1Init       stm32f10x_tim.o
    0x0801843c   0x0801843c   0x0000000c   Code   RO         4465    i.TIM_OC1PreloadConfig  stm32f10x_tim.o
    0x08018448   0x08018448   0x00000088   Code   RO         4467    i.TIM_OC2Init       stm32f10x_tim.o
    0x080184d0   0x080184d0   0x00000014   Code   RO         4470    i.TIM_OC2PreloadConfig  stm32f10x_tim.o
    0x080184e4   0x080184e4   0x00000084   Code   RO         4472    i.TIM_OC3Init       stm32f10x_tim.o
    0x08018568   0x08018568   0x0000000c   Code   RO         4475    i.TIM_OC3PreloadConfig  stm32f10x_tim.o
    0x08018574   0x08018574   0x00000068   Code   RO         4477    i.TIM_OC4Init       stm32f10x_tim.o
    0x080185dc   0x080185dc   0x00000014   Code   RO         4479    i.TIM_OC4PreloadConfig  stm32f10x_tim.o
    0x080185f0   0x080185f0   0x00000004   Code   RO         4494    i.TIM_SetCompare1   stm32f10x_tim.o
    0x080185f4   0x080185f4   0x00000004   Code   RO         4495    i.TIM_SetCompare2   stm32f10x_tim.o
    0x080185f8   0x080185f8   0x00000004   Code   RO         4496    i.TIM_SetCompare3   stm32f10x_tim.o
    0x080185fc   0x080185fc   0x00000006   Code   RO         4497    i.TIM_SetCompare4   stm32f10x_tim.o
    0x08018602   0x08018602   0x00000010   Code   RO         4499    i.TIM_SetIC1Prescaler  stm32f10x_tim.o
    0x08018612   0x08018612   0x00000018   Code   RO         4500    i.TIM_SetIC2Prescaler  stm32f10x_tim.o
    0x0801862a   0x0801862a   0x00000010   Code   RO         4501    i.TIM_SetIC3Prescaler  stm32f10x_tim.o
    0x0801863a   0x0801863a   0x00000018   Code   RO         4502    i.TIM_SetIC4Prescaler  stm32f10x_tim.o
    0x08018652   0x08018652   0x00000002   PAD
    0x08018654   0x08018654   0x0000009c   Code   RO         4504    i.TIM_TimeBaseInit  stm32f10x_tim.o
    0x080186f0   0x080186f0   0x00000032   Code   RO         3580    i.TWI_NOP           dxi2c_gpio_stm32f1.o
    0x08018722   0x08018722   0x00000038   Code   RO         3581    i.TWI_ReceiveByte   dxi2c_gpio_stm32f1.o
    0x0801875a   0x0801875a   0x00000002   PAD
    0x0801875c   0x0801875c   0x00000010   Code   RO         3582    i.TWI_SCL_0         dxi2c_gpio_stm32f1.o
    0x0801876c   0x0801876c   0x00000010   Code   RO         3583    i.TWI_SCL_1         dxi2c_gpio_stm32f1.o
    0x0801877c   0x0801877c   0x00000010   Code   RO         3584    i.TWI_SDA_0         dxi2c_gpio_stm32f1.o
    0x0801878c   0x0801878c   0x00000010   Code   RO         3585    i.TWI_SDA_1         dxi2c_gpio_stm32f1.o
    0x0801879c   0x0801879c   0x0000000c   Code   RO         3586    i.TWI_SDA_STATE     dxi2c_gpio_stm32f1.o
    0x080187a8   0x080187a8   0x0000003a   Code   RO         3587    i.TWI_START         dxi2c_gpio_stm32f1.o
    0x080187e2   0x080187e2   0x0000001e   Code   RO         3588    i.TWI_STOP          dxi2c_gpio_stm32f1.o
    0x08018800   0x08018800   0x00000022   Code   RO         3589    i.TWI_SendACK       dxi2c_gpio_stm32f1.o
    0x08018822   0x08018822   0x0000006e   Code   RO         3590    i.TWI_SendByte      dxi2c_gpio_stm32f1.o
    0x08018890   0x08018890   0x0000001e   Code   RO         3591    i.TWI_SendNACK      dxi2c_gpio_stm32f1.o
    0x080188ae   0x080188ae   0x00000002   PAD
    0x080188b0   0x080188b0   0x0000000c   Code   RO         2777    i.UART4_IRQHandler  bsp_uart_fifo.o
    0x080188bc   0x080188bc   0x0000000c   Code   RO         2778    i.UART5_IRQHandler  bsp_uart_fifo.o
    0x080188c8   0x080188c8   0x0000000c   Code   RO         2779    i.USART2_IRQHandler  bsp_uart_fifo.o
    0x080188d4   0x080188d4   0x0000000c   Code   RO         2780    i.USART3_IRQHandler  bsp_uart_fifo.o
    0x080188e0   0x080188e0   0x00000008   Code   RO         4047    i.USART_ClearFlag   stm32f10x_usart.o
    0x080188e8   0x080188e8   0x00000018   Code   RO         4051    i.USART_Cmd         stm32f10x_usart.o
    0x08018900   0x08018900   0x000000a4   Code   RO         4053    i.USART_DeInit      stm32f10x_usart.o
    0x080189a4   0x080189a4   0x0000000e   Code   RO         4054    i.USART_GetFlagStatus  stm32f10x_usart.o
    0x080189b2   0x080189b2   0x00000040   Code   RO         4055    i.USART_GetITStatus  stm32f10x_usart.o
    0x080189f2   0x080189f2   0x00000036   Code   RO         4057    i.USART_ITConfig    stm32f10x_usart.o
    0x08018a28   0x08018a28   0x000000bc   Code   RO         4058    i.USART_Init        stm32f10x_usart.o
    0x08018ae4   0x08018ae4   0x00000008   Code   RO         4065    i.USART_ReceiveData  stm32f10x_usart.o
    0x08018aec   0x08018aec   0x00000008   Code   RO         4068    i.USART_SendData    stm32f10x_usart.o
    0x08018af4   0x08018af4   0x00000046   Code   RO         2781    i.UartGetChar       bsp_uart_fifo.o
    0x08018b3a   0x08018b3a   0x000000e2   Code   RO         2782    i.UartIRQ           bsp_uart_fifo.o
    0x08018c1c   0x08018c1c   0x00000062   Code   RO         2783    i.UartSend          bsp_uart_fifo.o
    0x08018c7e   0x08018c7e   0x00000002   PAD
    0x08018c80   0x08018c80   0x000000d0   Code   RO         2784    i.UartVarInit       bsp_uart_fifo.o
    0x08018d50   0x08018d50   0x00000074   Code   RO         6978    i.UpDataKey         libdx8_stm32f1.lib(streamec.o)
    0x08018dc4   0x08018dc4   0x00000078   Code   RO         2951    i.UsageFault_Handler  stm32f10x_it.o
    0x08018e3c   0x08018e3c   0x00000020   Code   RO         7289    i.__0printf         mc_w.l(printfa.o)
    0x08018e5c   0x08018e5c   0x00000028   Code   RO         7388    i.__ARM_fpclassify  m_ws.l(fpclassify.o)
    0x08018e84   0x08018e84   0x00000388   Code   RO         7393    i.__ieee754_rem_pio2  m_ws.l(rred.o)
    0x0801920c   0x0801920c   0x000000fc   Code   RO         7371    i.__kernel_cos      m_ws.l(cos_i.o)
    0x08019308   0x08019308   0x000000aa   Code   RO         7390    i.__kernel_poly     m_ws.l(poly.o)
    0x080193b2   0x080193b2   0x00000002   PAD
    0x080193b4   0x080193b4   0x000000ec   Code   RO         7398    i.__kernel_sin      m_ws.l(sin_i.o)
    0x080194a0   0x080194a0   0x00000010   Code   RO         7374    i.__mathlib_dbl_divzero  m_ws.l(dunder.o)
    0x080194b0   0x080194b0   0x00000006   Code   RO         7375    i.__mathlib_dbl_infnan  m_ws.l(dunder.o)
    0x080194b6   0x080194b6   0x00000004   Code   RO         7376    i.__mathlib_dbl_infnan2  m_ws.l(dunder.o)
    0x080194ba   0x080194ba   0x0000000c   Code   RO         7377    i.__mathlib_dbl_invalid  m_ws.l(dunder.o)
    0x080194c6   0x080194c6   0x0000000e   Code   RO         7378    i.__mathlib_dbl_overflow  m_ws.l(dunder.o)
    0x080194d4   0x080194d4   0x00000010   Code   RO         7380    i.__mathlib_dbl_underflow  m_ws.l(dunder.o)
    0x080194e4   0x080194e4   0x0000000e   Code   RO         7448    i.__scatterload_copy  mc_w.l(handlers.o)
    0x080194f2   0x080194f2   0x00000002   Code   RO         7449    i.__scatterload_null  mc_w.l(handlers.o)
    0x080194f4   0x080194f4   0x0000000e   Code   RO         7450    i.__scatterload_zeroinit  mc_w.l(handlers.o)
    0x08019502   0x08019502   0x00000002   PAD
    0x08019504   0x08019504   0x0000000c   Code   RO         7430    i.__set_errno       mc_w.l(errno.o)
    0x08019510   0x08019510   0x00000184   Code   RO         7296    i._fp_digits        mc_w.l(printfa.o)
    0x08019694   0x08019694   0x000006dc   Code   RO         7297    i._printf_core      mc_w.l(printfa.o)
    0x08019d70   0x08019d70   0x00000024   Code   RO         7298    i._printf_post_padding  mc_w.l(printfa.o)
    0x08019d94   0x08019d94   0x0000002e   Code   RO         7299    i._printf_pre_padding  mc_w.l(printfa.o)
    0x08019dc2   0x08019dc2   0x00000002   PAD
    0x08019dc4   0x08019dc4   0x00000018   Code   RO         5616    i.all_data_update   protocol.o
    0x08019ddc   0x08019ddc   0x00000110   Code   RO         1998    i.astar             bsp_cleanstrategyb.o
    0x08019eec   0x08019eec   0x00000220   Code   RO         7362    i.atan              m_ws.l(atan.o)
    0x0801a10c   0x0801a10c   0x00000180   Code   RO         6990    i.atan2             m_ws.l(atan2.o)
    0x0801a28c   0x0801a28c   0x00000054   Code   RO          687    i.aw_WriteBytes     bsp_aw9523b.o
    0x0801a2e0   0x0801a2e0   0x00000088   Code   RO          757    i.bsp_ADCConfig     bsp_detectact.o
    0x0801a368   0x0801a368   0x0000004c   Code   RO          690    i.bsp_AWSetPinVal   bsp_aw9523b.o
    0x0801a3b4   0x0801a3b4   0x00000064   Code   RO          559    i.bsp_AngleAdd      bsp_angle.o
    0x0801a418   0x0801a418   0x000000a8   Code   RO          560    i.bsp_AngleAnalyzeApp  bsp_angle.o
    0x0801a4c0   0x0801a4c0   0x000000b0   Code   RO          561    i.bsp_AngleCheck    bsp_angle.o
    0x0801a570   0x0801a570   0x00000018   Code   RO          562    i.bsp_AngleChkXorCalc  bsp_angle.o
    0x0801a588   0x0801a588   0x0000002c   Code   RO          563    i.bsp_AnglePoll     bsp_angle.o
    0x0801a5b4   0x0801a5b4   0x00000006   Code   RO          564    i.bsp_AngleRead     bsp_angle.o
    0x0801a5ba   0x0801a5ba   0x00000002   PAD
    0x0801a5bc   0x0801a5bc   0x0000001c   Code   RO          565    i.bsp_AngleReadRaw  bsp_angle.o
    0x0801a5d8   0x0801a5d8   0x00000030   Code   RO          566    i.bsp_AngleRevByte  bsp_angle.o
    0x0801a608   0x0801a608   0x00000034   Code   RO          567    i.bsp_AngleRst      bsp_angle.o
    0x0801a63c   0x0801a63c   0x00000010   Code   RO          568    i.bsp_AngleTimeout  bsp_angle.o
    0x0801a64c   0x0801a64c   0x0000002c   Code   RO         1771    i.bsp_AssistIsFaceObstacles  bsp_assistjudgedirection.o
    0x0801a678   0x0801a678   0x0000004c   Code   RO         2381    i.bsp_ChangeWifi2SmartConfigStateProc  bsp_wifi_app.o
    0x0801a6c4   0x0801a6c4   0x00000016   Code   RO          691    i.bsp_CheckOk       bsp_aw9523b.o
    0x0801a6da   0x0801a6da   0x00000002   PAD
    0x0801a6dc   0x0801a6dc   0x00000010   Code   RO          569    i.bsp_CleanZeroYaw  bsp_angle.o
    0x0801a6ec   0x0801a6ec   0x0000000c   Code   RO         3083    i.bsp_ClearKey      bsp_key.o
    0x0801a6f8   0x0801a6f8   0x00000030   Code   RO         1531    i.bsp_CliffIsDangerous  bsp_cliffsw.o
    0x0801a728   0x0801a728   0x0000002a   Code   RO         1701    i.bsp_CloseAllLed   bsp_runcontrol.o
    0x0801a752   0x0801a752   0x0000001a   Code   RO            6    i.bsp_CloseAllStateRun  main.o
    0x0801a76c   0x0801a76c   0x00000070   Code   RO          527    i.bsp_CollisionScan  bsp_collision.o
    0x0801a7dc   0x0801a7dc   0x000000e4   Code   RO         1003    i.bsp_ComAnalysis   bsp_communication.o
    0x0801a8c0   0x0801a8c0   0x00000072   Code   RO         1814    i.bsp_DISABLE_ALL_EXIT  bsp_stopmode.o
    0x0801a932   0x0801a932   0x00000016   Code   RO         2423    i.bsp_DX8_CMD       bsp_passwd.o
    0x0801a948   0x0801a948   0x0000000a   Code   RO         2736    i.bsp_DelayMS       bsp_dwt.o
    0x0801a952   0x0801a952   0x00000002   PAD
    0x0801a954   0x0801a954   0x0000002c   Code   RO         2737    i.bsp_DelayUS       bsp_dwt.o
    0x0801a980   0x0801a980   0x00000154   Code   RO          758    i.bsp_DetectAct     bsp_detectact.o
    0x0801aad4   0x0801aad4   0x00000002   Code   RO          760    i.bsp_DetectDeal    bsp_detectact.o
    0x0801aad6   0x0801aad6   0x00000002   PAD
    0x0801aad8   0x0801aad8   0x00000030   Code   RO         2512    i.bsp_DetectIsTouchChargePile  bsp_searchchargepile.o
    0x0801ab08   0x0801ab08   0x000000b0   Code   RO         3084    i.bsp_DetectKey     bsp_key.o
    0x0801abb8   0x0801abb8   0x00000018   Code   RO          762    i.bsp_DetectStart   bsp_detectact.o
    0x0801abd0   0x0801abd0   0x0000001c   Code   RO         1623    i.bsp_DustBoxGetState  bsp_dustbox.o
    0x0801abec   0x0801abec   0x00000060   Code   RO         1624    i.bsp_DustBoxProc   bsp_dustbox.o
    0x0801ac4c   0x0801ac4c   0x000000cc   Code   RO         1084    i.bsp_EXTI_Config   bsp_encoder.o
    0x0801ad18   0x0801ad18   0x00000368   Code   RO          912    i.bsp_EdgewiseRun   bsp_edgewise.o
    0x0801b080   0x0801b080   0x00000016   Code   RO          913    i.bsp_EdgewiseRunStraightFast  bsp_edgewise.o
    0x0801b096   0x0801b096   0x00000016   Code   RO          914    i.bsp_EdgewiseRunStraightSlow  bsp_edgewise.o
    0x0801b0ac   0x0801b0ac   0x00000016   Code   RO          915    i.bsp_EdgewiseTurnLeftSlow  bsp_edgewise.o
    0x0801b0c2   0x0801b0c2   0x00000016   Code   RO          916    i.bsp_EdgewiseTurnRightSlow  bsp_edgewise.o
    0x0801b0d8   0x0801b0d8   0x00000014   Code   RO         1085    i.bsp_EncoderGetPulseT  bsp_encoder.o
    0x0801b0ec   0x0801b0ec   0x0000000c   Code   RO         1086    i.bsp_EncoderGetTotalMileage  bsp_encoder.o
    0x0801b0f8   0x0801b0f8   0x000000b8   Code   RO         1815    i.bsp_EnterStopMODE  bsp_stopmode.o
    0x0801b1b0   0x0801b1b0   0x000000ec   Code   RO         1004    i.bsp_ExexCmd       bsp_communication.o
    0x0801b29c   0x0801b29c   0x00000028   Code   RO         1400    i.bsp_FlashReadPage  bsp_stflash.o
    0x0801b2c4   0x0801b2c4   0x00000044   Code   RO         1401    i.bsp_FlashWritePage  bsp_stflash.o
    0x0801b308   0x0801b308   0x00000384   Code   RO         2649    i.bsp_FunctionTestUpdate  bsp_functiontest.o
    0x0801b68c   0x0801b68c   0x0000006c   Code   RO          764    i.bsp_GetAdScanValue  bsp_detectact.o
    0x0801b6f8   0x0801b6f8   0x000000a4   Code   RO          765    i.bsp_GetAllIrIsObstacle  bsp_detectact.o
    0x0801b79c   0x0801b79c   0x00000018   Code   RO         1533    i.bsp_GetCliffRealVal  bsp_cliffsw.o
    0x0801b7b4   0x0801b7b4   0x00000044   Code   RO         1867    i.bsp_GetCliffSensorData  bsp_gridmap.o
    0x0801b7f8   0x0801b7f8   0x000000f8   Code   RO         1534    i.bsp_GetCliffStates  bsp_cliffsw.o
    0x0801b8f0   0x0801b8f0   0x00000014   Code   RO         1535    i.bsp_GetCliffSub   bsp_cliffsw.o
    0x0801b904   0x0801b904   0x000000d8   Code   RO         1536    i.bsp_GetCliffVoltage  bsp_cliffsw.o
    0x0801b9dc   0x0801b9dc   0x00000026   Code   RO         1087    i.bsp_GetCurrentBothPulse  bsp_encoder.o
    0x0801ba02   0x0801ba02   0x00000002   PAD
    0x0801ba04   0x0801ba04   0x0000000c   Code   RO         1296    i.bsp_GetCurrentOrientation  bsp_position.o
    0x0801ba10   0x0801ba10   0x00000020   Code   RO         1297    i.bsp_GetCurrentPosX  bsp_position.o
    0x0801ba30   0x0801ba30   0x00000020   Code   RO         1298    i.bsp_GetCurrentPosY  bsp_position.o
    0x0801ba50   0x0801ba50   0x000001cc   Code   RO         1484    i.bsp_GetFeedbackVoltage  bsp_currentfeedback.o
    0x0801bc1c   0x0801bc1c   0x00000010   Code   RO         1868    i.bsp_GetIRSensorData  bsp_gridmap.o
    0x0801bc2c   0x0801bc2c   0x0000000c   Code   RO          766    i.bsp_GetInfraRedAdcVoltage  bsp_detectact.o
    0x0801bc38   0x0801bc38   0x0000000c   Code   RO          767    i.bsp_GetInfraredVoltageLeft  bsp_detectact.o
    0x0801bc44   0x0801bc44   0x0000000c   Code   RO          768    i.bsp_GetInfraredVoltageRight  bsp_detectact.o
    0x0801bc50   0x0801bc50   0x0000000c   Code   RO         3085    i.bsp_GetIsStartKeyProc  bsp_key.o
    0x0801bc5c   0x0801bc5c   0x0000002c   Code   RO         3086    i.bsp_GetKey        bsp_key.o
    0x0801bc88   0x0801bc88   0x0000000c   Code   RO         1702    i.bsp_GetLastKeyState  bsp_runcontrol.o
    0x0801bc94   0x0801bc94   0x0000000c   Code   RO         1703    i.bsp_GetLedAppState  bsp_runcontrol.o
    0x0801bca0   0x0801bca0   0x000000cc   Code   RO         3002    i.bsp_GetRCCofTIM   bsp_tim_pwm.o
    0x0801bd6c   0x0801bd6c   0x0000000c   Code   RO         1354    i.bsp_GetVacuumPowerGrade  bsp_param.o
    0x0801bd78   0x0801bd78   0x00000038   Code   RO         1485    i.bsp_GetVoltageAfterFilter  bsp_currentfeedback.o
    0x0801bdb0   0x0801bdb0   0x000002b8   Code   RO         1486    i.bsp_GetVoltageFilterProc  bsp_currentfeedback.o
    0x0801c068   0x0801c068   0x000000c4   Code   RO         1869    i.bsp_Get_GridMap   bsp_gridmap.o
    0x0801c12c   0x0801c12c   0x00000038   Code   RO         1870    i.bsp_Get_GridMapArea  bsp_gridmap.o
    0x0801c164   0x0801c164   0x0000001a   Code   RO          917    i.bsp_GoBackward    bsp_edgewise.o
    0x0801c17e   0x0801c17e   0x00000002   PAD
    0x0801c180   0x0801c180   0x000002ac   Code   RO         1871    i.bsp_GridMapUpdate  bsp_gridmap.o
    0x0801c42c   0x0801c42c   0x00000034   Code   RO          571    i.bsp_IMU_GetData   bsp_angle.o
    0x0801c460   0x0801c460   0x00000144   Code   RO         3498    i.bsp_IRD_DecodeNec  bsp_ir_decode.o
    0x0801c5a4   0x0801c5a4   0x00000138   Code   RO         3499    i.bsp_IRD_StartWork  bsp_ir_decode.o
    0x0801c6dc   0x0801c6dc   0x0000003c   Code   RO         3500    i.bsp_IRD_StopWork  bsp_ir_decode.o
    0x0801c718   0x0801c718   0x0000011c   Code   RO         3501    i.bsp_IR_GetPulseWidth  bsp_ir_decode.o
    0x0801c834   0x0801c834   0x00000014   Code   RO         3502    i.bsp_IR_GetRev     bsp_ir_decode.o
    0x0801c848   0x0801c848   0x00000024   Code   RO         3504    i.bsp_IR_SoftTimerInit  bsp_ir_decode.o
    0x0801c86c   0x0801c86c   0x00000080   Code   RO         3506    i.bsp_IR_TimeOutProc  bsp_ir_decode.o
    0x0801c8ec   0x0801c8ec   0x000000d8   Code   RO         2703    i.bsp_Init          bsp.o
    0x0801c9c4   0x0801c9c4   0x00000028   Code   RO          692    i.bsp_InitAW9523B   bsp_aw9523b.o
    0x0801c9ec   0x0801c9ec   0x0000002c   Code   RO          572    i.bsp_InitAngle     bsp_angle.o
    0x0801ca18   0x0801ca18   0x0000004c   Code   RO         2513    i.bsp_InitChargeIO  bsp_searchchargepile.o
    0x0801ca64   0x0801ca64   0x0000003c   Code   RO         1537    i.bsp_InitCliffEmit_GPIO  bsp_cliffsw.o
    0x0801caa0   0x0801caa0   0x0000019c   Code   RO         1538    i.bsp_InitCliffSW   bsp_cliffsw.o
    0x0801cc3c   0x0801cc3c   0x00000040   Code   RO          528    i.bsp_InitCollision  bsp_collision.o
    0x0801cc7c   0x0801cc7c   0x00000370   Code   RO         1487    i.bsp_InitCurrentFeedbackADC  bsp_currentfeedback.o
    0x0801cfec   0x0801cfec   0x00000024   Code   RO         2738    i.bsp_InitDWT       bsp_dwt.o
    0x0801d010   0x0801d010   0x0000001c   Code   RO          769    i.bsp_InitDetectAct  bsp_detectact.o
    0x0801d02c   0x0801d02c   0x0000002c   Code   RO         1625    i.bsp_InitDustBox   bsp_dustbox.o
    0x0801d058   0x0801d058   0x00000004   Code   RO         1088    i.bsp_InitEncoder   bsp_encoder.o
    0x0801d05c   0x0801d05c   0x00000004   Code   RO         1089    i.bsp_InitGPIO      bsp_encoder.o
    0x0801d060   0x0801d060   0x00000068   Code   RO         3272    i.bsp_InitHardTimer  bsp_timer.o
    0x0801d0c8   0x0801d0c8   0x00000040   Code   RO         3305    i.bsp_InitI2C       bsp_i2c_gpio.o
    0x0801d108   0x0801d108   0x0000000e   Code   RO         3089    i.bsp_InitKey       bsp_key.o
    0x0801d116   0x0801d116   0x00000002   PAD
    0x0801d118   0x0801d118   0x00000088   Code   RO         3090    i.bsp_InitKeyHard   bsp_key.o
    0x0801d1a0   0x0801d1a0   0x00000068   Code   RO         1816    i.bsp_InitKeyStopMODE  bsp_stopmode.o
    0x0801d208   0x0801d208   0x00000094   Code   RO         3091    i.bsp_InitKeyVar    bsp_key.o
    0x0801d29c   0x0801d29c   0x00000098   Code   RO         3227    i.bsp_InitLed       bsp_led.o
    0x0801d334   0x0801d334   0x00000022   Code   RO         1144    i.bsp_InitMotor     bsp_motor.o
    0x0801d356   0x0801d356   0x00000002   PAD
    0x0801d358   0x0801d358   0x00000040   Code   RO         1211    i.bsp_InitPid       bsp_control.o
    0x0801d398   0x0801d398   0x0000002c   Code   RO          855    i.bsp_InitPinPulse  bsp_pulsemark.o
    0x0801d3c4   0x0801d3c4   0x00000050   Code   RO          693    i.bsp_InitRST       bsp_aw9523b.o
    0x0801d414   0x0801d414   0x00000044   Code   RO          694    i.bsp_InitRegister  bsp_aw9523b.o
    0x0801d458   0x0801d458   0x000000bc   Code   RO          495    i.bsp_InitSW        bsp_powerswitch.o
    0x0801d514   0x0801d514   0x00000050   Code   RO         1669    i.bsp_InitSpeaker   bsp_speaker.o
    0x0801d564   0x0801d564   0x000000fc   Code   RO         1145    i.bsp_InitTimer1    bsp_motor.o
    0x0801d660   0x0801d660   0x0000009c   Code   RO         1146    i.bsp_InitTimer2    bsp_motor.o
    0x0801d6fc   0x0801d6fc   0x000000e8   Code   RO         1147    i.bsp_InitTimer4    bsp_motor.o
    0x0801d7e4   0x0801d7e4   0x00000012   Code   RO         2785    i.bsp_InitUart      bsp_uart_fifo.o
    0x0801d7f6   0x0801d7f6   0x00000002   PAD
    0x0801d7f8   0x0801d7f8   0x00000018   Code   RO         2514    i.bsp_IsChargeDone  bsp_searchchargepile.o
    0x0801d810   0x0801d810   0x0000000c   Code   RO          695    i.bsp_IsInitAW9523B_OK  bsp_aw9523b.o
    0x0801d81c   0x0801d81c   0x00000018   Code   RO         2516    i.bsp_IsTouchChargePile  bsp_searchchargepile.o
    0x0801d834   0x0801d834   0x0000000c   Code   RO         1148    i.bsp_IsVacuumOpen  bsp_motor.o
    0x0801d840   0x0801d840   0x000003e4   Code   RO            7    i.bsp_KeyProc       main.o
    0x0801dc24   0x0801dc24   0x00000014   Code   RO         3093    i.bsp_KeyScan       bsp_key.o
    0x0801dc38   0x0801dc38   0x00000048   Code   RO            8    i.bsp_KeySuspend    main.o
    0x0801dc80   0x0801dc80   0x00000180   Code   RO         1704    i.bsp_LedAppProc    bsp_runcontrol.o
    0x0801de00   0x0801de00   0x00000050   Code   RO         3229    i.bsp_LedOff        bsp_led.o
    0x0801de50   0x0801de50   0x00000050   Code   RO         3230    i.bsp_LedOn         bsp_led.o
    0x0801dea0   0x0801dea0   0x00000060   Code   RO         3231    i.bsp_LedToggle     bsp_led.o
    0x0801df00   0x0801df00   0x00000004   Code   RO         1872    i.bsp_Left_ReturnExtreme_point  bsp_gridmap.o
    0x0801df04   0x0801df04   0x0000002c   Code   RO         1355    i.bsp_LoadParam     bsp_param.o
    0x0801df30   0x0801df30   0x00000040   Code   RO         1212    i.bsp_MotorBrake    bsp_control.o
    0x0801df70   0x0801df70   0x00000068   Code   RO         1149    i.bsp_MotorCleanSetPWM  bsp_motor.o
    0x0801dfd8   0x0801dfd8   0x0000000c   Code   RO         1213    i.bsp_MotorGetPulseVector  bsp_control.o
    0x0801dfe4   0x0801dfe4   0x0000003c   Code   RO         1214    i.bsp_MotorGetSpeed  bsp_control.o
    0x0801e020   0x0801e020   0x00000068   Code   RO         1150    i.bsp_MotorSetPWM   bsp_motor.o
    0x0801e088   0x0801e088   0x00000048   Code   RO         1216    i.bsp_MotorSpeedMM2Pulse  bsp_control.o
    0x0801e0d0   0x0801e0d0   0x0000004c   Code   RO         1438    i.bsp_OffSiteGetState  bsp_offsitesw.o
    0x0801e11c   0x0801e11c   0x0000003c   Code   RO         1439    i.bsp_OffSiteProc   bsp_offsitesw.o
    0x0801e158   0x0801e158   0x0000001e   Code   RO            9    i.bsp_OffsiteSuspend  main.o
    0x0801e176   0x0801e176   0x00000002   PAD
    0x0801e178   0x0801e178   0x00000020   Code   RO         5415    i.bsp_OpenStreamService  mcu_api.o
    0x0801e198   0x0801e198   0x0000002a   Code   RO         1705    i.bsp_OpenThreeWhileLed  bsp_runcontrol.o
    0x0801e1c2   0x0801e1c2   0x00000002   PAD
    0x0801e1c4   0x0801e1c4   0x00000010   Code   RO         1356    i.bsp_ParamReadAtPowerOn  bsp_param.o
    0x0801e1d4   0x0801e1d4   0x00000024   Code   RO         1217    i.bsp_PidClear      bsp_control.o
    0x0801e1f8   0x0801e1f8   0x000001f8   Code   RO         1218    i.bsp_PidExec       bsp_control.o
    0x0801e3f0   0x0801e3f0   0x0000002c   Code   RO         1219    i.bsp_PidSched      bsp_control.o
    0x0801e41c   0x0801e41c   0x00000016   Code   RO          918    i.bsp_PirouetteCCW  bsp_edgewise.o
    0x0801e432   0x0801e432   0x00000016   Code   RO          919    i.bsp_PirouetteCW   bsp_edgewise.o
    0x0801e448   0x0801e448   0x00000204   Code   RO         1299    i.bsp_PositionUpdate  bsp_position.o
    0x0801e64c   0x0801e64c   0x00000050   Code   RO         1706    i.bsp_PowerOnLedProc  bsp_runcontrol.o
    0x0801e69c   0x0801e69c   0x00000024   Code   RO         3094    i.bsp_PutKey        bsp_key.o
    0x0801e6c0   0x0801e6c0   0x0000001c   Code   RO         1220    i.bsp_PwmLimit      bsp_control.o
    0x0801e6dc   0x0801e6dc   0x000000f4   Code   RO         2001    i.bsp_ResetCleanStrategyBStatus  bsp_cleanstrategyb.o
    0x0801e7d0   0x0801e7d0   0x00000024   Code   RO         1300    i.bsp_ResetPosArgument  bsp_position.o
    0x0801e7f4   0x0801e7f4   0x00000004   Code   RO         1873    i.bsp_Right_ReturnExtreme_point  bsp_gridmap.o
    0x0801e7f8   0x0801e7f8   0x00000018   Code   RO          920    i.bsp_RotateCCW     bsp_edgewise.o
    0x0801e810   0x0801e810   0x00000018   Code   RO          921    i.bsp_RotateCW      bsp_edgewise.o
    0x0801e828   0x0801e828   0x00000010   Code   RO         1357    i.bsp_SaveParam     bsp_param.o
    0x0801e838   0x0801e838   0x00000bb0   Code   RO         2517    i.bsp_SearchChargePile  bsp_searchchargepile.o
    0x0801f3e8   0x0801f3e8   0x0000056c   Code   RO         2604    i.bsp_SelfCheckProc  bsp_selfcheck.o
    0x0801f954   0x0801f954   0x00000218   Code   RO         1005    i.bsp_SendReportFrameWithCRC16  bsp_communication.o
    0x0801fb6c   0x0801fb6c   0x00000044   Code   RO         2605    i.bsp_SendSelfCheck  bsp_selfcheck.o
    0x0801fbb0   0x0801fbb0   0x0000000c   Code   RO         2606    i.bsp_SetAngleChk   bsp_selfcheck.o
    0x0801fbbc   0x0801fbbc   0x0000001c   Code   RO          922    i.bsp_SetEdgeLeftRight  bsp_edgewise.o
    0x0801fbd8   0x0801fbd8   0x0000000c   Code   RO         3096    i.bsp_SetIsStartKeyProc  bsp_key.o
    0x0801fbe4   0x0801fbe4   0x0000000c   Code   RO         1707    i.bsp_SetLastKeyState  bsp_runcontrol.o
    0x0801fbf0   0x0801fbf0   0x00000020   Code   RO         1708    i.bsp_SetLedState   bsp_runcontrol.o
    0x0801fc10   0x0801fc10   0x00000018   Code   RO         1221    i.bsp_SetMotorSpeed  bsp_control.o
    0x0801fc28   0x0801fc28   0x000001d4   Code   RO         3005    i.bsp_SetTIMforInt  bsp_tim_pwm.o
    0x0801fdfc   0x0801fdfc   0x00000010   Code   RO         2457    i.bsp_SetUploadMapIdIndex  bsp_uploadmap.o
    0x0801fe0c   0x0801fe0c   0x0000000c   Code   RO         1358    i.bsp_SetVacuumPowerGrade  bsp_param.o
    0x0801fe18   0x0801fe18   0x00000020   Code   RO         1670    i.bsp_SpeakerIsBusy  bsp_speaker.o
    0x0801fe38   0x0801fe38   0x0000005c   Code   RO         1671    i.bsp_SperkerPlay   bsp_speaker.o
    0x0801fe94   0x0801fe94   0x00000014   Code   RO         2382    i.bsp_StartChangeWifi2SmartConfigState  bsp_wifi_app.o
    0x0801fea8   0x0801fea8   0x00000014   Code   RO         1626    i.bsp_StartDustBoxProc  bsp_dustbox.o
    0x0801febc   0x0801febc   0x00000020   Code   RO          923    i.bsp_StartEdgewiseRun  bsp_edgewise.o
    0x0801fedc   0x0801fedc   0x00000014   Code   RO         2650    i.bsp_StartFunctionTest  bsp_functiontest.o
    0x0801fef0   0x0801fef0   0x000000b8   Code   RO         3273    i.bsp_StartHardTimer  bsp_timer.o
    0x0801ffa8   0x0801ffa8   0x00000014   Code   RO         1440    i.bsp_StartOffSiteProc  bsp_offsitesw.o
    0x0801ffbc   0x0801ffbc   0x0000003c   Code   RO         2518    i.bsp_StartSearchChargePile  bsp_searchchargepile.o
    0x0801fff8   0x0801fff8   0x00000028   Code   RO         2607    i.bsp_StartSelfCheck  bsp_selfcheck.o
    0x08020020   0x08020020   0x00000014   Code   RO          659    i.bsp_StartSleepProc  bsp_action.o
    0x08020034   0x08020034   0x00000038   Code   RO         2002    i.bsp_StartUpdateCleanStrategyB  bsp_cleanstrategyb.o
    0x0802006c   0x0802006c   0x00000068   Code   RO         1874    i.bsp_StartUpdateGridMap  bsp_gridmap.o
    0x080200d4   0x080200d4   0x00000014   Code   RO         1301    i.bsp_StartUpdatePos  bsp_position.o
    0x080200e8   0x080200e8   0x00000030   Code   RO         2458    i.bsp_StartUploadMap  bsp_uploadmap.o
    0x08020118   0x08020118   0x00000054   Code   RO         1151    i.bsp_StartVacuum   bsp_motor.o
    0x0802016c   0x0802016c   0x0000002e   Code   RO           10    i.bsp_StopAllMotor  main.o
    0x0802019a   0x0802019a   0x00000002   PAD
    0x0802019c   0x0802019c   0x00000010   Code   RO         2383    i.bsp_StopChangeWifi2SmartConfigState  bsp_wifi_app.o
    0x080201ac   0x080201ac   0x00000028   Code   RO         1542    i.bsp_StopCliffTest  bsp_cliffsw.o
    0x080201d4   0x080201d4   0x00000018   Code   RO          924    i.bsp_StopEdgewiseRun  bsp_edgewise.o
    0x080201ec   0x080201ec   0x00000038   Code   RO         2519    i.bsp_StopSearchChargePile  bsp_searchchargepile.o
    0x08020224   0x08020224   0x00000028   Code   RO         2608    i.bsp_StopSelfCheck  bsp_selfcheck.o
    0x0802024c   0x0802024c   0x00000014   Code   RO         2342    i.bsp_StopStrategyRandom  bsp_cleanstrategyrandom.o
    0x08020260   0x08020260   0x00000050   Code   RO         2003    i.bsp_StopUpdateCleanStrategyB  bsp_cleanstrategyb.o
    0x080202b0   0x080202b0   0x00000018   Code   RO         1152    i.bsp_StopVacuum    bsp_motor.o
    0x080202c8   0x080202c8   0x000002f0   Code   RO         2343    i.bsp_StrategyRandomProc  bsp_cleanstrategyrandom.o
    0x080205b8   0x080205b8   0x00000054   Code   RO         5416    i.bsp_StreamTransClose  mcu_api.o
    0x0802060c   0x0802060c   0x00000038   Code   RO         5417    i.bsp_StreamTransOpen  mcu_api.o
    0x08020644   0x08020644   0x0000005c   Code   RO          496    i.bsp_SwOff         bsp_powerswitch.o
    0x080206a0   0x080206a0   0x0000005c   Code   RO          497    i.bsp_SwOn          bsp_powerswitch.o
    0x080206fc   0x080206fc   0x00000094   Code   RO         2004    i.bsp_UpdateCleanStrategyB  bsp_cleanstrategyb.o
    0x08020790   0x08020790   0x00000060   Code   RO           11    i.bsp_UploadBatteryInfo  main.o
    0x080207f0   0x080207f0   0x000000d4   Code   RO         2460    i.bsp_UploadMap     bsp_uploadmap.o
    0x080208c4   0x080208c4   0x00000058   Code   RO         2384    i.bsp_WifiStateProc  bsp_wifi_app.o
    0x0802091c   0x0802091c   0x000000cc   Code   RO         2005    i.check_sensor      bsp_cleanstrategyb.o
    0x080209e8   0x080209e8   0x000005f8   Code   RO         2006    i.clean_strategyB   bsp_cleanstrategyb.o
    0x08020fe0   0x08020fe0   0x00000014   Code   RO         2791    i.comGetChar        bsp_uart_fifo.o
    0x08020ff4   0x08020ff4   0x00000026   Code   RO         2792    i.comSendBuf        bsp_uart_fifo.o
    0x0802101a   0x0802101a   0x00000002   PAD
    0x0802101c   0x0802101c   0x0000009c   Code   RO         6998    i.cos               m_ws.l(cos.o)
    0x080210b8   0x080210b8   0x000002e8   Code   RO         5725    i.data_handle       system.o
    0x080213a0   0x080213a0   0x00000040   Code   RO         5726    i.data_point_handle  system.o
    0x080213e0   0x080213e0   0x00000050   Code   RO         5617    i.dp_download_direction_control_handle  protocol.o
    0x08021430   0x08021430   0x00000044   Code   RO         5618    i.dp_download_handle  protocol.o
    0x08021474   0x08021474   0x00000050   Code   RO         5619    i.dp_download_mode_handle  protocol.o
    0x080214c4   0x080214c4   0x0000001a   Code   RO         5620    i.dp_download_reset_edge_brush_handle  protocol.o
    0x080214de   0x080214de   0x0000001a   Code   RO         5621    i.dp_download_reset_filter_handle  protocol.o
    0x080214f8   0x080214f8   0x0000001a   Code   RO         5622    i.dp_download_reset_roll_brush_handle  protocol.o
    0x08021512   0x08021512   0x00000024   Code   RO         5623    i.dp_download_seek_handle  protocol.o
    0x08021536   0x08021536   0x0000006a   Code   RO         5624    i.dp_download_suction_handle  protocol.o
    0x080215a0   0x080215a0   0x0000002c   Code   RO         5625    i.dp_download_switch_go_handle  protocol.o
    0x080215cc   0x080215cc   0x0000002c   Code   RO         5626    i.dp_download_switch_handle  protocol.o
    0x080215f8   0x080215f8   0x00000048   Code   RO         3592    i.dx8_Init          dxi2c_gpio_stm32f1.o
    0x08021640   0x08021640   0x00000072   Code   RO         3593    i.dxif_transfer     dxi2c_gpio_stm32f1.o
    0x080216b2   0x080216b2   0x00000002   PAD
    0x080216b4   0x080216b4   0x00000024   Code   RO         2795    i.fputc             bsp_uart_fifo.o
    0x080216d8   0x080216d8   0x0000006c   Code   RO         2007    i.getShortest       bsp_cleanstrategyb.o
    0x08021744   0x08021744   0x0000001c   Code   RO         5727    i.get_check_sum     system.o
    0x08021760   0x08021760   0x00000028   Code   RO         5728    i.get_dowmload_dpid_index  system.o
    0x08021788   0x08021788   0x00000004   Code   RO         5627    i.get_download_cmd_total  protocol.o
    0x0802178c   0x0802178c   0x00000008   Code   RO         5729    i.get_mcu_wifi_mode  system.o
    0x08021794   0x08021794   0x00000018   Code   RO         5730    i.get_queue_total_data  system.o
    0x080217ac   0x080217ac   0x00000030   Code   RO         5731    i.heat_beat_check   system.o
    0x080217dc   0x080217dc   0x00000034   Code   RO         3307    i.i2c_CheckDevice   bsp_i2c_gpio.o
    0x08021810   0x08021810   0x0000000c   Code   RO         3308    i.i2c_Delay         bsp_i2c_gpio.o
    0x0802181c   0x0802181c   0x00000054   Code   RO         3311    i.i2c_SendByte      bsp_i2c_gpio.o
    0x08021870   0x08021870   0x00000028   Code   RO         3312    i.i2c_Start         bsp_i2c_gpio.o
    0x08021898   0x08021898   0x00000024   Code   RO         3313    i.i2c_Stop          bsp_i2c_gpio.o
    0x080218bc   0x080218bc   0x00000038   Code   RO         3314    i.i2c_WaitAck       bsp_i2c_gpio.o
    0x080218f4   0x080218f4   0x000000bc   Code   RO         2008    i.initClose         bsp_cleanstrategyb.o
    0x080219b0   0x080219b0   0x00000114   Code   RO         2009    i.initGraph         bsp_cleanstrategyb.o
    0x08021ac4   0x08021ac4   0x00000006   Code   RO         2010    i.initOpen          bsp_cleanstrategyb.o
    0x08021aca   0x08021aca   0x00000008   Code   RO         2652    i.int_abs           bsp_functiontest.o
    0x08021ad2   0x08021ad2   0x00000002   PAD
    0x08021ad4   0x08021ad4   0x000001c4   Code   RO         1876    i.inverseSensorModelB  bsp_gridmap.o
    0x08021c98   0x08021c98   0x0000000c   Code   RO         2011    i.isCleanRunning    bsp_cleanstrategyb.o
    0x08021ca4   0x08021ca4   0x000000a4   Code   RO         2012    i.left_edge_judgment_repeat  bsp_cleanstrategyb.o
    0x08021d48   0x08021d48   0x00000018   Code   RO           12    i.main              main.o
    0x08021d60   0x08021d60   0x00000050   Code   RO         5421    i.mcu_dp_bool_update  mcu_api.o
    0x08021db0   0x08021db0   0x00000044   Code   RO         5422    i.mcu_dp_enum_update  mcu_api.o
    0x08021df4   0x08021df4   0x00000048   Code   RO         5424    i.mcu_dp_raw_update  mcu_api.o
    0x08021e3c   0x08021e3c   0x00000058   Code   RO         5426    i.mcu_dp_value_update  mcu_api.o
    0x08021e94   0x08021e94   0x00000004   Code   RO         5427    i.mcu_get_dp_download_bool  mcu_api.o
    0x08021e98   0x08021e98   0x00000004   Code   RO         5428    i.mcu_get_dp_download_enum  mcu_api.o
    0x08021e9c   0x08021e9c   0x0000000c   Code   RO         5431    i.mcu_get_wifi_work_state  mcu_api.o
    0x08021ea8   0x08021ea8   0x00000014   Code   RO         5433    i.mcu_reset_wifi    mcu_api.o
    0x08021ebc   0x08021ebc   0x0000001e   Code   RO         1877    i.my_abs            bsp_gridmap.o
    0x08021eda   0x08021eda   0x0000001e   Code   RO         2013    i.my_abs            bsp_cleanstrategyb.o
    0x08021ef8   0x08021ef8   0x00000046   Code   RO         5436    i.my_memcpy         mcu_api.o
    0x08021f3e   0x08021f3e   0x00000016   Code   RO         5440    i.my_strlen         mcu_api.o
    0x08021f54   0x08021f54   0x0000000c   Code   RO          925    i.myabs             bsp_edgewise.o
    0x08021f60   0x08021f60   0x00000008   Code   RO         1222    i.myabs             bsp_control.o
    0x08021f68   0x08021f68   0x000009d8   Code   RO         7006    i.pow               m_ws.l(pow.o)
    0x08022940   0x08022940   0x000001a0   Code   RO         2014    i.printShortest     bsp_cleanstrategyb.o
    0x08022ae0   0x08022ae0   0x000000c4   Code   RO         5732    i.product_info_update  system.o
    0x08022ba4   0x08022ba4   0x00000038   Code   RO         6127    i.prvAddCurrentTaskToDelayedList  tasks.o
    0x08022bdc   0x08022bdc   0x0000003e   Code   RO         6128    i.prvAllocateTCBAndStack  tasks.o
    0x08022c1a   0x08022c1a   0x00000002   PAD
    0x08022c1c   0x08022c1c   0x00000054   Code   RO         6129    i.prvCheckTasksWaitingTermination  tasks.o
    0x08022c70   0x08022c70   0x00000070   Code   RO         5986    i.prvCopyDataToQueue  queue.o
    0x08022ce0   0x08022ce0   0x00000014   Code   RO         6130    i.prvDeleteTCB      tasks.o
    0x08022cf4   0x08022cf4   0x0000004c   Code   RO         6539    i.prvHeapInit       heap_4.o
    0x08022d40   0x08022d40   0x00000018   Code   RO         6131    i.prvIdleTask       tasks.o
    0x08022d58   0x08022d58   0x0000004e   Code   RO         6132    i.prvInitialiseTCBVariables  tasks.o
    0x08022da6   0x08022da6   0x00000002   PAD
    0x08022da8   0x08022da8   0x00000058   Code   RO         6133    i.prvInitialiseTaskLists  tasks.o
    0x08022e00   0x08022e00   0x00000054   Code   RO         6540    i.prvInsertBlockIntoFreeList  heap_4.o
    0x08022e54   0x08022e54   0x0000001e   Code   RO         5988    i.prvIsQueueFull    queue.o
    0x08022e72   0x08022e72   0x00000002   PAD
    0x08022e74   0x08022e74   0x00000024   Code   RO         6135    i.prvResetNextTaskUnblockTime  tasks.o
    0x08022e98   0x08022e98   0x00000018   Code   RO         6470    i.prvTaskExitError  port.o
    0x08022eb0   0x08022eb0   0x00000064   Code   RO         5989    i.prvUnlockQueue    queue.o
    0x08022f14   0x08022f14   0x0000006e   Code   RO         2015    i.push              bsp_cleanstrategyb.o
    0x08022f82   0x08022f82   0x00000002   PAD
    0x08022f84   0x08022f84   0x000000b8   Code   RO         6541    i.pvPortMalloc      heap_4.o
    0x0802303c   0x0802303c   0x00000018   Code   RO         6471    i.pxPortInitialiseStack  port.o
    0x08023054   0x08023054   0x0000002a   Code   RO         6979    i.q_b1              libdx8_stm32f1.lib(streamec.o)
    0x0802307e   0x0802307e   0x00000040   Code   RO         6980    i.q_b2              libdx8_stm32f1.lib(streamec.o)
    0x080230be   0x080230be   0x00000002   PAD
    0x080230c0   0x080230c0   0x000000a4   Code   RO         2016    i.right_edge_judgment_repeat  bsp_cleanstrategyb.o
    0x08023164   0x08023164   0x00000688   Code   RO         2017    i.sendvelocity      bsp_cleanstrategyb.o
    0x080237ec   0x080237ec   0x0000001c   Code   RO         5733    i.set_wifi_uart_buffer  system.o
    0x08023808   0x08023808   0x00000010   Code   RO         5734    i.set_wifi_uart_byte  system.o
    0x08023818   0x08023818   0x00000010   Code   RO         2018    i.shift             bsp_cleanstrategyb.o
    0x08023828   0x08023828   0x000000a0   Code   RO         7016    i.sin               m_ws.l(sin.o)
    0x080238c8   0x080238c8   0x0000004c   Code   RO         3389    i.sort_float        bsp_user_lib.o
    0x08023914   0x08023914   0x0000004c   Code   RO         7024    i.sqrt              m_ws.l(sqrt.o)
    0x08023960   0x08023960   0x00000068   Code   RO         5441    i.stream_trans      mcu_api.o
    0x080239c8   0x080239c8   0x00000040   Code   RO         5442    i.uart_receive_input  mcu_api.o
    0x08023a08   0x08023a08   0x00000020   Code   RO         5629    i.uart_transmit_output  protocol.o
    0x08023a28   0x08023a28   0x00000024   Code   RO         5949    i.uxListRemove      list.o
    0x08023a4c   0x08023a4c   0x00000016   Code   RO         5950    i.vListInitialise   list.o
    0x08023a62   0x08023a62   0x00000006   Code   RO         5951    i.vListInitialiseItem  list.o
    0x08023a68   0x08023a68   0x00000030   Code   RO         5952    i.vListInsert       list.o
    0x08023a98   0x08023a98   0x00000018   Code   RO         5953    i.vListInsertEnd    list.o
    0x08023ab0   0x08023ab0   0x00000038   Code   RO         6473    i.vPortEnterCritical  port.o
    0x08023ae8   0x08023ae8   0x00000028   Code   RO         6474    i.vPortExitCritical  port.o
    0x08023b10   0x08023b10   0x00000048   Code   RO         6542    i.vPortFree         heap_4.o
    0x08023b58   0x08023b58   0x00000014   Code   RO         6475    i.vPortSetupTimerInterrupt  port.o
    0x08023b6c   0x08023b6c   0x00000018   Code   RO         6477    i.vPortYield        port.o
    0x08023b84   0x08023b84   0x00000010   Code   RO          439    i.vSetupSysInfoTest  sysinfotest.o
    0x08023b94   0x08023b94   0x00000070   Code   RO           13    i.vTaskControl      main.o
    0x08023c04   0x08023c04   0x00000014   Code   RO           14    i.vTaskDecision     main.o
    0x08023c18   0x08023c18   0x00000054   Code   RO         6148    i.vTaskDelay        tasks.o
    0x08023c6c   0x08023c6c   0x0000007c   Code   RO           15    i.vTaskKey          main.o
    0x08023ce8   0x08023ce8   0x000000e8   Code   RO           16    i.vTaskMapping      main.o
    0x08023dd0   0x08023dd0   0x0000000c   Code   RO         6154    i.vTaskMissedYield  tasks.o
    0x08023ddc   0x08023ddc   0x0000009c   Code   RO           17    i.vTaskPerception   main.o
    0x08023e78   0x08023e78   0x0000005c   Code   RO         6156    i.vTaskPlaceOnEventList  tasks.o
    0x08023ed4   0x08023ed4   0x0000001c   Code   RO         6162    i.vTaskSetTimeOutState  tasks.o
    0x08023ef0   0x08023ef0   0x0000005c   Code   RO         6163    i.vTaskStartScheduler  tasks.o
    0x08023f4c   0x08023f4c   0x00000010   Code   RO         6165    i.vTaskSuspendAll   tasks.o
    0x08023f5c   0x08023f5c   0x00000074   Code   RO         6166    i.vTaskSwitchContext  tasks.o
    0x08023fd0   0x08023fd0   0x00000024   Code   RO         5443    i.wifi_protocol_init  mcu_api.o
    0x08023ff4   0x08023ff4   0x00000002   Code   RO         5630    i.wifi_test_result  protocol.o
    0x08023ff6   0x08023ff6   0x00000002   PAD
    0x08023ff8   0x08023ff8   0x000000c4   Code   RO         5444    i.wifi_uart_service  mcu_api.o
    0x080240bc   0x080240bc   0x00000020   Code   RO         5735    i.wifi_uart_write_data  system.o
    0x080240dc   0x080240dc   0x0000003c   Code   RO         5736    i.wifi_uart_write_frame  system.o
    0x08024118   0x08024118   0x00000074   Code   RO         6478    i.xPortStartScheduler  port.o
    0x0802418c   0x0802418c   0x0000004a   Code   RO         5997    i.xQueueCreateMutex  queue.o
    0x080241d6   0x080241d6   0x00000100   Code   RO         6001    i.xQueueGenericSend  queue.o
    0x080242d6   0x080242d6   0x00000002   PAD
    0x080242d8   0x080242d8   0x00000060   Code   RO         6167    i.xTaskCheckForTimeOut  tasks.o
    0x08024338   0x08024338   0x000000f4   Code   RO         6168    i.xTaskGenericCreate  tasks.o
    0x0802442c   0x0802442c   0x0000000c   Code   RO         6172    i.xTaskGetTickCount  tasks.o
    0x08024438   0x08024438   0x000000c4   Code   RO         6174    i.xTaskIncrementTick  tasks.o
    0x080244fc   0x080244fc   0x00000084   Code   RO         6177    i.xTaskPriorityDisinherit  tasks.o
    0x08024580   0x08024580   0x00000070   Code   RO         6178    i.xTaskRemoveFromEventList  tasks.o
    0x080245f0   0x080245f0   0x000000b0   Code   RO         6180    i.xTaskResumeAll    tasks.o
    0x080246a0   0x080246a0   0x00000010   Data   RO         2020    .constdata          bsp_cleanstrategyb.o
    0x080246b0   0x080246b0   0x00000028   Data   RO         2424    .constdata          bsp_passwd.o
    0x080246d8   0x080246d8   0x00000200   Data   RO         3395    .constdata          bsp_user_lib.o
    0x080248d8   0x080248d8   0x00000020   Data   RO         3509    .constdata          bsp_ir_decode.o
    0x080248f8   0x080248f8   0x00000026   Data   RO         5631    .constdata          protocol.o
    0x0802491e   0x0802491e   0x00000068   Data   RO         6931    .constdata          libdx8_stm32f1.lib(dx8_api.o)
    0x08024986   0x08024986   0x00000002   PAD
    0x08024988   0x08024988   0x00000088   Data   RO         7007    .constdata          m_ws.l(pow.o)
    0x08024a10   0x08024a10   0x00000098   Data   RO         7363    .constdata          m_ws.l(atan.o)
    0x08024aa8   0x08024aa8   0x00000030   Data   RO         7372    .constdata          m_ws.l(cos_i.o)
    0x08024ad8   0x08024ad8   0x00000008   Data   RO         7392    .constdata          m_ws.l(qnan.o)
    0x08024ae0   0x08024ae0   0x000000c8   Data   RO         7395    .constdata          m_ws.l(rred.o)
    0x08024ba8   0x08024ba8   0x00000028   Data   RO         7399    .constdata          m_ws.l(sin_i.o)
    0x08024bd0   0x08024bd0   0x00000020   Data   RO         7446    Region$$Table       anon$$obj.o


    Execution Region RW_IRAM1 (Exec base: 0x20000000, Load base: 0x08024bf0, Size: 0x0000dcd0, Max: 0x00010000, ABSOLUTE, COMPRESSED[0x0000009c])

    Exec Addr    Load Addr    Size         Type   Attr      Idx    E Section Name        Object

    0x20000000   COMPRESSED   0x0000001c   Data   RW           18    .data               main.o
    0x2000001c   COMPRESSED   0x00000004   Data   RW          440    .data               sysinfotest.o
    0x20000020   COMPRESSED   0x00000014   Data   RW          574    .data               bsp_angle.o
    0x20000034   COMPRESSED   0x00000003   Data   RW          696    .data               bsp_aw9523b.o
    0x20000037   COMPRESSED   0x00000014   Data   RW          772    .data               bsp_detectact.o
    0x2000004b   COMPRESSED   0x00000001   PAD
    0x2000004c   COMPRESSED   0x0000000c   Data   RW         1007    .data               bsp_communication.o
    0x20000058   COMPRESSED   0x00000001   Data   RW         1153    .data               bsp_motor.o
    0x20000059   COMPRESSED   0x00000003   PAD
    0x2000005c   COMPRESSED   0x0000000c   Data   RW         1224    .data               bsp_control.o
    0x20000068   COMPRESSED   0x00000006   Data   RW         1359    .data               bsp_param.o
    0x2000006e   COMPRESSED   0x00000002   PAD
    0x20000070   COMPRESSED   0x00000020   Data   RW         1490    .data               bsp_currentfeedback.o
    0x20000090   COMPRESSED   0x00000002   Data   RW         1545    .data               bsp_cliffsw.o
    0x20000092   COMPRESSED   0x00000003   Data   RW         1710    .data               bsp_runcontrol.o
    0x20000095   COMPRESSED   0x00000001   Data   RW         1711    .data               bsp_runcontrol.o
    0x20000096   COMPRESSED   0x00000001   Data   RW         1817    .data               bsp_stopmode.o
    0x20000097   COMPRESSED   0x00000001   PAD
    0x20000098   COMPRESSED   0x00000018   Data   RW         1879    .data               bsp_gridmap.o
    0x200000b0   COMPRESSED   0x00000138   Data   RW         2032    .data               bsp_cleanstrategyb.o
    0x200001e8   COMPRESSED   0x00000020   Data   RW         2345    .data               bsp_cleanstrategyrandom.o
    0x20000208   COMPRESSED   0x00000010   Data   RW         2385    .data               bsp_wifi_app.o
    0x20000218   COMPRESSED   0x00000018   Data   RW         2653    .data               bsp_functiontest.o
    0x20000230   COMPRESSED   0x00000004   Data   RW         3099    .data               bsp_key.o
    0x20000234   COMPRESSED   0x00000010   Data   RW         3274    .data               bsp_timer.o
    0x20000244   COMPRESSED   0x00000001   Data   RW         3510    .data               bsp_ir_decode.o
    0x20000245   COMPRESSED   0x00000014   Data   RW         3871    .data               stm32f10x_rcc.o
    0x20000259   COMPRESSED   0x00000001   PAD
    0x2000025a   COMPRESSED   0x00000002   Data   RW         5445    .data               mcu_api.o
    0x2000025c   COMPRESSED   0x00000010   Data   RW         5738    .data               system.o
    0x2000026c   COMPRESSED   0x00000001   Data   RW         5739    .data               system.o
    0x2000026d   COMPRESSED   0x00000003   PAD
    0x20000270   COMPRESSED   0x00000014   Data   RW         5827    .data               system_stm32f10x.o
    0x20000284   COMPRESSED   0x00000040   Data   RW         6183    .data               tasks.o
    0x200002c4   COMPRESSED   0x0000000c   Data   RW         6479    .data               port.o
    0x200002d0   COMPRESSED   0x00000018   Data   RW         6547    .data               heap_4.o
    0x200002e8   COMPRESSED   0x00000034   Data   RW         6932    .data               libdx8_stm32f1.lib(dx8_api.o)
    0x2000031c   COMPRESSED   0x00000001   Data   RW         6968    .data               libdx8_stm32f1.lib(sha1.o)
    0x2000031d   COMPRESSED   0x00000003   PAD
    0x20000320   COMPRESSED   0x00000004   Data   RW         7036    .data               mc_w.l(stdout.o)
    0x20000324   COMPRESSED   0x00000004   Data   RW         7040    .data               mc_w.l(rand.o)
    0x20000328   COMPRESSED   0x00000004   Data   RW         7431    .data               mc_w.l(errno.o)
    0x2000032c        -       0x00000084   Zero   RW          573    .bss                bsp_angle.o
    0x200003b0        -       0x00000010   Zero   RW          660    .bss                bsp_action.o
    0x200003c0        -       0x00000084   Zero   RW          770    .bss                bsp_detectact.o
    0x20000444        -       0x00000030   Zero   RW          926    .bss                bsp_edgewise.o
    0x20000474        -       0x00000293   Zero   RW         1006    .bss                bsp_communication.o
    0x20000707   COMPRESSED   0x00000001   PAD
    0x20000708        -       0x00000010   Zero   RW         1090    .bss                bsp_encoder.o
    0x20000718        -       0x00000088   Zero   RW         1223    .bss                bsp_control.o
    0x200007a0        -       0x00000050   Zero   RW         1303    .bss                bsp_position.o
    0x200007f0        -       0x0000000c   Zero   RW         1442    .bss                bsp_offsitesw.o
    0x200007fc        -       0x000001c0   Zero   RW         1489    .bss                bsp_currentfeedback.o
    0x200009bc        -       0x00000038   Zero   RW         1544    .bss                bsp_cliffsw.o
    0x200009f4        -       0x00000010   Zero   RW         1628    .bss                bsp_dustbox.o
    0x20000a04        -       0x0000000c   Zero   RW         1709    .bss                bsp_runcontrol.o
    0x20000a10        -       0x00000024   Zero   RW         1775    .bss                bsp_assistjudgedirection.o
    0x20000a34   COMPRESSED   0x00000004   PAD
    0x20000a38        -       0x000027d8   Zero   RW         1878    .bss                bsp_gridmap.o
    0x20003210        -       0x00003d48   Zero   RW         2019    .bss                bsp_cleanstrategyb.o
    0x20006f58        -       0x00000024   Zero   RW         2344    .bss                bsp_cleanstrategyrandom.o
    0x20006f7c        -       0x0000005b   Zero   RW         2461    .bss                bsp_uploadmap.o
    0x20006fd7   COMPRESSED   0x00000001   PAD
    0x20006fd8        -       0x00000048   Zero   RW         2520    .bss                bsp_searchchargepile.o
    0x20007020        -       0x00000036   Zero   RW         2609    .bss                bsp_selfcheck.o
    0x20007056   COMPRESSED   0x00000002   PAD
    0x20007058        -       0x00001cb0   Zero   RW         2796    .bss                bsp_uart_fifo.o
    0x20008d08        -       0x000000db   Zero   RW         3098    .bss                bsp_key.o
    0x20008de3   COMPRESSED   0x00000001   PAD
    0x20008de4        -       0x0000008c   Zero   RW         3508    .bss                bsp_ir_decode.o
    0x20008e70        -       0x00000425   Zero   RW         5737    .bss                system.o
    0x20009295   COMPRESSED   0x00000003   PAD
    0x20009298        -       0x000000dc   Zero   RW         6182    .bss                tasks.o
    0x20009374        -       0x00003000   Zero   RW         6546    .bss                heap_4.o
    0x2000c374        -       0x000000cc   Zero   RW         6930    .bss                libdx8_stm32f1.lib(dx8_api.o)
    0x2000c440        -       0x0000005c   Zero   RW         6967    .bss                libdx8_stm32f1.lib(sha1.o)
    0x2000c49c        -       0x00000030   Zero   RW         6981    .bss                libdx8_stm32f1.lib(streamec.o)
    0x2000c4cc   COMPRESSED   0x00000004   PAD
    0x2000c4d0        -       0x00001800   Zero   RW         3664    STACK               startup_stm32f10x_hd.o


==============================================================================

Image component sizes


      Code (inc. data)   RO Data    RW Data    ZI Data      Debug   Object Name

       216          0          0          0          0        643   bsp.o
        20          4          0          0         16       1313   bsp_action.o
       774         76          0         20        132       8193   bsp_angle.o
        44          6          0          0         36       1492   bsp_assistjudgedirection.o
       382         20          0          3          0       4303   bsp_aw9523b.o
     93122       4626         16        312      15688     163082   bsp_cleanstrategyb.o
       772         32          0         32         36       2558   bsp_cleanstrategyrandom.o
      1068         76          0          2         56       6088   bsp_cliffsw.o
       176         18          0          0          0       1224   bsp_collision.o
      1012         24          0         12        659       4487   bsp_communication.o
       916         82          0         12        136       7439   bsp_control.o
      2092        104          0         32        448       5089   bsp_currentfeedback.o
       838         84          0         20        132       6589   bsp_detectact.o
       188         18          0          0         16       2889   bsp_dustbox.o
        90         22          0          0          0       1478   bsp_dwt.o
      1174         54          0          0         48       8694   bsp_edgewise.o
       366         30          0          0         16       4678   bsp_encoder.o
       928         54          0         24          0       2373   bsp_functiontest.o
      1762         86          0         24      10200      12604   bsp_gridmap.o
       344         34          0          0          0       3816   bsp_i2c_gpio.o
      1320         70         32          1        140       7301   bsp_ir_decode.o
       854        120          0          4        219      10625   bsp_key.o
       408         32          0          0          0       2367   bsp_led.o
      1002         54          0          1          0       6143   bsp_motor.o
       156         20          0          0         12       2560   bsp_offsitesw.o
       100         24          0          6          0       3049   bsp_param.o
       194         10         40          0          0       1951   bsp_passwd.o
       648         56          0          0         80       3247   bsp_position.o
       372         76          0          0          0       1636   bsp_powerswitch.o
        44          6          0          0          0        515   bsp_pulsemark.o
       616         32          0          4         12       6218   bsp_runcontrol.o
      3280         58          0          0         72       9294   bsp_searchchargepile.o
      1548         96          0          0         54       5751   bsp_selfcheck.o
       204         16          0          0          0       1664   bsp_speaker.o
       108          0          0          0          0       1869   bsp_stflash.o
       450         56          0          1          0      25491   bsp_stopmode.o
       672        100          0          0          0       2733   bsp_tim_pwm.o
       440         30          0         16          0       3055   bsp_timer.o
      1510        110          0          0       7344      10479   bsp_uart_fifo.o
       276         22          0          0         91       2207   bsp_uploadmap.o
       120          6        512          0          0       2030   bsp_user_lib.o
       200         20          0         16          0       3127   bsp_wifi_app.o
       630         32          0          0          0       7975   dxi2c_gpio_stm32f1.o
         0          0          0          0          0       1472   event_groups.o
       416         24          0         24      12288       3991   heap_4.o
       136          0          0          0          0       3030   list.o
      2190        194          0         28          0     315376   main.o
      1012        110          0          2          0      11319   mcu_api.o
       120         14          0          0          0       1727   misc.o
       502         66          0         12          0       7153   port.o
       598         42         38          0          0      11289   protocol.o
       572          0          0          0          0       5188   queue.o
        36          8        304          0       6144        900   startup_stm32f10x_hd.o
       404         22          0          0          0       9526   stm32f10x_adc.o
        28          6          0          0          0        620   stm32f10x_dbgmcu.o
       160         16          0          0          0       2444   stm32f10x_exti.o
       224         30          0          0          0       3814   stm32f10x_flash.o
       332         12          0          0          0       6168   stm32f10x_gpio.o
       602        270          0          0          0       3369   stm32f10x_it.o
        52         10          0          0          0        668   stm32f10x_pwr.o
       304         48          0         20          0       6663   stm32f10x_rcc.o
      1598        196          0          0          0      23264   stm32f10x_tim.o
       532         26          0          0          0       8294   stm32f10x_usart.o
        80         12          0          4          0       2782   sysinfotest.o
      1328        476          0         17       1061      11172   system.o
       260         26          0         20          0       2201   system_stm32f10x.o
      1856        154          0         64        220      17746   tasks.o

    ----------------------------------------------------------------------
    134846       8258        974        744      55368     830495   Object Totals
         0          0         32          0          0          0   (incl. Generated)
        68          0          0         11         12          0   (incl. Padding)

    ----------------------------------------------------------------------

      Code (inc. data)   RO Data    RW Data    ZI Data      Debug   Library Member Name

      2152        124        104         52        204       1708   dx8_api.o
       684         70          0          1         92        408   sha1.o
       544         14          0          0         48        484   streamec.o
       544         70        152          0          0        124   atan.o
       384         38          0          0          0        144   atan2.o
       156          8          0          0          0        104   cos.o
       252         22         48          0          0        124   cos_i.o
        68         10          0          0          0        408   dunder.o
        40          0          0          0          0         68   fpclassify.o
       170          0          0          0          0         96   poly.o
      2520        190        136          0          0        324   pow.o
         0          0          8          0          0          0   qnan.o
       904         76        200          0          0        140   rred.o
       160         10          0          0          0        108   sin.o
       236         12         40          0          0        128   sin_i.o
        76          0          0          0          0         84   sqrt.o
        86          0          0          0          0          0   __dczerorl2.o
         0          0          0          0          0          0   entry.o
         0          0          0          0          0          0   entry10a.o
         0          0          0          0          0          0   entry11a.o
         8          4          0          0          0          0   entry2.o
         4          0          0          0          0          0   entry5.o
         0          0          0          0          0          0   entry7b.o
         0          0          0          0          0          0   entry8b.o
         8          4          0          0          0          0   entry9a.o
        12          6          0          4          0         68   errno.o
        30          0          0          0          0          0   handlers.o
        36          8          0          0          0         68   init.o
         0          0          0          0          0          0   iusefp.o
        30          0          0          0          0         68   llshl.o
        36          0          0          0          0         68   llsshr.o
        32          0          0          0          0         68   llushr.o
        26          0          0          0          0         80   memcmp.o
        36          0          0          0          0         68   memcpya.o
        36          0          0          0          0        108   memseta.o
      2258         90          0          0          0        452   printfa.o
        36         10          0          4          0        136   rand.o
         0          0          0          4          0          0   stdout.o
        44          0          0          0          0         80   uidiv.o
        98          0          0          0          0         92   uldiv.o
        48          0          0          0          0         68   cdcmple.o
        48          0          0          0          0         68   cdrcmple.o
        20          0          0          0          0         68   cfcmple.o
        20          0          0          0          0         68   cfrcmple.o
        56          0          0          0          0         88   d2f.o
       334          0          0          0          0        148   dadd.o
       222          0          0          0          0        100   ddiv.o
       186          0          0          0          0        176   depilogue.o
        62          0          0          0          0         80   dfixi.o
        50          0          0          0          0         76   dfixui.o
        48          0          0          0          0         68   dfixul.o
        34          0          0          0          0         76   dflti.o
        26          0          0          0          0         76   dfltui.o
       228          0          0          0          0         96   dmul.o
        46          0          0          0          0         80   dscalb.o
       162          0          0          0          0        100   dsqrt.o
        38          0          0          0          0         68   f2d.o
       176          0          0          0          0        140   fadd.o
       124          0          0          0          0         88   fdiv.o
       110          0          0          0          0        168   fepilogue.o
        50          0          0          0          0         68   ffixi.o
        40          0          0          0          0         68   ffixui.o
        18          0          0          0          0         68   fflti.o
        10          0          0          0          0         68   ffltui.o
       100          0          0          0          0         76   fmul.o
        24          0          0          0          0         68   fscalb.o

    ----------------------------------------------------------------------
     14002        766        690         68        348       8124   Library Totals
        16          0          2          3          4          0   (incl. Padding)

    ----------------------------------------------------------------------

      Code (inc. data)   RO Data    RW Data    ZI Data      Debug   Library Name

      3380        208        104         53        344       2600   libdx8_stm32f1.lib
      5510        436        584          0          0       1852   m_ws.l
      2816        122          0         12          0       1356   mc_w.l
      2280          0          0          0          0       2316   mf_w.l

    ----------------------------------------------------------------------
     14002        766        690         68        348       8124   Library Totals

    ----------------------------------------------------------------------

==============================================================================


      Code (inc. data)   RO Data    RW Data    ZI Data      Debug   

    148848       9024       1664        812      55716     808639   Grand Totals
    148848       9024       1664        156      55716     808639   ELF Image Totals (compressed)
    148848       9024       1664        156          0          0   ROM Totals

==============================================================================

    Total RO  Size (Code + RO Data)               150512 ( 146.98kB)
    Total RW  Size (RW Data + ZI Data)             56528 (  55.20kB)
    Total ROM Size (Code + RO Data + RW Data)     150668 ( 147.14kB)

==============================================================================

