Component: ARM Compiler 5.05 update 1 (build 106) Tool: armlink [4d0efa]

==============================================================================

Section Cross References

    main.o(i.AppObjCreate) refers to queue.o(i.xQueueCreateMutex) for xQueueCreateMutex
    main.o(i.AppObjCreate) refers to main.o(.data) for xMutex
    main.o(i.AppTaskCreate) refers to tasks.o(i.xTaskGenericCreate) for xTaskGenericCreate
    main.o(i.AppTaskCreate) refers to main.o(.data) for xHandleTaskDecision
    main.o(i.AppTaskCreate) refers to main.o(i.vTaskDecision) for vTaskDecision
    main.o(i.AppTaskCreate) refers to main.o(i.vTaskControl) for vTaskControl
    main.o(i.AppTaskCreate) refers to main.o(i.vTaskPerception) for vTaskPerception
    main.o(i.App_Printf) refers to printfa.o(i.__0vsnprintf) for __c89vsnprintf
    main.o(i.App_Printf) refers to queue.o(i.xQueueGenericReceive) for xQueueGenericReceive
    main.o(i.App_Printf) refers to printf8.o(i.__0printf$8) for __2printf
    main.o(i.App_Printf) refers to queue.o(i.xQueueGenericSend) for xQueueGenericSend
    main.o(i.App_Printf) refers to main.o(.data) for xMutex
    main.o(i.bsp_GetKeyRunLastState) refers to main.o(.data) for keyProc
    main.o(i.bsp_GetLastKeyTick) refers to main.o(.data) for keyProc
    main.o(i.bsp_KeyProc) refers to bsp_key.o(i.bsp_GetKey) for bsp_GetKey
    main.o(i.bsp_KeyProc) refers to bsp_runcontrol.o(i.bsp_IsSelfCheckingReady) for bsp_IsSelfCheckingReady
    main.o(i.bsp_KeyProc) refers to main.o(i.bsp_KeySuspend) for bsp_KeySuspend
    main.o(i.bsp_KeyProc) refers to tasks.o(i.xTaskGetTickCount) for xTaskGetTickCount
    main.o(i.bsp_KeyProc) refers to main.o(i.bsp_GetLastKeyTick) for bsp_GetLastKeyTick
    main.o(i.bsp_KeyProc) refers to main.o(i.bsp_SetKeyRunLastState) for bsp_SetKeyRunLastState
    main.o(i.bsp_KeyProc) refers to bsp_speaker.o(i.bsp_SperkerPlay) for bsp_SperkerPlay
    main.o(i.bsp_KeyProc) refers to bsp_led.o(i.bsp_LedOff) for bsp_LedOff
    main.o(i.bsp_KeyProc) refers to tasks.o(i.vTaskDelay) for vTaskDelay
    main.o(i.bsp_KeyProc) refers to bsp_speaker.o(i.bsp_SpeakerIsBusy) for bsp_SpeakerIsBusy
    main.o(i.bsp_KeyProc) refers to bsp_key.o(i.bsp_ClearKey) for bsp_ClearKey
    main.o(i.bsp_KeyProc) refers to bsp_runcontrol.o(i.bsp_StartRunToggleLED) for bsp_StartRunToggleLED
    main.o(i.bsp_KeyProc) refers to bsp_searchchargepile.o(i.bsp_StartSearchChargePile) for bsp_StartSearchChargePile
    main.o(i.bsp_KeyProc) refers to bsp_cliffsw.o(i.bsp_StartCliffTest) for bsp_StartCliffTest
    main.o(i.bsp_KeyProc) refers to bsp_motor.o(i.bsp_StartVacuum) for bsp_StartVacuum
    main.o(i.bsp_KeyProc) refers to bsp_runcontrol.o(i.bsp_StopRunToggleLED) for bsp_StopRunToggleLED
    main.o(i.bsp_KeyProc) refers to bsp_cliffsw.o(i.bsp_StopCliffTest) for bsp_StopCliffTest
    main.o(i.bsp_KeyProc) refers to bsp_motor.o(i.bsp_StopVacuum) for bsp_StopVacuum
    main.o(i.bsp_KeyProc) refers to bsp_control.o(i.bsp_SetMotorSpeed) for bsp_SetMotorSpeed
    main.o(i.bsp_KeyProc) refers to bsp_edgewise.o(i.bsp_StartEdgewiseRun) for bsp_StartEdgewiseRun
    main.o(i.bsp_KeySuspend) refers to main.o(i.bsp_GetKeyRunLastState) for bsp_GetKeyRunLastState
    main.o(i.bsp_KeySuspend) refers to tasks.o(i.xTaskGetTickCount) for xTaskGetTickCount
    main.o(i.bsp_KeySuspend) refers to main.o(i.bsp_SetLastKeyTick) for bsp_SetLastKeyTick
    main.o(i.bsp_KeySuspend) refers to bsp_runcontrol.o(i.bsp_StopRunToggleLED) for bsp_StopRunToggleLED
    main.o(i.bsp_KeySuspend) refers to bsp_motor.o(i.bsp_StopVacuum) for bsp_StopVacuum
    main.o(i.bsp_KeySuspend) refers to bsp_speaker.o(i.bsp_SperkerPlay) for bsp_SperkerPlay
    main.o(i.bsp_KeySuspend) refers to bsp_led.o(i.bsp_LedOn) for bsp_LedOn
    main.o(i.bsp_KeySuspend) refers to bsp_led.o(i.bsp_LedOff) for bsp_LedOff
    main.o(i.bsp_KeySuspend) refers to bsp_searchchargepile.o(i.bsp_StopSearchChargePile) for bsp_StopSearchChargePile
    main.o(i.bsp_KeySuspend) refers to bsp_cliffsw.o(i.bsp_StopCliffTest) for bsp_StopCliffTest
    main.o(i.bsp_KeySuspend) refers to main.o(i.bsp_SetKeyRunLastState) for bsp_SetKeyRunLastState
    main.o(i.bsp_SetKeyRunLastState) refers to main.o(.data) for keyProc
    main.o(i.bsp_SetLastKeyTick) refers to main.o(.data) for keyProc
    main.o(i.main) refers to bsp.o(i.bsp_Init) for bsp_Init
    main.o(i.main) refers to sysinfotest.o(i.vSetupSysInfoTest) for vSetupSysInfoTest
    main.o(i.main) refers to main.o(i.AppTaskCreate) for AppTaskCreate
    main.o(i.main) refers to main.o(i.AppObjCreate) for AppObjCreate
    main.o(i.main) refers to tasks.o(i.vTaskStartScheduler) for vTaskStartScheduler
    main.o(i.vTaskControl) refers to bsp_control.o(i.bsp_PidSched) for bsp_PidSched
    main.o(i.vTaskControl) refers to bsp_pump.o(i.bsp_PumpRun) for bsp_PumpRun
    main.o(i.vTaskControl) refers to tasks.o(i.vTaskDelay) for vTaskDelay
    main.o(i.vTaskDecision) refers to stm32f10x_tim.o(i.TIM_SetCompare3) for TIM_SetCompare3
[...]
    i.bsp_InitUart                           0x0800402c   Section        0  bsp_uart_fifo.o(i.bsp_InitUart)
    i.bsp_InitVacuum                         0x0800403c   Section        0  bsp_motor.o(i.bsp_InitVacuum)
    bsp_InitVacuum                           0x0800403d   Thumb Code    46  bsp_motor.o(i.bsp_InitVacuum)
    i.bsp_KeyScan                            0x08004070   Section        0  bsp_key.o(i.bsp_KeyScan)
    i.bsp_LedOff                             0x08004088   Section        0  bsp_led.o(i.bsp_LedOff)
    i.bsp_LedOn                              0x080040e0   Section        0  bsp_led.o(i.bsp_LedOn)
    i.bsp_LedToggle                          0x08004138   Section        0  bsp_led.o(i.bsp_LedToggle)
    i.bsp_MotorBrake                         0x080041b0   Section        0  bsp_control.o(i.bsp_MotorBrake)
    bsp_MotorBrake                           0x080041b1   Thumb Code    54  bsp_control.o(i.bsp_MotorBrake)
    i.bsp_MotorCleanSetPWM                   0x080041ec   Section        0  bsp_motor.o(i.bsp_MotorCleanSetPWM)
    i.bsp_MotorSetPWM                        0x08004250   Section        0  bsp_motor.o(i.bsp_MotorSetPWM)
    i.bsp_PidClear                           0x080042b4   Section        0  bsp_control.o(i.bsp_PidClear)
    bsp_PidClear                             0x080042b5   Thumb Code    34  bsp_control.o(i.bsp_PidClear)
    i.bsp_PidExec                            0x080042dc   Section        0  bsp_control.o(i.bsp_PidExec)
    bsp_PidExec                              0x080042dd   Thumb Code   588  bsp_control.o(i.bsp_PidExec)
    i.bsp_PidSched                           0x08004540   Section        0  bsp_control.o(i.bsp_PidSched)
    i.bsp_PumpRun                            0x08004570   Section        0  bsp_pump.o(i.bsp_PumpRun)
    i.bsp_PutKey                             0x080045f8   Section        0  bsp_key.o(i.bsp_PutKey)
    i.bsp_PwmLimit                           0x08004618   Section        0  bsp_control.o(i.bsp_PwmLimit)
    bsp_PwmLimit                             0x08004619   Thumb Code    30  bsp_control.o(i.bsp_PwmLimit)
    i.bsp_SetMotorSpeed                      0x0800463c   Section        0  bsp_control.o(i.bsp_SetMotorSpeed)
    i.bsp_SetTIMforInt                       0x08004654   Section        0  bsp_tim_pwm.o(i.bsp_SetTIMforInt)
    i.bsp_StartHardTimer                     0x08004860   Section        0  bsp_timer.o(i.bsp_StartHardTimer)
    i.bsp_StartPumpRun                       0x08004928   Section        0  bsp_pump.o(i.bsp_StartPumpRun)
    i.bsp_StopPumpRun                        0x0800493c   Section        0  bsp_pump.o(i.bsp_StopPumpRun)
    i.bsp_SwOff                              0x0800495c   Section        0  bsp_powerswitch.o(i.bsp_SwOff)
    i.bsp_SwOn                               0x080049b0   Section        0  bsp_powerswitch.o(i.bsp_SwOn)
    i.bsp_VacuumClean                        0x08004a04   Section        0  bsp_motor.o(i.bsp_VacuumClean)
    i.comSendBuf                             0x08004a58   Section        0  bsp_uart_fifo.o(i.comSendBuf)
    i.comSendChar                            0x08004a86   Section        0  bsp_uart_fifo.o(i.comSendChar)
    i.fputc                                  0x08004a96   Section        0  bsp_uart_fifo.o(i.fputc)
    i.i2c_CheckDevice                        0x08004aa8   Section        0  bsp_i2c_gpio.o(i.i2c_CheckDevice)
    i.i2c_Delay                              0x08004ae0   Section        0  bsp_i2c_gpio.o(i.i2c_Delay)
    i2c_Delay                                0x08004ae1   Thumb Code    14  bsp_i2c_gpio.o(i.i2c_Delay)
    i.i2c_SendByte                           0x08004af0   Section        0  bsp_i2c_gpio.o(i.i2c_SendByte)
    i.i2c_Start                              0x08004b44   Section        0  bsp_i2c_gpio.o(i.i2c_Start)
    i.i2c_Stop                               0x08004b74   Section        0  bsp_i2c_gpio.o(i.i2c_Stop)
    i.i2c_WaitAck                            0x08004b98   Section        0  bsp_i2c_gpio.o(i.i2c_WaitAck)
    i.main                                   0x08004bd4   Section        0  main.o(i.main)
    i.myabs                                  0x08004bf4   Section        0  bsp_control.o(i.myabs)
    myabs                                    0x08004bf5   Thumb Code    14  bsp_control.o(i.myabs)
    i.prvAddCurrentTaskToDelayedList         0x08004c04   Section        0  tasks.o(i.prvAddCurrentTaskToDelayedList)
    prvAddCurrentTaskToDelayedList           0x08004c05   Thumb Code    62  tasks.o(i.prvAddCurrentTaskToDelayedList)
    i.prvAllocateTCBAndStack                 0x08004c58   Section        0  tasks.o(i.prvAllocateTCBAndStack)
    prvAllocateTCBAndStack                   0x08004c59   Thumb Code    66  tasks.o(i.prvAllocateTCBAndStack)
    i.prvCheckTasksWaitingTermination        0x08004c9c   Section        0  tasks.o(i.prvCheckTasksWaitingTermination)
    prvCheckTasksWaitingTermination          0x08004c9d   Thumb Code    86  tasks.o(i.prvCheckTasksWaitingTermination)
    i.prvCopyDataToQueue                     0x08004d00   Section        0  queue.o(i.prvCopyDataToQueue)
    prvCopyDataToQueue                       0x08004d01   Thumb Code   128  queue.o(i.prvCopyDataToQueue)
    i.prvDeleteTCB                           0x08004d80   Section        0  tasks.o(i.prvDeleteTCB)
    prvDeleteTCB                             0x08004d81   Thumb Code    18  tasks.o(i.prvDeleteTCB)
    i.prvHeapInit                            0x08004d94   Section        0  heap_4.o(i.prvHeapInit)
    prvHeapInit                              0x08004d95   Thumb Code    98  heap_4.o(i.prvHeapInit)
    i.prvIdleTask                            0x08004e10   Section        0  tasks.o(i.prvIdleTask)
    prvIdleTask                              0x08004e11   Thumb Code    20  tasks.o(i.prvIdleTask)
    i.prvInitialiseTCBVariables              0x08004e28   Section        0  tasks.o(i.prvInitialiseTCBVariables)
    prvInitialiseTCBVariables                0x08004e29   Thumb Code   100  tasks.o(i.prvInitialiseTCBVariables)
    i.prvInitialiseTaskLists                 0x08004e8c   Section        0  tasks.o(i.prvInitialiseTaskLists)
    prvInitialiseTaskLists                   0x08004e8d   Thumb Code    70  tasks.o(i.prvInitialiseTaskLists)
    i.prvInsertBlockIntoFreeList             0x08004ef4   Section        0  heap_4.o(i.prvInsertBlockIntoFreeList)
    prvInsertBlockIntoFreeList               0x08004ef5   Thumb Code    96  heap_4.o(i.prvInsertBlockIntoFreeList)
    i.prvIsQueueFull                         0x08004f5c   Section        0  queue.o(i.prvIsQueueFull)
    prvIsQueueFull                           0x08004f5d   Thumb Code    30  queue.o(i.prvIsQueueFull)
    i.prvResetNextTaskUnblockTime            0x08004f7c   Section        0  tasks.o(i.prvResetNextTaskUnblockTime)
    prvResetNextTaskUnblockTime              0x08004f7d   Thumb Code    42  tasks.o(i.prvResetNextTaskUnblockTime)
    i.prvTaskExitError                       0x08004fb0   Section        0  port.o(i.prvTaskExitError)
    prvTaskExitError                         0x08004fb1   Thumb Code    32  port.o(i.prvTaskExitError)
    i.prvUnlockQueue                         0x08004fd4   Section        0  queue.o(i.prvUnlockQueue)
    prvUnlockQueue                           0x08004fd5   Thumb Code   126  queue.o(i.prvUnlockQueue)
    i.pvPortMalloc                           0x08005054   Section        0  heap_4.o(i.pvPortMalloc)
    i.pxPortInitialiseStack                  0x08005168   Section        0  port.o(i.pxPortInitialiseStack)
    i.uxListRemove                           0x08005188   Section        0  list.o(i.uxListRemove)
    i.vListInitialise                        0x080051b0   Section        0  list.o(i.vListInitialise)
    i.vListInitialiseItem                    0x080051ca   Section        0  list.o(i.vListInitialiseItem)
    i.vListInsert                            0x080051d0   Section        0  list.o(i.vListInsert)
    i.vListInsertEnd                         0x08005204   Section        0  list.o(i.vListInsertEnd)
    i.vPortEnterCritical                     0x0800521c   Section        0  port.o(i.vPortEnterCritical)
    i.vPortExitCritical                      0x08005260   Section        0  port.o(i.vPortExitCritical)
    i.vPortFree                              0x0800528c   Section        0  heap_4.o(i.vPortFree)
    i.vPortSetupTimerInterrupt               0x08005304   Section        0  port.o(i.vPortSetupTimerInterrupt)
    i.vPortYield                             0x08005318   Section        0  port.o(i.vPortYield)
    i.vSetupSysInfoTest                      0x08005330   Section        0  sysinfotest.o(i.vSetupSysInfoTest)
    i.vTaskControl                           0x08005348   Section        0  main.o(i.vTaskControl)
    vTaskControl                             0x08005349   Thumb Code    18  main.o(i.vTaskControl)
    i.vTaskDecision                          0x0800535c   Section        0  main.o(i.vTaskDecision)
    vTaskDecision                            0x0800535d   Thumb Code   164  main.o(i.vTaskDecision)
    i.vTaskDelay                             0x0800541c   Section        0  tasks.o(i.vTaskDelay)
    i.vTaskMissedYield                       0x0800548c   Section        0  tasks.o(i.vTaskMissedYield)
    i.vTaskPerception                        0x08005498   Section        0  main.o(i.vTaskPerception)
    vTaskPerception                          0x08005499   Thumb Code    14  main.o(i.vTaskPerception)
    i.vTaskPlaceOnEventList                  0x080054a8   Section        0  tasks.o(i.vTaskPlaceOnEventList)
    i.vTaskSetTimeOutState                   0x08005518   Section        0  tasks.o(i.vTaskSetTimeOutState)
    i.vTaskStartScheduler                    0x0800553c   Section        0  tasks.o(i.vTaskStartScheduler)
    i.vTaskSuspendAll                        0x080055a4   Section        0  tasks.o(i.vTaskSuspendAll)
    i.vTaskSwitchContext                     0x080055b4   Section        0  tasks.o(i.vTaskSwitchContext)
    i.xPortStartScheduler                    0x08005674   Section        0  port.o(i.xPortStartScheduler)
    i.xQueueCreateMutex                      0x08005714   Section        0  queue.o(i.xQueueCreateMutex)
    i.xQueueGenericSend                      0x08005760   Section        0  queue.o(i.xQueueGenericSend)
    i.xTaskCheckForTimeOut                   0x08005888   Section        0  tasks.o(i.xTaskCheckForTimeOut)
    i.xTaskGenericCreate                     0x080058fc   Section        0  tasks.o(i.xTaskGenericCreate)
    i.xTaskGetTickCount                      0x08005a34   Section        0  tasks.o(i.xTaskGetTickCount)
    i.xTaskIncrementTick                     0x08005a40   Section        0  tasks.o(i.xTaskIncrementTick)
    i.xTaskPriorityDisinherit                0x08005b7c   Section        0  tasks.o(i.xTaskPriorityDisinherit)
    i.xTaskRemoveFromEventList               0x08005c28   Section        0  tasks.o(i.xTaskRemoveFromEventList)
    i.xTaskResumeAll                         0x08005cb4   Section        0  tasks.o(i.xTaskResumeAll)
    .constdata                               0x08005d9c   Section       32  bsp_ir_decode.o(.constdata)
    .data                                    0x20000000   Section       24  main.o(.data)
    xHandleTaskDecision                      0x20000000   Data           4  main.o(.data)
    xHandleTaskControl                       0x20000004   Data           4  main.o(.data)
    xHandleTaskPerception                    0x20000008   Data           4  main.o(.data)
    xMutex                                   0x2000000c   Data           4  main.o(.data)
    keyProc                                  0x20000010   Data           8  main.o(.data)
    .data                                    0x20000018   Section        8  sysinfotest.o(.data)
    tick                                     0x2000001c   Data           4  sysinfotest.o(.data)
    .data                                    0x20000020   Section        8  bsp_motor.o(.data)
    vacuum                                   0x20000020   Data           8  bsp_motor.o(.data)
    .data                                    0x20000028   Section       10  bsp_control.o(.data)
    encoderPulseVector                       0x20000028   Data           8  bsp_control.o(.data)
    sampleIndex                              0x20000030   Data           2  bsp_control.o(.data)
    .data                                    0x20000034   Section        8  bsp_pump.o(.data)
    pump                                     0x20000034   Data           8  bsp_pump.o(.data)
    .data                                    0x2000003c   Section       16  bsp_timer.o(.data)
    s_TIM_CallBack1                          0x2000003c   Data           4  bsp_timer.o(.data)
    s_TIM_CallBack2                          0x20000040   Data           4  bsp_timer.o(.data)
    s_TIM_CallBack3                          0x20000044   Data           4  bsp_timer.o(.data)
    s_TIM_CallBack4                          0x20000048   Data           4  bsp_timer.o(.data)
    .data                                    0x2000004c   Section        1  bsp_ir_decode.o(.data)
    sss                                      0x2000004c   Data           1  bsp_ir_decode.o(.data)
    .data                                    0x2000004d   Section       20  stm32f10x_rcc.o(.data)
    APBAHBPrescTable                         0x2000004d   Data          16  stm32f10x_rcc.o(.data)
    ADCPrescTable                            0x2000005d   Data           4  stm32f10x_rcc.o(.data)
    .data                                    0x20000064   Section       20  system_stm32f10x.o(.data)
    .data                                    0x20000078   Section       64  tasks.o(.data)
    pxDelayedTaskList                        0x2000007c   Data           4  tasks.o(.data)
    pxOverflowDelayedTaskList                0x20000080   Data           4  tasks.o(.data)
    uxTasksDeleted                           0x20000084   Data           4  tasks.o(.data)
    uxCurrentNumberOfTasks                   0x20000088   Data           4  tasks.o(.data)
    xTickCount                               0x2000008c   Data           4  tasks.o(.data)
    uxTopReadyPriority                       0x20000090   Data           4  tasks.o(.data)
    xSchedulerRunning                        0x20000094   Data           4  tasks.o(.data)
    uxPendedTicks                            0x20000098   Data           4  tasks.o(.data)
    xYieldPending                            0x2000009c   Data           4  tasks.o(.data)
    xNumOfOverflows                          0x200000a0   Data           4  tasks.o(.data)
    uxTaskNumber                             0x200000a4   Data           4  tasks.o(.data)
    xNextTaskUnblockTime                     0x200000a8   Data           4  tasks.o(.data)
    uxSchedulerSuspended                     0x200000ac   Data           4  tasks.o(.data)
    ulTaskSwitchedInTime                     0x200000b0   Data           4  tasks.o(.data)
    ulTotalRunTime                           0x200000b4   Data           4  tasks.o(.data)
    .data                                    0x200000b8   Section       12  port.o(.data)
    uxCriticalNesting                        0x200000b8   Data           4  port.o(.data)
    ucMaxSysCallPriority                     0x200000bc   Data           1  port.o(.data)
    ulMaxPRIGROUPValue                       0x200000c0   Data           4  port.o(.data)
    .data                                    0x200000c4   Section       24  heap_4.o(.data)
    xStart                                   0x200000c4   Data           8  heap_4.o(.data)
    pxEnd                                    0x200000cc   Data           4  heap_4.o(.data)
    xFreeBytesRemaining                      0x200000d0   Data           4  heap_4.o(.data)
    xMinimumEverFreeBytesRemaining           0x200000d4   Data           4  heap_4.o(.data)
    xBlockAllocatedBit                       0x200000d8   Data           4  heap_4.o(.data)
    .data                                    0x200000dc   Section        4  stdout.o(.data)
    .bss                                     0x200000e0   Section     1066  bsp_angle.o(.bss)
    flashBuf                                 0x200000e0   Data        1024  bsp_angle.o(.bss)
    angle                                    0x200004e0   Data          28  bsp_angle.o(.bss)
    angleFrame                               0x200004fc   Data          14  bsp_angle.o(.bss)
    .bss                                     0x2000050c   Section     1166  bsp_detectact.o(.bss)
    flashBuf                                 0x2000050c   Data        1024  bsp_detectact.o(.bss)
    detectAct                                0x2000090c   Data          12  bsp_detectact.o(.bss)
    adcContrast                              0x20000918   Data          80  bsp_detectact.o(.bss)
    adcRealTime                              0x20000968   Data          40  bsp_detectact.o(.bss)
    adcIsSunlight                            0x20000990   Data          10  bsp_detectact.o(.bss)
    .bss                                     0x2000099c   Section     1040  bsp_encoder.o(.bss)
    flashBuf                                 0x2000099c   Data        1024  bsp_encoder.o(.bss)
    encoder                                  0x20000d9c   Data          16  bsp_encoder.o(.bss)
    .bss                                     0x20000dac   Section     1160  bsp_control.o(.bss)
    flashBuf                                 0x20000dac   Data        1024  bsp_control.o(.bss)
    pid                                      0x200011ac   Data          56  bsp_control.o(.bss)
    speed                                    0x200011e4   Data          80  bsp_control.o(.bss)
    .bss                                     0x20001234   Section     1080  bsp_cliffsw.o(.bss)
    flashBuf                                 0x20001234   Data        1024  bsp_cliffsw.o(.bss)
    cliff                                    0x20001634   Data          36  bsp_cliffsw.o(.bss)
    cliffTest                                0x20001658   Data          20  bsp_cliffsw.o(.bss)
    .bss                                     0x2000166c   Section     9376  bsp_uart_fifo.o(.bss)
    flashBuf                                 0x2000166c   Data        1024  bsp_uart_fifo.o(.bss)
    g_tUart1                                 0x20001a6c   Data          40  bsp_uart_fifo.o(.bss)
    g_TxBuf1                                 0x20001a94   Data        1024  bsp_uart_fifo.o(.bss)
    g_RxBuf1                                 0x20001e94   Data        1024  bsp_uart_fifo.o(.bss)
    g_tUart2                                 0x20002294   Data          40  bsp_uart_fifo.o(.bss)
    g_TxBuf2                                 0x200022bc   Data        1024  bsp_uart_fifo.o(.bss)
    g_RxBuf2                                 0x200026bc   Data        1024  bsp_uart_fifo.o(.bss)
    g_tUart3                                 0x20002abc   Data          40  bsp_uart_fifo.o(.bss)
    g_TxBuf3                                 0x20002ae4   Data        1024  bsp_uart_fifo.o(.bss)
    g_RxBuf3                                 0x20002ee4   Data        1024  bsp_uart_fifo.o(.bss)
    g_tUart4                                 0x200032e4   Data          40  bsp_uart_fifo.o(.bss)
    g_TxBuf4                                 0x2000330c   Data        1024  bsp_uart_fifo.o(.bss)
    g_RxBuf4                                 0x2000370c   Data        1024  bsp_uart_fifo.o(.bss)
    .bss                                     0x20003b0c   Section     1197  bsp_key.o(.bss)
    flashBuf                                 0x20003b0c   Data        1024  bsp_key.o(.bss)
    s_tBtn                                   0x20003f0c   Data         160  bsp_key.o(.bss)
    s_tKey                                   0x20003fac   Data          13  bsp_key.o(.bss)
    .bss                                     0x20003fbc   Section     1164  bsp_ir_decode.o(.bss)
    flashBuf                                 0x20003fbc   Data        1024  bsp_ir_decode.o(.bss)
    g_tIR                                    0x200043bc   Data         140  bsp_ir_decode.o(.bss)
    .bss                                     0x20004448   Section      200  tasks.o(.bss)
    pxReadyTasksLists                        0x20004448   Data         100  tasks.o(.bss)
    xDelayedTaskList1                        0x200044ac   Data          20  tasks.o(.bss)
    xDelayedTaskList2                        0x200044c0   Data          20  tasks.o(.bss)
    xPendingReadyList                        0x200044d4   Data          20  tasks.o(.bss)
    xTasksWaitingTermination                 0x200044e8   Data          20  tasks.o(.bss)
    xSuspendedTaskList                       0x200044fc   Data          20  tasks.o(.bss)
    .bss                                     0x20004510   Section    28672  heap_4.o(.bss)
    ucHeap                                   0x20004510   Data       28672  heap_4.o(.bss)
    STACK                                    0x2000b510   Section     2048  startup_stm32f10x_hd.o(STACK)

    Global Symbols

    Symbol Name                              Value     Ov Type        Size  Object(Section)

    BuildAttributes$$THM_ISAv4$P$D$K$B$S$PE$A:L22UL41UL21$X:L11$S22US41US21$IEEE1$IW$USESV6$~STKCKD$USESV7$~SHL$OTIME$ROPI$IEEEX$EBA8$MICROLIB$REQ8$PRES8$EABIv2 0x00000000   Number         0  anon$$obj.o ABSOLUTE
    __ARM_use_no_argv                        0x00000000   Number         0  main.o ABSOLUTE
    _printf_a                                0x00000000   Number         0  stubs.o ABSOLUTE
    _printf_c                                0x00000000   Number         0  stubs.o ABSOLUTE
    _printf_charcount                        0x00000000   Number         0  stubs.o ABSOLUTE
    _printf_d                                0x00000000   Number         0  stubs.o ABSOLUTE
    _printf_e                                0x00000000   Number         0  stubs.o ABSOLUTE
    _printf_f                                0x00000000   Number         0  stubs.o ABSOLUTE
    _printf_flags                            0x00000000   Number         0  stubs.o ABSOLUTE
    _printf_fp_dec                           0x00000000   Number         0  stubs.o ABSOLUTE
    _printf_fp_hex                           0x00000000   Number         0  stubs.o ABSOLUTE
    _printf_g                                0x00000000   Number         0  stubs.o ABSOLUTE
    _printf_i                                0x00000000   Number         0  stubs.o ABSOLUTE
    _printf_int_dec                          0x00000000   Number         0  stubs.o ABSOLUTE
    _printf_l                                0x00000000   Number         0  stubs.o ABSOLUTE
    _printf_lc                               0x00000000   Number         0  stubs.o ABSOLUTE
    _printf_ll                               0x00000000   Number         0  stubs.o ABSOLUTE
    _printf_lld                              0x00000000   Number         0  stubs.o ABSOLUTE
    _printf_lli                              0x00000000   Number         0  stubs.o ABSOLUTE
    _printf_llo                              0x00000000   Number         0  stubs.o ABSOLUTE
    _printf_llu                              0x00000000   Number         0  stubs.o ABSOLUTE
    _printf_llx                              0x00000000   Number         0  stubs.o ABSOLUTE
    _printf_longlong_dec                     0x00000000   Number         0  stubs.o ABSOLUTE
    _printf_longlong_hex                     0x00000000   Number         0  stubs.o ABSOLUTE
    _printf_longlong_oct                     0x00000000   Number         0  stubs.o ABSOLUTE
    _printf_ls                               0x00000000   Number         0  stubs.o ABSOLUTE
    _printf_mbtowc                           0x00000000   Number         0  stubs.o ABSOLUTE
    _printf_n                                0x00000000   Number         0  stubs.o ABSOLUTE
    _printf_o                                0x00000000   Number         0  stubs.o ABSOLUTE
    _printf_p                                0x00000000   Number         0  stubs.o ABSOLUTE
    _printf_percent                          0x00000000   Number         0  stubs.o ABSOLUTE
    _printf_pre_padding                      0x00000000   Number         0  stubs.o ABSOLUTE
    _printf_return_value                     0x00000000   Number         0  stubs.o ABSOLUTE
    _printf_s                                0x00000000   Number         0  stubs.o ABSOLUTE
    _printf_sizespec                         0x00000000   Number         0  stubs.o ABSOLUTE
    _printf_str                              0x00000000   Number         0  stubs.o ABSOLUTE
    _printf_truncate_signed                  0x00000000   Number         0  stubs.o ABSOLUTE
    _printf_truncate_unsigned                0x00000000   Number         0  stubs.o ABSOLUTE
    _printf_u                                0x00000000   Number         0  stubs.o ABSOLUTE
    _printf_wc                               0x00000000   Number         0  stubs.o ABSOLUTE
    _printf_wctomb                           0x00000000   Number         0  stubs.o ABSOLUTE
    _printf_widthprec                        0x00000000   Number         0  stubs.o ABSOLUTE
    _printf_x                                0x00000000   Number         0  stubs.o ABSOLUTE
    __cpp_initialize__aeabi_                  - Undefined Weak Reference
    __cxa_finalize                            - Undefined Weak Reference
    __decompress                              - Undefined Weak Reference
    _clock_init                               - Undefined Weak Reference
    _microlib_exit                            - Undefined Weak Reference
    __Vectors_Size                           0x00000130   Number         0  startup_stm32f10x_hd.o ABSOLUTE
    __Vectors                                0x08000000   Data           4  startup_stm32f10x_hd.o(RESET)
    __Vectors_End                            0x08000130   Data           0  startup_stm32f10x_hd.o(RESET)
    __main                                   0x08000131   Thumb Code     0  entry.o(.ARM.Collect$$$$00000000)
    _main_stk                                0x08000131   Thumb Code     0  entry2.o(.ARM.Collect$$$$00000001)
    _main_scatterload                        0x08000135   Thumb Code     0  entry5.o(.ARM.Collect$$$$00000004)
    __main_after_scatterload                 0x08000139   Thumb Code     0  entry5.o(.ARM.Collect$$$$00000004)
    _main_clock                              0x08000139   Thumb Code     0  entry7b.o(.ARM.Collect$$$$00000008)
    _main_cpp_init                           0x08000139   Thumb Code     0  entry8b.o(.ARM.Collect$$$$0000000A)
    _main_init                               0x08000139   Thumb Code     0  entry9a.o(.ARM.Collect$$$$0000000B)
    __rt_final_cpp                           0x08000141   Thumb Code     0  entry10a.o(.ARM.Collect$$$$0000000D)
    __rt_final_exit                          0x08000141   Thumb Code     0  entry11a.o(.ARM.Collect$$$$0000000F)
    SVC_Handler                              0x08000145   Thumb Code    32  port.o(.emb_text)
    __asm___6_port_c_39a90d8d__prvStartFirstTask 0x08000169   Thumb Code    28  port.o(.emb_text)
    PendSV_Handler                           0x08000189   Thumb Code    64  port.o(.emb_text)
    ulPortSetInterruptMask                   0x080001cd   Thumb Code    14  port.o(.emb_text)
    vPortClearInterruptMask                  0x080001db   Thumb Code     6  port.o(.emb_text)
    vPortGetIPSR                             0x080001e1   Thumb Code     6  port.o(.emb_text)
    Reset_Handler                            0x080001e9   Thumb Code     8  startup_stm32f10x_hd.o(.text)
    ADC1_2_IRQHandler                        0x08000203   Thumb Code     0  startup_stm32f10x_hd.o(.text)
    ADC3_IRQHandler                          0x08000203   Thumb Code     0  startup_stm32f10x_hd.o(.text)
    CAN1_RX1_IRQHandler                      0x08000203   Thumb Code     0  startup_stm32f10x_hd.o(.text)
    CAN1_SCE_IRQHandler                      0x08000203   Thumb Code     0  startup_stm32f10x_hd.o(.text)
    DMA1_Channel1_IRQHandler                 0x08000203   Thumb Code     0  startup_stm32f10x_hd.o(.text)
    DMA1_Channel2_IRQHandler                 0x08000203   Thumb Code     0  startup_stm32f10x_hd.o(.text)
    DMA1_Channel3_IRQHandler                 0x08000203   Thumb Code     0  startup_stm32f10x_hd.o(.text)
    DMA1_Channel4_IRQHandler                 0x08000203   Thumb Code     0  startup_stm32f10x_hd.o(.text)
    DMA1_Channel5_IRQHandler                 0x08000203   Thumb Code     0  startup_stm32f10x_hd.o(.text)
    DMA1_Channel6_IRQHandler                 0x08000203   Thumb Code     0  startup_stm32f10x_hd.o(.text)
    DMA1_Channel7_IRQHandler                 0x08000203   Thumb Code     0  startup_stm32f10x_hd.o(.text)
    DMA2_Channel1_IRQHandler                 0x08000203   Thumb Code     0  startup_stm32f10x_hd.o(.text)
    DMA2_Channel2_IRQHandler                 0x08000203   Thumb Code     0  startup_stm32f10x_hd.o(.text)
    DMA2_Channel3_IRQHandler                 0x08000203   Thumb Code     0  startup_stm32f10x_hd.o(.text)
    DMA2_Channel4_5_IRQHandler               0x08000203   Thumb Code     0  startup_stm32f10x_hd.o(.text)
    EXTI0_IRQHandler                         0x08000203   Thumb Code     0  startup_stm32f10x_hd.o(.text)
    EXTI1_IRQHandler                         0x08000203   Thumb Code     0  startup_stm32f10x_hd.o(.text)
    EXTI2_IRQHandler                         0x08000203   Thumb Code     0  startup_stm32f10x_hd.o(.text)
    EXTI4_IRQHandler                         0x08000203   Thumb Code     0  startup_stm32f10x_hd.o(.text)
    FLASH_IRQHandler                         0x08000203   Thumb Code     0  startup_stm32f10x_hd.o(.text)
    FSMC_IRQHandler                          0x08000203   Thumb Code     0  startup_stm32f10x_hd.o(.text)
    I2C1_ER_IRQHandler                       0x08000203   Thumb Code     0  startup_stm32f10x_hd.o(.text)
    I2C1_EV_IRQHandler                       0x08000203   Thumb Code     0  startup_stm32f10x_hd.o(.text)
    I2C2_ER_IRQHandler                       0x08000203   Thumb Code     0  startup_stm32f10x_hd.o(.text)
    I2C2_EV_IRQHandler                       0x08000203   Thumb Code     0  startup_stm32f10x_hd.o(.text)
    PVD_IRQHandler                           0x08000203   Thumb Code     0  startup_stm32f10x_hd.o(.text)
    RCC_IRQHandler                           0x08000203   Thumb Code     0  startup_stm32f10x_hd.o(.text)
    RTCAlarm_IRQHandler                      0x08000203   Thumb Code     0  startup_stm32f10x_hd.o(.text)
    RTC_IRQHandler                           0x08000203   Thumb Code     0  startup_stm32f10x_hd.o(.text)
    SDIO_IRQHandler                          0x08000203   Thumb Code     0  startup_stm32f10x_hd.o(.text)
    SPI1_IRQHandler                          0x08000203   Thumb Code     0  startup_stm32f10x_hd.o(.text)
    SPI2_IRQHandler                          0x08000203   Thumb Code     0  startup_stm32f10x_hd.o(.text)
    SPI3_IRQHandler                          0x08000203   Thumb Code     0  startup_stm32f10x_hd.o(.text)
    TAMPER_IRQHandler                        0x08000203   Thumb Code     0  startup_stm32f10x_hd.o(.text)
    TIM1_BRK_IRQHandler                      0x08000203   Thumb Code     0  startup_stm32f10x_hd.o(.text)
    TIM1_CC_IRQHandler                       0x08000203   Thumb Code     0  startup_stm32f10x_hd.o(.text)
    TIM1_TRG_COM_IRQHandler                  0x08000203   Thumb Code     0  startup_stm32f10x_hd.o(.text)
    TIM1_UP_IRQHandler                       0x08000203   Thumb Code     0  startup_stm32f10x_hd.o(.text)
    TIM2_IRQHandler                          0x08000203   Thumb Code     0  startup_stm32f10x_hd.o(.text)
    TIM4_IRQHandler                          0x08000203   Thumb Code     0  startup_stm32f10x_hd.o(.text)
    TIM7_IRQHandler                          0x08000203   Thumb Code     0  startup_stm32f10x_hd.o(.text)
    TIM8_BRK_IRQHandler                      0x08000203   Thumb Code     0  startup_stm32f10x_hd.o(.text)
    TIM8_CC_IRQHandler                       0x08000203   Thumb Code     0  startup_stm32f10x_hd.o(.text)
    TIM8_TRG_COM_IRQHandler                  0x08000203   Thumb Code     0  startup_stm32f10x_hd.o(.text)
    TIM8_UP_IRQHandler                       0x08000203   Thumb Code     0  startup_stm32f10x_hd.o(.text)
    UART5_IRQHandler                         0x08000203   Thumb Code     0  startup_stm32f10x_hd.o(.text)
    USBWakeUp_IRQHandler                     0x08000203   Thumb Code     0  startup_stm32f10x_hd.o(.text)
    USB_HP_CAN1_TX_IRQHandler                0x08000203   Thumb Code     0  startup_stm32f10x_hd.o(.text)
    USB_LP_CAN1_RX0_IRQHandler               0x08000203   Thumb Code     0  startup_stm32f10x_hd.o(.text)
    WWDG_IRQHandler                          0x08000203   Thumb Code     0  startup_stm32f10x_hd.o(.text)
    __aeabi_memcpy                           0x0800020d   Thumb Code    36  memcpya.o(.text)
    __aeabi_memcpy4                          0x0800020d   Thumb Code     0  memcpya.o(.text)
    __aeabi_memcpy8                          0x0800020d   Thumb Code     0  memcpya.o(.text)
    __aeabi_memset                           0x08000231   Thumb Code    14  memseta.o(.text)
    __aeabi_memset4                          0x08000231   Thumb Code     0  memseta.o(.text)
    __aeabi_memset8                          0x08000231   Thumb Code     0  memseta.o(.text)
    __aeabi_memclr                           0x0800023f   Thumb Code     4  memseta.o(.text)
    __aeabi_memclr4                          0x0800023f   Thumb Code     0  memseta.o(.text)
    __aeabi_memclr8                          0x0800023f   Thumb Code     0  memseta.o(.text)
    _memset$wrapper                          0x08000243   Thumb Code    18  memseta.o(.text)
    __aeabi_fadd                             0x08000255   Thumb Code   164  fadd.o(.text)
    __aeabi_fsub                             0x080002f9   Thumb Code     6  fadd.o(.text)
    __aeabi_frsub                            0x080002ff   Thumb Code     6  fadd.o(.text)
    __aeabi_fmul                             0x08000305   Thumb Code   100  fmul.o(.text)
    __aeabi_fdiv                             0x08000369   Thumb Code   124  fdiv.o(.text)
    __aeabi_dadd                             0x080003e5   Thumb Code   322  dadd.o(.text)
    __aeabi_dsub                             0x08000527   Thumb Code     6  dadd.o(.text)
    __aeabi_drsub                            0x0800052d   Thumb Code     6  dadd.o(.text)
    __aeabi_ddiv                             0x08000533   Thumb Code   222  ddiv.o(.text)
    __aeabi_i2f                              0x08000611   Thumb Code    18  fflti.o(.text)
    __aeabi_ui2f                             0x08000623   Thumb Code    10  ffltui.o(.text)
    __aeabi_f2iz                             0x0800062d   Thumb Code    50  ffixi.o(.text)
    __aeabi_f2d                              0x0800065f   Thumb Code    38  f2d.o(.text)
    __aeabi_d2f                              0x08000685   Thumb Code    56  d2f.o(.text)
    __aeabi_cfcmpeq                          0x080006bd   Thumb Code     0  cfcmple.o(.text)
    __aeabi_cfcmple                          0x080006bd   Thumb Code    20  cfcmple.o(.text)
    __aeabi_uldivmod                         0x080006d1   Thumb Code    98  uldiv.o(.text)
    __aeabi_llsl                             0x08000733   Thumb Code    30  llshl.o(.text)
    _ll_shift_l                              0x08000733   Thumb Code     0  llshl.o(.text)
    __aeabi_llsr                             0x08000751   Thumb Code    32  llushr.o(.text)
    _ll_ushift_r                             0x08000751   Thumb Code     0  llushr.o(.text)
    __aeabi_lasr                             0x08000771   Thumb Code    36  llsshr.o(.text)
    _ll_sshift_r                             0x08000771   Thumb Code     0  llsshr.o(.text)
    __I$use$fp                               0x08000795   Thumb Code     0  iusefp.o(.text)
    _float_round                             0x08000795   Thumb Code    18  fepilogue.o(.text)
    _float_epilogue                          0x080007a7   Thumb Code    92  fepilogue.o(.text)
    _double_round                            0x08000803   Thumb Code    30  depilogue.o(.text)
    _double_epilogue                         0x08000821   Thumb Code   156  depilogue.o(.text)
    __scatterload                            0x080008bd   Thumb Code    28  init.o(.text)
    __scatterload_rt2                        0x080008bd   Thumb Code     0  init.o(.text)
    ADC_Cmd                                  0x080008e1   Thumb Code    22  stm32f10x_adc.o(i.ADC_Cmd)
    ADC_DeInit                               0x080008f9   Thumb Code    78  stm32f10x_adc.o(i.ADC_DeInit)
    ADC_GetCalibrationStatus                 0x08000955   Thumb Code    20  stm32f10x_adc.o(i.ADC_GetCalibrationStatus)
    ADC_GetConversionValue                   0x08000969   Thumb Code     8  stm32f10x_adc.o(i.ADC_GetConversionValue)
    ADC_GetFlagStatus                        0x08000971   Thumb Code    18  stm32f10x_adc.o(i.ADC_GetFlagStatus)
    ADC_GetResetCalibrationStatus            0x08000983   Thumb Code    20  stm32f10x_adc.o(i.ADC_GetResetCalibrationStatus)
    ADC_Init                                 0x08000999   Thumb Code    70  stm32f10x_adc.o(i.ADC_Init)
    ADC_RegularChannelConfig                 0x080009e9   Thumb Code   184  stm32f10x_adc.o(i.ADC_RegularChannelConfig)
    ADC_ResetCalibration                     0x08000aa1   Thumb Code    10  stm32f10x_adc.o(i.ADC_ResetCalibration)
    ADC_SoftwareStartConvCmd                 0x08000aab   Thumb Code    22  stm32f10x_adc.o(i.ADC_SoftwareStartConvCmd)
    ADC_StartCalibration                     0x08000ac1   Thumb Code    10  stm32f10x_adc.o(i.ADC_StartCalibration)
    BusFault_Handler                         0x08000b81   Thumb Code     4  stm32f10x_it.o(i.BusFault_Handler)
    ComToUart                                0x08000b85   Thumb Code    44  bsp_uart_fifo.o(i.ComToUart)
    DBGMCU_Config                            0x08000c3d   Thumb Code    26  stm32f10x_dbgmcu.o(i.DBGMCU_Config)
    DebugMon_Handler                         0x08000c5d   Thumb Code     2  stm32f10x_it.o(i.DebugMon_Handler)
    EXTI15_10_IRQHandler                     0x08000c61   Thumb Code    40  bsp_encoder.o(i.EXTI15_10_IRQHandler)
    EXTI3_IRQHandler                         0x08000c8d   Thumb Code    36  bsp_encoder.o(i.EXTI3_IRQHandler)
    EXTI9_5_IRQHandler                       0x08000cb5   Thumb Code    54  bsp_stopmode.o(i.EXTI9_5_IRQHandler)
    EXTI_ClearITPendingBit                   0x08000cf5   Thumb Code     6  stm32f10x_exti.o(i.EXTI_ClearITPendingBit)
    EXTI_GetITStatus                         0x08000d01   Thumb Code    34  stm32f10x_exti.o(i.EXTI_GetITStatus)
    EXTI_Init                                0x08000d29   Thumb Code   142  stm32f10x_exti.o(i.EXTI_Init)
    GPIO_EXTILineConfig                      0x08000dbd   Thumb Code    60  stm32f10x_gpio.o(i.GPIO_EXTILineConfig)
    GPIO_Init                                0x08000dfd   Thumb Code   278  stm32f10x_gpio.o(i.GPIO_Init)
    GPIO_PinRemapConfig                      0x08000f15   Thumb Code   138  stm32f10x_gpio.o(i.GPIO_PinRemapConfig)
    GPIO_ResetBits                           0x08000fa5   Thumb Code     4  stm32f10x_gpio.o(i.GPIO_ResetBits)
    GPIO_SetBits                             0x08000fa9   Thumb Code     4  stm32f10x_gpio.o(i.GPIO_SetBits)
    HardFault_Handler                        0x08000fad   Thumb Code    40  stm32f10x_it.o(i.HardFault_Handler)
    IWDG_Enable                              0x08001005   Thumb Code    10  stm32f10x_iwdg.o(i.IWDG_Enable)
    IWDG_ReloadCounter                       0x08001015   Thumb Code    10  stm32f10x_iwdg.o(i.IWDG_ReloadCounter)
    IWDG_SetPrescaler                        0x08001025   Thumb Code     6  stm32f10x_iwdg.o(i.IWDG_SetPrescaler)
    IWDG_SetReload                           0x08001031   Thumb Code     6  stm32f10x_iwdg.o(i.IWDG_SetReload)
    IWDG_WriteAccessCmd                      0x0800103d   Thumb Code     6  stm32f10x_iwdg.o(i.IWDG_WriteAccessCmd)
    MemManage_Handler                        0x08001401   Thumb Code     4  stm32f10x_it.o(i.MemManage_Handler)
    NMI_Handler                              0x08001405   Thumb Code     2  stm32f10x_it.o(i.NMI_Handler)
    NVIC_Init                                0x08001409   Thumb Code   100  misc.o(i.NVIC_Init)
    NVIC_PriorityGroupConfig                 0x08001479   Thumb Code    10  misc.o(i.NVIC_PriorityGroupConfig)
    RCC_ADCCLKConfig                         0x0800148d   Thumb Code    18  stm32f10x_rcc.o(i.RCC_ADCCLKConfig)
    RCC_APB1PeriphClockCmd                   0x080014a5   Thumb Code    26  stm32f10x_rcc.o(i.RCC_APB1PeriphClockCmd)
    RCC_APB2PeriphClockCmd                   0x080014c5   Thumb Code    26  stm32f10x_rcc.o(i.RCC_APB2PeriphClockCmd)
    RCC_APB2PeriphResetCmd                   0x080014e5   Thumb Code    26  stm32f10x_rcc.o(i.RCC_APB2PeriphResetCmd)
    RCC_GetClocksFreq                        0x08001505   Thumb Code   192  stm32f10x_rcc.o(i.RCC_GetClocksFreq)
    RS485_ReciveNew                          0x080015d9   Thumb Code    12  bsp_uart_fifo.o(i.RS485_ReciveNew)
    SysTick_Handler                          0x080016cd   Thumb Code    28  port.o(i.SysTick_Handler)
    SystemInit                               0x080016ed   Thumb Code    78  system_stm32f10x.o(i.SystemInit)
    TIM3_IRQHandler                          0x0800198d   Thumb Code   142  bsp_ir_decode.o(i.TIM3_IRQHandler)
    TIM5_IRQHandler                          0x08001a21   Thumb Code   140  bsp_timer.o(i.TIM5_IRQHandler)
    TIM6_IRQHandler                          0x08001ac1   Thumb Code    62  sysinfotest.o(i.TIM6_IRQHandler)
    TIM_ARRPreloadConfig                     0x08001b0d   Thumb Code    24  stm32f10x_tim.o(i.TIM_ARRPreloadConfig)
    TIM_ClearITPendingBit                    0x08001b25   Thumb Code     6  stm32f10x_tim.o(i.TIM_ClearITPendingBit)
    TIM_Cmd                                  0x08001b2b   Thumb Code    24  stm32f10x_tim.o(i.TIM_Cmd)
    TIM_CtrlPWMOutputs                       0x08001b43   Thumb Code    30  stm32f10x_tim.o(i.TIM_CtrlPWMOutputs)
    TIM_GetCapture1                          0x08001b61   Thumb Code     6  stm32f10x_tim.o(i.TIM_GetCapture1)
    TIM_GetCapture2                          0x08001b67   Thumb Code     6  stm32f10x_tim.o(i.TIM_GetCapture2)
    TIM_GetCapture3                          0x08001b6d   Thumb Code     6  stm32f10x_tim.o(i.TIM_GetCapture3)
    TIM_GetCapture4                          0x08001b73   Thumb Code     8  stm32f10x_tim.o(i.TIM_GetCapture4)
    TIM_GetCounter                           0x08001b7b   Thumb Code     6  stm32f10x_tim.o(i.TIM_GetCounter)
    TIM_GetITStatus                          0x08001b81   Thumb Code    34  stm32f10x_tim.o(i.TIM_GetITStatus)
    TIM_ICInit                               0x08001ba5   Thumb Code   150  stm32f10x_tim.o(i.TIM_ICInit)
    TIM_ITConfig                             0x08001c51   Thumb Code    18  stm32f10x_tim.o(i.TIM_ITConfig)
    TIM_OC1Init                              0x08001c65   Thumb Code   132  stm32f10x_tim.o(i.TIM_OC1Init)
    TIM_OC1PreloadConfig                     0x08001cfd   Thumb Code    18  stm32f10x_tim.o(i.TIM_OC1PreloadConfig)
    TIM_OC2Init                              0x08001d11   Thumb Code   154  stm32f10x_tim.o(i.TIM_OC2Init)
    TIM_OC2PreloadConfig                     0x08001db5   Thumb Code    26  stm32f10x_tim.o(i.TIM_OC2PreloadConfig)
    TIM_OC3Init                              0x08001dd1   Thumb Code   150  stm32f10x_tim.o(i.TIM_OC3Init)
    TIM_OC3PreloadConfig                     0x08001e71   Thumb Code    18  stm32f10x_tim.o(i.TIM_OC3PreloadConfig)
    TIM_OC4Init                              0x08001e85   Thumb Code   114  stm32f10x_tim.o(i.TIM_OC4Init)
    TIM_OC4PreloadConfig                     0x08001f01   Thumb Code    26  stm32f10x_tim.o(i.TIM_OC4PreloadConfig)
    TIM_SetCompare1                          0x08001f1b   Thumb Code     4  stm32f10x_tim.o(i.TIM_SetCompare1)
    TIM_SetCompare2                          0x08001f1f   Thumb Code     4  stm32f10x_tim.o(i.TIM_SetCompare2)
    TIM_SetCompare3                          0x08001f23   Thumb Code     4  stm32f10x_tim.o(i.TIM_SetCompare3)
    TIM_SetCompare4                          0x08001f27   Thumb Code     6  stm32f10x_tim.o(i.TIM_SetCompare4)
    TIM_SetIC1Prescaler                      0x08001f2d   Thumb Code    18  stm32f10x_tim.o(i.TIM_SetIC1Prescaler)
    TIM_SetIC2Prescaler                      0x08001f3f   Thumb Code    26  stm32f10x_tim.o(i.TIM_SetIC2Prescaler)
    TIM_SetIC3Prescaler                      0x08001f59   Thumb Code    18  stm32f10x_tim.o(i.TIM_SetIC3Prescaler)
    TIM_SetIC4Prescaler                      0x08001f6b   Thumb Code    26  stm32f10x_tim.o(i.TIM_SetIC4Prescaler)
    TIM_TimeBaseInit                         0x08001f85   Thumb Code   122  stm32f10x_tim.o(i.TIM_TimeBaseInit)
    UART4_IRQHandler                         0x08002029   Thumb Code    10  bsp_uart_fifo.o(i.UART4_IRQHandler)
    USART1_IRQHandler                        0x08002039   Thumb Code    10  bsp_uart_fifo.o(i.USART1_IRQHandler)
    USART2_IRQHandler                        0x08002049   Thumb Code    10  bsp_uart_fifo.o(i.USART2_IRQHandler)
    USART3_IRQHandler                        0x08002059   Thumb Code    10  bsp_uart_fifo.o(i.USART3_IRQHandler)
    USART_ClearFlag                          0x08002069   Thumb Code    18  stm32f10x_usart.o(i.USART_ClearFlag)
    USART_Cmd                                0x0800207b   Thumb Code    24  stm32f10x_usart.o(i.USART_Cmd)
    USART_GetITStatus                        0x08002093   Thumb Code    84  stm32f10x_usart.o(i.USART_GetITStatus)
    USART_ITConfig                           0x080020e7   Thumb Code    74  stm32f10x_usart.o(i.USART_ITConfig)
    USART_Init                               0x08002131   Thumb Code   210  stm32f10x_usart.o(i.USART_Init)
    USART_ReceiveData                        0x08002209   Thumb Code    10  stm32f10x_usart.o(i.USART_ReceiveData)
    USART_SendData                           0x08002213   Thumb Code     8  stm32f10x_usart.o(i.USART_SendData)
    UsageFault_Handler                       0x08002465   Thumb Code     4  stm32f10x_it.o(i.UsageFault_Handler)
    __0printf$8                              0x08002469   Thumb Code    22  printf8.o(i.__0printf$8)
    __1printf$8                              0x08002469   Thumb Code     0  printf8.o(i.__0printf$8)
    __2printf                                0x08002469   Thumb Code     0  printf8.o(i.__0printf$8)
    __scatterload_copy                       0x08002489   Thumb Code    14  handlers.o(i.__scatterload_copy)
    __scatterload_null                       0x08002497   Thumb Code     2  handlers.o(i.__scatterload_null)
    __scatterload_zeroinit                   0x08002499   Thumb Code    14  handlers.o(i.__scatterload_zeroinit)
    bsp_AngleRevByte                         0x08002b01   Thumb Code    48  bsp_angle.o(i.bsp_AngleRevByte)
    bsp_CliffCalibration                     0x08002b65   Thumb Code   218  bsp_cliffsw.o(i.bsp_CliffCalibration)
    bsp_DelayMS                              0x08002c4d   Thumb Code    18  bsp_dwt.o(i.bsp_DelayMS)
    bsp_DelayUS                              0x08002c61   Thumb Code    36  bsp_dwt.o(i.bsp_DelayUS)
    bsp_EncoderGetPulseT                     0x08002e39   Thumb Code    24  bsp_encoder.o(i.bsp_EncoderGetPulseT)
    bsp_GetCliffVoltage                      0x08002e55   Thumb Code   232  bsp_cliffsw.o(i.bsp_GetCliffVoltage)
    bsp_GetKey                               0x08002f49   Thumb Code    46  bsp_key.o(i.bsp_GetKey)
    bsp_GetRCCofTIM                          0x08002f7d   Thumb Code   150  bsp_tim_pwm.o(i.bsp_GetRCCofTIM)
    bsp_IRD_StartWork                        0x08003251   Thumb Code   338  bsp_ir_decode.o(i.bsp_IRD_StartWork)
    bsp_Init                                 0x080035e5   Thumb Code   124  bsp.o(i.bsp_Init)
    bsp_InitAW9523B                          0x08003671   Thumb Code    28  bsp_aw9523b.o(i.bsp_InitAW9523B)
    bsp_InitAngle                            0x0800368d   Thumb Code    40  bsp_angle.o(i.bsp_InitAngle)
    bsp_InitCliffSW                          0x080036b9   Thumb Code   422  bsp_cliffsw.o(i.bsp_InitCliffSW)
    bsp_InitCollision                        0x08003871   Thumb Code    54  bsp_collision.o(i.bsp_InitCollision)
    bsp_InitDWT                              0x080038b1   Thumb Code    30  bsp_dwt.o(i.bsp_InitDWT)
    bsp_InitDetectAct                        0x080038d9   Thumb Code    22  bsp_detectact.o(i.bsp_InitDetectAct)
    bsp_InitEncoder                          0x080038f5   Thumb Code     8  bsp_encoder.o(i.bsp_InitEncoder)
    bsp_InitFormAwaken                       0x080038fd   Thumb Code   120  bsp.o(i.bsp_InitFormAwaken)
    bsp_InitHardTimer                        0x08003995   Thumb Code    94  bsp_timer.o(i.bsp_InitHardTimer)
    bsp_InitI2C                              0x08003a01   Thumb Code    56  bsp_i2c_gpio.o(i.bsp_InitI2C)
    bsp_InitIWDG                             0x08003a3d   Thumb Code    14  bsp_iwdg.o(i.bsp_InitIWDG)
    bsp_InitKey                              0x08003a4b   Thumb Code    12  bsp_key.o(i.bsp_InitKey)
    bsp_InitLed                              0x08003b95   Thumb Code   146  bsp_led.o(i.bsp_InitLed)
    bsp_InitMotor                            0x08003c35   Thumb Code    28  bsp_motor.o(i.bsp_InitMotor)
    bsp_InitPid                              0x08003c51   Thumb Code    56  bsp_control.o(i.bsp_InitPid)
    bsp_InitPinPulse                         0x08003c95   Thumb Code    38  bsp_pulsemark.o(i.bsp_InitPinPulse)
    bsp_InitPump                             0x08003cc1   Thumb Code    12  bsp_pump.o(i.bsp_InitPump)
    bsp_InitSW                               0x08003d6d   Thumb Code   122  bsp_powerswitch.o(i.bsp_InitSW)
    bsp_InitSpeaker                          0x08003df5   Thumb Code    72  bsp_speaker.o(i.bsp_InitSpeaker)
    bsp_InitUart                             0x0800402d   Thumb Code    16  bsp_uart_fifo.o(i.bsp_InitUart)
    bsp_KeyScan                              0x08004071   Thumb Code    22  bsp_key.o(i.bsp_KeyScan)
    bsp_LedOff                               0x08004089   Thumb Code    74  bsp_led.o(i.bsp_LedOff)
    bsp_LedOn                                0x080040e1   Thumb Code    74  bsp_led.o(i.bsp_LedOn)
    bsp_LedToggle                            0x08004139   Thumb Code   108  bsp_led.o(i.bsp_LedToggle)
    bsp_MotorCleanSetPWM                     0x080041ed   Thumb Code    96  bsp_motor.o(i.bsp_MotorCleanSetPWM)
    bsp_MotorSetPWM                          0x08004251   Thumb Code    96  bsp_motor.o(i.bsp_MotorSetPWM)
    bsp_PidSched                             0x08004541   Thumb Code    44  bsp_control.o(i.bsp_PidSched)
    bsp_PumpRun                              0x08004571   Thumb Code   126  bsp_pump.o(i.bsp_PumpRun)
    bsp_PutKey                               0x080045f9   Thumb Code    28  bsp_key.o(i.bsp_PutKey)
    bsp_SetMotorSpeed                        0x0800463d   Thumb Code    18  bsp_control.o(i.bsp_SetMotorSpeed)
    bsp_SetTIMforInt                         0x08004655   Thumb Code   478  bsp_tim_pwm.o(i.bsp_SetTIMforInt)
    bsp_StartHardTimer                       0x08004861   Thumb Code   180  bsp_timer.o(i.bsp_StartHardTimer)
    bsp_StartPumpRun                         0x08004929   Thumb Code    14  bsp_pump.o(i.bsp_StartPumpRun)
    bsp_StopPumpRun                          0x0800493d   Thumb Code    22  bsp_pump.o(i.bsp_StopPumpRun)
    bsp_SwOff                                0x0800495d   Thumb Code    72  bsp_powerswitch.o(i.bsp_SwOff)
    bsp_SwOn                                 0x080049b1   Thumb Code    72  bsp_powerswitch.o(i.bsp_SwOn)
    bsp_VacuumClean                          0x08004a05   Thumb Code    74  bsp_motor.o(i.bsp_VacuumClean)
    comSendBuf                               0x08004a59   Thumb Code    46  bsp_uart_fifo.o(i.comSendBuf)
    comSendChar                              0x08004a87   Thumb Code    16  bsp_uart_fifo.o(i.comSendChar)
    fputc                                    0x08004a97   Thumb Code    18  bsp_uart_fifo.o(i.fputc)
    i2c_CheckDevice                          0x08004aa9   Thumb Code    52  bsp_i2c_gpio.o(i.i2c_CheckDevice)
    i2c_SendByte                             0x08004af1   Thumb Code    80  bsp_i2c_gpio.o(i.i2c_SendByte)
    i2c_Start                                0x08004b45   Thumb Code    42  bsp_i2c_gpio.o(i.i2c_Start)
    i2c_Stop                                 0x08004b75   Thumb Code    32  bsp_i2c_gpio.o(i.i2c_Stop)
    i2c_WaitAck                              0x08004b99   Thumb Code    56  bsp_i2c_gpio.o(i.i2c_WaitAck)
    main                                     0x08004bd5   Thumb Code    32  main.o(i.main)
    pvPortMalloc                             0x08005055   Thumb Code   254  heap_4.o(i.pvPortMalloc)
    pxPortInitialiseStack                    0x08005169   Thumb Code    26  port.o(i.pxPortInitialiseStack)
    uxListRemove                             0x08005189   Thumb Code    40  list.o(i.uxListRemove)
    vListInitialise                          0x080051b1   Thumb Code    26  list.o(i.vListInitialise)
    vListInitialiseItem                      0x080051cb   Thumb Code     6  list.o(i.vListInitialiseItem)
    vListInsert                              0x080051d1   Thumb Code    52  list.o(i.vListInsert)
    vListInsertEnd                           0x08005205   Thumb Code    24  list.o(i.vListInsertEnd)
    vPortEnterCritical                       0x0800521d   Thumb Code    58  port.o(i.vPortEnterCritical)
    vPortExitCritical                        0x08005261   Thumb Code    40  port.o(i.vPortExitCritical)
    vPortFree                                0x0800528d   Thumb Code   112  heap_4.o(i.vPortFree)
    vPortSetupTimerInterrupt                 0x08005305   Thumb Code    14  port.o(i.vPortSetupTimerInterrupt)
    vPortYield                               0x08005319   Thumb Code    18  port.o(i.vPortYield)
    vSetupSysInfoTest                        0x08005331   Thumb Code    18  sysinfotest.o(i.vSetupSysInfoTest)
    vTaskDelay                               0x0800541d   Thumb Code    94  tasks.o(i.vTaskDelay)
    vTaskMissedYield                         0x0800548d   Thumb Code     8  tasks.o(i.vTaskMissedYield)
    vTaskPlaceOnEventList                    0x080054a9   Thumb Code    94  tasks.o(i.vTaskPlaceOnEventList)
    vTaskSetTimeOutState                     0x08005519   Thumb Code    28  tasks.o(i.vTaskSetTimeOutState)
    vTaskStartScheduler                      0x0800553d   Thumb Code    74  tasks.o(i.vTaskStartScheduler)
    vTaskSuspendAll                          0x080055a5   Thumb Code    12  tasks.o(i.vTaskSuspendAll)
    vTaskSwitchContext                       0x080055b5   Thumb Code   158  tasks.o(i.vTaskSwitchContext)
    xPortStartScheduler                      0x08005675   Thumb Code   140  port.o(i.xPortStartScheduler)
    xQueueCreateMutex                        0x08005715   Thumb Code    76  queue.o(i.xQueueCreateMutex)
    xQueueGenericSend                        0x08005761   Thumb Code   296  queue.o(i.xQueueGenericSend)
    xTaskCheckForTimeOut                     0x08005889   Thumb Code   108  tasks.o(i.xTaskCheckForTimeOut)
    xTaskGenericCreate                       0x080058fd   Thumb Code   288  tasks.o(i.xTaskGenericCreate)
    xTaskGetTickCount                        0x08005a35   Thumb Code     6  tasks.o(i.xTaskGetTickCount)
    xTaskIncrementTick                       0x08005a41   Thumb Code   272  tasks.o(i.xTaskIncrementTick)
    xTaskPriorityDisinherit                  0x08005b7d   Thumb Code   160  tasks.o(i.xTaskPriorityDisinherit)
    xTaskRemoveFromEventList                 0x08005c29   Thumb Code   114  tasks.o(i.xTaskRemoveFromEventList)
    xTaskResumeAll                           0x08005cb5   Thumb Code   200  tasks.o(i.xTaskResumeAll)
    Region$$Table$$Base                      0x08005dbc   Number         0  anon$$obj.o(Region$$Table)
    Region$$Table$$Limit                     0x08005ddc   Number         0  anon$$obj.o(Region$$Table)
    ulHighFrequencyTimerTicks                0x20000018   Data           4  sysinfotest.o(.data)
    SystemCoreClock                          0x20000064   Data           4  system_stm32f10x.o(.data)
    AHBPrescTable                            0x20000068   Data          16  system_stm32f10x.o(.data)
    pxCurrentTCB                             0x20000078   Data           4  tasks.o(.data)
    __stdout                                 0x200000dc   Data           4  stdout.o(.data)
    __initial_sp                             0x2000bd10   Data           0  startup_stm32f10x_hd.o(STACK)



==============================================================================

Memory Map of the image

  Image Entry point : 0x08000131

  Load Region LR_IROM1 (Base: 0x08000000, Size: 0x00005ebc, Max: 0x00080000, ABSOLUTE)

    Execution Region ER_IROM1 (Base: 0x08000000, Size: 0x00005ddc, Max: 0x00080000, ABSOLUTE)

    Base Addr    Size         Type   Attr      Idx    E Section Name        Object

    0x08000000   0x00000130   Data   RO         2786    RESET               startup_stm32f10x_hd.o
    0x08000130   0x00000000   Code   RO         5328  * .ARM.Collect$$$$00000000  mc_w.l(entry.o)
    0x08000130   0x00000004   Code   RO         5693    .ARM.Collect$$$$00000001  mc_w.l(entry2.o)
    0x08000134   0x00000004   Code   RO         5696    .ARM.Collect$$$$00000004  mc_w.l(entry5.o)
    0x08000138   0x00000000   Code   RO         5698    .ARM.Collect$$$$00000008  mc_w.l(entry7b.o)
    0x08000138   0x00000000   Code   RO         5700    .ARM.Collect$$$$0000000A  mc_w.l(entry8b.o)
    0x08000138   0x00000008   Code   RO         5701    .ARM.Collect$$$$0000000B  mc_w.l(entry9a.o)
    0x08000140   0x00000000   Code   RO         5703    .ARM.Collect$$$$0000000D  mc_w.l(entry10a.o)
    0x08000140   0x00000000   Code   RO         5705    .ARM.Collect$$$$0000000F  mc_w.l(entry11a.o)
    0x08000140   0x00000004   Code   RO         5694    .ARM.Collect$$$$00002712  mc_w.l(entry2.o)
    0x08000144   0x000000a2   Code   RO         5174    .emb_text           port.o
    0x080001e6   0x00000002   PAD
    0x080001e8   0x00000024   Code   RO         2787    .text               startup_stm32f10x_hd.o
    0x0800020c   0x00000024   Code   RO         5333    .text               mc_w.l(memcpya.o)
    0x08000230   0x00000024   Code   RO         5335    .text               mc_w.l(memseta.o)
    0x08000254   0x000000b0   Code   RO         5604    .text               mf_w.l(fadd.o)
    0x08000304   0x00000064   Code   RO         5606    .text               mf_w.l(fmul.o)
    0x08000368   0x0000007c   Code   RO         5608    .text               mf_w.l(fdiv.o)
    0x080003e4   0x0000014e   Code   RO         5610    .text               mf_w.l(dadd.o)
    0x08000532   0x000000de   Code   RO         5614    .text               mf_w.l(ddiv.o)
    0x08000610   0x00000012   Code   RO         5616    .text               mf_w.l(fflti.o)
    0x08000622   0x0000000a   Code   RO         5618    .text               mf_w.l(ffltui.o)
    0x0800062c   0x00000032   Code   RO         5624    .text               mf_w.l(ffixi.o)
    0x0800065e   0x00000026   Code   RO         5632    .text               mf_w.l(f2d.o)
    0x08000684   0x00000038   Code   RO         5636    .text               mf_w.l(d2f.o)
    0x080006bc   0x00000014   Code   RO         5638    .text               mf_w.l(cfcmple.o)
    0x080006d0   0x00000062   Code   RO         5710    .text               mc_w.l(uldiv.o)
    0x08000732   0x0000001e   Code   RO         5712    .text               mc_w.l(llshl.o)
    0x08000750   0x00000020   Code   RO         5714    .text               mc_w.l(llushr.o)
    0x08000770   0x00000024   Code   RO         5716    .text               mc_w.l(llsshr.o)
    0x08000794   0x00000000   Code   RO         5725    .text               mc_w.l(iusefp.o)
    0x08000794   0x0000006e   Code   RO         5726    .text               mf_w.l(fepilogue.o)
    0x08000802   0x000000ba   Code   RO         5728    .text               mf_w.l(depilogue.o)
    0x080008bc   0x00000024   Code   RO         5736    .text               mc_w.l(init.o)
    0x080008e0   0x00000016   Code   RO         4099    i.ADC_Cmd           stm32f10x_adc.o
    0x080008f6   0x00000002   PAD
    0x080008f8   0x0000005c   Code   RO         4101    i.ADC_DeInit        stm32f10x_adc.o
    0x08000954   0x00000014   Code   RO         4107    i.ADC_GetCalibrationStatus  stm32f10x_adc.o
    0x08000968   0x00000008   Code   RO         4108    i.ADC_GetConversionValue  stm32f10x_adc.o
    0x08000970   0x00000012   Code   RO         4110    i.ADC_GetFlagStatus  stm32f10x_adc.o
    0x08000982   0x00000014   Code   RO         4113    i.ADC_GetResetCalibrationStatus  stm32f10x_adc.o
    0x08000996   0x00000002   PAD
    0x08000998   0x00000050   Code   RO         4117    i.ADC_Init          stm32f10x_adc.o
    0x080009e8   0x000000b8   Code   RO         4121    i.ADC_RegularChannelConfig  stm32f10x_adc.o
    0x08000aa0   0x0000000a   Code   RO         4122    i.ADC_ResetCalibration  stm32f10x_adc.o
    0x08000aaa   0x00000016   Code   RO         4124    i.ADC_SoftwareStartConvCmd  stm32f10x_adc.o
    0x08000ac0   0x0000000a   Code   RO         4126    i.ADC_StartCalibration  stm32f10x_adc.o
    0x08000aca   0x00000002   PAD
    0x08000acc   0x00000014   Code   RO            3    i.AppObjCreate      main.o
    0x08000ae0   0x000000a0   Code   RO            4    i.AppTaskCreate     main.o
    0x08000b80   0x00000004   Code   RO         2172    i.BusFault_Handler  stm32f10x_it.o
    0x08000b84   0x0000003c   Code   RO         1989    i.ComToUart         bsp_uart_fifo.o
    0x08000bc0   0x0000007c   Code   RO         1990    i.ConfigUartNVIC    bsp_uart_fifo.o
    0x08000c3c   0x00000020   Code   RO         4435    i.DBGMCU_Config     stm32f10x_dbgmcu.o
    0x08000c5c   0x00000002   Code   RO         2173    i.DebugMon_Handler  stm32f10x_it.o
    0x08000c5e   0x00000002   PAD
    0x08000c60   0x0000002c   Code   RO          935    i.EXTI15_10_IRQHandler  bsp_encoder.o
    0x08000c8c   0x00000028   Code   RO          936    i.EXTI3_IRQHandler  bsp_encoder.o
    0x08000cb4   0x00000040   Code   RO         1715    i.EXTI9_5_IRQHandler  bsp_stopmode.o
    0x08000cf4   0x0000000c   Code   RO         4374    i.EXTI_ClearITPendingBit  stm32f10x_exti.o
    0x08000d00   0x00000028   Code   RO         4378    i.EXTI_GetITStatus  stm32f10x_exti.o
    0x08000d28   0x00000094   Code   RO         4379    i.EXTI_Init         stm32f10x_exti.o
    0x08000dbc   0x00000040   Code   RO         2840    i.GPIO_EXTILineConfig  stm32f10x_gpio.o
    0x08000dfc   0x00000116   Code   RO         2843    i.GPIO_Init         stm32f10x_gpio.o
    0x08000f12   0x00000002   PAD
    0x08000f14   0x00000090   Code   RO         2845    i.GPIO_PinRemapConfig  stm32f10x_gpio.o
    0x08000fa4   0x00000004   Code   RO         2850    i.GPIO_ResetBits    stm32f10x_gpio.o
    0x08000fa8   0x00000004   Code   RO         2851    i.GPIO_SetBits      stm32f10x_gpio.o
    0x08000fac   0x00000058   Code   RO         2174    i.HardFault_Handler  stm32f10x_it.o
    0x08001004   0x00000010   Code   RO         4323    i.IWDG_Enable       stm32f10x_iwdg.o
    0x08001014   0x00000010   Code   RO         4325    i.IWDG_ReloadCounter  stm32f10x_iwdg.o
    0x08001024   0x0000000c   Code   RO         4326    i.IWDG_SetPrescaler  stm32f10x_iwdg.o
    0x08001030   0x0000000c   Code   RO         4327    i.IWDG_SetReload    stm32f10x_iwdg.o
    0x0800103c   0x0000000c   Code   RO         4328    i.IWDG_WriteAccessCmd  stm32f10x_iwdg.o
    0x08001048   0x00000264   Code   RO         1991    i.InitHardUart      bsp_uart_fifo.o
    0x080012ac   0x0000002c   Code   RO         2301    i.IsKeyDown1        bsp_key.o
    0x080012d8   0x0000002c   Code   RO         2302    i.IsKeyDown10       bsp_key.o
    0x08001304   0x0000002c   Code   RO         2303    i.IsKeyDown2        bsp_key.o
    0x08001330   0x0000002c   Code   RO         2304    i.IsKeyDown3        bsp_key.o
    0x0800135c   0x00000018   Code   RO         2305    i.IsKeyDown4        bsp_key.o
    0x08001374   0x00000018   Code   RO         2306    i.IsKeyDown5        bsp_key.o
    0x0800138c   0x00000018   Code   RO         2307    i.IsKeyDown6        bsp_key.o
    0x080013a4   0x00000018   Code   RO         2308    i.IsKeyDown7        bsp_key.o
    0x080013bc   0x00000018   Code   RO         2309    i.IsKeyDown8        bsp_key.o
    0x080013d4   0x0000002c   Code   RO         2310    i.IsKeyDown9        bsp_key.o
    0x08001400   0x00000004   Code   RO         2175    i.MemManage_Handler  stm32f10x_it.o
    0x08001404   0x00000002   Code   RO         2176    i.NMI_Handler       stm32f10x_it.o
    0x08001406   0x00000002   PAD
    0x08001408   0x00000070   Code   RO         2793    i.NVIC_Init         misc.o
    0x08001478   0x00000014   Code   RO         2794    i.NVIC_PriorityGroupConfig  misc.o
    0x0800148c   0x00000018   Code   RO         2959    i.RCC_ADCCLKConfig  stm32f10x_rcc.o
    0x080014a4   0x00000020   Code   RO         2961    i.RCC_APB1PeriphClockCmd  stm32f10x_rcc.o
    0x080014c4   0x00000020   Code   RO         2963    i.RCC_APB2PeriphClockCmd  stm32f10x_rcc.o
    0x080014e4   0x00000020   Code   RO         2964    i.RCC_APB2PeriphResetCmd  stm32f10x_rcc.o
    0x08001504   0x000000d4   Code   RO         2971    i.RCC_GetClocksFreq  stm32f10x_rcc.o
    0x080015d8   0x0000000c   Code   RO         1993    i.RS485_ReciveNew   bsp_uart_fifo.o
    0x080015e4   0x00000008   Code   RO         4535    i.SetSysClock       system_stm32f10x.o
    0x080015ec   0x000000e0   Code   RO         4536    i.SetSysClockTo72   system_stm32f10x.o
    0x080016cc   0x00000020   Code   RO         5175    i.SysTick_Handler   port.o
    0x080016ec   0x00000060   Code   RO         4538    i.SystemInit        system_stm32f10x.o
    0x0800174c   0x00000080   Code   RO         3537    i.TI1_Config        stm32f10x_tim.o
    0x080017cc   0x00000098   Code   RO         3538    i.TI2_Config        stm32f10x_tim.o
    0x08001864   0x00000090   Code   RO         3539    i.TI3_Config        stm32f10x_tim.o
    0x080018f4   0x00000098   Code   RO         3540    i.TI4_Config        stm32f10x_tim.o
    0x0800198c   0x00000094   Code   RO         2707    i.TIM3_IRQHandler   bsp_ir_decode.o
    0x08001a20   0x000000a0   Code   RO         2489    i.TIM5_IRQHandler   bsp_timer.o
    0x08001ac0   0x0000004c   Code   RO          375    i.TIM6_IRQHandler   sysinfotest.o
    0x08001b0c   0x00000018   Code   RO         3541    i.TIM_ARRPreloadConfig  stm32f10x_tim.o
    0x08001b24   0x00000006   Code   RO         3548    i.TIM_ClearITPendingBit  stm32f10x_tim.o
    0x08001b2a   0x00000018   Code   RO         3553    i.TIM_Cmd           stm32f10x_tim.o
    0x08001b42   0x0000001e   Code   RO         3555    i.TIM_CtrlPWMOutputs  stm32f10x_tim.o
    0x08001b60   0x00000006   Code   RO         3568    i.TIM_GetCapture1   stm32f10x_tim.o
    0x08001b66   0x00000006   Code   RO         3569    i.TIM_GetCapture2   stm32f10x_tim.o
    0x08001b6c   0x00000006   Code   RO         3570    i.TIM_GetCapture3   stm32f10x_tim.o
    0x08001b72   0x00000008   Code   RO         3571    i.TIM_GetCapture4   stm32f10x_tim.o
    0x08001b7a   0x00000006   Code   RO         3572    i.TIM_GetCounter    stm32f10x_tim.o
    0x08001b80   0x00000022   Code   RO         3574    i.TIM_GetITStatus   stm32f10x_tim.o
    0x08001ba2   0x00000002   PAD
    0x08001ba4   0x000000ac   Code   RO         3576    i.TIM_ICInit        stm32f10x_tim.o
    0x08001c50   0x00000012   Code   RO         3578    i.TIM_ITConfig      stm32f10x_tim.o
    0x08001c62   0x00000002   PAD
    0x08001c64   0x00000098   Code   RO         3582    i.TIM_OC1Init       stm32f10x_tim.o
    0x08001cfc   0x00000012   Code   RO         3585    i.TIM_OC1PreloadConfig  stm32f10x_tim.o
    0x08001d0e   0x00000002   PAD
    0x08001d10   0x000000a4   Code   RO         3587    i.TIM_OC2Init       stm32f10x_tim.o
    0x08001db4   0x0000001a   Code   RO         3590    i.TIM_OC2PreloadConfig  stm32f10x_tim.o
    0x08001dce   0x00000002   PAD
    0x08001dd0   0x000000a0   Code   RO         3592    i.TIM_OC3Init       stm32f10x_tim.o
    0x08001e70   0x00000012   Code   RO         3595    i.TIM_OC3PreloadConfig  stm32f10x_tim.o
    0x08001e82   0x00000002   PAD
    0x08001e84   0x0000007c   Code   RO         3597    i.TIM_OC4Init       stm32f10x_tim.o
    0x08001f00   0x0000001a   Code   RO         3599    i.TIM_OC4PreloadConfig  stm32f10x_tim.o
    0x08001f1a   0x00000004   Code   RO         3614    i.TIM_SetCompare1   stm32f10x_tim.o
    0x08001f1e   0x00000004   Code   RO         3615    i.TIM_SetCompare2   stm32f10x_tim.o
    0x08001f22   0x00000004   Code   RO         3616    i.TIM_SetCompare3   stm32f10x_tim.o
    0x08001f26   0x00000006   Code   RO         3617    i.TIM_SetCompare4   stm32f10x_tim.o
    0x08001f2c   0x00000012   Code   RO         3619    i.TIM_SetIC1Prescaler  stm32f10x_tim.o
    0x08001f3e   0x0000001a   Code   RO         3620    i.TIM_SetIC2Prescaler  stm32f10x_tim.o
    0x08001f58   0x00000012   Code   RO         3621    i.TIM_SetIC3Prescaler  stm32f10x_tim.o
    0x08001f6a   0x0000001a   Code   RO         3622    i.TIM_SetIC4Prescaler  stm32f10x_tim.o
    0x08001f84   0x000000a4   Code   RO         3624    i.TIM_TimeBaseInit  stm32f10x_tim.o
    0x08002028   0x00000010   Code   RO         1998    i.UART4_IRQHandler  bsp_uart_fifo.o
    0x08002038   0x00000010   Code   RO         1999    i.USART1_IRQHandler  bsp_uart_fifo.o
    0x08002048   0x00000010   Code   RO         2000    i.USART2_IRQHandler  bsp_uart_fifo.o
    0x08002058   0x00000010   Code   RO         2001    i.USART3_IRQHandler  bsp_uart_fifo.o
    0x08002068   0x00000012   Code   RO         3167    i.USART_ClearFlag   stm32f10x_usart.o
    0x0800207a   0x00000018   Code   RO         3171    i.USART_Cmd         stm32f10x_usart.o
    0x08002092   0x00000054   Code   RO         3175    i.USART_GetITStatus  stm32f10x_usart.o
    0x080020e6   0x0000004a   Code   RO         3177    i.USART_ITConfig    stm32f10x_usart.o
    0x08002130   0x000000d8   Code   RO         3178    i.USART_Init        stm32f10x_usart.o
    0x08002208   0x0000000a   Code   RO         3185    i.USART_ReceiveData  stm32f10x_usart.o
    0x08002212   0x00000008   Code   RO         3188    i.USART_SendData    stm32f10x_usart.o
    0x0800221a   0x000000e6   Code   RO         2003    i.UartIRQ           bsp_uart_fifo.o
    0x08002300   0x00000072   Code   RO         2004    i.UartSend          bsp_uart_fifo.o
    0x08002372   0x00000002   PAD
    0x08002374   0x000000f0   Code   RO         2005    i.UartVarInit       bsp_uart_fifo.o
    0x08002464   0x00000004   Code   RO         2177    i.UsageFault_Handler  stm32f10x_it.o
    0x08002468   0x00000020   Code   RO         5550    i.__0printf$8       mc_w.l(printf8.o)
    0x08002488   0x0000000e   Code   RO         5742    i.__scatterload_copy  mc_w.l(handlers.o)
    0x08002496   0x00000002   Code   RO         5743    i.__scatterload_null  mc_w.l(handlers.o)
    0x08002498   0x0000000e   Code   RO         5744    i.__scatterload_zeroinit  mc_w.l(handlers.o)
    0x080024a6   0x00000006   Code   RO         2006    i.__set_PRIMASK     bsp_uart_fifo.o
    0x080024ac   0x00000410   Code   RO         5557    i._printf_core      mc_w.l(printf8.o)
    0x080028bc   0x00000024   Code   RO         5558    i._printf_post_padding  mc_w.l(printf8.o)
    0x080028e0   0x0000002e   Code   RO         5559    i._printf_pre_padding  mc_w.l(printf8.o)
    0x0800290e   0x00000064   Code   RO          587    i.aw_WriteBytes     bsp_aw9523b.o
    0x08002972   0x00000002   PAD
    0x08002974   0x0000008c   Code   RO          652    i.bsp_ADCConfig     bsp_detectact.o
    0x08002a00   0x00000030   Code   RO          499    i.bsp_AngleAnalyzeApp  bsp_angle.o
    0x08002a30   0x00000098   Code   RO          500    i.bsp_AngleCheck    bsp_angle.o
    0x08002ac8   0x00000038   Code   RO          501    i.bsp_AnglePoll     bsp_angle.o
    0x08002b00   0x00000038   Code   RO          504    i.bsp_AngleRevByte  bsp_angle.o
    0x08002b38   0x00000014   Code   RO          506    i.bsp_AngleTimeout  bsp_angle.o
    0x08002b4c   0x00000016   Code   RO          591    i.bsp_CheckOk       bsp_aw9523b.o
    0x08002b62   0x00000002   PAD
    0x08002b64   0x000000e8   Code   RO         1380    i.bsp_CliffCalibration  bsp_cliffsw.o
    0x08002c4c   0x00000012   Code   RO         1955    i.bsp_DelayMS       bsp_dwt.o
    0x08002c5e   0x00000002   PAD
    0x08002c60   0x00000030   Code   RO         1956    i.bsp_DelayUS       bsp_dwt.o
    0x08002c90   0x000000cc   Code   RO         2312    i.bsp_DetectKey     bsp_key.o
    0x08002d5c   0x000000dc   Code   RO          937    i.bsp_EXTI_Config   bsp_encoder.o
    0x08002e38   0x0000001c   Code   RO          938    i.bsp_EncoderGetPulseT  bsp_encoder.o
    0x08002e54   0x000000f4   Code   RO         1383    i.bsp_GetCliffVoltage  bsp_cliffsw.o
    0x08002f48   0x00000034   Code   RO         2313    i.bsp_GetKey        bsp_key.o
    0x08002f7c   0x000000cc   Code   RO         2228    i.bsp_GetRCCofTIM   bsp_tim_pwm.o
    0x08003048   0x00000208   Code   RO         2708    i.bsp_IRD_DecodeNec  bsp_ir_decode.o
    0x08003250   0x00000164   Code   RO         2709    i.bsp_IRD_StartWork  bsp_ir_decode.o
    0x080033b4   0x00000130   Code   RO         2711    i.bsp_IR_GetPulseWidth  bsp_ir_decode.o
    0x080034e4   0x00000028   Code   RO         2714    i.bsp_IR_SoftTimerInit  bsp_ir_decode.o
    0x0800350c   0x000000b4   Code   RO         2716    i.bsp_IR_TimeOutProc  bsp_ir_decode.o
    0x080035c0   0x00000024   Code   RO          769    i.bsp_IWDG_Config   bsp_iwdg.o
    0x080035e4   0x0000008c   Code   RO         1927    i.bsp_Init          bsp.o
    0x08003670   0x0000001c   Code   RO          592    i.bsp_InitAW9523B   bsp_aw9523b.o
    0x0800368c   0x0000002c   Code   RO          507    i.bsp_InitAngle     bsp_angle.o
    0x080036b8   0x000001b8   Code   RO         1384    i.bsp_InitCliffSW   bsp_cliffsw.o
    0x08003870   0x00000040   Code   RO          466    i.bsp_InitCollision  bsp_collision.o
    0x080038b0   0x00000028   Code   RO         1957    i.bsp_InitDWT       bsp_dwt.o
    0x080038d8   0x0000001c   Code   RO          663    i.bsp_InitDetectAct  bsp_detectact.o
    0x080038f4   0x00000008   Code   RO          941    i.bsp_InitEncoder   bsp_encoder.o
    0x080038fc   0x00000090   Code   RO         1928    i.bsp_InitFormAwaken  bsp.o
    0x0800398c   0x00000008   Code   RO          942    i.bsp_InitGPIO      bsp_encoder.o
    0x08003994   0x0000006c   Code   RO         2490    i.bsp_InitHardTimer  bsp_timer.o
    0x08003a00   0x0000003c   Code   RO         2524    i.bsp_InitI2C       bsp_i2c_gpio.o
    0x08003a3c   0x0000000e   Code   RO          771    i.bsp_InitIWDG      bsp_iwdg.o
    0x08003a4a   0x0000000c   Code   RO         2316    i.bsp_InitKey       bsp_key.o
    0x08003a56   0x00000002   PAD
    0x08003a58   0x00000090   Code   RO         2317    i.bsp_InitKeyHard   bsp_key.o
    0x08003ae8   0x000000ac   Code   RO         2318    i.bsp_InitKeyVar    bsp_key.o
    0x08003b94   0x000000a0   Code   RO         2443    i.bsp_InitLed       bsp_led.o
    0x08003c34   0x0000001c   Code   RO          997    i.bsp_InitMotor     bsp_motor.o
    0x08003c50   0x00000044   Code   RO         1065    i.bsp_InitPid       bsp_control.o
    0x08003c94   0x0000002c   Code   RO          741    i.bsp_InitPinPulse  bsp_pulsemark.o
    0x08003cc0   0x00000010   Code   RO         1886    i.bsp_InitPump      bsp_pump.o
    0x08003cd0   0x00000054   Code   RO          593    i.bsp_InitRST       bsp_aw9523b.o
    0x08003d24   0x00000048   Code   RO          594    i.bsp_InitRegister  bsp_aw9523b.o
    0x08003d6c   0x00000088   Code   RO          430    i.bsp_InitSW        bsp_powerswitch.o
    0x08003df4   0x0000004c   Code   RO         1477    i.bsp_InitSpeaker   bsp_speaker.o
    0x08003e40   0x00000100   Code   RO          998    i.bsp_InitTimer1    bsp_motor.o
    0x08003f40   0x000000ec   Code   RO          999    i.bsp_InitTimer4    bsp_motor.o
    0x0800402c   0x00000010   Code   RO         2007    i.bsp_InitUart      bsp_uart_fifo.o
    0x0800403c   0x00000034   Code   RO         1000    i.bsp_InitVacuum    bsp_motor.o
    0x08004070   0x00000016   Code   RO         2320    i.bsp_KeyScan       bsp_key.o
    0x08004086   0x00000002   PAD
    0x08004088   0x00000058   Code   RO         2445    i.bsp_LedOff        bsp_led.o
    0x080040e0   0x00000058   Code   RO         2446    i.bsp_LedOn         bsp_led.o
    0x08004138   0x00000078   Code   RO         2447    i.bsp_LedToggle     bsp_led.o
    0x080041b0   0x0000003c   Code   RO         1066    i.bsp_MotorBrake    bsp_control.o
    0x080041ec   0x00000064   Code   RO         1001    i.bsp_MotorCleanSetPWM  bsp_motor.o
    0x08004250   0x00000064   Code   RO         1002    i.bsp_MotorSetPWM   bsp_motor.o
    0x080042b4   0x00000028   Code   RO         1071    i.bsp_PidClear      bsp_control.o
    0x080042dc   0x00000264   Code   RO         1072    i.bsp_PidExec       bsp_control.o
    0x08004540   0x00000030   Code   RO         1073    i.bsp_PidSched      bsp_control.o
    0x08004570   0x00000088   Code   RO         1887    i.bsp_PumpRun       bsp_pump.o
    0x080045f8   0x00000020   Code   RO         2321    i.bsp_PutKey        bsp_key.o
    0x08004618   0x00000024   Code   RO         1074    i.bsp_PwmLimit      bsp_control.o
    0x0800463c   0x00000018   Code   RO         1075    i.bsp_SetMotorSpeed  bsp_control.o
    0x08004654   0x0000020c   Code   RO         2231    i.bsp_SetTIMforInt  bsp_tim_pwm.o
    0x08004860   0x000000c8   Code   RO         2491    i.bsp_StartHardTimer  bsp_timer.o
    0x08004928   0x00000014   Code   RO         1888    i.bsp_StartPumpRun  bsp_pump.o
    0x0800493c   0x00000020   Code   RO         1889    i.bsp_StopPumpRun   bsp_pump.o
    0x0800495c   0x00000054   Code   RO          431    i.bsp_SwOff         bsp_powerswitch.o
    0x080049b0   0x00000054   Code   RO          432    i.bsp_SwOn          bsp_powerswitch.o
    0x08004a04   0x00000054   Code   RO         1005    i.bsp_VacuumClean   bsp_motor.o
    0x08004a58   0x0000002e   Code   RO         2014    i.comSendBuf        bsp_uart_fifo.o
    0x08004a86   0x00000010   Code   RO         2015    i.comSendChar       bsp_uart_fifo.o
    0x08004a96   0x00000012   Code   RO         2017    i.fputc             bsp_uart_fifo.o
    0x08004aa8   0x00000038   Code   RO         2526    i.i2c_CheckDevice   bsp_i2c_gpio.o
    0x08004ae0   0x0000000e   Code   RO         2527    i.i2c_Delay         bsp_i2c_gpio.o
    0x08004aee   0x00000002   PAD
    0x08004af0   0x00000054   Code   RO         2530    i.i2c_SendByte      bsp_i2c_gpio.o
    0x08004b44   0x00000030   Code   RO         2531    i.i2c_Start         bsp_i2c_gpio.o
    0x08004b74   0x00000024   Code   RO         2532    i.i2c_Stop          bsp_i2c_gpio.o
    0x08004b98   0x0000003c   Code   RO         2533    i.i2c_WaitAck       bsp_i2c_gpio.o
    0x08004bd4   0x00000020   Code   RO           12    i.main              main.o
    0x08004bf4   0x0000000e   Code   RO         1076    i.myabs             bsp_control.o
    0x08004c02   0x00000002   PAD
    0x08004c04   0x00000054   Code   RO         4839    i.prvAddCurrentTaskToDelayedList  tasks.o
    0x08004c58   0x00000042   Code   RO         4840    i.prvAllocateTCBAndStack  tasks.o
    0x08004c9a   0x00000002   PAD
    0x08004c9c   0x00000064   Code   RO         4841    i.prvCheckTasksWaitingTermination  tasks.o
    0x08004d00   0x00000080   Code   RO         4698    i.prvCopyDataToQueue  queue.o
    0x08004d80   0x00000012   Code   RO         4842    i.prvDeleteTCB      tasks.o
    0x08004d92   0x00000002   PAD
    0x08004d94   0x0000007c   Code   RO         5245    i.prvHeapInit       heap_4.o
    0x08004e10   0x00000018   Code   RO         4843    i.prvIdleTask       tasks.o
    0x08004e28   0x00000064   Code   RO         4844    i.prvInitialiseTCBVariables  tasks.o
    0x08004e8c   0x00000068   Code   RO         4845    i.prvInitialiseTaskLists  tasks.o
    0x08004ef4   0x00000068   Code   RO         5246    i.prvInsertBlockIntoFreeList  heap_4.o
    0x08004f5c   0x0000001e   Code   RO         4700    i.prvIsQueueFull    queue.o
    0x08004f7a   0x00000002   PAD
    0x08004f7c   0x00000034   Code   RO         4847    i.prvResetNextTaskUnblockTime  tasks.o
    0x08004fb0   0x00000024   Code   RO         5176    i.prvTaskExitError  port.o
    0x08004fd4   0x0000007e   Code   RO         4701    i.prvUnlockQueue    queue.o
    0x08005052   0x00000002   PAD
    0x08005054   0x00000114   Code   RO         5247    i.pvPortMalloc      heap_4.o
    0x08005168   0x00000020   Code   RO         5177    i.pxPortInitialiseStack  port.o
    0x08005188   0x00000028   Code   RO         4661    i.uxListRemove      list.o
    0x080051b0   0x0000001a   Code   RO         4662    i.vListInitialise   list.o
    0x080051ca   0x00000006   Code   RO         4663    i.vListInitialiseItem  list.o
    0x080051d0   0x00000034   Code   RO         4664    i.vListInsert       list.o
    0x08005204   0x00000018   Code   RO         4665    i.vListInsertEnd    list.o
    0x0800521c   0x00000044   Code   RO         5179    i.vPortEnterCritical  port.o
    0x08005260   0x0000002c   Code   RO         5180    i.vPortExitCritical  port.o
    0x0800528c   0x00000078   Code   RO         5248    i.vPortFree         heap_4.o
    0x08005304   0x00000014   Code   RO         5181    i.vPortSetupTimerInterrupt  port.o
    0x08005318   0x00000018   Code   RO         5183    i.vPortYield        port.o
    0x08005330   0x00000018   Code   RO          376    i.vSetupSysInfoTest  sysinfotest.o
    0x08005348   0x00000012   Code   RO           13    i.vTaskControl      main.o
    0x0800535a   0x00000002   PAD
    0x0800535c   0x000000c0   Code   RO           14    i.vTaskDecision     main.o
    0x0800541c   0x00000070   Code   RO         4859    i.vTaskDelay        tasks.o
    0x0800548c   0x0000000c   Code   RO         4865    i.vTaskMissedYield  tasks.o
    0x08005498   0x0000000e   Code   RO           15    i.vTaskPerception   main.o
    0x080054a6   0x00000002   PAD
    0x080054a8   0x00000070   Code   RO         4867    i.vTaskPlaceOnEventList  tasks.o
    0x08005518   0x00000024   Code   RO         4873    i.vTaskSetTimeOutState  tasks.o
    0x0800553c   0x00000068   Code   RO         4874    i.vTaskStartScheduler  tasks.o
    0x080055a4   0x00000010   Code   RO         4876    i.vTaskSuspendAll   tasks.o
    0x080055b4   0x000000c0   Code   RO         4877    i.vTaskSwitchContext  tasks.o
    0x08005674   0x000000a0   Code   RO         5184    i.xPortStartScheduler  port.o
    0x08005714   0x0000004c   Code   RO         4709    i.xQueueCreateMutex  queue.o
    0x08005760   0x00000128   Code   RO         4713    i.xQueueGenericSend  queue.o
    0x08005888   0x00000074   Code   RO         4878    i.xTaskCheckForTimeOut  tasks.o
    0x080058fc   0x00000138   Code   RO         4879    i.xTaskGenericCreate  tasks.o
    0x08005a34   0x0000000c   Code   RO         4883    i.xTaskGetTickCount  tasks.o
    0x08005a40   0x0000013c   Code   RO         4885    i.xTaskIncrementTick  tasks.o
    0x08005b7c   0x000000ac   Code   RO         4888    i.xTaskPriorityDisinherit  tasks.o
    0x08005c28   0x0000008c   Code   RO         4889    i.xTaskRemoveFromEventList  tasks.o
    0x08005cb4   0x000000e8   Code   RO         4891    i.xTaskResumeAll    tasks.o
    0x08005d9c   0x00000020   Data   RO         2719    .constdata          bsp_ir_decode.o
    0x08005dbc   0x00000020   Data   RO         5740    Region$$Table       anon$$obj.o


    Execution Region RW_IRAM1 (Base: 0x20000000, Size: 0x0000bd10, Max: 0x00010000, ABSOLUTE)

    Base Addr    Size         Type   Attr      Idx    E Section Name        Object

    0x20000000   0x00000018   Data   RW           17    .data               main.o
    0x20000018   0x00000008   Data   RW          378    .data               sysinfotest.o
    0x20000020   0x00000008   Data   RW         1007    .data               bsp_motor.o
    0x20000028   0x0000000a   Data   RW         1078    .data               bsp_control.o
    0x20000032   0x00000002   PAD
    0x20000034   0x00000008   Data   RW         1891    .data               bsp_pump.o
    0x2000003c   0x00000010   Data   RW         2493    .data               bsp_timer.o
    0x2000004c   0x00000001   Data   RW         2720    .data               bsp_ir_decode.o
    0x2000004d   0x00000014   Data   RW         2991    .data               stm32f10x_rcc.o
    0x20000061   0x00000003   PAD
    0x20000064   0x00000014   Data   RW         4539    .data               system_stm32f10x.o
    0x20000078   0x00000040   Data   RW         4894    .data               tasks.o
    0x200000b8   0x0000000c   Data   RW         5185    .data               port.o
    0x200000c4   0x00000018   Data   RW         5253    .data               heap_4.o
    0x200000dc   0x00000004   Data   RW         5707    .data               mc_w.l(stdout.o)
    0x200000e0   0x0000042a   Zero   RW          508    .bss                bsp_angle.o
    0x2000050a   0x00000002   PAD
    0x2000050c   0x0000048e   Zero   RW          664    .bss                bsp_detectact.o
    0x2000099a   0x00000002   PAD
    0x2000099c   0x00000410   Zero   RW          943    .bss                bsp_encoder.o
    0x20000dac   0x00000488   Zero   RW         1077    .bss                bsp_control.o
    0x20001234   0x00000438   Zero   RW         1389    .bss                bsp_cliffsw.o
    0x2000166c   0x000024a0   Zero   RW         2018    .bss                bsp_uart_fifo.o
    0x20003b0c   0x000004ad   Zero   RW         2324    .bss                bsp_key.o
    0x20003fb9   0x00000003   PAD
    0x20003fbc   0x0000048c   Zero   RW         2718    .bss                bsp_ir_decode.o
    0x20004448   0x000000c8   Zero   RW         4893    .bss                tasks.o
    0x20004510   0x00007000   Zero   RW         5252    .bss                heap_4.o
    0x2000b510   0x00000800   Zero   RW         2784    STACK               startup_stm32f10x_hd.o


==============================================================================

Image component sizes


      Code (inc. data)   RO Data    RW Data    ZI Data      Debug   Object Name

       284         40          0          0          0       1060   bsp.o
       376         44          0          0       1066       3055   bsp_angle.o
       306          4          0          0          0       3050   bsp_aw9523b.o
       916         44          0          0       1080       3027   bsp_cliffsw.o
        64         10          0          0          0        512   bsp_collision.o
       902         64          0         10       1160       4905   bsp_control.o
       168         14          0          0       1166       1857   bsp_detectact.o
       106         22          0          0          0       1458   bsp_dwt.o
       348         20          0          0       1040       3563   bsp_encoder.o
       358         26          0          0          0       3544   bsp_i2c_gpio.o
      1548         64         32          1       1164       4310   bsp_ir_decode.o
        50          0          0          0          0        939   bsp_iwdg.o
       978        128          0          0       1197       8914   bsp_key.o
       456         54          0          0          0       2091   bsp_led.o
       856         44          0          8          0       4299   bsp_motor.o
       304         38          0          0          0       1580   bsp_powerswitch.o
        44          6          0          0          0        503   bsp_pulsemark.o
       204         30          0          8          0       2538   bsp_pump.o
        76          4          0          0          0        518   bsp_speaker.o
        64         10          0          0          0      22536   bsp_stopmode.o
       728        100          0          0          0       2313   bsp_tim_pwm.o
       468         54          0         16          0       2659   bsp_timer.o
      1558        138          0          0       9376       9535   bsp_uart_fifo.o
         0          0          0          0          0       1456   event_groups.o
       624         64          0         24      28672       3731   heap_4.o
       148          0          0          0          0       2914   list.o
       436        106          0         24          0     295291   main.o
       132         22          0          0          0       1631   misc.o
       578         72          0         12          0       6945   port.o
       656          0          0          0          0       4884   queue.o
        36          8        304          0       2048        884   startup_stm32f10x_hd.o
       486         24          0          0          0       8822   stm32f10x_adc.o
        32          6          0          0          0        584   stm32f10x_dbgmcu.o
       200         18          0          0          0       2216   stm32f10x_exti.o
       494         10          0          0          0       4636   stm32f10x_gpio.o
       104         48          0          0          0       2657   stm32f10x_it.o
        68         30          0          0          0       2602   stm32f10x_iwdg.o
       332         44          0         20          0       5706   stm32f10x_rcc.o
      1874        200          0          0          0      21272   stm32f10x_tim.o
       434          6          0          0          0       6265   stm32f10x_usart.o
       100         20          0          8          0       2754   sysinfotest.o
       328         28          0         20          0       2149   system_stm32f10x.o
      2432        352          0         64        200      16510   tasks.o

    ----------------------------------------------------------------------
     20708       2016        368        220      48176     482675   Object Totals
         0          0         32          0          0          0   (incl. Generated)
        52          0          0          5          7          0   (incl. Padding)

    ----------------------------------------------------------------------

      Code (inc. data)   RO Data    RW Data    ZI Data      Debug   Library Member Name

         0          0          0          0          0          0   entry.o
         0          0          0          0          0          0   entry10a.o
         0          0          0          0          0          0   entry11a.o
         8          4          0          0          0          0   entry2.o
         4          0          0          0          0          0   entry5.o
         0          0          0          0          0          0   entry7b.o
         0          0          0          0          0          0   entry8b.o
         8          4          0          0          0          0   entry9a.o
        30          0          0          0          0          0   handlers.o
        36          8          0          0          0         68   init.o
         0          0          0          0          0          0   iusefp.o
        30          0          0          0          0         68   llshl.o
        36          0          0          0          0         68   llsshr.o
        32          0          0          0          0         68   llushr.o
        36          0          0          0          0         68   memcpya.o
        36          0          0          0          0        108   memseta.o
      1154         54          0          0          0        352   printf8.o
         0          0          0          4          0          0   stdout.o
        98          0          0          0          0         92   uldiv.o
        20          0          0          0          0         68   cfcmple.o
        56          0          0          0          0         88   d2f.o
       334          0          0          0          0        148   dadd.o
       222          0          0          0          0        100   ddiv.o
       186          0          0          0          0        176   depilogue.o
        38          0          0          0          0         68   f2d.o
       176          0          0          0          0        140   fadd.o
       124          0          0          0          0         88   fdiv.o
       110          0          0          0          0        168   fepilogue.o
        50          0          0          0          0         68   ffixi.o
        18          0          0          0          0         68   fflti.o
        10          0          0          0          0         68   ffltui.o
       100          0          0          0          0         76   fmul.o

    ----------------------------------------------------------------------
      2952         70          0          4          0       2216   Library Totals
         0          0          0          0          0          0   (incl. Padding)

    ----------------------------------------------------------------------

      Code (inc. data)   RO Data    RW Data    ZI Data      Debug   Library Name

      1508         70          0          4          0        892   mc_w.l
      1444          0          0          0          0       1324   mf_w.l

    ----------------------------------------------------------------------
      2952         70          0          4          0       2216   Library Totals

    ----------------------------------------------------------------------

==============================================================================


      Code (inc. data)   RO Data    RW Data    ZI Data      Debug   

     23660       2086        368        224      48176     471419   Grand Totals
     23660       2086        368        224      48176     471419   ELF Image Totals
     23660       2086        368        224          0          0   ROM Totals

==============================================================================

    Total RO  Size (Code + RO Data)                24028 (  23.46kB)
    Total RW  Size (RW Data + ZI Data)             48400 (  47.27kB)
    Total ROM Size (Code + RO Data + RW Data)      24252 (  23.68kB)

==============================================================================

