Component: ARM Compiler 5.06 update 6 (build 750) Tool: armlink [4d35ed]

==============================================================================

Section Cross References

    main.o(i.AppObjCreate) refers to queue.o(i.xQueueCreateMutex) for xQueueCreateMutex
    main.o(i.AppObjCreate) refers to main.o(.data) for .data
    main.o(i.AppTaskCreate) refers to tasks.o(i.xTaskGenericCreate) for xTaskGenericCreate
    main.o(i.AppTaskCreate) refers to main.o(.data) for .data
    main.o(i.AppTaskCreate) refers to main.o(i.vTaskMapping) for vTaskMapping
    main.o(i.AppTaskCreate) refers to main.o(i.vTaskDecision) for vTaskDecision
    main.o(i.AppTaskCreate) refers to main.o(i.vTaskControl) for vTaskControl
    main.o(i.AppTaskCreate) refers to main.o(i.vTaskPerception) for vTaskPerception
    main.o(i.App_Printf) refers to printfa.o(i.__0vsnprintf) for vsnprintf
    main.o(i.App_Printf) refers to queue.o(i.xQueueGenericReceive) for xQueueGenericReceive
    main.o(i.App_Printf) refers to printfa.o(i.__0printf) for __2printf
    main.o(i.App_Printf) refers to queue.o(i.xQueueGenericSend) for xQueueGenericSend
    main.o(i.App_Printf) refers to main.o(.data) for .data
    main.o(i.bsp_GetLastKeyState) refers to main.o(.data) for .data
    main.o(i.bsp_OffsiteSuspend) refers to bsp_runcontrol.o(i.bsp_OpenThreeWhileLed) for bsp_OpenThreeWhileLed
    main.o(i.bsp_OffsiteSuspend) refers to bsp_runcontrol.o(i.bsp_SetLedState) for bsp_SetLedState
    main.o(i.bsp_OffsiteSuspend) refers to main.o(i.bsp_StopAllMotor) for bsp_StopAllMotor
    main.o(i.bsp_OffsiteSuspend) refers to bsp_searchchargepile.o(i.bsp_StopSearchChargePile) for bsp_StopSearchChargePile
    main.o(i.bsp_OffsiteSuspend) refers to bsp_cliffsw.o(i.bsp_StopCliffTest) for bsp_StopCliffTest
    main.o(i.bsp_OffsiteSuspend) refers to bsp_cleanstrategyb.o(i.bsp_StopUpdateCleanStrategyB) for bsp_StopUpdateCleanStrategyB
    main.o(i.bsp_OffsiteSuspend) refers to main.o(i.bsp_SetLastKeyState) for bsp_SetLastKeyState
    main.o(i.bsp_SetLastKeyState) refers to main.o(.data) for .data
    main.o(i.bsp_StopAllMotor) refers to bsp_control.o(i.bsp_SetMotorSpeed) for bsp_SetMotorSpeed
    main.o(i.bsp_StopAllMotor) refers to bsp_motor.o(i.bsp_MotorCleanSetPWM) for bsp_MotorCleanSetPWM
    main.o(i.bsp_StopAllMotor) refers to bsp_motor.o(i.bsp_StopVacuum) for bsp_StopVacuum
    main.o(i.main) refers to bsp.o(i.bsp_Init) for bsp_Init
    main.o(i.main) refers to main.o(i.AppTaskCreate) for AppTaskCreate
    main.o(i.main) refers to main.o(i.AppObjCreate) for AppObjCreate
    main.o(i.main) refers to tasks.o(i.vTaskStartScheduler) for vTaskStartScheduler
    main.o(i.vTaskControl) refers to bsp_gridmap.o(i.bsp_GetCliffSensorData) for bsp_GetCliffSensorData
    main.o(i.vTaskControl) refers to bsp_gridmap.o(i.bsp_GetIRSensorData) for bsp_GetIRSensorData
    main.o(i.vTaskControl) refers to bsp_control.o(i.bsp_MotorGetPulseVector) for bsp_MotorGetPulseVector
    main.o(i.vTaskControl) refers to bsp_collision.o(i.bsp_CollisionScan) for bsp_CollisionScan
    main.o(i.vTaskControl) refers to bsp_position.o(i.bsp_GetCurrentOrientation) for bsp_GetCurrentOrientation
    main.o(i.vTaskControl) refers to bsp_position.o(i.bsp_GetCurrentPosY) for bsp_GetCurrentPosY
    main.o(i.vTaskControl) refers to bsp_position.o(i.bsp_GetCurrentPosX) for bsp_GetCurrentPosX
    main.o(i.vTaskControl) refers to bsp_cleanstrategyb.o(i.bsp_UpdateCleanStrategyB) for bsp_UpdateCleanStrategyB
    main.o(i.vTaskControl) refers to bsp_cleanstrategyb.o(i.GetReturnChargeStationStatus) for GetReturnChargeStationStatus
    main.o(i.vTaskControl) refers to bsp_cleanstrategyb.o(i.bsp_StopUpdateCleanStrategyB) for bsp_StopUpdateCleanStrategyB
    main.o(i.vTaskControl) refers to bsp_cleanstrategyb.o(i.ResetReturnChargeStationStatus) for ResetReturnChargeStationStatus
    main.o(i.vTaskControl) refers to bsp_key.o(i.bsp_PutKey) for bsp_PutKey
    main.o(i.vTaskControl) refers to tasks.o(i.vTaskDelay) for vTaskDelay
    main.o(i.vTaskControl) refers to main.o(.data) for .data
    main.o(i.vTaskDecision) refers to bsp_wifi_app.o(i.bsp_ChangeWifi2SmartConfigStateProc) for bsp_ChangeWifi2SmartConfigStateProc
    main.o(i.vTaskDecision) refers to tasks.o(i.vTaskDelay) for vTaskDelay
    main.o(i.vTaskMapping) refers to bsp_gridmap.o(i.bsp_GetCliffSensorData) for bsp_GetCliffSensorData
    main.o(i.vTaskMapping) refers to bsp_gridmap.o(i.bsp_GetIRSensorData) for bsp_GetIRSensorData
    main.o(i.vTaskMapping) refers to bsp_collision.o(i.bsp_CollisionScan) for bsp_CollisionScan
    main.o(i.vTaskMapping) refers to bsp_position.o(i.bsp_GetCurrentOrientation) for bsp_GetCurrentOrientation
    main.o(i.vTaskMapping) refers to bsp_position.o(i.bsp_GetCurrentPosY) for bsp_GetCurrentPosY
    main.o(i.vTaskMapping) refers to bsp_position.o(i.bsp_GetCurrentPosX) for bsp_GetCurrentPosX
    main.o(i.vTaskMapping) refers to bsp_gridmap.o(i.bsp_GridMapUpdate) for bsp_GridMapUpdate
[...]
    bsp_InitKey                              0x080166b1   Thumb Code    14  bsp_key.o(i.bsp_InitKey)
    bsp_InitLed                              0x080167d9   Thumb Code   144  bsp_led.o(i.bsp_InitLed)
    bsp_InitMotor                            0x08016871   Thumb Code    30  bsp_motor.o(i.bsp_InitMotor)
    bsp_InitPid                              0x08016891   Thumb Code    50  bsp_control.o(i.bsp_InitPid)
    bsp_InitPinPulse                         0x080168d1   Thumb Code    38  bsp_pulsemark.o(i.bsp_InitPinPulse)
    bsp_InitSW                               0x08016991   Thumb Code   168  bsp_powerswitch.o(i.bsp_InitSW)
    bsp_InitSpeaker                          0x08016a4d   Thumb Code    74  bsp_speaker.o(i.bsp_InitSpeaker)
    bsp_InitUart                             0x08016c81   Thumb Code    18  bsp_uart_fifo.o(i.bsp_InitUart)
    bsp_KeyScan                              0x08016cc9   Thumb Code    20  bsp_key.o(i.bsp_KeyScan)
    bsp_LedOff                               0x08016cdd   Thumb Code    72  bsp_led.o(i.bsp_LedOff)
    bsp_LedOn                                0x08016d2d   Thumb Code    72  bsp_led.o(i.bsp_LedOn)
    bsp_LedToggle                            0x08016d7d   Thumb Code    88  bsp_led.o(i.bsp_LedToggle)
    bsp_Left_ReturnExtreme_point             0x08016ddd   Thumb Code     4  bsp_gridmap.o(i.bsp_Left_ReturnExtreme_point)
    bsp_MotorCleanSetPWM                     0x08016e21   Thumb Code   100  bsp_motor.o(i.bsp_MotorCleanSetPWM)
    bsp_MotorGetPulseVector                  0x08016e89   Thumb Code     8  bsp_control.o(i.bsp_MotorGetPulseVector)
    bsp_MotorGetSpeed                        0x08016e95   Thumb Code    50  bsp_control.o(i.bsp_MotorGetSpeed)
    bsp_MotorSetPWM                          0x08016ed1   Thumb Code   100  bsp_motor.o(i.bsp_MotorSetPWM)
    bsp_MotorSpeedMM2Pulse                   0x08016f39   Thumb Code    64  bsp_control.o(i.bsp_MotorSpeedMM2Pulse)
    bsp_OffSiteGetState                      0x08016f81   Thumb Code    66  bsp_offsitesw.o(i.bsp_OffSiteGetState)
    bsp_PidClear                             0x08016fcd   Thumb Code    32  bsp_control.o(i.bsp_PidClear)
    bsp_PidSched                             0x080171e9   Thumb Code    40  bsp_control.o(i.bsp_PidSched)
    bsp_PositionUpdate                       0x08017215   Thumb Code   654  bsp_position.o(i.bsp_PositionUpdate)
    bsp_PowerOnLedProc                       0x080174c9   Thumb Code    80  bsp_runcontrol.o(i.bsp_PowerOnLedProc)
    bsp_PutKey                               0x08017519   Thumb Code    24  bsp_key.o(i.bsp_PutKey)
    bsp_ResetCleanStrategyBStatus            0x08017551   Thumb Code   170  bsp_cleanstrategyb.o(i.bsp_ResetCleanStrategyBStatus)
    bsp_ResetPosArgument                     0x08017601   Thumb Code    30  bsp_position.o(i.bsp_ResetPosArgument)
    bsp_Right_ReturnExtreme_point            0x08017625   Thumb Code     4  bsp_gridmap.o(i.bsp_Right_ReturnExtreme_point)
    bsp_SendReportFrame                      0x08017629   Thumb Code    42  bsp_communication.o(i.bsp_SendReportFrame)
    bsp_SetMotorSpeed                        0x0801765d   Thumb Code    18  bsp_control.o(i.bsp_SetMotorSpeed)
    bsp_SetTIMforInt                         0x08017675   Thumb Code   422  bsp_tim_pwm.o(i.bsp_SetTIMforInt)
    bsp_SpeakerIsBusy                        0x08017849   Thumb Code    28  bsp_speaker.o(i.bsp_SpeakerIsBusy)
    bsp_SperkerPlay                          0x08017869   Thumb Code    86  bsp_speaker.o(i.bsp_SperkerPlay)
    bsp_StartEdgewiseRun                     0x080178c5   Thumb Code    22  bsp_edgewise.o(i.bsp_StartEdgewiseRun)
    bsp_StartHardTimer                       0x080178e1   Thumb Code   176  bsp_timer.o(i.bsp_StartHardTimer)
    bsp_StartOffSiteProc                     0x08017999   Thumb Code    14  bsp_offsitesw.o(i.bsp_StartOffSiteProc)
    bsp_StartUpdateGridMap                   0x080179ad   Thumb Code   100  bsp_gridmap.o(i.bsp_StartUpdateGridMap)
    bsp_StartUpdatePos                       0x08017a1d   Thumb Code    14  bsp_position.o(i.bsp_StartUpdatePos)
    bsp_StopChangeWifi2SmartConfigState      0x08017a31   Thumb Code    12  bsp_wifi_app.o(i.bsp_StopChangeWifi2SmartConfigState)
    bsp_StopEdgewiseRun                      0x08017a41   Thumb Code    20  bsp_edgewise.o(i.bsp_StopEdgewiseRun)
    bsp_StopUpdateCleanStrategyB             0x08017a59   Thumb Code    80  bsp_cleanstrategyb.o(i.bsp_StopUpdateCleanStrategyB)
    bsp_StopVacuum                           0x08017aad   Thumb Code    16  bsp_motor.o(i.bsp_StopVacuum)
    bsp_SwOff                                0x08017ac5   Thumb Code    70  bsp_powerswitch.o(i.bsp_SwOff)
    bsp_SwOn                                 0x08017b21   Thumb Code    70  bsp_powerswitch.o(i.bsp_SwOn)
    bsp_UpdateCleanStrategyB                 0x08017b7d   Thumb Code   114  bsp_cleanstrategyb.o(i.bsp_UpdateCleanStrategyB)
    bsp_VacuumClean                          0x08017c09   Thumb Code    52  bsp_motor.o(i.bsp_VacuumClean)
    clean_strategyB                          0x08017d69   Thumb Code   848  bsp_cleanstrategyb.o(i.clean_strategyB)
    comGetChar                               0x080180c5   Thumb Code    20  bsp_uart_fifo.o(i.comGetChar)
    comSendBuf                               0x080180d9   Thumb Code    38  bsp_uart_fifo.o(i.comSendBuf)
    comSendChar                              0x080180ff   Thumb Code    12  bsp_uart_fifo.o(i.comSendChar)
    cos                                      0x0801810d   Thumb Code   148  cos.o(i.cos)
    dx8_Init                                 0x080181a9   Thumb Code    68  dxi2c_gpio_stm32f1.o(i.dx8_Init)
    dxif_transfer                            0x080181f1   Thumb Code   114  dxi2c_gpio_stm32f1.o(i.dxif_transfer)
    fputc                                    0x08018265   Thumb Code    30  bsp_uart_fifo.o(i.fputc)
    getShortest                              0x08018289   Thumb Code   100  bsp_cleanstrategyb.o(i.getShortest)
    get_check_sum                            0x080182f5   Thumb Code    28  system.o(i.get_check_sum)
    i2c_CheckDevice                          0x08018311   Thumb Code    46  bsp_i2c_gpio.o(i.i2c_CheckDevice)
    i2c_SendByte                             0x08018351   Thumb Code    78  bsp_i2c_gpio.o(i.i2c_SendByte)
    i2c_Start                                0x080183a5   Thumb Code    36  bsp_i2c_gpio.o(i.i2c_Start)
    i2c_Stop                                 0x080183cd   Thumb Code    30  bsp_i2c_gpio.o(i.i2c_Stop)
    i2c_WaitAck                              0x080183f1   Thumb Code    50  bsp_i2c_gpio.o(i.i2c_WaitAck)
    initClose                                0x08018429   Thumb Code   184  bsp_cleanstrategyb.o(i.initClose)
    initGraph                                0x080184e5   Thumb Code   266  bsp_cleanstrategyb.o(i.initGraph)
    initOpen                                 0x080185f9   Thumb Code     6  bsp_cleanstrategyb.o(i.initOpen)
    main                                     0x08018821   Thumb Code    24  main.o(i.main)
    mcu_reset_wifi                           0x08018839   Thumb Code    14  mcu_api.o(i.mcu_reset_wifi)
    pow                                      0x08018891   Thumb Code  2512  pow.o(i.pow)
    printShortest                            0x08019269   Thumb Code   404  bsp_cleanstrategyb.o(i.printShortest)
    push                                     0x08019779   Thumb Code   110  bsp_cleanstrategyb.o(i.push)
    pvPortMalloc                             0x080197e9   Thumb Code   178  heap_4.o(i.pvPortMalloc)
    pxPortInitialiseStack                    0x080198a1   Thumb Code    20  port.o(i.pxPortInitialiseStack)
    shift                                    0x08019c8d   Thumb Code    16  bsp_cleanstrategyb.o(i.shift)
    sin                                      0x08019c9d   Thumb Code   150  sin.o(i.sin)
    sqrt                                     0x08019d3d   Thumb Code    76  sqrt.o(i.sqrt)
    uart_receive_input                       0x08019d89   Thumb Code    50  mcu_api.o(i.uart_receive_input)
    uart_transmit_output                     0x08019dc9   Thumb Code    26  protocol.o(i.uart_transmit_output)
    uxListRemove                             0x08019de9   Thumb Code    36  list.o(i.uxListRemove)
    vListInitialise                          0x08019e0d   Thumb Code    22  list.o(i.vListInitialise)
    vListInitialiseItem                      0x08019e23   Thumb Code     6  list.o(i.vListInitialiseItem)
    vListInsert                              0x08019e29   Thumb Code    48  list.o(i.vListInsert)
    vListInsertEnd                           0x08019e59   Thumb Code    24  list.o(i.vListInsertEnd)
    vPortEnterCritical                       0x08019e71   Thumb Code    46  port.o(i.vPortEnterCritical)
    vPortExitCritical                        0x08019ea9   Thumb Code    34  port.o(i.vPortExitCritical)
    vPortFree                                0x08019ed1   Thumb Code    68  heap_4.o(i.vPortFree)
    vPortSetupTimerInterrupt                 0x08019f19   Thumb Code    14  port.o(i.vPortSetupTimerInterrupt)
    vPortYield                               0x08019f2d   Thumb Code    18  port.o(i.vPortYield)
    vSetupSysInfoTest                        0x08019f45   Thumb Code    12  sysinfotest.o(i.vSetupSysInfoTest)
    vTaskDelay                               0x08019fe5   Thumb Code    80  tasks.o(i.vTaskDelay)
    vTaskMissedYield                         0x0801a089   Thumb Code     8  tasks.o(i.vTaskMissedYield)
    vTaskPlaceOnEventList                    0x0801a0c5   Thumb Code    82  tasks.o(i.vTaskPlaceOnEventList)
    vTaskSetTimeOutState                     0x0801a121   Thumb Code    24  tasks.o(i.vTaskSetTimeOutState)
    vTaskStartScheduler                      0x0801a13d   Thumb Code    70  tasks.o(i.vTaskStartScheduler)
    vTaskSuspendAll                          0x0801a199   Thumb Code    10  tasks.o(i.vTaskSuspendAll)
    vTaskSwitchContext                       0x0801a1a9   Thumb Code   102  tasks.o(i.vTaskSwitchContext)
    wifi_protocol_init                       0x0801a21d   Thumb Code    18  mcu_api.o(i.wifi_protocol_init)
    wifi_uart_write_frame                    0x0801a261   Thumb Code    56  system.o(i.wifi_uart_write_frame)
    xPortStartScheduler                      0x0801a29d   Thumb Code   104  port.o(i.xPortStartScheduler)
    xQueueCreateMutex                        0x0801a311   Thumb Code    74  queue.o(i.xQueueCreateMutex)
    xQueueGenericSend                        0x0801a35b   Thumb Code   256  queue.o(i.xQueueGenericSend)
    xTaskCheckForTimeOut                     0x0801a45d   Thumb Code    92  tasks.o(i.xTaskCheckForTimeOut)
    xTaskGenericCreate                       0x0801a4bd   Thumb Code   236  tasks.o(i.xTaskGenericCreate)
    xTaskGetTickCount                        0x0801a5b1   Thumb Code     6  tasks.o(i.xTaskGetTickCount)
    xTaskIncrementTick                       0x0801a5bd   Thumb Code   188  tasks.o(i.xTaskIncrementTick)
    xTaskPriorityDisinherit                  0x0801a681   Thumb Code   124  tasks.o(i.xTaskPriorityDisinherit)
    xTaskRemoveFromEventList                 0x0801a705   Thumb Code   104  tasks.o(i.xTaskRemoveFromEventList)
    xTaskResumeAll                           0x0801a775   Thumb Code   166  tasks.o(i.xTaskResumeAll)
    astar_dir                                0x0801a824   Data          16  bsp_cleanstrategyb.o(.constdata)
    __mathlib_zero                           0x0801aa38   Data           8  qnan.o(.constdata)
    Region$$Table$$Base                      0x0801ab30   Number         0  anon$$obj.o(Region$$Table)
    Region$$Table$$Limit                     0x0801ab50   Number         0  anon$$obj.o(Region$$Table)
    isSearchCharge                           0x20000000   Data           1  main.o(.data)
    ulHighFrequencyTimerTicks                0x20000018   Data           4  sysinfotest.o(.data)
    PinMap                                   0x20000028   Data          20  bsp_detectact.o(.data)
    cliff_valueB                             0x20000074   Data           8  bsp_gridmap.o(.data)
    over_clean_finish                        0x20000080   Data           1  bsp_cleanstrategyb.o(.data)
    return_origin_positive_start             0x20000081   Data           1  bsp_cleanstrategyb.o(.data)
    selectside                               0x20000082   Data           1  bsp_cleanstrategyb.o(.data)
    distance_uptate                          0x20000083   Data           1  bsp_cleanstrategyb.o(.data)
    turn_start_update                        0x20000084   Data           1  bsp_cleanstrategyb.o(.data)
    b_last_position_yy                       0x20000085   Data           1  bsp_cleanstrategyb.o(.data)
    bow_continue                             0x20000086   Data           1  bsp_cleanstrategyb.o(.data)
    old_bow_continue                         0x20000087   Data           1  bsp_cleanstrategyb.o(.data)
    returnorigin                             0x20000088   Data           1  bsp_cleanstrategyb.o(.data)
    DelimmaNumber                            0x20000089   Data           1  bsp_cleanstrategyb.o(.data)
    CliffDelimmaNumber                       0x2000008a   Data           1  bsp_cleanstrategyb.o(.data)
    CliffFunctionStatus                      0x2000008b   Data           1  bsp_cleanstrategyb.o(.data)
    CliffNumber                              0x2000008c   Data           1  bsp_cleanstrategyb.o(.data)
    totalCDN                                 0x2000008d   Data           1  bsp_cleanstrategyb.o(.data)
    clill_start_update                       0x2000008e   Data           1  bsp_cleanstrategyb.o(.data)
    cliffruningStatus                        0x2000008f   Data           1  bsp_cleanstrategyb.o(.data)
    motionSteps                              0x20000090   Data           1  bsp_cleanstrategyb.o(.data)
    startMotionStep                          0x20000091   Data           1  bsp_cleanstrategyb.o(.data)
    AStarMotionNumber                        0x20000092   Data           1  bsp_cleanstrategyb.o(.data)
    detection_close_edge                     0x20000093   Data           1  bsp_cleanstrategyb.o(.data)
    detection_close                          0x20000094   Data           1  bsp_cleanstrategyb.o(.data)
    a_star_collision_total                   0x20000095   Data           1  bsp_cleanstrategyb.o(.data)
    Astarmarkingobstacle                     0x20000096   Data           1  bsp_cleanstrategyb.o(.data)
    stuck_x                                  0x20000097   Data           1  bsp_cleanstrategyb.o(.data)
    stuck_y                                  0x20000098   Data           1  bsp_cleanstrategyb.o(.data)
    check_sensor_cnt                         0x20000099   Data           1  bsp_cleanstrategyb.o(.data)
    collision_error_cnt                      0x2000009a   Data           1  bsp_cleanstrategyb.o(.data)
    cliff_error_cnt                          0x2000009b   Data           1  bsp_cleanstrategyb.o(.data)
    imu_error_cnt                            0x2000009c   Data           1  bsp_cleanstrategyb.o(.data)
    return_charge_station_flag               0x2000009e   Data           1  bsp_cleanstrategyb.o(.data)
    AStar_srcX                               0x2000009f   Data           1  bsp_cleanstrategyb.o(.data)
    AStar_srcY                               0x200000a0   Data           1  bsp_cleanstrategyb.o(.data)
    AStar_dstX                               0x200000a1   Data           1  bsp_cleanstrategyb.o(.data)
    AStar_dstY                               0x200000a2   Data           1  bsp_cleanstrategyb.o(.data)
    printclose                               0x200000a3   Data           1  bsp_cleanstrategyb.o(.data)
    step                                     0x200000a4   Data           1  bsp_cleanstrategyb.o(.data)
    close_edge_min_x                         0x200000a5   Data           1  bsp_cleanstrategyb.o(.data)
    close_edge_max_x                         0x200000a6   Data           1  bsp_cleanstrategyb.o(.data)
    close_edge_min_y                         0x200000a7   Data           1  bsp_cleanstrategyb.o(.data)
    close_edge_max_y                         0x200000a8   Data           1  bsp_cleanstrategyb.o(.data)
    stuck_right_run_step                     0x200000aa   Data           2  bsp_cleanstrategyb.o(.data)
    return_origin_step_status                0x200000ac   Data           2  bsp_cleanstrategyb.o(.data)
    a_star_motion_return_origin_status       0x200000ae   Data           2  bsp_cleanstrategyb.o(.data)
    a_star_not_motion_status                 0x200000b0   Data           2  bsp_cleanstrategyb.o(.data)
    a_star_collision_status                  0x200000b2   Data           2  bsp_cleanstrategyb.o(.data)
    cliff_running_step_status                0x200000b4   Data           2  bsp_cleanstrategyb.o(.data)
    leakingsweep_X_interval                  0x200000b6   Data           2  bsp_cleanstrategyb.o(.data)
    leakingsweep_Y_interval                  0x200000b8   Data           2  bsp_cleanstrategyb.o(.data)
    startedgedelimmy                         0x200000be   Data           2  bsp_cleanstrategyb.o(.data)
    endedgedelimmy                           0x200000c0   Data           2  bsp_cleanstrategyb.o(.data)
    OVERALL_CLEANING_STRATEGY                0x200000c4   Data           4  bsp_cleanstrategyb.o(.data)
    right_running_step_status                0x200000c8   Data           4  bsp_cleanstrategyb.o(.data)
    collision_right_rightrun_step_status     0x200000cc   Data           4  bsp_cleanstrategyb.o(.data)
    collision_left_rightrun_step_status      0x200000d0   Data           4  bsp_cleanstrategyb.o(.data)
    collision_front_rightrun_step_status     0x200000d4   Data           4  bsp_cleanstrategyb.o(.data)
    left_running_step_status                 0x200000d8   Data           4  bsp_cleanstrategyb.o(.data)
    collision_right_leftrun_step_status      0x200000dc   Data           4  bsp_cleanstrategyb.o(.data)
    collision_left_leftrun_step_status       0x200000e0   Data           4  bsp_cleanstrategyb.o(.data)
    collision_front_leftrun_step_status      0x200000e4   Data           4  bsp_cleanstrategyb.o(.data)
    right_walk_edge_status                   0x200000e8   Data           4  bsp_cleanstrategyb.o(.data)
    right_reverse_walk_edge_status           0x200000ec   Data           4  bsp_cleanstrategyb.o(.data)
    right_edge_dilemma_status                0x200000f0   Data           4  bsp_cleanstrategyb.o(.data)
    right_forward_boundary_status            0x200000f4   Data           4  bsp_cleanstrategyb.o(.data)
    right_ready_leaking_sweep_status         0x200000f8   Data           4  bsp_cleanstrategyb.o(.data)
    left_walk_edge_status                    0x200000fc   Data           4  bsp_cleanstrategyb.o(.data)
    left_reverse_walk_edge_status            0x20000100   Data           4  bsp_cleanstrategyb.o(.data)
    left_edge_dilemma_status                 0x20000104   Data           4  bsp_cleanstrategyb.o(.data)
    left_forward_boundary_status             0x20000108   Data           4  bsp_cleanstrategyb.o(.data)
    left_ready_leaking_sweep_status          0x2000010c   Data           4  bsp_cleanstrategyb.o(.data)
    number                                   0x20000110   Data           4  bsp_cleanstrategyb.o(.data)
    leakingsweep                             0x20000114   Data           4  bsp_cleanstrategyb.o(.data)
    leakingsweep_x                           0x20000118   Data           4  bsp_cleanstrategyb.o(.data)
    leakingsweep_y                           0x2000011c   Data           4  bsp_cleanstrategyb.o(.data)
    last_position_x                          0x20000120   Data           4  bsp_cleanstrategyb.o(.data)
    last_position_xx                         0x20000124   Data           4  bsp_cleanstrategyb.o(.data)
    last_position_y                          0x20000128   Data           4  bsp_cleanstrategyb.o(.data)
    last_position_yy                         0x2000012c   Data           4  bsp_cleanstrategyb.o(.data)
    turn_start_x                             0x20000130   Data           4  bsp_cleanstrategyb.o(.data)
    turn_start_y                             0x20000134   Data           4  bsp_cleanstrategyb.o(.data)
    maintain_bow_distance                    0x20000138   Data           4  bsp_cleanstrategyb.o(.data)
    cnt_update                               0x2000013c   Data           4  bsp_cleanstrategyb.o(.data)
    temporary_yaw                            0x20000140   Data           4  bsp_cleanstrategyb.o(.data)
    temporary_close_edge                     0x20000144   Data           4  bsp_cleanstrategyb.o(.data)
    edge_length_start                        0x20000148   Data           4  bsp_cleanstrategyb.o(.data)
    FunctionStatus                           0x2000014c   Data           4  bsp_cleanstrategyb.o(.data)
    LastCleanTimeStamp                       0x20000150   Data           4  bsp_cleanstrategyb.o(.data)
    CurrentCleanTimeStamp                    0x20000154   Data           4  bsp_cleanstrategyb.o(.data)
    EdgeWiseCleanTimeStamp                   0x20000158   Data           4  bsp_cleanstrategyb.o(.data)
    judgment_Stuck_status                    0x2000015c   Data           4  bsp_cleanstrategyb.o(.data)
    judgment_Stuck_status_x                  0x20000160   Data           4  bsp_cleanstrategyb.o(.data)
    judgment_Stuck_status_y                  0x20000164   Data           4  bsp_cleanstrategyb.o(.data)
    judgment_Stuck_status_yaw                0x20000168   Data           4  bsp_cleanstrategyb.o(.data)
    x_error                                  0x2000016c   Data           4  bsp_cleanstrategyb.o(.data)
    y_error                                  0x20000170   Data           4  bsp_cleanstrategyb.o(.data)
    wheel_pulse_l                            0x20000174   Data           4  bsp_cleanstrategyb.o(.data)
    wheel_pulse_r                            0x20000178   Data           4  bsp_cleanstrategyb.o(.data)
    temporary_wheel_pulse_r                  0x2000017c   Data           4  bsp_cleanstrategyb.o(.data)
    temporary_wheel_pulse_l                  0x20000180   Data           4  bsp_cleanstrategyb.o(.data)
    AStar_start                              0x20000184   Data           4  bsp_cleanstrategyb.o(.data)
    linear_velocity                          0x20000190   Data           8  bsp_cleanstrategyb.o(.data)
    angular_velocity                         0x20000198   Data           8  bsp_cleanstrategyb.o(.data)
    reset_wifi_flag                          0x200001d9   Data           1  system.o(.data)
    set_wifimode_flag                        0x200001da   Data           1  system.o(.data)
    wifi_work_state                          0x200001db   Data           1  system.o(.data)
    stream_status                            0x200001dc   Data           1  system.o(.data)
    queue_in                                 0x200001e0   Data           4  system.o(.data)
    queue_out                                0x200001e4   Data           4  system.o(.data)
    SystemCoreClock                          0x200001e8   Data           4  system_stm32f10x.o(.data)
    AHBPrescTable                            0x200001ec   Data          16  system_stm32f10x.o(.data)
    pxCurrentTCB                             0x200001fc   Data           4  tasks.o(.data)
    srand_cnt                                0x20000268   Data           4  dx8_api.o(.data)
    __stdout                                 0x2000029c   Data           4  stdout.o(.data)
    gridmap                                  0x200009d0   Data       10032  bsp_gridmap.o(.bss)
    AStar_graph                              0x20003100   Data        2500  bsp_cleanstrategyb.o(.bss)
    astar_close                              0x20003ac4   Data       12500  bsp_cleanstrategyb.o(.bss)
    maze                                     0x20006b98   Data         625  bsp_cleanstrategyb.o(.bss)
    plansteps                                0x20006e09   Data         100  bsp_cleanstrategyb.o(.bss)
    wifi_queue_buf                           0x20008888   Data          23  system.o(.bss)
    wifi_uart_rx_buf                         0x2000889f   Data          31  system.o(.bss)
    wifi_uart_tx_buf                         0x200088be   Data         519  system.o(.bss)
    dx8_info                                 0x2000dc30   Data          44  dx8_api.o(.bss)
    context                                  0x2000dc5c   Data          92  sha1.o(.bss)
    __initial_sp                             0x2000f4e8   Data           0  startup_stm32f10x_hd.o(STACK)



==============================================================================

Memory Map of the image

  Image Entry point : 0x08000131

  Load Region LR_IROM1 (Base: 0x08000000, Size: 0x0001adf4, Max: 0x00080000, ABSOLUTE, COMPRESSED[0x0001abc4])

    Execution Region ER_IROM1 (Exec base: 0x08000000, Load base: 0x08000000, Size: 0x0001ab50, Max: 0x00080000, ABSOLUTE)

    Exec Addr    Load Addr    Size         Type   Attr      Idx    E Section Name        Object

    0x08000000   0x08000000   0x00000130   Data   RO         3258    RESET               startup_stm32f10x_hd.o
    0x08000130   0x08000130   0x00000000   Code   RO         6304  * .ARM.Collect$$$$00000000  mc_w.l(entry.o)
    0x08000130   0x08000130   0x00000004   Code   RO         6670    .ARM.Collect$$$$00000001  mc_w.l(entry2.o)
    0x08000134   0x08000134   0x00000004   Code   RO         6673    .ARM.Collect$$$$00000004  mc_w.l(entry5.o)
    0x08000138   0x08000138   0x00000000   Code   RO         6675    .ARM.Collect$$$$00000008  mc_w.l(entry7b.o)
    0x08000138   0x08000138   0x00000000   Code   RO         6677    .ARM.Collect$$$$0000000A  mc_w.l(entry8b.o)
    0x08000138   0x08000138   0x00000008   Code   RO         6678    .ARM.Collect$$$$0000000B  mc_w.l(entry9a.o)
    0x08000140   0x08000140   0x00000000   Code   RO         6680    .ARM.Collect$$$$0000000D  mc_w.l(entry10a.o)
    0x08000140   0x08000140   0x00000000   Code   RO         6682    .ARM.Collect$$$$0000000F  mc_w.l(entry11a.o)
    0x08000140   0x08000140   0x00000004   Code   RO         6671    .ARM.Collect$$$$00002712  mc_w.l(entry2.o)
    0x08000144   0x08000144   0x000000a2   Code   RO         6054    .emb_text           port.o
    0x080001e6   0x080001e6   0x00000002   PAD
    0x080001e8   0x080001e8   0x00000024   Code   RO         3259    .text               startup_stm32f10x_hd.o
    0x0800020c   0x0800020c   0x00000024   Code   RO         6309    .text               mc_w.l(rand.o)
    0x08000230   0x08000230   0x00000024   Code   RO         6312    .text               mc_w.l(memcpya.o)
    0x08000254   0x08000254   0x00000024   Code   RO         6314    .text               mc_w.l(memseta.o)
    0x08000278   0x08000278   0x0000001a   Code   RO         6318    .text               mc_w.l(memcmp.o)
    0x08000292   0x08000292   0x000000b0   Code   RO         6585    .text               mf_w.l(fadd.o)
    0x08000342   0x08000342   0x00000064   Code   RO         6587    .text               mf_w.l(fmul.o)
    0x080003a6   0x080003a6   0x0000007c   Code   RO         6589    .text               mf_w.l(fdiv.o)
    0x08000422   0x08000422   0x00000018   Code   RO         6591    .text               mf_w.l(fscalb.o)
    0x0800043a   0x0800043a   0x0000014e   Code   RO         6593    .text               mf_w.l(dadd.o)
    0x08000588   0x08000588   0x000000e4   Code   RO         6595    .text               mf_w.l(dmul.o)
    0x0800066c   0x0800066c   0x000000de   Code   RO         6597    .text               mf_w.l(ddiv.o)
    0x0800074a   0x0800074a   0x0000002e   Code   RO         6599    .text               mf_w.l(dscalb.o)
    0x08000778   0x08000778   0x00000012   Code   RO         6601    .text               mf_w.l(fflti.o)
    0x0800078a   0x0800078a   0x0000000a   Code   RO         6603    .text               mf_w.l(ffltui.o)
    0x08000794   0x08000794   0x00000022   Code   RO         6605    .text               mf_w.l(dflti.o)
    0x080007b6   0x080007b6   0x0000001a   Code   RO         6607    .text               mf_w.l(dfltui.o)
    0x080007d0   0x080007d0   0x00000032   Code   RO         6609    .text               mf_w.l(ffixi.o)
    0x08000802   0x08000802   0x00000028   Code   RO         6611    .text               mf_w.l(ffixui.o)
    0x0800082a   0x0800082a   0x0000003e   Code   RO         6613    .text               mf_w.l(dfixi.o)
    0x08000868   0x08000868   0x00000032   Code   RO         6615    .text               mf_w.l(dfixui.o)
    0x0800089a   0x0800089a   0x00000026   Code   RO         6617    .text               mf_w.l(f2d.o)
    0x080008c0   0x080008c0   0x00000030   Code   RO         6619    .text               mf_w.l(cdcmple.o)
    0x080008f0   0x080008f0   0x00000030   Code   RO         6621    .text               mf_w.l(cdrcmple.o)
    0x08000920   0x08000920   0x00000038   Code   RO         6623    .text               mf_w.l(d2f.o)
    0x08000958   0x08000958   0x00000014   Code   RO         6625    .text               mf_w.l(cfrcmple.o)
    0x0800096c   0x0800096c   0x0000002c   Code   RO         6685    .text               mc_w.l(uidiv.o)
    0x08000998   0x08000998   0x00000062   Code   RO         6687    .text               mc_w.l(uldiv.o)
    0x080009fa   0x080009fa   0x0000001e   Code   RO         6689    .text               mc_w.l(llshl.o)
    0x08000a18   0x08000a18   0x00000020   Code   RO         6691    .text               mc_w.l(llushr.o)
    0x08000a38   0x08000a38   0x00000024   Code   RO         6693    .text               mc_w.l(llsshr.o)
    0x08000a5c   0x08000a5c   0x00000000   Code   RO         6702    .text               mc_w.l(iusefp.o)
    0x08000a5c   0x08000a5c   0x0000006e   Code   RO         6703    .text               mf_w.l(fepilogue.o)
    0x08000aca   0x08000aca   0x000000ba   Code   RO         6705    .text               mf_w.l(depilogue.o)
    0x08000b84   0x08000b84   0x000000a2   Code   RO         6707    .text               mf_w.l(dsqrt.o)
    0x08000c26   0x08000c26   0x00000030   Code   RO         6709    .text               mf_w.l(dfixul.o)
    0x08000c56   0x08000c56   0x00000002   PAD
    0x08000c58   0x08000c58   0x00000024   Code   RO         6711    .text               mc_w.l(init.o)
    0x08000c7c   0x08000c7c   0x00000056   Code   RO         6721    .text               mc_w.l(__dczerorl2.o)
    0x08000cd2   0x08000cd2   0x00000018   Code   RO         4571    i.ADC_Cmd           stm32f10x_adc.o
    0x08000cea   0x08000cea   0x00000002   PAD
    0x08000cec   0x08000cec   0x00000064   Code   RO         4573    i.ADC_DeInit        stm32f10x_adc.o
    0x08000d50   0x08000d50   0x0000000e   Code   RO         4579    i.ADC_GetCalibrationStatus  stm32f10x_adc.o
    0x08000d5e   0x08000d5e   0x00000006   Code   RO         4580    i.ADC_GetConversionValue  stm32f10x_adc.o
    0x08000d64   0x08000d64   0x0000000e   Code   RO         4582    i.ADC_GetFlagStatus  stm32f10x_adc.o
    0x08000d72   0x08000d72   0x0000000e   Code   RO         4585    i.ADC_GetResetCalibrationStatus  stm32f10x_adc.o
    0x08000d80   0x08000d80   0x00000048   Code   RO         4589    i.ADC_Init          stm32f10x_adc.o
    0x08000dc8   0x08000dc8   0x00000074   Code   RO         4593    i.ADC_RegularChannelConfig  stm32f10x_adc.o
    0x08000e3c   0x08000e3c   0x0000000a   Code   RO         4594    i.ADC_ResetCalibration  stm32f10x_adc.o
    0x08000e46   0x08000e46   0x00000018   Code   RO         4596    i.ADC_SoftwareStartConvCmd  stm32f10x_adc.o
    0x08000e5e   0x08000e5e   0x0000000a   Code   RO         4598    i.ADC_StartCalibration  stm32f10x_adc.o
    0x08000e68   0x08000e68   0x0000063c   Code   RO         1891    i.AStarCollision    bsp_cleanstrategyb.o
    0x080014a4   0x080014a4   0x0000108a   Code   RO         1892    i.AStarMotionReturnOrigin  bsp_cleanstrategyb.o
    0x0800252e   0x0800252e   0x00000002   PAD
    0x08002530   0x08002530   0x00000204   Code   RO         1893    i.AStarNotMotionReturnOrigin  bsp_cleanstrategyb.o
    0x08002734   0x08002734   0x000002f0   Code   RO         1894    i.AStarReturnOrigin  bsp_cleanstrategyb.o
    0x08002a24   0x08002a24   0x00000014   Code   RO            3    i.AppObjCreate      main.o
    0x08002a38   0x08002a38   0x000000c4   Code   RO            4    i.AppTaskCreate     main.o
    0x08002afc   0x08002afc   0x00000080   Code   RO         2251    i.AuthenticationTest  bsp_passwd.o
    0x08002b7c   0x08002b7c   0x00000078   Code   RO         2566    i.BusFault_Handler  stm32f10x_it.o
    0x08002bf4   0x08002bf4   0x0000011c   Code   RO         6174    i.CMD_GetChipInfo   libdx8_stm32f1.lib(dx8_api.o)
    0x08002d10   0x08002d10   0x0000004c   Code   RO         6175    i.CalHMAC           libdx8_stm32f1.lib(dx8_api.o)
    0x08002d5c   0x08002d5c   0x00000048   Code   RO         6176    i.CalStreamKey      libdx8_stm32f1.lib(dx8_api.o)
    0x08002da4   0x08002da4   0x00000244   Code   RO         1895    i.CliffCloseEdge    bsp_cleanstrategyb.o
    0x08002fe8   0x08002fe8   0x0000224a   Code   RO         1896    i.CliffRuningWorkStep  bsp_cleanstrategyb.o
    0x08005232   0x08005232   0x00000002   PAD
    0x08005234   0x08005234   0x000007c0   Code   RO         1898    i.CollisionFrontLeftRunStep  bsp_cleanstrategyb.o
    0x080059f4   0x080059f4   0x000007c0   Code   RO         1899    i.CollisionFrontRightRunStep  bsp_cleanstrategyb.o
    0x080061b4   0x080061b4   0x00000da0   Code   RO         1900    i.CollisionLeftLeftRunStep  bsp_cleanstrategyb.o
    0x08006f54   0x08006f54   0x00000ce8   Code   RO         1901    i.CollisionLeftRightRunStep  bsp_cleanstrategyb.o
    0x08007c3c   0x08007c3c   0x00000e38   Code   RO         1902    i.CollisionRightLeftRunStep  bsp_cleanstrategyb.o
    0x08008a74   0x08008a74   0x00000d84   Code   RO         1903    i.CollisionRightRightRunStep  bsp_cleanstrategyb.o
    0x080097f8   0x080097f8   0x0000003c   Code   RO         2388    i.ComToUart         bsp_uart_fifo.o
    0x08009834   0x08009834   0x00000068   Code   RO         2389    i.ConfigUartNVIC    bsp_uart_fifo.o
    0x0800989c   0x0800989c   0x000000f0   Code   RO         6247    i.Crypto_Data       libdx8_stm32f1.lib(streamec.o)
    0x0800998c   0x0800998c   0x0000001c   Code   RO         4907    i.DBGMCU_Config     stm32f10x_dbgmcu.o
    0x080099a8   0x080099a8   0x00000040   Code   RO         6177    i.DX8_CompareCheckSum  libdx8_stm32f1.lib(dx8_api.o)
    0x080099e8   0x080099e8   0x00000058   Code   RO         6178    i.DX8_GetRandom     libdx8_stm32f1.lib(dx8_api.o)
    0x08009a40   0x08009a40   0x0000008c   Code   RO         6179    i.DX8_GetResponse   libdx8_stm32f1.lib(dx8_api.o)
    0x08009acc   0x08009acc   0x000000a4   Code   RO         6180    i.DX8_HostAuth      libdx8_stm32f1.lib(dx8_api.o)
    0x08009b70   0x08009b70   0x000000e4   Code   RO         6183    i.DX8_Reset         libdx8_stm32f1.lib(dx8_api.o)
    0x08009c54   0x08009c54   0x00000044   Code   RO         6185    i.DX8_Sleep         libdx8_stm32f1.lib(dx8_api.o)
    0x08009c98   0x08009c98   0x00000128   Code   RO         6186    i.DX8_VerifyPassword  libdx8_stm32f1.lib(dx8_api.o)
    0x08009dc0   0x08009dc0   0x00000040   Code   RO         6187    i.DX8_VerifyPin     libdx8_stm32f1.lib(dx8_api.o)
    0x08009e00   0x08009e00   0x00000008   Code   RO         6189    i.DX8_Version       libdx8_stm32f1.lib(dx8_api.o)
    0x08009e08   0x08009e08   0x00000078   Code   RO         2567    i.DebugMon_Handler  stm32f10x_it.o
    0x08009e80   0x08009e80   0x00000240   Code   RO         1904    i.DetectionCloseEdge  bsp_cleanstrategyb.o
    0x0800a0c0   0x0800a0c0   0x0000002c   Code   RO          953    i.EXTI15_10_IRQHandler  bsp_encoder.o
    0x0800a0ec   0x0800a0ec   0x00000028   Code   RO          954    i.EXTI3_IRQHandler  bsp_encoder.o
    0x0800a114   0x0800a114   0x00000018   Code   RO         1741    i.EXTI9_5_IRQHandler  bsp_stopmode.o
    0x0800a12c   0x0800a12c   0x0000000c   Code   RO         4846    i.EXTI_ClearITPendingBit  stm32f10x_exti.o
    0x0800a138   0x0800a138   0x00000020   Code   RO         4850    i.EXTI_GetITStatus  stm32f10x_exti.o
    0x0800a158   0x0800a158   0x00000074   Code   RO         4851    i.EXTI_Init         stm32f10x_exti.o
    0x0800a1cc   0x0800a1cc   0x00000020   Code   RO         1905    i.EdgeWiseRunningWorkStep  bsp_cleanstrategyb.o
    0x0800a1ec   0x0800a1ec   0x0000008c   Code   RO         1791    i.Edge_length       bsp_gridmap.o
    0x0800a278   0x0800a278   0x000010e0   Code   RO         1906    i.ForceReturnOrigin  bsp_cleanstrategyb.o
    0x0800b358   0x0800b358   0x00000370   Code   RO         1907    i.ForwardBoundaryLeftRunStep  bsp_cleanstrategyb.o
    0x0800b6c8   0x0800b6c8   0x00000410   Code   RO         1908    i.ForwardBoundaryRightRunStep  bsp_cleanstrategyb.o
    0x0800bad8   0x0800bad8   0x00000028   Code   RO         3312    i.GPIO_EXTILineConfig  stm32f10x_gpio.o
    0x0800bb00   0x0800bb00   0x000000a6   Code   RO         3315    i.GPIO_Init         stm32f10x_gpio.o
    0x0800bba6   0x0800bba6   0x00000002   PAD
    0x0800bba8   0x0800bba8   0x0000005c   Code   RO         3317    i.GPIO_PinRemapConfig  stm32f10x_gpio.o
    0x0800bc04   0x0800bc04   0x0000000e   Code   RO         3319    i.GPIO_ReadInputDataBit  stm32f10x_gpio.o
    0x0800bc12   0x0800bc12   0x00000004   Code   RO         3322    i.GPIO_ResetBits    stm32f10x_gpio.o
    0x0800bc16   0x0800bc16   0x00000004   Code   RO         3323    i.GPIO_SetBits      stm32f10x_gpio.o
    0x0800bc1a   0x0800bc1a   0x0000000c   Code   RO         3326    i.GPIO_WriteBit     stm32f10x_gpio.o
    0x0800bc26   0x0800bc26   0x00000002   PAD
    0x0800bc28   0x0800bc28   0x0000000c   Code   RO         1909    i.GetReturnChargeStationStatus  bsp_cleanstrategyb.o
    0x0800bc34   0x0800bc34   0x0000002c   Code   RO         2252    i.GetSoftRandom     bsp_passwd.o
    0x0800bc60   0x0800bc60   0x00000078   Code   RO         2568    i.HardFault_Handler  stm32f10x_it.o
    0x0800bcd8   0x0800bcd8   0x00000250   Code   RO         2390    i.InitHardUart      bsp_uart_fifo.o
    0x0800bf28   0x0800bf28   0x00000054   Code   RO         6194    i.InitStreamKey     libdx8_stm32f1.lib(dx8_api.o)
    0x0800bf7c   0x0800bf7c   0x0000000c   Code   RO         1742    i.IsInitFromSleep   bsp_stopmode.o
    0x0800bf88   0x0800bf88   0x00000020   Code   RO         2693    i.IsKeyDown1        bsp_key.o
    0x0800bfa8   0x0800bfa8   0x00000020   Code   RO         2694    i.IsKeyDown10       bsp_key.o
    0x0800bfc8   0x0800bfc8   0x00000020   Code   RO         2695    i.IsKeyDown2        bsp_key.o
    0x0800bfe8   0x0800bfe8   0x00000020   Code   RO         2696    i.IsKeyDown3        bsp_key.o
    0x0800c008   0x0800c008   0x0000000c   Code   RO         2697    i.IsKeyDown4        bsp_key.o
    0x0800c014   0x0800c014   0x0000000c   Code   RO         2698    i.IsKeyDown5        bsp_key.o
    0x0800c020   0x0800c020   0x00000014   Code   RO         2699    i.IsKeyDown6        bsp_key.o
    0x0800c034   0x0800c034   0x00000014   Code   RO         2700    i.IsKeyDown7        bsp_key.o
    0x0800c048   0x0800c048   0x00000014   Code   RO         2701    i.IsKeyDown8        bsp_key.o
    0x0800c05c   0x0800c05c   0x00000020   Code   RO         2702    i.IsKeyDown9        bsp_key.o
    0x0800c07c   0x0800c07c   0x00000728   Code   RO         1910    i.LeftEdgeDilemma   bsp_cleanstrategyb.o
    0x0800c7a4   0x0800c7a4   0x0000048c   Code   RO         1911    i.LeftReadyLeakingSweep  bsp_cleanstrategyb.o
    0x0800cc30   0x0800cc30   0x00000a28   Code   RO         1912    i.LeftReverseWalkEdge  bsp_cleanstrategyb.o
    0x0800d658   0x0800d658   0x00000464   Code   RO         1913    i.LeftRunningWorkStep  bsp_cleanstrategyb.o
    0x0800dabc   0x0800dabc   0x00000a30   Code   RO         1914    i.LeftWalkEdge      bsp_cleanstrategyb.o
    0x0800e4ec   0x0800e4ec   0x000000b4   Code   RO         6195    i.Lib_HostAuth      libdx8_stm32f1.lib(dx8_api.o)
    0x0800e5a0   0x0800e5a0   0x0000003c   Code   RO         6196    i.Lib_crc16         libdx8_stm32f1.lib(dx8_api.o)
    0x0800e5dc   0x0800e5dc   0x0000001e   Code   RO         6197    i.Lib_memcmp        libdx8_stm32f1.lib(dx8_api.o)
    0x0800e5fa   0x0800e5fa   0x00000002   PAD
    0x0800e5fc   0x0800e5fc   0x00000014   Code   RO         6198    i.Lib_memcpy        libdx8_stm32f1.lib(dx8_api.o)
    0x0800e610   0x0800e610   0x00000010   Code   RO         6199    i.Lib_memset        libdx8_stm32f1.lib(dx8_api.o)
    0x0800e620   0x0800e620   0x0000001a   Code   RO         6200    i.Lib_xor           libdx8_stm32f1.lib(dx8_api.o)
    0x0800e63a   0x0800e63a   0x00000002   PAD
    0x0800e63c   0x0800e63c   0x00000030   Code   RO         6248    i.LoadKey           libdx8_stm32f1.lib(streamec.o)
    0x0800e66c   0x0800e66c   0x00000054   Code   RO         6201    i.MAC_Password      libdx8_stm32f1.lib(dx8_api.o)
    0x0800e6c0   0x0800e6c0   0x00000078   Code   RO         2569    i.MemManage_Handler  stm32f10x_it.o
    0x0800e738   0x0800e738   0x00000002   Code   RO         2570    i.NMI_Handler       stm32f10x_it.o
    0x0800e73a   0x0800e73a   0x00000002   PAD
    0x0800e73c   0x0800e73c   0x00000064   Code   RO         3265    i.NVIC_Init         misc.o
    0x0800e7a0   0x0800e7a0   0x00000014   Code   RO         3266    i.NVIC_PriorityGroupConfig  misc.o
    0x0800e7b4   0x0800e7b4   0x00000064   Code   RO         6202    i.PollingStatus     libdx8_stm32f1.lib(dx8_api.o)
    0x0800e818   0x0800e818   0x00000014   Code   RO         3431    i.RCC_ADCCLKConfig  stm32f10x_rcc.o
    0x0800e82c   0x0800e82c   0x0000001c   Code   RO         3433    i.RCC_APB1PeriphClockCmd  stm32f10x_rcc.o
    0x0800e848   0x0800e848   0x0000001c   Code   RO         3435    i.RCC_APB2PeriphClockCmd  stm32f10x_rcc.o
    0x0800e864   0x0800e864   0x0000001c   Code   RO         3436    i.RCC_APB2PeriphResetCmd  stm32f10x_rcc.o
    0x0800e880   0x0800e880   0x000000ac   Code   RO         3443    i.RCC_GetClocksFreq  stm32f10x_rcc.o
    0x0800e92c   0x0800e92c   0x0000000c   Code   RO         1915    i.ResetReturnChargeStationStatus  bsp_cleanstrategyb.o
    0x0800e938   0x0800e938   0x000006c0   Code   RO         1916    i.RightEdgeDilemma  bsp_cleanstrategyb.o
    0x0800eff8   0x0800eff8   0x0000048c   Code   RO         1917    i.RightReadyLeakingSweep  bsp_cleanstrategyb.o
    0x0800f484   0x0800f484   0x00000a30   Code   RO         1918    i.RightReverseWalkEdge  bsp_cleanstrategyb.o
    0x0800feb4   0x0800feb4   0x00000498   Code   RO         1919    i.RightRunningWorkStep  bsp_cleanstrategyb.o
    0x0801034c   0x0801034c   0x0000094c   Code   RO         1920    i.RightWalkEdge     bsp_cleanstrategyb.o
    0x08010c98   0x08010c98   0x0000008c   Code   RO         6235    i.SHA1PadMessage    libdx8_stm32f1.lib(sha1.o)
    0x08010d24   0x08010d24   0x0000015c   Code   RO         6236    i.SHA1ProcessMessageBlock  libdx8_stm32f1.lib(sha1.o)
    0x08010e80   0x08010e80   0x0000000c   Code   RO         1743    i.SetIsInitFromSleep  bsp_stopmode.o
    0x08010e8c   0x08010e8c   0x00000004   Code   RO         5415    i.SetSysClock       system_stm32f10x.o
    0x08010e90   0x08010e90   0x000000b0   Code   RO         5416    i.SetSysClockTo72   system_stm32f10x.o
    0x08010f40   0x08010f40   0x00000044   Code   RO         6237    i.Sha1final         libdx8_stm32f1.lib(sha1.o)
    0x08010f84   0x08010f84   0x0000003c   Code   RO         6238    i.Sha1init          libdx8_stm32f1.lib(sha1.o)
    0x08010fc0   0x08010fc0   0x00000044   Code   RO         6239    i.Sha1update        libdx8_stm32f1.lib(sha1.o)
    0x08011004   0x08011004   0x00000022   Code   RO         6249    i.Stream_Dec        libdx8_stm32f1.lib(streamec.o)
    0x08011026   0x08011026   0x00000002   PAD
    0x08011028   0x08011028   0x00000878   Code   RO         1921    i.StuckRightRunStep  bsp_cleanstrategyb.o
    0x080118a0   0x080118a0   0x00000024   Code   RO         6055    i.SysTick_Handler   port.o
    0x080118c4   0x080118c4   0x00000050   Code   RO         5418    i.SystemInit        system_stm32f10x.o
    0x08011914   0x08011914   0x00000074   Code   RO         4009    i.TI1_Config        stm32f10x_tim.o
    0x08011988   0x08011988   0x0000007c   Code   RO         4010    i.TI2_Config        stm32f10x_tim.o
    0x08011a04   0x08011a04   0x00000078   Code   RO         4011    i.TI3_Config        stm32f10x_tim.o
    0x08011a7c   0x08011a7c   0x0000007c   Code   RO         4012    i.TI4_Config        stm32f10x_tim.o
    0x08011af8   0x08011af8   0x0000009c   Code   RO         3093    i.TIM3_IRQHandler   bsp_ir_decode.o
    0x08011b94   0x08011b94   0x00000098   Code   RO         2879    i.TIM5_IRQHandler   bsp_timer.o
    0x08011c2c   0x08011c2c   0x0000003c   Code   RO          399    i.TIM6_IRQHandler   sysinfotest.o
    0x08011c68   0x08011c68   0x00000018   Code   RO         4013    i.TIM_ARRPreloadConfig  stm32f10x_tim.o
    0x08011c80   0x08011c80   0x00000006   Code   RO         4020    i.TIM_ClearITPendingBit  stm32f10x_tim.o
    0x08011c86   0x08011c86   0x00000018   Code   RO         4025    i.TIM_Cmd           stm32f10x_tim.o
    0x08011c9e   0x08011c9e   0x0000001c   Code   RO         4027    i.TIM_CtrlPWMOutputs  stm32f10x_tim.o
    0x08011cba   0x08011cba   0x00000004   Code   RO         4040    i.TIM_GetCapture1   stm32f10x_tim.o
    0x08011cbe   0x08011cbe   0x00000004   Code   RO         4041    i.TIM_GetCapture2   stm32f10x_tim.o
    0x08011cc2   0x08011cc2   0x00000004   Code   RO         4042    i.TIM_GetCapture3   stm32f10x_tim.o
    0x08011cc6   0x08011cc6   0x00000006   Code   RO         4043    i.TIM_GetCapture4   stm32f10x_tim.o
    0x08011ccc   0x08011ccc   0x00000004   Code   RO         4044    i.TIM_GetCounter    stm32f10x_tim.o
    0x08011cd0   0x08011cd0   0x00000018   Code   RO         4046    i.TIM_GetITStatus   stm32f10x_tim.o
    0x08011ce8   0x08011ce8   0x0000008c   Code   RO         4048    i.TIM_ICInit        stm32f10x_tim.o
    0x08011d74   0x08011d74   0x00000014   Code   RO         4050    i.TIM_ITConfig      stm32f10x_tim.o
    0x08011d88   0x08011d88   0x00000088   Code   RO         4054    i.TIM_OC1Init       stm32f10x_tim.o
    0x08011e10   0x08011e10   0x0000000c   Code   RO         4057    i.TIM_OC1PreloadConfig  stm32f10x_tim.o
    0x08011e1c   0x08011e1c   0x00000088   Code   RO         4059    i.TIM_OC2Init       stm32f10x_tim.o
    0x08011ea4   0x08011ea4   0x00000014   Code   RO         4062    i.TIM_OC2PreloadConfig  stm32f10x_tim.o
    0x08011eb8   0x08011eb8   0x00000084   Code   RO         4064    i.TIM_OC3Init       stm32f10x_tim.o
    0x08011f3c   0x08011f3c   0x0000000c   Code   RO         4067    i.TIM_OC3PreloadConfig  stm32f10x_tim.o
    0x08011f48   0x08011f48   0x00000068   Code   RO         4069    i.TIM_OC4Init       stm32f10x_tim.o
    0x08011fb0   0x08011fb0   0x00000014   Code   RO         4071    i.TIM_OC4PreloadConfig  stm32f10x_tim.o
    0x08011fc4   0x08011fc4   0x00000004   Code   RO         4086    i.TIM_SetCompare1   stm32f10x_tim.o
    0x08011fc8   0x08011fc8   0x00000004   Code   RO         4087    i.TIM_SetCompare2   stm32f10x_tim.o
    0x08011fcc   0x08011fcc   0x00000004   Code   RO         4088    i.TIM_SetCompare3   stm32f10x_tim.o
    0x08011fd0   0x08011fd0   0x00000006   Code   RO         4089    i.TIM_SetCompare4   stm32f10x_tim.o
    0x08011fd6   0x08011fd6   0x00000010   Code   RO         4091    i.TIM_SetIC1Prescaler  stm32f10x_tim.o
    0x08011fe6   0x08011fe6   0x00000018   Code   RO         4092    i.TIM_SetIC2Prescaler  stm32f10x_tim.o
    0x08011ffe   0x08011ffe   0x00000010   Code   RO         4093    i.TIM_SetIC3Prescaler  stm32f10x_tim.o
    0x0801200e   0x0801200e   0x00000018   Code   RO         4094    i.TIM_SetIC4Prescaler  stm32f10x_tim.o
    0x08012026   0x08012026   0x00000002   PAD
    0x08012028   0x08012028   0x0000009c   Code   RO         4096    i.TIM_TimeBaseInit  stm32f10x_tim.o
    0x080120c4   0x080120c4   0x00000032   Code   RO         3172    i.TWI_NOP           dxi2c_gpio_stm32f1.o
    0x080120f6   0x080120f6   0x00000038   Code   RO         3173    i.TWI_ReceiveByte   dxi2c_gpio_stm32f1.o
    0x0801212e   0x0801212e   0x00000002   PAD
    0x08012130   0x08012130   0x00000010   Code   RO         3174    i.TWI_SCL_0         dxi2c_gpio_stm32f1.o
    0x08012140   0x08012140   0x00000010   Code   RO         3175    i.TWI_SCL_1         dxi2c_gpio_stm32f1.o
    0x08012150   0x08012150   0x00000010   Code   RO         3176    i.TWI_SDA_0         dxi2c_gpio_stm32f1.o
    0x08012160   0x08012160   0x00000010   Code   RO         3177    i.TWI_SDA_1         dxi2c_gpio_stm32f1.o
    0x08012170   0x08012170   0x0000000c   Code   RO         3178    i.TWI_SDA_STATE     dxi2c_gpio_stm32f1.o
    0x0801217c   0x0801217c   0x0000003a   Code   RO         3179    i.TWI_START         dxi2c_gpio_stm32f1.o
    0x080121b6   0x080121b6   0x0000001e   Code   RO         3180    i.TWI_STOP          dxi2c_gpio_stm32f1.o
    0x080121d4   0x080121d4   0x00000022   Code   RO         3181    i.TWI_SendACK       dxi2c_gpio_stm32f1.o
    0x080121f6   0x080121f6   0x0000006e   Code   RO         3182    i.TWI_SendByte      dxi2c_gpio_stm32f1.o
    0x08012264   0x08012264   0x0000001e   Code   RO         3183    i.TWI_SendNACK      dxi2c_gpio_stm32f1.o
    0x08012282   0x08012282   0x00000002   PAD
    0x08012284   0x08012284   0x0000000c   Code   RO         2397    i.UART4_IRQHandler  bsp_uart_fifo.o
    0x08012290   0x08012290   0x0000000c   Code   RO         2398    i.UART5_IRQHandler  bsp_uart_fifo.o
    0x0801229c   0x0801229c   0x0000000c   Code   RO         2399    i.USART2_IRQHandler  bsp_uart_fifo.o
    0x080122a8   0x080122a8   0x0000000c   Code   RO         2400    i.USART3_IRQHandler  bsp_uart_fifo.o
    0x080122b4   0x080122b4   0x00000008   Code   RO         3639    i.USART_ClearFlag   stm32f10x_usart.o
    0x080122bc   0x080122bc   0x00000018   Code   RO         3643    i.USART_Cmd         stm32f10x_usart.o
    0x080122d4   0x080122d4   0x0000000e   Code   RO         3646    i.USART_GetFlagStatus  stm32f10x_usart.o
    0x080122e2   0x080122e2   0x00000040   Code   RO         3647    i.USART_GetITStatus  stm32f10x_usart.o
    0x08012322   0x08012322   0x00000036   Code   RO         3649    i.USART_ITConfig    stm32f10x_usart.o
    0x08012358   0x08012358   0x000000bc   Code   RO         3650    i.USART_Init        stm32f10x_usart.o
    0x08012414   0x08012414   0x00000008   Code   RO         3657    i.USART_ReceiveData  stm32f10x_usart.o
    0x0801241c   0x0801241c   0x00000008   Code   RO         3660    i.USART_SendData    stm32f10x_usart.o
    0x08012424   0x08012424   0x00000046   Code   RO         2401    i.UartGetChar       bsp_uart_fifo.o
    0x0801246a   0x0801246a   0x000000e2   Code   RO         2402    i.UartIRQ           bsp_uart_fifo.o
    0x0801254c   0x0801254c   0x00000062   Code   RO         2403    i.UartSend          bsp_uart_fifo.o
    0x080125ae   0x080125ae   0x00000002   PAD
    0x080125b0   0x080125b0   0x000000d0   Code   RO         2404    i.UartVarInit       bsp_uart_fifo.o
    0x08012680   0x08012680   0x00000074   Code   RO         6251    i.UpDataKey         libdx8_stm32f1.lib(streamec.o)
    0x080126f4   0x080126f4   0x00000078   Code   RO         2571    i.UsageFault_Handler  stm32f10x_it.o
    0x0801276c   0x0801276c   0x00000020   Code   RO         6557    i.__0printf         mc_w.l(printfa.o)
    0x0801278c   0x0801278c   0x00000028   Code   RO         6654    i.__ARM_fpclassify  m_ws.l(fpclassify.o)
    0x080127b4   0x080127b4   0x00000388   Code   RO         6659    i.__ieee754_rem_pio2  m_ws.l(rred.o)
    0x08012b3c   0x08012b3c   0x000000fc   Code   RO         6637    i.__kernel_cos      m_ws.l(cos_i.o)
    0x08012c38   0x08012c38   0x000000aa   Code   RO         6656    i.__kernel_poly     m_ws.l(poly.o)
    0x08012ce2   0x08012ce2   0x00000002   PAD
    0x08012ce4   0x08012ce4   0x000000ec   Code   RO         6664    i.__kernel_sin      m_ws.l(sin_i.o)
    0x08012dd0   0x08012dd0   0x00000010   Code   RO         6640    i.__mathlib_dbl_divzero  m_ws.l(dunder.o)
    0x08012de0   0x08012de0   0x00000006   Code   RO         6641    i.__mathlib_dbl_infnan  m_ws.l(dunder.o)
    0x08012de6   0x08012de6   0x00000004   Code   RO         6642    i.__mathlib_dbl_infnan2  m_ws.l(dunder.o)
    0x08012dea   0x08012dea   0x0000000c   Code   RO         6643    i.__mathlib_dbl_invalid  m_ws.l(dunder.o)
    0x08012df6   0x08012df6   0x0000000e   Code   RO         6644    i.__mathlib_dbl_overflow  m_ws.l(dunder.o)
    0x08012e04   0x08012e04   0x00000010   Code   RO         6646    i.__mathlib_dbl_underflow  m_ws.l(dunder.o)
    0x08012e14   0x08012e14   0x0000000e   Code   RO         6715    i.__scatterload_copy  mc_w.l(handlers.o)
    0x08012e22   0x08012e22   0x00000002   Code   RO         6716    i.__scatterload_null  mc_w.l(handlers.o)
    0x08012e24   0x08012e24   0x0000000e   Code   RO         6717    i.__scatterload_zeroinit  mc_w.l(handlers.o)
    0x08012e32   0x08012e32   0x00000002   PAD
    0x08012e34   0x08012e34   0x0000000c   Code   RO         6697    i.__set_errno       mc_w.l(errno.o)
    0x08012e40   0x08012e40   0x00000184   Code   RO         6564    i._fp_digits        mc_w.l(printfa.o)
    0x08012fc4   0x08012fc4   0x000006dc   Code   RO         6565    i._printf_core      mc_w.l(printfa.o)
    0x080136a0   0x080136a0   0x00000024   Code   RO         6566    i._printf_post_padding  mc_w.l(printfa.o)
    0x080136c4   0x080136c4   0x0000002e   Code   RO         6567    i._printf_pre_padding  mc_w.l(printfa.o)
    0x080136f2   0x080136f2   0x00000002   PAD
    0x080136f4   0x080136f4   0x00000110   Code   RO         1922    i.astar             bsp_cleanstrategyb.o
    0x08013804   0x08013804   0x00000220   Code   RO         6628    i.atan              m_ws.l(atan.o)
    0x08013a24   0x08013a24   0x00000180   Code   RO         6263    i.atan2             m_ws.l(atan2.o)
    0x08013ba4   0x08013ba4   0x00000054   Code   RO          628    i.aw_WriteBytes     bsp_aw9523b.o
    0x08013bf8   0x08013bf8   0x00000088   Code   RO          692    i.bsp_ADCConfig     bsp_detectact.o
    0x08013c80   0x08013c80   0x0000004c   Code   RO          631    i.bsp_AWSetPinVal   bsp_aw9523b.o
    0x08013ccc   0x08013ccc   0x000000a8   Code   RO          518    i.bsp_AngleAnalyzeApp  bsp_angle.o
    0x08013d74   0x08013d74   0x000000b0   Code   RO          519    i.bsp_AngleCheck    bsp_angle.o
    0x08013e24   0x08013e24   0x00000018   Code   RO          520    i.bsp_AngleChkXorCalc  bsp_angle.o
    0x08013e3c   0x08013e3c   0x00000060   Code   RO          521    i.bsp_AnglePoll     bsp_angle.o
    0x08013e9c   0x08013e9c   0x0000001c   Code   RO          523    i.bsp_AngleReadRaw  bsp_angle.o
    0x08013eb8   0x08013eb8   0x00000030   Code   RO          524    i.bsp_AngleRevByte  bsp_angle.o
    0x08013ee8   0x08013ee8   0x00000034   Code   RO          525    i.bsp_AngleRst      bsp_angle.o
    0x08013f1c   0x08013f1c   0x00000010   Code   RO          526    i.bsp_AngleTimeout  bsp_angle.o
    0x08013f2c   0x08013f2c   0x0000002c   Code   RO         1701    i.bsp_AssistIsFaceObstacles  bsp_assistjudgedirection.o
    0x08013f58   0x08013f58   0x0000002e   Code   RO          914    i.bsp_CalcChk       bsp_communication.o
    0x08013f86   0x08013f86   0x00000002   PAD
    0x08013f88   0x08013f88   0x0000004c   Code   RO         2211    i.bsp_ChangeWifi2SmartConfigStateProc  bsp_wifi_app.o
    0x08013fd4   0x08013fd4   0x00000016   Code   RO          632    i.bsp_CheckOk       bsp_aw9523b.o
    0x08013fea   0x08013fea   0x00000002   PAD
    0x08013fec   0x08013fec   0x0000000c   Code   RO         2703    i.bsp_ClearKey      bsp_key.o
    0x08013ff8   0x08013ff8   0x000000d0   Code   RO         1522    i.bsp_CliffCalibration  bsp_cliffsw.o
    0x080140c8   0x080140c8   0x00000034   Code   RO         1523    i.bsp_CliffIsDangerous  bsp_cliffsw.o
    0x080140fc   0x080140fc   0x00000070   Code   RO          485    i.bsp_CollisionScan  bsp_collision.o
    0x0801416c   0x0801416c   0x000001d0   Code   RO          915    i.bsp_ComAnalysis   bsp_communication.o
    0x0801433c   0x0801433c   0x0000000a   Code   RO         2356    i.bsp_DelayMS       bsp_dwt.o
    0x08014346   0x08014346   0x00000002   PAD
    0x08014348   0x08014348   0x0000002c   Code   RO         2357    i.bsp_DelayUS       bsp_dwt.o
    0x08014374   0x08014374   0x00000b00   Code   RO          693    i.bsp_DetectAct     bsp_detectact.o
    0x08014e74   0x08014e74   0x00000002   Code   RO          695    i.bsp_DetectDeal    bsp_detectact.o
    0x08014e76   0x08014e76   0x00000002   PAD
    0x08014e78   0x08014e78   0x000000b0   Code   RO         2704    i.bsp_DetectKey     bsp_key.o
    0x08014f28   0x08014f28   0x00000018   Code   RO          697    i.bsp_DetectStart   bsp_detectact.o
    0x08014f40   0x08014f40   0x0000001c   Code   RO         1591    i.bsp_DustBoxGetState  bsp_dustbox.o
    0x08014f5c   0x08014f5c   0x000000cc   Code   RO          955    i.bsp_EXTI_Config   bsp_encoder.o
    0x08015028   0x08015028   0x00000014   Code   RO          956    i.bsp_EncoderGetPulseT  bsp_encoder.o
    0x0801503c   0x0801503c   0x00000344   Code   RO          916    i.bsp_FillReportFrame  bsp_communication.o
    0x08015380   0x08015380   0x0000006c   Code   RO          699    i.bsp_GetAdScanValue  bsp_detectact.o
    0x080153ec   0x080153ec   0x00000044   Code   RO         1794    i.bsp_GetCliffSensorData  bsp_gridmap.o
    0x08015430   0x08015430   0x000000d8   Code   RO         1525    i.bsp_GetCliffVoltage  bsp_cliffsw.o
    0x08015508   0x08015508   0x0000000c   Code   RO         1204    i.bsp_GetCurrentOrientation  bsp_position.o
    0x08015514   0x08015514   0x00000020   Code   RO         1205    i.bsp_GetCurrentPosX  bsp_position.o
    0x08015534   0x08015534   0x00000020   Code   RO         1206    i.bsp_GetCurrentPosY  bsp_position.o
    0x08015554   0x08015554   0x000001cc   Code   RO         1488    i.bsp_GetFeedbackVoltage  bsp_currentfeedback.o
    0x08015720   0x08015720   0x0000014c   Code   RO         1795    i.bsp_GetIRSensorData  bsp_gridmap.o
    0x0801586c   0x0801586c   0x0000000c   Code   RO          700    i.bsp_GetInfraRedAdcVoltage  bsp_detectact.o
    0x08015878   0x08015878   0x000000cc   Code   RO         2622    i.bsp_GetRCCofTIM   bsp_tim_pwm.o
    0x08015944   0x08015944   0x0000028c   Code   RO         1797    i.bsp_GridMapUpdate  bsp_gridmap.o
    0x08015bd0   0x08015bd0   0x00000034   Code   RO          528    i.bsp_IMU_GetData   bsp_angle.o
    0x08015c04   0x08015c04   0x00000144   Code   RO         3094    i.bsp_IRD_DecodeNec  bsp_ir_decode.o
    0x08015d48   0x08015d48   0x0000003c   Code   RO         3096    i.bsp_IRD_StopWork  bsp_ir_decode.o
    0x08015d84   0x08015d84   0x0000011c   Code   RO         3097    i.bsp_IR_GetPulseWidth  bsp_ir_decode.o
    0x08015ea0   0x08015ea0   0x00000014   Code   RO         3098    i.bsp_IR_GetRev     bsp_ir_decode.o
    0x08015eb4   0x08015eb4   0x00000080   Code   RO         3102    i.bsp_IR_TimeOutProc  bsp_ir_decode.o
    0x08015f34   0x08015f34   0x000000cc   Code   RO         2336    i.bsp_Init          bsp.o
    0x08016000   0x08016000   0x0000001c   Code   RO          633    i.bsp_InitAW9523B   bsp_aw9523b.o
    0x0801601c   0x0801601c   0x0000002c   Code   RO          529    i.bsp_InitAngle     bsp_angle.o
    0x08016048   0x08016048   0x0000019c   Code   RO         1526    i.bsp_InitCliffSW   bsp_cliffsw.o
    0x080161e4   0x080161e4   0x00000040   Code   RO          486    i.bsp_InitCollision  bsp_collision.o
    0x08016224   0x08016224   0x00000370   Code   RO         1489    i.bsp_InitCurrentFeedbackADC  bsp_currentfeedback.o
    0x08016594   0x08016594   0x00000024   Code   RO         2358    i.bsp_InitDWT       bsp_dwt.o
    0x080165b8   0x080165b8   0x0000001c   Code   RO          703    i.bsp_InitDetectAct  bsp_detectact.o
    0x080165d4   0x080165d4   0x0000002c   Code   RO         1592    i.bsp_InitDustBox   bsp_dustbox.o
    0x08016600   0x08016600   0x00000004   Code   RO          959    i.bsp_InitEncoder   bsp_encoder.o
    0x08016604   0x08016604   0x00000004   Code   RO          960    i.bsp_InitGPIO      bsp_encoder.o
    0x08016608   0x08016608   0x00000068   Code   RO         2880    i.bsp_InitHardTimer  bsp_timer.o
    0x08016670   0x08016670   0x00000040   Code   RO         2913    i.bsp_InitI2C       bsp_i2c_gpio.o
    0x080166b0   0x080166b0   0x0000000e   Code   RO         2708    i.bsp_InitKey       bsp_key.o
    0x080166be   0x080166be   0x00000002   PAD
    0x080166c0   0x080166c0   0x00000088   Code   RO         2709    i.bsp_InitKeyHard   bsp_key.o
    0x08016748   0x08016748   0x00000090   Code   RO         2710    i.bsp_InitKeyVar    bsp_key.o
    0x080167d8   0x080167d8   0x00000098   Code   RO         2835    i.bsp_InitLed       bsp_led.o
    0x08016870   0x08016870   0x0000001e   Code   RO         1015    i.bsp_InitMotor     bsp_motor.o
    0x0801688e   0x0801688e   0x00000002   PAD
    0x08016890   0x08016890   0x00000040   Code   RO         1082    i.bsp_InitPid       bsp_control.o
    0x080168d0   0x080168d0   0x0000002c   Code   RO          783    i.bsp_InitPinPulse  bsp_pulsemark.o
    0x080168fc   0x080168fc   0x00000050   Code   RO          634    i.bsp_InitRST       bsp_aw9523b.o
    0x0801694c   0x0801694c   0x00000044   Code   RO          635    i.bsp_InitRegister  bsp_aw9523b.o
    0x08016990   0x08016990   0x000000bc   Code   RO          453    i.bsp_InitSW        bsp_powerswitch.o
    0x08016a4c   0x08016a4c   0x00000050   Code   RO         1617    i.bsp_InitSpeaker   bsp_speaker.o
    0x08016a9c   0x08016a9c   0x000000fc   Code   RO         1016    i.bsp_InitTimer1    bsp_motor.o
    0x08016b98   0x08016b98   0x000000e8   Code   RO         1017    i.bsp_InitTimer4    bsp_motor.o
    0x08016c80   0x08016c80   0x00000012   Code   RO         2405    i.bsp_InitUart      bsp_uart_fifo.o
    0x08016c92   0x08016c92   0x00000002   PAD
    0x08016c94   0x08016c94   0x00000034   Code   RO         1018    i.bsp_InitVacuum    bsp_motor.o
    0x08016cc8   0x08016cc8   0x00000014   Code   RO         2712    i.bsp_KeyScan       bsp_key.o
    0x08016cdc   0x08016cdc   0x00000050   Code   RO         2837    i.bsp_LedOff        bsp_led.o
    0x08016d2c   0x08016d2c   0x00000050   Code   RO         2838    i.bsp_LedOn         bsp_led.o
    0x08016d7c   0x08016d7c   0x00000060   Code   RO         2839    i.bsp_LedToggle     bsp_led.o
    0x08016ddc   0x08016ddc   0x00000004   Code   RO         1798    i.bsp_Left_ReturnExtreme_point  bsp_gridmap.o
    0x08016de0   0x08016de0   0x00000040   Code   RO         1083    i.bsp_MotorBrake    bsp_control.o
    0x08016e20   0x08016e20   0x00000068   Code   RO         1019    i.bsp_MotorCleanSetPWM  bsp_motor.o
    0x08016e88   0x08016e88   0x0000000c   Code   RO         1084    i.bsp_MotorGetPulseVector  bsp_control.o
    0x08016e94   0x08016e94   0x0000003c   Code   RO         1085    i.bsp_MotorGetSpeed  bsp_control.o
    0x08016ed0   0x08016ed0   0x00000068   Code   RO         1020    i.bsp_MotorSetPWM   bsp_motor.o
    0x08016f38   0x08016f38   0x00000048   Code   RO         1087    i.bsp_MotorSpeedMM2Pulse  bsp_control.o
    0x08016f80   0x08016f80   0x0000004c   Code   RO         1442    i.bsp_OffSiteGetState  bsp_offsitesw.o
    0x08016fcc   0x08016fcc   0x00000024   Code   RO         1088    i.bsp_PidClear      bsp_control.o
    0x08016ff0   0x08016ff0   0x000001f8   Code   RO         1089    i.bsp_PidExec       bsp_control.o
    0x080171e8   0x080171e8   0x0000002c   Code   RO         1090    i.bsp_PidSched      bsp_control.o
    0x08017214   0x08017214   0x000002b4   Code   RO         1207    i.bsp_PositionUpdate  bsp_position.o
    0x080174c8   0x080174c8   0x00000050   Code   RO         1653    i.bsp_PowerOnLedProc  bsp_runcontrol.o
    0x08017518   0x08017518   0x0000001c   Code   RO         2713    i.bsp_PutKey        bsp_key.o
    0x08017534   0x08017534   0x0000001c   Code   RO         1091    i.bsp_PwmLimit      bsp_control.o
    0x08017550   0x08017550   0x000000b0   Code   RO         1923    i.bsp_ResetCleanStrategyBStatus  bsp_cleanstrategyb.o
    0x08017600   0x08017600   0x00000024   Code   RO         1208    i.bsp_ResetPosArgument  bsp_position.o
    0x08017624   0x08017624   0x00000004   Code   RO         1799    i.bsp_Right_ReturnExtreme_point  bsp_gridmap.o
    0x08017628   0x08017628   0x00000034   Code   RO          917    i.bsp_SendReportFrame  bsp_communication.o
    0x0801765c   0x0801765c   0x00000018   Code   RO         1092    i.bsp_SetMotorSpeed  bsp_control.o
    0x08017674   0x08017674   0x000001d4   Code   RO         2625    i.bsp_SetTIMforInt  bsp_tim_pwm.o
    0x08017848   0x08017848   0x00000020   Code   RO         1618    i.bsp_SpeakerIsBusy  bsp_speaker.o
    0x08017868   0x08017868   0x0000005c   Code   RO         1619    i.bsp_SperkerPlay   bsp_speaker.o
    0x080178c4   0x080178c4   0x0000001c   Code   RO          848    i.bsp_StartEdgewiseRun  bsp_edgewise.o
    0x080178e0   0x080178e0   0x000000b8   Code   RO         2881    i.bsp_StartHardTimer  bsp_timer.o
    0x08017998   0x08017998   0x00000014   Code   RO         1444    i.bsp_StartOffSiteProc  bsp_offsitesw.o
    0x080179ac   0x080179ac   0x00000070   Code   RO         1800    i.bsp_StartUpdateGridMap  bsp_gridmap.o
    0x08017a1c   0x08017a1c   0x00000014   Code   RO         1209    i.bsp_StartUpdatePos  bsp_position.o
    0x08017a30   0x08017a30   0x00000010   Code   RO         2213    i.bsp_StopChangeWifi2SmartConfigState  bsp_wifi_app.o
    0x08017a40   0x08017a40   0x00000018   Code   RO          849    i.bsp_StopEdgewiseRun  bsp_edgewise.o
    0x08017a58   0x08017a58   0x00000054   Code   RO         1925    i.bsp_StopUpdateCleanStrategyB  bsp_cleanstrategyb.o
    0x08017aac   0x08017aac   0x00000018   Code   RO         1022    i.bsp_StopVacuum    bsp_motor.o
    0x08017ac4   0x08017ac4   0x0000005c   Code   RO          454    i.bsp_SwOff         bsp_powerswitch.o
    0x08017b20   0x08017b20   0x0000005c   Code   RO          455    i.bsp_SwOn          bsp_powerswitch.o
    0x08017b7c   0x08017b7c   0x0000008c   Code   RO         1926    i.bsp_UpdateCleanStrategyB  bsp_cleanstrategyb.o
    0x08017c08   0x08017c08   0x0000003c   Code   RO         1023    i.bsp_VacuumClean   bsp_motor.o
    0x08017c44   0x08017c44   0x00000124   Code   RO         1927    i.check_sensor      bsp_cleanstrategyb.o
    0x08017d68   0x08017d68   0x0000035c   Code   RO         1928    i.clean_strategyB   bsp_cleanstrategyb.o
    0x080180c4   0x080180c4   0x00000014   Code   RO         2411    i.comGetChar        bsp_uart_fifo.o
    0x080180d8   0x080180d8   0x00000026   Code   RO         2412    i.comSendBuf        bsp_uart_fifo.o
    0x080180fe   0x080180fe   0x0000000c   Code   RO         2413    i.comSendChar       bsp_uart_fifo.o
    0x0801810a   0x0801810a   0x00000002   PAD
    0x0801810c   0x0801810c   0x0000009c   Code   RO         6271    i.cos               m_ws.l(cos.o)
    0x080181a8   0x080181a8   0x00000048   Code   RO         3184    i.dx8_Init          dxi2c_gpio_stm32f1.o
    0x080181f0   0x080181f0   0x00000072   Code   RO         3185    i.dxif_transfer     dxi2c_gpio_stm32f1.o
    0x08018262   0x08018262   0x00000002   PAD
    0x08018264   0x08018264   0x00000024   Code   RO         2415    i.fputc             bsp_uart_fifo.o
    0x08018288   0x08018288   0x0000006c   Code   RO         1929    i.getShortest       bsp_cleanstrategyb.o
    0x080182f4   0x080182f4   0x0000001c   Code   RO         5319    i.get_check_sum     system.o
    0x08018310   0x08018310   0x00000034   Code   RO         2915    i.i2c_CheckDevice   bsp_i2c_gpio.o
    0x08018344   0x08018344   0x0000000c   Code   RO         2916    i.i2c_Delay         bsp_i2c_gpio.o
    0x08018350   0x08018350   0x00000054   Code   RO         2919    i.i2c_SendByte      bsp_i2c_gpio.o
    0x080183a4   0x080183a4   0x00000028   Code   RO         2920    i.i2c_Start         bsp_i2c_gpio.o
    0x080183cc   0x080183cc   0x00000024   Code   RO         2921    i.i2c_Stop          bsp_i2c_gpio.o
    0x080183f0   0x080183f0   0x00000038   Code   RO         2922    i.i2c_WaitAck       bsp_i2c_gpio.o
    0x08018428   0x08018428   0x000000bc   Code   RO         1930    i.initClose         bsp_cleanstrategyb.o
    0x080184e4   0x080184e4   0x00000114   Code   RO         1931    i.initGraph         bsp_cleanstrategyb.o
    0x080185f8   0x080185f8   0x00000006   Code   RO         1932    i.initOpen          bsp_cleanstrategyb.o
    0x080185fe   0x080185fe   0x00000002   PAD
    0x08018600   0x08018600   0x00000220   Code   RO         1802    i.inverseSensorModelB  bsp_gridmap.o
    0x08018820   0x08018820   0x00000018   Code   RO           10    i.main              main.o
    0x08018838   0x08018838   0x00000014   Code   RO         5025    i.mcu_reset_wifi    mcu_api.o
    0x0801884c   0x0801884c   0x0000001e   Code   RO         1803    i.my_abs            bsp_gridmap.o
    0x0801886a   0x0801886a   0x0000001e   Code   RO         1934    i.my_abs            bsp_cleanstrategyb.o
    0x08018888   0x08018888   0x00000008   Code   RO         1093    i.myabs             bsp_control.o
    0x08018890   0x08018890   0x000009d8   Code   RO         6279    i.pow               m_ws.l(pow.o)
    0x08019268   0x08019268   0x000001a0   Code   RO         1935    i.printShortest     bsp_cleanstrategyb.o
    0x08019408   0x08019408   0x00000038   Code   RO         5719    i.prvAddCurrentTaskToDelayedList  tasks.o
    0x08019440   0x08019440   0x0000003e   Code   RO         5720    i.prvAllocateTCBAndStack  tasks.o
    0x0801947e   0x0801947e   0x00000002   PAD
    0x08019480   0x08019480   0x00000054   Code   RO         5721    i.prvCheckTasksWaitingTermination  tasks.o
    0x080194d4   0x080194d4   0x00000070   Code   RO         5578    i.prvCopyDataToQueue  queue.o
    0x08019544   0x08019544   0x00000014   Code   RO         5722    i.prvDeleteTCB      tasks.o
    0x08019558   0x08019558   0x0000004c   Code   RO         6125    i.prvHeapInit       heap_4.o
    0x080195a4   0x080195a4   0x00000018   Code   RO         5723    i.prvIdleTask       tasks.o
    0x080195bc   0x080195bc   0x0000004e   Code   RO         5724    i.prvInitialiseTCBVariables  tasks.o
    0x0801960a   0x0801960a   0x00000002   PAD
    0x0801960c   0x0801960c   0x00000058   Code   RO         5725    i.prvInitialiseTaskLists  tasks.o
    0x08019664   0x08019664   0x00000054   Code   RO         6126    i.prvInsertBlockIntoFreeList  heap_4.o
    0x080196b8   0x080196b8   0x0000001e   Code   RO         5580    i.prvIsQueueFull    queue.o
    0x080196d6   0x080196d6   0x00000002   PAD
    0x080196d8   0x080196d8   0x00000024   Code   RO         5727    i.prvResetNextTaskUnblockTime  tasks.o
    0x080196fc   0x080196fc   0x00000018   Code   RO         6056    i.prvTaskExitError  port.o
    0x08019714   0x08019714   0x00000064   Code   RO         5581    i.prvUnlockQueue    queue.o
    0x08019778   0x08019778   0x0000006e   Code   RO         1936    i.push              bsp_cleanstrategyb.o
    0x080197e6   0x080197e6   0x00000002   PAD
    0x080197e8   0x080197e8   0x000000b8   Code   RO         6127    i.pvPortMalloc      heap_4.o
    0x080198a0   0x080198a0   0x00000018   Code   RO         6057    i.pxPortInitialiseStack  port.o
    0x080198b8   0x080198b8   0x0000002a   Code   RO         6252    i.q_b1              libdx8_stm32f1.lib(streamec.o)
    0x080198e2   0x080198e2   0x00000040   Code   RO         6253    i.q_b2              libdx8_stm32f1.lib(streamec.o)
    0x08019922   0x08019922   0x00000002   PAD
    0x08019924   0x08019924   0x00000368   Code   RO         1937    i.sendvelocity      bsp_cleanstrategyb.o
    0x08019c8c   0x08019c8c   0x00000010   Code   RO         1938    i.shift             bsp_cleanstrategyb.o
    0x08019c9c   0x08019c9c   0x000000a0   Code   RO         6289    i.sin               m_ws.l(sin.o)
    0x08019d3c   0x08019d3c   0x0000004c   Code   RO         6297    i.sqrt              m_ws.l(sqrt.o)
    0x08019d88   0x08019d88   0x00000040   Code   RO         5034    i.uart_receive_input  mcu_api.o
    0x08019dc8   0x08019dc8   0x00000020   Code   RO         5221    i.uart_transmit_output  protocol.o
    0x08019de8   0x08019de8   0x00000024   Code   RO         5541    i.uxListRemove      list.o
    0x08019e0c   0x08019e0c   0x00000016   Code   RO         5542    i.vListInitialise   list.o
    0x08019e22   0x08019e22   0x00000006   Code   RO         5543    i.vListInitialiseItem  list.o
    0x08019e28   0x08019e28   0x00000030   Code   RO         5544    i.vListInsert       list.o
    0x08019e58   0x08019e58   0x00000018   Code   RO         5545    i.vListInsertEnd    list.o
    0x08019e70   0x08019e70   0x00000038   Code   RO         6059    i.vPortEnterCritical  port.o
    0x08019ea8   0x08019ea8   0x00000028   Code   RO         6060    i.vPortExitCritical  port.o
    0x08019ed0   0x08019ed0   0x00000048   Code   RO         6128    i.vPortFree         heap_4.o
    0x08019f18   0x08019f18   0x00000014   Code   RO         6061    i.vPortSetupTimerInterrupt  port.o
    0x08019f2c   0x08019f2c   0x00000018   Code   RO         6063    i.vPortYield        port.o
    0x08019f44   0x08019f44   0x00000010   Code   RO          400    i.vSetupSysInfoTest  sysinfotest.o
    0x08019f54   0x08019f54   0x00000070   Code   RO           11    i.vTaskControl      main.o
    0x08019fc4   0x08019fc4   0x0000001e   Code   RO           12    i.vTaskDecision     main.o
    0x08019fe2   0x08019fe2   0x00000002   PAD
    0x08019fe4   0x08019fe4   0x00000054   Code   RO         5739    i.vTaskDelay        tasks.o
    0x0801a038   0x0801a038   0x00000050   Code   RO           13    i.vTaskMapping      main.o
    0x0801a088   0x0801a088   0x0000000c   Code   RO         5745    i.vTaskMissedYield  tasks.o
    0x0801a094   0x0801a094   0x00000030   Code   RO           14    i.vTaskPerception   main.o
    0x0801a0c4   0x0801a0c4   0x0000005c   Code   RO         5747    i.vTaskPlaceOnEventList  tasks.o
    0x0801a120   0x0801a120   0x0000001c   Code   RO         5753    i.vTaskSetTimeOutState  tasks.o
    0x0801a13c   0x0801a13c   0x0000005c   Code   RO         5754    i.vTaskStartScheduler  tasks.o
    0x0801a198   0x0801a198   0x00000010   Code   RO         5756    i.vTaskSuspendAll   tasks.o
    0x0801a1a8   0x0801a1a8   0x00000074   Code   RO         5757    i.vTaskSwitchContext  tasks.o
    0x0801a21c   0x0801a21c   0x00000024   Code   RO         5035    i.wifi_protocol_init  mcu_api.o
    0x0801a240   0x0801a240   0x00000020   Code   RO         5327    i.wifi_uart_write_data  system.o
    0x0801a260   0x0801a260   0x0000003c   Code   RO         5328    i.wifi_uart_write_frame  system.o
    0x0801a29c   0x0801a29c   0x00000074   Code   RO         6064    i.xPortStartScheduler  port.o
    0x0801a310   0x0801a310   0x0000004a   Code   RO         5589    i.xQueueCreateMutex  queue.o
    0x0801a35a   0x0801a35a   0x00000100   Code   RO         5593    i.xQueueGenericSend  queue.o
    0x0801a45a   0x0801a45a   0x00000002   PAD
    0x0801a45c   0x0801a45c   0x00000060   Code   RO         5758    i.xTaskCheckForTimeOut  tasks.o
    0x0801a4bc   0x0801a4bc   0x000000f4   Code   RO         5759    i.xTaskGenericCreate  tasks.o
    0x0801a5b0   0x0801a5b0   0x0000000c   Code   RO         5763    i.xTaskGetTickCount  tasks.o
    0x0801a5bc   0x0801a5bc   0x000000c4   Code   RO         5765    i.xTaskIncrementTick  tasks.o
    0x0801a680   0x0801a680   0x00000084   Code   RO         5768    i.xTaskPriorityDisinherit  tasks.o
    0x0801a704   0x0801a704   0x00000070   Code   RO         5769    i.xTaskRemoveFromEventList  tasks.o
    0x0801a774   0x0801a774   0x000000b0   Code   RO         5771    i.xTaskResumeAll    tasks.o
    0x0801a824   0x0801a824   0x00000010   Data   RO         1940    .constdata          bsp_cleanstrategyb.o
    0x0801a834   0x0801a834   0x00000028   Data   RO         2254    .constdata          bsp_passwd.o
    0x0801a85c   0x0801a85c   0x00000020   Data   RO         3105    .constdata          bsp_ir_decode.o
    0x0801a87c   0x0801a87c   0x00000068   Data   RO         6204    .constdata          libdx8_stm32f1.lib(dx8_api.o)
    0x0801a8e4   0x0801a8e4   0x00000004   PAD
    0x0801a8e8   0x0801a8e8   0x00000088   Data   RO         6280    .constdata          m_ws.l(pow.o)
    0x0801a970   0x0801a970   0x00000098   Data   RO         6629    .constdata          m_ws.l(atan.o)
    0x0801aa08   0x0801aa08   0x00000030   Data   RO         6638    .constdata          m_ws.l(cos_i.o)
    0x0801aa38   0x0801aa38   0x00000008   Data   RO         6658    .constdata          m_ws.l(qnan.o)
    0x0801aa40   0x0801aa40   0x000000c8   Data   RO         6661    .constdata          m_ws.l(rred.o)
    0x0801ab08   0x0801ab08   0x00000028   Data   RO         6665    .constdata          m_ws.l(sin_i.o)
    0x0801ab30   0x0801ab30   0x00000020   Data   RO         6713    Region$$Table       anon$$obj.o


    Execution Region RW_IRAM1 (Exec base: 0x20000000, Load base: 0x0801ab50, Size: 0x0000f4e8, Max: 0x00010000, ABSOLUTE, COMPRESSED[0x00000074])

    Exec Addr    Load Addr    Size         Type   Attr      Idx    E Section Name        Object

    0x20000000   COMPRESSED   0x00000018   Data   RW           15    .data               main.o
    0x20000018   COMPRESSED   0x00000004   Data   RW          401    .data               sysinfotest.o
    0x2000001c   COMPRESSED   0x00000002   Data   RW          636    .data               bsp_aw9523b.o
    0x2000001e   COMPRESSED   0x00000002   PAD
    0x20000020   COMPRESSED   0x0000001c   Data   RW          705    .data               bsp_detectact.o
    0x2000003c   COMPRESSED   0x00000004   Data   RW          919    .data               bsp_communication.o
    0x20000040   COMPRESSED   0x00000008   Data   RW         1024    .data               bsp_motor.o
    0x20000048   COMPRESSED   0x0000000c   Data   RW         1095    .data               bsp_control.o
    0x20000054   COMPRESSED   0x00000008   Data   RW         1212    .data               bsp_position.o
    0x2000005c   COMPRESSED   0x00000001   Data   RW         1747    .data               bsp_stopmode.o
    0x2000005d   COMPRESSED   0x00000003   PAD
    0x20000060   COMPRESSED   0x0000001c   Data   RW         1805    .data               bsp_gridmap.o
    0x2000007c   COMPRESSED   0x00000004   PAD
    0x20000080   COMPRESSED   0x00000120   Data   RW         1947    .data               bsp_cleanstrategyb.o
    0x200001a0   COMPRESSED   0x00000010   Data   RW         2215    .data               bsp_wifi_app.o
    0x200001b0   COMPRESSED   0x00000010   Data   RW         2882    .data               bsp_timer.o
    0x200001c0   COMPRESSED   0x00000001   Data   RW         3106    .data               bsp_ir_decode.o
    0x200001c1   COMPRESSED   0x00000014   Data   RW         3463    .data               stm32f10x_rcc.o
    0x200001d5   COMPRESSED   0x00000003   PAD
    0x200001d8   COMPRESSED   0x00000010   Data   RW         5330    .data               system.o
    0x200001e8   COMPRESSED   0x00000014   Data   RW         5419    .data               system_stm32f10x.o
    0x200001fc   COMPRESSED   0x00000040   Data   RW         5774    .data               tasks.o
    0x2000023c   COMPRESSED   0x0000000c   Data   RW         6065    .data               port.o
    0x20000248   COMPRESSED   0x00000018   Data   RW         6133    .data               heap_4.o
    0x20000260   COMPRESSED   0x00000034   Data   RW         6205    .data               libdx8_stm32f1.lib(dx8_api.o)
    0x20000294   COMPRESSED   0x00000001   Data   RW         6241    .data               libdx8_stm32f1.lib(sha1.o)
    0x20000295   COMPRESSED   0x00000003   PAD
    0x20000298   COMPRESSED   0x00000004   Data   RW         6310    .data               mc_w.l(rand.o)
    0x2000029c   COMPRESSED   0x00000004   Data   RW         6684    .data               mc_w.l(stdout.o)
    0x200002a0   COMPRESSED   0x00000004   Data   RW         6698    .data               mc_w.l(errno.o)
    0x200002a4        -       0x00000084   Zero   RW          530    .bss                bsp_angle.o
    0x20000328        -       0x0000008e   Zero   RW          704    .bss                bsp_detectact.o
    0x200003b6   COMPRESSED   0x00000002   PAD
    0x200003b8        -       0x00000020   Zero   RW          851    .bss                bsp_edgewise.o
    0x200003d8        -       0x00000353   Zero   RW          918    .bss                bsp_communication.o
    0x2000072b   COMPRESSED   0x00000001   PAD
    0x2000072c        -       0x00000010   Zero   RW          961    .bss                bsp_encoder.o
    0x2000073c        -       0x00000088   Zero   RW         1094    .bss                bsp_control.o
    0x200007c4   COMPRESSED   0x00000004   PAD
    0x200007c8        -       0x00000050   Zero   RW         1211    .bss                bsp_position.o
    0x20000818        -       0x0000000c   Zero   RW         1446    .bss                bsp_offsitesw.o
    0x20000824        -       0x00000038   Zero   RW         1531    .bss                bsp_cliffsw.o
    0x2000085c        -       0x00000024   Zero   RW         1705    .bss                bsp_assistjudgedirection.o
    0x20000880        -       0x00002880   Zero   RW         1804    .bss                bsp_gridmap.o
    0x20003100        -       0x00003d8c   Zero   RW         1939    .bss                bsp_cleanstrategyb.o
    0x20006e8c        -       0x000018c0   Zero   RW         2416    .bss                bsp_uart_fifo.o
    0x2000874c        -       0x000000ad   Zero   RW         2716    .bss                bsp_key.o
    0x200087f9   COMPRESSED   0x00000003   PAD
    0x200087fc        -       0x0000008c   Zero   RW         3104    .bss                bsp_ir_decode.o
    0x20008888        -       0x0000023d   Zero   RW         5329    .bss                system.o
    0x20008ac5   COMPRESSED   0x00000003   PAD
    0x20008ac8        -       0x000000c8   Zero   RW         5773    .bss                tasks.o
    0x20008b90        -       0x00005000   Zero   RW         6132    .bss                heap_4.o
    0x2000db90        -       0x000000cc   Zero   RW         6203    .bss                libdx8_stm32f1.lib(dx8_api.o)
    0x2000dc5c        -       0x0000005c   Zero   RW         6240    .bss                libdx8_stm32f1.lib(sha1.o)
    0x2000dcb8        -       0x00000030   Zero   RW         6254    .bss                libdx8_stm32f1.lib(streamec.o)
    0x2000dce8        -       0x00001800   Zero   RW         3256    STACK               startup_stm32f10x_hd.o


==============================================================================

Image component sizes


      Code (inc. data)   RO Data    RW Data    ZI Data      Debug   Object Name

       204          0          0          0          0        691   bsp.o
       704         94          0          0        132       6443   bsp_angle.o
        44          6          0          0         36       1492   bsp_assistjudgedirection.o
       358          8          0          2          0       3768   bsp_aw9523b.o
     65586       3208         16        288      15756      95378   bsp_cleanstrategyb.o
       888         48          0          0         56       3894   bsp_cliffsw.o
       176         18          0          0          0       1228   bsp_collision.o
      1398         56          0          4        851       5072   bsp_communication.o
       916         82          0         12        136       7439   bsp_control.o
      1340         42          0          0          0       2266   bsp_currentfeedback.o
      3126         66          0         28        142       6541   bsp_detectact.o
        72         10          0          0          0       1072   bsp_dustbox.o
        90         22          0          0          0       1478   bsp_dwt.o
        52         10          0          0         32       2269   bsp_edgewise.o
       316         26          0          0         16       3619   bsp_encoder.o
      1886         92          0         28      10368      11360   bsp_gridmap.o
       344         34          0          0          0       3816   bsp_i2c_gpio.o
       972         48         32          1        140       4425   bsp_ir_decode.o
       774        104          0          0        173       9516   bsp_key.o
       408         32          0          0          0       2367   bsp_led.o
       858         48          0          8          0       5672   bsp_motor.o
        96         16          0          0         12       1982   bsp_offsitesw.o
       172         10         40          0          0       1373   bsp_passwd.o
       824         70          0          8         80       3391   bsp_position.o
       372         76          0          0          0       1636   bsp_powerswitch.o
        44          6          0          0          0        515   bsp_pulsemark.o
        80          0          0          0          0        597   bsp_runcontrol.o
       204         16          0          0          0       1664   bsp_speaker.o
        48         12          0          1          0       1700   bsp_stopmode.o
       672        100          0          0          0       2733   bsp_tim_pwm.o
       440         30          0         16          0       3055   bsp_timer.o
      1530        112          0          0       6336      11041   bsp_uart_fifo.o
        92          8          0         16          0       2092   bsp_wifi_app.o
       630         32          0          0          0       7975   dxi2c_gpio_stm32f1.o
         0          0          0          0          0       1472   event_groups.o
       416         24          0         24      20480       3991   heap_4.o
       136          0          0          0          0       3030   list.o
       510         98          0         24          0     337223   main.o
       120         38          0          0          0       1463   mcu_api.o
       120         14          0          0          0       1727   misc.o
       502         66          0         12          0       7153   port.o
        32          6          0          0          0        535   protocol.o
       572          0          0          0          0       5188   queue.o
        36          8        304          0       6144        900   startup_stm32f10x_hd.o
       404         22          0          0          0       9526   stm32f10x_adc.o
        28          6          0          0          0        620   stm32f10x_dbgmcu.o
       160         16          0          0          0       2444   stm32f10x_exti.o
       332         12          0          0          0       6168   stm32f10x_gpio.o
       602        270          0          0          0       3369   stm32f10x_it.o
       276         42          0         20          0       6030   stm32f10x_rcc.o
      1598        196          0          0          0      23264   stm32f10x_tim.o
       368          6          0          0          0       7443   stm32f10x_usart.o
        76         14          0          4          0       2774   sysinfotest.o
       120          4          0         16        573       4337   system.o
       260         26          0         20          0       2201   system_stm32f10x.o
      1856        154          0         64        200      17742   tasks.o

    ----------------------------------------------------------------------
     94294       5564        424        608      61676     668160   Object Totals
         0          0         32          0          0          0   (incl. Generated)
        54          0          0         12         13          0   (incl. Padding)

    ----------------------------------------------------------------------

      Code (inc. data)   RO Data    RW Data    ZI Data      Debug   Library Member Name

      2152        124        104         52        204       1708   dx8_api.o
       684         70          0          1         92        408   sha1.o
       544         14          0          0         48        484   streamec.o
       544         70        152          0          0        124   atan.o
       384         38          0          0          0        144   atan2.o
       156          8          0          0          0        104   cos.o
       252         22         48          0          0        124   cos_i.o
        68         10          0          0          0        408   dunder.o
        40          0          0          0          0         68   fpclassify.o
       170          0          0          0          0         96   poly.o
      2520        190        136          0          0        324   pow.o
         0          0          8          0          0          0   qnan.o
       904         76        200          0          0        140   rred.o
       160         10          0          0          0        108   sin.o
       236         12         40          0          0        128   sin_i.o
        76          0          0          0          0         84   sqrt.o
        86          0          0          0          0          0   __dczerorl2.o
         0          0          0          0          0          0   entry.o
         0          0          0          0          0          0   entry10a.o
         0          0          0          0          0          0   entry11a.o
         8          4          0          0          0          0   entry2.o
         4          0          0          0          0          0   entry5.o
         0          0          0          0          0          0   entry7b.o
         0          0          0          0          0          0   entry8b.o
         8          4          0          0          0          0   entry9a.o
        12          6          0          4          0         68   errno.o
        30          0          0          0          0          0   handlers.o
        36          8          0          0          0         68   init.o
         0          0          0          0          0          0   iusefp.o
        30          0          0          0          0         68   llshl.o
        36          0          0          0          0         68   llsshr.o
        32          0          0          0          0         68   llushr.o
        26          0          0          0          0         80   memcmp.o
        36          0          0          0          0         68   memcpya.o
        36          0          0          0          0        108   memseta.o
      2258         90          0          0          0        452   printfa.o
        36         10          0          4          0        136   rand.o
         0          0          0          4          0          0   stdout.o
        44          0          0          0          0         80   uidiv.o
        98          0          0          0          0         92   uldiv.o
        48          0          0          0          0         68   cdcmple.o
        48          0          0          0          0         68   cdrcmple.o
        20          0          0          0          0         68   cfrcmple.o
        56          0          0          0          0         88   d2f.o
       334          0          0          0          0        148   dadd.o
       222          0          0          0          0        100   ddiv.o
       186          0          0          0          0        176   depilogue.o
        62          0          0          0          0         80   dfixi.o
        50          0          0          0          0         76   dfixui.o
        48          0          0          0          0         68   dfixul.o
        34          0          0          0          0         76   dflti.o
        26          0          0          0          0         76   dfltui.o
       228          0          0          0          0         96   dmul.o
        46          0          0          0          0         80   dscalb.o
       162          0          0          0          0        100   dsqrt.o
        38          0          0          0          0         68   f2d.o
       176          0          0          0          0        140   fadd.o
       124          0          0          0          0         88   fdiv.o
       110          0          0          0          0        168   fepilogue.o
        50          0          0          0          0         68   ffixi.o
        40          0          0          0          0         68   ffixui.o
        18          0          0          0          0         68   fflti.o
        10          0          0          0          0         68   ffltui.o
       100          0          0          0          0         76   fmul.o
        24          0          0          0          0         68   fscalb.o

    ----------------------------------------------------------------------
     13982        766        692         68        344       8056   Library Totals
        16          0          4          3          0          0   (incl. Padding)

    ----------------------------------------------------------------------

      Code (inc. data)   RO Data    RW Data    ZI Data      Debug   Library Name

      3380        208        104         53        344       2600   libdx8_stm32f1.lib
      5510        436        584          0          0       1852   m_ws.l
      2816        122          0         12          0       1356   mc_w.l
      2260          0          0          0          0       2248   mf_w.l

    ----------------------------------------------------------------------
     13982        766        692         68        344       8056   Library Totals

    ----------------------------------------------------------------------

==============================================================================


      Code (inc. data)   RO Data    RW Data    ZI Data      Debug   

    108276       6330       1116        676      62020     653672   Grand Totals
    108276       6330       1116        116      62020     653672   ELF Image Totals (compressed)
    108276       6330       1116        116          0          0   ROM Totals

==============================================================================

    Total RO  Size (Code + RO Data)               109392 ( 106.83kB)
    Total RW  Size (RW Data + ZI Data)             62696 (  61.23kB)
    Total ROM Size (Code + RO Data + RW Data)     109508 ( 106.94kB)

==============================================================================

