Component: ARM Compiler 5.05 update 1 (build 106) Tool: armlink [4d0efa]

==============================================================================

Section Cross References

    main.o(i.bsp_KeyProc) refers to bsp_key.o(i.bsp_GetKey) for bsp_GetKey
    main.o(i.bsp_KeyProc) refers to printfa.o(i.__0printf) for __2printf
    main.o(i.main) refers to bsp.o(i.bsp_Init) for bsp_Init
    main.o(i.main) refers to bsp_ledapp.o(i.bsp_SetLedState) for bsp_SetLedState
    main.o(i.main) refers to bsp_position.o(i.bsp_PositionUpdate) for bsp_PositionUpdate
    main.o(i.main) refers to bsp_ledapp.o(i.bsp_LedAppProc) for bsp_LedAppProc
    main.o(i.main) refers to main.o(i.bsp_KeyProc) for bsp_KeyProc
    main.o(i.main) refers to bsp_timer.o(i.bsp_DelayMS) for bsp_DelayMS
    bsp_powerswitch.o(i.bsp_InitSW) refers to stm32f10x_rcc.o(i.RCC_APB2PeriphClockCmd) for RCC_APB2PeriphClockCmd
    bsp_powerswitch.o(i.bsp_InitSW) refers to bsp_powerswitch.o(i.bsp_SwOff) for bsp_SwOff
    bsp_powerswitch.o(i.bsp_InitSW) refers to stm32f10x_gpio.o(i.GPIO_Init) for GPIO_Init
    bsp_powerswitch.o(i.bsp_SwOff) refers to stm32f10x_gpio.o(i.GPIO_ResetBits) for GPIO_ResetBits
    bsp_powerswitch.o(i.bsp_SwOff) refers to stm32f10x_gpio.o(i.GPIO_SetBits) for GPIO_SetBits
    bsp_powerswitch.o(i.bsp_SwOn) refers to stm32f10x_gpio.o(i.GPIO_SetBits) for GPIO_SetBits
    bsp_powerswitch.o(i.bsp_SwOn) refers to stm32f10x_gpio.o(i.GPIO_ResetBits) for GPIO_ResetBits
    bsp_collision.o(i.bsp_CollisionScan) refers to stm32f10x_gpio.o(i.GPIO_ReadInputDataBit) for GPIO_ReadInputDataBit
    bsp_collision.o(i.bsp_CollisionScan) refers to printfa.o(i.__0printf) for __2printf
    bsp_collision.o(i.bsp_InitCollision) refers to stm32f10x_rcc.o(i.RCC_APB2PeriphClockCmd) for RCC_APB2PeriphClockCmd
    bsp_collision.o(i.bsp_InitCollision) refers to stm32f10x_gpio.o(i.GPIO_Init) for GPIO_Init
    bsp_collision.o(i.bsp_PrintCollision) refers to bsp_collision.o(i.bsp_CollisionScan) for bsp_CollisionScan
    bsp_collision.o(i.bsp_PrintCollision) refers to printfa.o(i.__0printf) for __2printf
    bsp_angle.o(i.bsp_AngleAdd) refers to fadd.o(.text) for __aeabi_fadd
    bsp_angle.o(i.bsp_AngleAdd) refers to cfrcmple.o(.text) for __aeabi_cfrcmple
    bsp_angle.o(i.bsp_AngleAdd) refers to cfcmple.o(.text) for __aeabi_cfcmple
    bsp_angle.o(i.bsp_AngleAnalyzeApp) refers to bsp_angle.o(.bss) for angle
    bsp_angle.o(i.bsp_AngleCheck) refers to bsp_angle.o(i.bsp_AngleChkXorCalc) for bsp_AngleChkXorCalc
    bsp_angle.o(i.bsp_AngleCheck) refers to bsp_angle.o(.bss) for angle
    bsp_angle.o(i.bsp_AnglePoll) refers to printfa.o(i.__0printf) for __2printf
    bsp_angle.o(i.bsp_AnglePoll) refers to bsp_angle.o(i.bsp_AngleCheck) for bsp_AngleCheck
    bsp_angle.o(i.bsp_AnglePoll) refers to bsp_angle.o(i.bsp_AngleAnalyzeApp) for bsp_AngleAnalyzeApp
    bsp_angle.o(i.bsp_AnglePoll) refers to bsp_angle.o(.bss) for angle
    bsp_angle.o(i.bsp_AngleRead) refers to bsp_angle.o(i.bsp_IMU_GetData) for bsp_IMU_GetData
    bsp_angle.o(i.bsp_AngleReadRaw) refers to bsp_angle.o(i.bsp_IMU_GetData) for bsp_IMU_GetData
    bsp_angle.o(i.bsp_AngleReadRaw) refers to fmul.o(.text) for __aeabi_fmul
    bsp_angle.o(i.bsp_AngleReadRaw) refers to ffixi.o(.text) for __aeabi_f2iz
    bsp_angle.o(i.bsp_AngleRevByte) refers to bsp_timer.o(i.bsp_StartHardTimer) for bsp_StartHardTimer
    bsp_angle.o(i.bsp_AngleRevByte) refers to bsp_angle.o(.bss) for angle
    bsp_angle.o(i.bsp_AngleRevByte) refers to bsp_angle.o(i.bsp_AngleTimeout) for bsp_AngleTimeout
    bsp_angle.o(i.bsp_AngleRst) refers to stm32f10x_gpio.o(i.GPIO_SetBits) for GPIO_SetBits
    bsp_angle.o(i.bsp_AngleRst) refers to bsp_timer.o(i.bsp_DelayMS) for bsp_DelayMS
    bsp_angle.o(i.bsp_AngleRst) refers to stm32f10x_gpio.o(i.GPIO_ResetBits) for GPIO_ResetBits
    bsp_angle.o(i.bsp_AngleTimeout) refers to bsp_angle.o(i.bsp_AnglePoll) for bsp_AnglePoll
    bsp_angle.o(i.bsp_AngleTimeout) refers to bsp_angle.o(.bss) for angle
    bsp_angle.o(i.bsp_IMU_Calibration) refers to bsp_uart_fifo.o(i.comSendBuf) for comSendBuf
    bsp_angle.o(i.bsp_IMU_Calibration) refers to bsp_angle.o(.data) for CalibrationBuf
    bsp_angle.o(i.bsp_IMU_GetData) refers to bsp_angle.o(.bss) for angle
    bsp_angle.o(i.bsp_InitAngle) refers to stm32f10x_rcc.o(i.RCC_APB2PeriphClockCmd) for RCC_APB2PeriphClockCmd
    bsp_angle.o(i.bsp_InitAngle) refers to stm32f10x_gpio.o(i.GPIO_Init) for GPIO_Init
    bsp_aw9523b.o(i.aw_ReadBytes) refers to bsp_i2c_gpio.o(i.i2c_Start) for i2c_Start
    bsp_aw9523b.o(i.aw_ReadBytes) refers to bsp_i2c_gpio.o(i.i2c_SendByte) for i2c_SendByte
    bsp_aw9523b.o(i.aw_ReadBytes) refers to bsp_i2c_gpio.o(i.i2c_WaitAck) for i2c_WaitAck
    bsp_aw9523b.o(i.aw_ReadBytes) refers to bsp_i2c_gpio.o(i.i2c_ReadByte) for i2c_ReadByte
    bsp_aw9523b.o(i.aw_ReadBytes) refers to bsp_i2c_gpio.o(i.i2c_Ack) for i2c_Ack
    bsp_aw9523b.o(i.aw_ReadBytes) refers to bsp_i2c_gpio.o(i.i2c_NAck) for i2c_NAck
[...]
    init.s                                   0x00000000   Number         0  init.o ABSOLUTE
    sha1.c                                   0x00000000   Number         0  sha1.o ABSOLUTE
    streamec.c                               0x00000000   Number         0  streamec.o ABSOLUTE
    RESET                                    0x08000000   Section      304  startup_stm32f10x_hd.o(RESET)
    .ARM.Collect$$$$00000000                 0x08000130   Section        0  entry.o(.ARM.Collect$$$$00000000)
    .ARM.Collect$$$$00000001                 0x08000130   Section        4  entry2.o(.ARM.Collect$$$$00000001)
    .ARM.Collect$$$$00000004                 0x08000134   Section        4  entry5.o(.ARM.Collect$$$$00000004)
    .ARM.Collect$$$$00000008                 0x08000138   Section        0  entry7b.o(.ARM.Collect$$$$00000008)
    .ARM.Collect$$$$0000000A                 0x08000138   Section        0  entry8b.o(.ARM.Collect$$$$0000000A)
    .ARM.Collect$$$$0000000B                 0x08000138   Section        8  entry9a.o(.ARM.Collect$$$$0000000B)
    .ARM.Collect$$$$0000000D                 0x08000140   Section        0  entry10a.o(.ARM.Collect$$$$0000000D)
    .ARM.Collect$$$$0000000F                 0x08000140   Section        0  entry11a.o(.ARM.Collect$$$$0000000F)
    .ARM.Collect$$$$00002712                 0x08000140   Section        4  entry2.o(.ARM.Collect$$$$00002712)
    __lit__00000000                          0x08000140   Data           4  entry2.o(.ARM.Collect$$$$00002712)
    .text                                    0x08000144   Section       36  startup_stm32f10x_hd.o(.text)
    .text                                    0x08000168   Section        0  fadd.o(.text)
    .text                                    0x08000218   Section        0  fmul.o(.text)
    .text                                    0x0800027c   Section        0  fdiv.o(.text)
    .text                                    0x080002f8   Section        0  dadd.o(.text)
    .text                                    0x08000446   Section        0  dmul.o(.text)
    .text                                    0x0800052a   Section        0  ddiv.o(.text)
    .text                                    0x08000608   Section        0  fflti.o(.text)
    .text                                    0x0800061a   Section        0  dfltui.o(.text)
    .text                                    0x08000634   Section        0  ffixi.o(.text)
    .text                                    0x08000666   Section        0  dfixi.o(.text)
    .text                                    0x080006a4   Section        0  f2d.o(.text)
    .text                                    0x080006cc   Section       20  cfcmple.o(.text)
    .text                                    0x080006e0   Section        0  uidiv.o(.text)
    .text                                    0x0800070c   Section        0  uldiv.o(.text)
    .text                                    0x0800076e   Section        0  llshl.o(.text)
    .text                                    0x0800078c   Section        0  llushr.o(.text)
    .text                                    0x080007ac   Section        0  llsshr.o(.text)
    .text                                    0x080007d0   Section        0  iusefp.o(.text)
    .text                                    0x080007d0   Section        0  fepilogue.o(.text)
    .text                                    0x0800083e   Section        0  depilogue.o(.text)
    .text                                    0x080008f8   Section        0  dfixul.o(.text)
    .text                                    0x08000928   Section       48  cdrcmple.o(.text)
    .text                                    0x08000958   Section       36  init.o(.text)
    .text                                    0x0800097c   Section        0  dscalb.o(.text)
    .text                                    0x080009aa   Section        0  dflti.o(.text)
    i.BusFault_Handler                       0x080009cc   Section        0  stm32f10x_it.o(i.BusFault_Handler)
    i.ComToUart                              0x080009d0   Section        0  bsp_uart_fifo.o(i.ComToUart)
    i.ConfigUartNVIC                         0x08000a0c   Section        0  bsp_uart_fifo.o(i.ConfigUartNVIC)
    ConfigUartNVIC                           0x08000a0d   Thumb Code    98  bsp_uart_fifo.o(i.ConfigUartNVIC)
    i.DBGMCU_Config                          0x08000a70   Section        0  stm32f10x_dbgmcu.o(i.DBGMCU_Config)
    i.DebugMon_Handler                       0x08000a90   Section        0  stm32f10x_it.o(i.DebugMon_Handler)
    i.EXTI15_10_IRQHandler                   0x08000a94   Section        0  bsp_encoder.o(i.EXTI15_10_IRQHandler)
    i.EXTI3_IRQHandler                       0x08000ac0   Section        0  bsp_encoder.o(i.EXTI3_IRQHandler)
    i.EXTI_ClearITPendingBit                 0x08000ae8   Section        0  stm32f10x_exti.o(i.EXTI_ClearITPendingBit)
    i.EXTI_GetITStatus                       0x08000af4   Section        0  stm32f10x_exti.o(i.EXTI_GetITStatus)
    i.EXTI_Init                              0x08000b1c   Section        0  stm32f10x_exti.o(i.EXTI_Init)
    i.GPIO_EXTILineConfig                    0x08000bb0   Section        0  stm32f10x_gpio.o(i.GPIO_EXTILineConfig)
    i.GPIO_Init                              0x08000bf0   Section        0  stm32f10x_gpio.o(i.GPIO_Init)
    i.GPIO_PinRemapConfig                    0x08000d08   Section        0  stm32f10x_gpio.o(i.GPIO_PinRemapConfig)
    i.GPIO_ResetBits                         0x08000d98   Section        0  stm32f10x_gpio.o(i.GPIO_ResetBits)
    i.GPIO_SetBits                           0x08000d9c   Section        0  stm32f10x_gpio.o(i.GPIO_SetBits)
    i.HardFault_Handler                      0x08000da0   Section        0  stm32f10x_it.o(i.HardFault_Handler)
    i.InitHardUart                           0x08000da4   Section        0  bsp_uart_fifo.o(i.InitHardUart)
    InitHardUart                             0x08000da5   Thumb Code   578  bsp_uart_fifo.o(i.InitHardUart)
    i.IsKeyDown1                             0x08001008   Section        0  bsp_key.o(i.IsKeyDown1)
    IsKeyDown1                               0x08001009   Thumb Code    38  bsp_key.o(i.IsKeyDown1)
    i.IsKeyDown10                            0x08001034   Section        0  bsp_key.o(i.IsKeyDown10)
    IsKeyDown10                              0x08001035   Thumb Code    38  bsp_key.o(i.IsKeyDown10)
    i.IsKeyDown2                             0x08001060   Section        0  bsp_key.o(i.IsKeyDown2)
    IsKeyDown2                               0x08001061   Thumb Code    38  bsp_key.o(i.IsKeyDown2)
    i.IsKeyDown3                             0x0800108c   Section        0  bsp_key.o(i.IsKeyDown3)
    IsKeyDown3                               0x0800108d   Thumb Code    38  bsp_key.o(i.IsKeyDown3)
    i.IsKeyDown4                             0x080010b8   Section        0  bsp_key.o(i.IsKeyDown4)
    IsKeyDown4                               0x080010b9   Thumb Code    18  bsp_key.o(i.IsKeyDown4)
    i.IsKeyDown5                             0x080010d0   Section        0  bsp_key.o(i.IsKeyDown5)
    IsKeyDown5                               0x080010d1   Thumb Code    18  bsp_key.o(i.IsKeyDown5)
    i.IsKeyDown6                             0x080010e8   Section        0  bsp_key.o(i.IsKeyDown6)
    IsKeyDown6                               0x080010e9   Thumb Code    18  bsp_key.o(i.IsKeyDown6)
    i.IsKeyDown7                             0x08001100   Section        0  bsp_key.o(i.IsKeyDown7)
    IsKeyDown7                               0x08001101   Thumb Code    18  bsp_key.o(i.IsKeyDown7)
    i.IsKeyDown8                             0x08001118   Section        0  bsp_key.o(i.IsKeyDown8)
    IsKeyDown8                               0x08001119   Thumb Code    18  bsp_key.o(i.IsKeyDown8)
    i.IsKeyDown9                             0x08001130   Section        0  bsp_key.o(i.IsKeyDown9)
    IsKeyDown9                               0x08001131   Thumb Code    38  bsp_key.o(i.IsKeyDown9)
    i.MemManage_Handler                      0x0800115c   Section        0  stm32f10x_it.o(i.MemManage_Handler)
    i.NMI_Handler                            0x08001160   Section        0  stm32f10x_it.o(i.NMI_Handler)
    i.NVIC_Init                              0x08001164   Section        0  misc.o(i.NVIC_Init)
    i.NVIC_PriorityGroupConfig               0x080011d4   Section        0  misc.o(i.NVIC_PriorityGroupConfig)
    i.PendSV_Handler                         0x080011e8   Section        0  stm32f10x_it.o(i.PendSV_Handler)
    i.RCC_APB1PeriphClockCmd                 0x080011ec   Section        0  stm32f10x_rcc.o(i.RCC_APB1PeriphClockCmd)
    i.RCC_APB2PeriphClockCmd                 0x0800120c   Section        0  stm32f10x_rcc.o(i.RCC_APB2PeriphClockCmd)
    i.RCC_GetClocksFreq                      0x0800122c   Section        0  stm32f10x_rcc.o(i.RCC_GetClocksFreq)
    i.RS485_SendBefor                        0x08001300   Section        0  bsp_uart_fifo.o(i.RS485_SendBefor)
    i.RS485_SendOver                         0x0800130c   Section        0  bsp_uart_fifo.o(i.RS485_SendOver)
    i.SVC_Handler                            0x08001318   Section        0  stm32f10x_it.o(i.SVC_Handler)
    i.SetSysClock                            0x0800131a   Section        0  system_stm32f10x.o(i.SetSysClock)
    SetSysClock                              0x0800131b   Thumb Code     8  system_stm32f10x.o(i.SetSysClock)
    i.SetSysClockTo72                        0x08001324   Section        0  system_stm32f10x.o(i.SetSysClockTo72)
    SetSysClockTo72                          0x08001325   Thumb Code   214  system_stm32f10x.o(i.SetSysClockTo72)
    i.SysTick_Handler                        0x08001404   Section        0  bsp_timer.o(i.SysTick_Handler)
    i.SysTick_ISR                            0x0800140c   Section        0  bsp_timer.o(i.SysTick_ISR)
    i.SystemInit                             0x0800146c   Section        0  system_stm32f10x.o(i.SystemInit)
    i.TI1_Config                             0x080014cc   Section        0  stm32f10x_tim.o(i.TI1_Config)
    TI1_Config                               0x080014cd   Thumb Code   108  stm32f10x_tim.o(i.TI1_Config)
    i.TI2_Config                             0x0800154c   Section        0  stm32f10x_tim.o(i.TI2_Config)
    TI2_Config                               0x0800154d   Thumb Code   130  stm32f10x_tim.o(i.TI2_Config)
    i.TI3_Config                             0x080015e4   Section        0  stm32f10x_tim.o(i.TI3_Config)
    TI3_Config                               0x080015e5   Thumb Code   122  stm32f10x_tim.o(i.TI3_Config)
    i.TI4_Config                             0x08001674   Section        0  stm32f10x_tim.o(i.TI4_Config)
    TI4_Config                               0x08001675   Thumb Code   130  stm32f10x_tim.o(i.TI4_Config)
    i.TIM3_IRQHandler                        0x0800170c   Section        0  bsp_ir_decode.o(i.TIM3_IRQHandler)
    i.TIM5_IRQHandler                        0x080017a0   Section        0  bsp_timer.o(i.TIM5_IRQHandler)
    i.TIM_ClearITPendingBit                  0x08001840   Section        0  stm32f10x_tim.o(i.TIM_ClearITPendingBit)
    i.TIM_Cmd                                0x08001846   Section        0  stm32f10x_tim.o(i.TIM_Cmd)
    i.TIM_CtrlPWMOutputs                     0x0800185e   Section        0  stm32f10x_tim.o(i.TIM_CtrlPWMOutputs)
    i.TIM_GetCapture1                        0x0800187c   Section        0  stm32f10x_tim.o(i.TIM_GetCapture1)
    i.TIM_GetCapture2                        0x08001882   Section        0  stm32f10x_tim.o(i.TIM_GetCapture2)
    i.TIM_GetCapture3                        0x08001888   Section        0  stm32f10x_tim.o(i.TIM_GetCapture3)
    i.TIM_GetCapture4                        0x0800188e   Section        0  stm32f10x_tim.o(i.TIM_GetCapture4)
    i.TIM_GetCounter                         0x08001896   Section        0  stm32f10x_tim.o(i.TIM_GetCounter)
    i.TIM_GetITStatus                        0x0800189c   Section        0  stm32f10x_tim.o(i.TIM_GetITStatus)
    i.TIM_ICInit                             0x080018c0   Section        0  stm32f10x_tim.o(i.TIM_ICInit)
    i.TIM_ITConfig                           0x0800196c   Section        0  stm32f10x_tim.o(i.TIM_ITConfig)
    i.TIM_OC1Init                            0x08001980   Section        0  stm32f10x_tim.o(i.TIM_OC1Init)
    i.TIM_OC1PreloadConfig                   0x08001a18   Section        0  stm32f10x_tim.o(i.TIM_OC1PreloadConfig)
    i.TIM_OC2Init                            0x08001a2c   Section        0  stm32f10x_tim.o(i.TIM_OC2Init)
    i.TIM_OC2PreloadConfig                   0x08001ad0   Section        0  stm32f10x_tim.o(i.TIM_OC2PreloadConfig)
    i.TIM_OC3Init                            0x08001aec   Section        0  stm32f10x_tim.o(i.TIM_OC3Init)
    i.TIM_OC3PreloadConfig                   0x08001b8c   Section        0  stm32f10x_tim.o(i.TIM_OC3PreloadConfig)
    i.TIM_OC4Init                            0x08001ba0   Section        0  stm32f10x_tim.o(i.TIM_OC4Init)
    i.TIM_OC4PreloadConfig                   0x08001c1c   Section        0  stm32f10x_tim.o(i.TIM_OC4PreloadConfig)
    i.TIM_SetCompare1                        0x08001c36   Section        0  stm32f10x_tim.o(i.TIM_SetCompare1)
    i.TIM_SetCompare2                        0x08001c3a   Section        0  stm32f10x_tim.o(i.TIM_SetCompare2)
    i.TIM_SetCompare3                        0x08001c3e   Section        0  stm32f10x_tim.o(i.TIM_SetCompare3)
    i.TIM_SetCompare4                        0x08001c42   Section        0  stm32f10x_tim.o(i.TIM_SetCompare4)
    i.TIM_SetIC1Prescaler                    0x08001c48   Section        0  stm32f10x_tim.o(i.TIM_SetIC1Prescaler)
    i.TIM_SetIC2Prescaler                    0x08001c5a   Section        0  stm32f10x_tim.o(i.TIM_SetIC2Prescaler)
    i.TIM_SetIC3Prescaler                    0x08001c74   Section        0  stm32f10x_tim.o(i.TIM_SetIC3Prescaler)
    i.TIM_SetIC4Prescaler                    0x08001c86   Section        0  stm32f10x_tim.o(i.TIM_SetIC4Prescaler)
    i.TIM_TimeBaseInit                       0x08001ca0   Section        0  stm32f10x_tim.o(i.TIM_TimeBaseInit)
    i.UART4_IRQHandler                       0x08001d44   Section        0  bsp_uart_fifo.o(i.UART4_IRQHandler)
    i.UART5_IRQHandler                       0x08001d54   Section        0  bsp_uart_fifo.o(i.UART5_IRQHandler)
    i.USART2_IRQHandler                      0x08001d64   Section        0  bsp_uart_fifo.o(i.USART2_IRQHandler)
    i.USART3_IRQHandler                      0x08001d74   Section        0  bsp_uart_fifo.o(i.USART3_IRQHandler)
    i.USART_ClearFlag                        0x08001d84   Section        0  stm32f10x_usart.o(i.USART_ClearFlag)
    i.USART_Cmd                              0x08001d96   Section        0  stm32f10x_usart.o(i.USART_Cmd)
    i.USART_GetITStatus                      0x08001dae   Section        0  stm32f10x_usart.o(i.USART_GetITStatus)
    i.USART_ITConfig                         0x08001e02   Section        0  stm32f10x_usart.o(i.USART_ITConfig)
    i.USART_Init                             0x08001e4c   Section        0  stm32f10x_usart.o(i.USART_Init)
    i.USART_ReceiveData                      0x08001f24   Section        0  stm32f10x_usart.o(i.USART_ReceiveData)
    i.USART_SendData                         0x08001f2e   Section        0  stm32f10x_usart.o(i.USART_SendData)
    i.USB_LP_CAN1_RX0_IRQHandler             0x08001f38   Section        0  stm32f10x_it.o(i.USB_LP_CAN1_RX0_IRQHandler)
    i.UartIRQ                                0x08001f44   Section        0  bsp_uart_fifo.o(i.UartIRQ)
    UartIRQ                                  0x08001f45   Thumb Code   230  bsp_uart_fifo.o(i.UartIRQ)
    i.UartSend                               0x0800202a   Section        0  bsp_uart_fifo.o(i.UartSend)
    UartSend                                 0x0800202b   Thumb Code   114  bsp_uart_fifo.o(i.UartSend)
    i.UartVarInit                            0x0800209c   Section        0  bsp_uart_fifo.o(i.UartVarInit)
    UartVarInit                              0x0800209d   Thumb Code   176  bsp_uart_fifo.o(i.UartVarInit)
    i.UsageFault_Handler                     0x08002198   Section        0  stm32f10x_it.o(i.UsageFault_Handler)
    i.__0printf                              0x0800219c   Section        0  printfa.o(i.__0printf)
    i.__ARM_fpclassify                       0x080021bc   Section        0  fpclassify.o(i.__ARM_fpclassify)
    i.__ieee754_rem_pio2                     0x080021e4   Section        0  rred.o(i.__ieee754_rem_pio2)
    i.__kernel_cos                           0x0800256c   Section        0  cos_i.o(i.__kernel_cos)
    i.__kernel_poly                          0x08002668   Section        0  poly.o(i.__kernel_poly)
    i.__kernel_sin                           0x08002714   Section        0  sin_i.o(i.__kernel_sin)
    i.__mathlib_dbl_infnan                   0x08002800   Section        0  dunder.o(i.__mathlib_dbl_infnan)
    i.__mathlib_dbl_invalid                  0x08002806   Section        0  dunder.o(i.__mathlib_dbl_invalid)
    i.__mathlib_dbl_underflow                0x08002814   Section        0  dunder.o(i.__mathlib_dbl_underflow)
    i.__scatterload_copy                     0x08002824   Section       14  handlers.o(i.__scatterload_copy)
    i.__scatterload_null                     0x08002832   Section        2  handlers.o(i.__scatterload_null)
    i.__scatterload_zeroinit                 0x08002834   Section       14  handlers.o(i.__scatterload_zeroinit)
    i.__set_PRIMASK                          0x08002842   Section        0  bsp_timer.o(i.__set_PRIMASK)
    __set_PRIMASK                            0x08002843   Thumb Code     6  bsp_timer.o(i.__set_PRIMASK)
    i.__set_PRIMASK                          0x08002848   Section        0  bsp_uart_fifo.o(i.__set_PRIMASK)
    __set_PRIMASK                            0x08002849   Thumb Code     6  bsp_uart_fifo.o(i.__set_PRIMASK)
    i.__set_errno                            0x08002850   Section        0  errno.o(i.__set_errno)
    i._fp_digits                             0x0800285c   Section        0  printfa.o(i._fp_digits)
    _fp_digits                               0x0800285d   Thumb Code   334  printfa.o(i._fp_digits)
    i._printf_core                           0x080029c0   Section        0  printfa.o(i._printf_core)
    _printf_core                             0x080029c1   Thumb Code  1744  printfa.o(i._printf_core)
    i._printf_post_padding                   0x0800309c   Section        0  printfa.o(i._printf_post_padding)
    _printf_post_padding                     0x0800309d   Thumb Code    36  printfa.o(i._printf_post_padding)
    i._printf_pre_padding                    0x080030c0   Section        0  printfa.o(i._printf_pre_padding)
    _printf_pre_padding                      0x080030c1   Thumb Code    46  printfa.o(i._printf_pre_padding)
    i.bsp_AngleAnalyzeApp                    0x080030f0   Section        0  bsp_angle.o(i.bsp_AngleAnalyzeApp)
    bsp_AngleAnalyzeApp                      0x080030f1   Thumb Code   224  bsp_angle.o(i.bsp_AngleAnalyzeApp)
    i.bsp_AngleCheck                         0x080031d4   Section        0  bsp_angle.o(i.bsp_AngleCheck)
    bsp_AngleCheck                           0x080031d5   Thumb Code   216  bsp_angle.o(i.bsp_AngleCheck)
    i.bsp_AngleChkXorCalc                    0x080032b0   Section        0  bsp_angle.o(i.bsp_AngleChkXorCalc)
    bsp_AngleChkXorCalc                      0x080032b1   Thumb Code    28  bsp_angle.o(i.bsp_AngleChkXorCalc)
    i.bsp_AnglePoll                          0x080032cc   Section        0  bsp_angle.o(i.bsp_AnglePoll)
    bsp_AnglePoll                            0x080032cd   Thumb Code    66  bsp_angle.o(i.bsp_AnglePoll)
    i.bsp_AngleReadRaw                       0x0800333c   Section        0  bsp_angle.o(i.bsp_AngleReadRaw)
    i.bsp_AngleRevByte                       0x0800335c   Section        0  bsp_angle.o(i.bsp_AngleRevByte)
    i.bsp_AngleTimeout                       0x08003394   Section        0  bsp_angle.o(i.bsp_AngleTimeout)
    bsp_AngleTimeout                         0x08003395   Thumb Code    14  bsp_angle.o(i.bsp_AngleTimeout)
    i.bsp_DelayMS                            0x080033a8   Section        0  bsp_timer.o(i.bsp_DelayMS)
    i.bsp_DelayUS                            0x080033ec   Section        0  bsp_timer.o(i.bsp_DelayUS)
    i.bsp_DetectKey                          0x08003440   Section        0  bsp_key.o(i.bsp_DetectKey)
    bsp_DetectKey                            0x08003441   Thumb Code   198  bsp_key.o(i.bsp_DetectKey)
    i.bsp_EXTI_Config                        0x0800350c   Section        0  bsp_encoder.o(i.bsp_EXTI_Config)
    bsp_EXTI_Config                          0x0800350d   Thumb Code   212  bsp_encoder.o(i.bsp_EXTI_Config)
    i.bsp_EncoderGetPulseT                   0x080035e8   Section        0  bsp_encoder.o(i.bsp_EncoderGetPulseT)
    i.bsp_GetKey                             0x08003604   Section        0  bsp_key.o(i.bsp_GetKey)
    i.bsp_GetRunTime                         0x08003638   Section        0  bsp_timer.o(i.bsp_GetRunTime)
    i.bsp_IMU_GetData                        0x08003654   Section        0  bsp_angle.o(i.bsp_IMU_GetData)
    i.bsp_IRD_DecodeNec                      0x08003694   Section        0  bsp_ir_decode.o(i.bsp_IRD_DecodeNec)
    bsp_IRD_DecodeNec                        0x08003695   Thumb Code   512  bsp_ir_decode.o(i.bsp_IRD_DecodeNec)
    i.bsp_IRD_StopWork                       0x0800389c   Section        0  bsp_ir_decode.o(i.bsp_IRD_StopWork)
    i.bsp_IR_GetPulseWidth                   0x080038d4   Section        0  bsp_ir_decode.o(i.bsp_IR_GetPulseWidth)
    bsp_IR_GetPulseWidth                     0x080038d5   Thumb Code   292  bsp_ir_decode.o(i.bsp_IR_GetPulseWidth)
    i.bsp_IR_TimeOutProc                     0x08003a04   Section        0  bsp_ir_decode.o(i.bsp_IR_TimeOutProc)
    bsp_IR_TimeOutProc                       0x08003a05   Thumb Code   166  bsp_ir_decode.o(i.bsp_IR_TimeOutProc)
    i.bsp_Idle                               0x08003ab8   Section        0  bsp.o(i.bsp_Idle)
    i.bsp_Init                               0x08003aba   Section        0  bsp.o(i.bsp_Init)
    i.bsp_InitAngle                          0x08003b38   Section        0  bsp_angle.o(i.bsp_InitAngle)
    i.bsp_InitCollision                      0x08003b64   Section        0  bsp_collision.o(i.bsp_InitCollision)
    i.bsp_InitEncoder                        0x08003ba4   Section        0  bsp_encoder.o(i.bsp_InitEncoder)
    i.bsp_InitGPIO                           0x08003bac   Section        0  bsp_encoder.o(i.bsp_InitGPIO)
    bsp_InitGPIO                             0x08003bad   Thumb Code     8  bsp_encoder.o(i.bsp_InitGPIO)
    i.bsp_InitHardTimer                      0x08003bb4   Section        0  bsp_timer.o(i.bsp_InitHardTimer)
    i.bsp_InitKey                            0x08003c20   Section        0  bsp_key.o(i.bsp_InitKey)
    i.bsp_InitKeyHard                        0x08003c2c   Section        0  bsp_key.o(i.bsp_InitKeyHard)
    bsp_InitKeyHard                          0x08003c2d   Thumb Code   140  bsp_key.o(i.bsp_InitKeyHard)
    i.bsp_InitKeyVar                         0x08003cbc   Section        0  bsp_key.o(i.bsp_InitKeyVar)
    bsp_InitKeyVar                           0x08003cbd   Thumb Code   128  bsp_key.o(i.bsp_InitKeyVar)
    i.bsp_InitLed                            0x08003d6c   Section        0  bsp_led.o(i.bsp_InitLed)
    i.bsp_InitMotor                          0x08003e08   Section        0  bsp_motor.o(i.bsp_InitMotor)
    i.bsp_InitPid                            0x08003e24   Section        0  bsp_control.o(i.bsp_InitPid)
    i.bsp_InitSW                             0x08003e68   Section        0  bsp_powerswitch.o(i.bsp_InitSW)
    i.bsp_InitSpeaker                        0x08003f2c   Section        0  bsp_speaker.o(i.bsp_InitSpeaker)
    i.bsp_InitTimer                          0x08003f7c   Section        0  bsp_timer.o(i.bsp_InitTimer)
    i.bsp_InitTimer1                         0x08003fe0   Section        0  bsp_motor.o(i.bsp_InitTimer1)
    bsp_InitTimer1                           0x08003fe1   Thumb Code   244  bsp_motor.o(i.bsp_InitTimer1)
    i.bsp_InitTimer4                         0x080040e0   Section        0  bsp_motor.o(i.bsp_InitTimer4)
    bsp_InitTimer4                           0x080040e1   Thumb Code   228  bsp_motor.o(i.bsp_InitTimer4)
    i.bsp_InitUart                           0x080041cc   Section        0  bsp_uart_fifo.o(i.bsp_InitUart)
    i.bsp_InitVacuum                         0x080041dc   Section        0  bsp_motor.o(i.bsp_InitVacuum)
    bsp_InitVacuum                           0x080041dd   Thumb Code    46  bsp_motor.o(i.bsp_InitVacuum)
    i.bsp_KeyProc                            0x08004210   Section        0  main.o(i.bsp_KeyProc)
    bsp_KeyProc                              0x08004211   Thumb Code   112  main.o(i.bsp_KeyProc)
    i.bsp_KeyScan                            0x08004300   Section        0  bsp_key.o(i.bsp_KeyScan)
    i.bsp_LedAppProc                         0x08004318   Section        0  bsp_ledapp.o(i.bsp_LedAppProc)
    i.bsp_LedOff                             0x08004358   Section        0  bsp_led.o(i.bsp_LedOff)
    i.bsp_LedToggle                          0x080043ac   Section        0  bsp_led.o(i.bsp_LedToggle)
    i.bsp_MotorBrake                         0x08004420   Section        0  bsp_control.o(i.bsp_MotorBrake)
    bsp_MotorBrake                           0x08004421   Thumb Code    54  bsp_control.o(i.bsp_MotorBrake)
    i.bsp_MotorGetSpeed                      0x0800445c   Section        0  bsp_control.o(i.bsp_MotorGetSpeed)
    i.bsp_MotorSetPWM                        0x080044a8   Section        0  bsp_motor.o(i.bsp_MotorSetPWM)
    i.bsp_PidClear                           0x0800450c   Section        0  bsp_control.o(i.bsp_PidClear)
    bsp_PidClear                             0x0800450d   Thumb Code    34  bsp_control.o(i.bsp_PidClear)
    i.bsp_PidExec                            0x08004534   Section        0  bsp_control.o(i.bsp_PidExec)
    bsp_PidExec                              0x08004535   Thumb Code   588  bsp_control.o(i.bsp_PidExec)
    i.bsp_PidSched                           0x08004798   Section        0  bsp_control.o(i.bsp_PidSched)
    i.bsp_PositionUpdate                     0x080047c8   Section        0  bsp_position.o(i.bsp_PositionUpdate)
    i.bsp_PutKey                             0x08004a04   Section        0  bsp_key.o(i.bsp_PutKey)
    i.bsp_PwmLimit                           0x08004a24   Section        0  bsp_control.o(i.bsp_PwmLimit)
    bsp_PwmLimit                             0x08004a25   Thumb Code    30  bsp_control.o(i.bsp_PwmLimit)
    i.bsp_RunPer10ms                         0x08004a48   Section        0  bsp.o(i.bsp_RunPer10ms)
    i.bsp_RunPer1ms                          0x08004a54   Section        0  bsp.o(i.bsp_RunPer1ms)
    i.bsp_SetLedState                        0x08004a58   Section        0  bsp_ledapp.o(i.bsp_SetLedState)
    i.bsp_SperkerPlay                        0x08004a78   Section        0  bsp_speaker.o(i.bsp_SperkerPlay)
    i.bsp_StartHardTimer                     0x08004ad0   Section        0  bsp_timer.o(i.bsp_StartHardTimer)
    i.bsp_SwOff                              0x08004b98   Section        0  bsp_powerswitch.o(i.bsp_SwOff)
    i.bsp_SwOn                               0x08004c04   Section        0  bsp_powerswitch.o(i.bsp_SwOn)
    i.comSendBuf                             0x08004c70   Section        0  bsp_uart_fifo.o(i.comSendBuf)
    i.comSendChar                            0x08004c9e   Section        0  bsp_uart_fifo.o(i.comSendChar)
    i.cos                                    0x08004cb0   Section        0  cos.o(i.cos)
    i.fputc                                  0x08004d4c   Section        0  bsp_uart_fifo.o(i.fputc)
    i.main                                   0x08004d5e   Section        0  main.o(i.main)
    i.myabs                                  0x08004d82   Section        0  bsp_control.o(i.myabs)
    myabs                                    0x08004d83   Thumb Code    14  bsp_control.o(i.myabs)
    i.sin                                    0x08004d90   Section        0  sin.o(i.sin)
    .constdata                               0x08004e30   Section       32  bsp_ir_decode.o(.constdata)
    .constdata                               0x08004e50   Section       48  cos_i.o(.constdata)
    C                                        0x08004e50   Data          48  cos_i.o(.constdata)
    .constdata                               0x08004e80   Section      200  rred.o(.constdata)
    pio2s                                    0x08004e80   Data          48  rred.o(.constdata)
    twooverpi                                0x08004eb0   Data         152  rred.o(.constdata)
    .constdata                               0x08004f48   Section       40  sin_i.o(.constdata)
    S                                        0x08004f48   Data          40  sin_i.o(.constdata)
    .data                                    0x20000000   Section       10  bsp_control.o(.data)
    encoderPulseVector                       0x20000000   Data           8  bsp_control.o(.data)
    sampleIndex                              0x20000008   Data           2  bsp_control.o(.data)
    .data                                    0x2000000c   Section       29  bsp_timer.o(.data)
    s_uiDelayCount                           0x2000000c   Data           4  bsp_timer.o(.data)
    s_ucTimeOutFlag                          0x20000010   Data           1  bsp_timer.o(.data)
    s_TIM_CallBack1                          0x20000018   Data           4  bsp_timer.o(.data)
    s_TIM_CallBack2                          0x2000001c   Data           4  bsp_timer.o(.data)
    s_TIM_CallBack3                          0x20000020   Data           4  bsp_timer.o(.data)
    s_TIM_CallBack4                          0x20000024   Data           4  bsp_timer.o(.data)
    s_count                                  0x20000028   Data           1  bsp_timer.o(.data)
    .data                                    0x20000029   Section        1  bsp_ir_decode.o(.data)
    sss                                      0x20000029   Data           1  bsp_ir_decode.o(.data)
    .data                                    0x2000002a   Section       20  stm32f10x_rcc.o(.data)
    APBAHBPrescTable                         0x2000002a   Data          16  stm32f10x_rcc.o(.data)
    ADCPrescTable                            0x2000003a   Data           4  stm32f10x_rcc.o(.data)
    .data                                    0x20000040   Section       20  system_stm32f10x.o(.data)
    .data                                    0x20000054   Section        4  stdout.o(.data)
    .data                                    0x20000058   Section        4  errno.o(.data)
    _errno                                   0x20000058   Data           4  errno.o(.data)
    .bss                                     0x2000005c   Section      132  bsp_angle.o(.bss)
    angle                                    0x2000005c   Data         132  bsp_angle.o(.bss)
    .bss                                     0x200000e0   Section       16  bsp_encoder.o(.bss)
    encoder                                  0x200000e0   Data          16  bsp_encoder.o(.bss)
    .bss                                     0x200000f0   Section      136  bsp_control.o(.bss)
    pid                                      0x200000f0   Data          56  bsp_control.o(.bss)
    speed                                    0x20000128   Data          80  bsp_control.o(.bss)
    .bss                                     0x20000178   Section       80  bsp_position.o(.bss)
    position                                 0x20000178   Data          80  bsp_position.o(.bss)
    .bss                                     0x200001c8   Section       12  bsp_ledapp.o(.bss)
    ledAppProc                               0x200001c8   Data          12  bsp_ledapp.o(.bss)
    .bss                                     0x200001d4   Section      173  bsp_key.o(.bss)
    s_tBtn                                   0x200001d4   Data         160  bsp_key.o(.bss)
    s_tKey                                   0x20000274   Data          13  bsp_key.o(.bss)
    .bss                                     0x20000284   Section     8352  bsp_uart_fifo.o(.bss)
    g_tUart2                                 0x20000284   Data          40  bsp_uart_fifo.o(.bss)
    g_TxBuf2                                 0x200002ac   Data        1024  bsp_uart_fifo.o(.bss)
    g_RxBuf2                                 0x200006ac   Data        1024  bsp_uart_fifo.o(.bss)
    g_tUart3                                 0x20000aac   Data          40  bsp_uart_fifo.o(.bss)
    g_TxBuf3                                 0x20000ad4   Data        1024  bsp_uart_fifo.o(.bss)
    g_RxBuf3                                 0x20000ed4   Data        1024  bsp_uart_fifo.o(.bss)
    g_tUart4                                 0x200012d4   Data          40  bsp_uart_fifo.o(.bss)
    g_TxBuf4                                 0x200012fc   Data        1024  bsp_uart_fifo.o(.bss)
    g_RxBuf4                                 0x200016fc   Data        1024  bsp_uart_fifo.o(.bss)
    g_tUart5                                 0x20001afc   Data          40  bsp_uart_fifo.o(.bss)
    g_TxBuf5                                 0x20001b24   Data        1024  bsp_uart_fifo.o(.bss)
    g_RxBuf5                                 0x20001f24   Data        1024  bsp_uart_fifo.o(.bss)
    .bss                                     0x20002324   Section      140  bsp_ir_decode.o(.bss)
    g_tIR                                    0x20002324   Data         140  bsp_ir_decode.o(.bss)
    STACK                                    0x200023b0   Section    32768  startup_stm32f10x_hd.o(STACK)

    Global Symbols

    Symbol Name                              Value     Ov Type        Size  Object(Section)

    BuildAttributes$$THM_ISAv4$P$D$K$B$S$PE$A:L22UL41UL21$X:L11$S22US41US21$IEEE1$IW$USESV6$~STKCKD$USESV7$~SHL$OTIME$ROPI$IEEEX$EBA8$MICROLIB$REQ8$PRES8$EABIv2 0x00000000   Number         0  anon$$obj.o ABSOLUTE
    __ARM_use_no_argv                        0x00000000   Number         0  main.o ABSOLUTE
    _printf_a                                0x00000000   Number         0  stubs.o ABSOLUTE
    _printf_c                                0x00000000   Number         0  stubs.o ABSOLUTE
    _printf_charcount                        0x00000000   Number         0  stubs.o ABSOLUTE
    _printf_d                                0x00000000   Number         0  stubs.o ABSOLUTE
    _printf_e                                0x00000000   Number         0  stubs.o ABSOLUTE
    _printf_f                                0x00000000   Number         0  stubs.o ABSOLUTE
    _printf_flags                            0x00000000   Number         0  stubs.o ABSOLUTE
    _printf_fp_dec                           0x00000000   Number         0  stubs.o ABSOLUTE
    _printf_fp_hex                           0x00000000   Number         0  stubs.o ABSOLUTE
    _printf_g                                0x00000000   Number         0  stubs.o ABSOLUTE
    _printf_i                                0x00000000   Number         0  stubs.o ABSOLUTE
    _printf_int_dec                          0x00000000   Number         0  stubs.o ABSOLUTE
    _printf_l                                0x00000000   Number         0  stubs.o ABSOLUTE
    _printf_lc                               0x00000000   Number         0  stubs.o ABSOLUTE
    _printf_ll                               0x00000000   Number         0  stubs.o ABSOLUTE
    _printf_lld                              0x00000000   Number         0  stubs.o ABSOLUTE
    _printf_lli                              0x00000000   Number         0  stubs.o ABSOLUTE
    _printf_llo                              0x00000000   Number         0  stubs.o ABSOLUTE
    _printf_llu                              0x00000000   Number         0  stubs.o ABSOLUTE
    _printf_llx                              0x00000000   Number         0  stubs.o ABSOLUTE
    _printf_longlong_dec                     0x00000000   Number         0  stubs.o ABSOLUTE
    _printf_longlong_hex                     0x00000000   Number         0  stubs.o ABSOLUTE
    _printf_longlong_oct                     0x00000000   Number         0  stubs.o ABSOLUTE
    _printf_ls                               0x00000000   Number         0  stubs.o ABSOLUTE
    _printf_mbtowc                           0x00000000   Number         0  stubs.o ABSOLUTE
    _printf_n                                0x00000000   Number         0  stubs.o ABSOLUTE
    _printf_o                                0x00000000   Number         0  stubs.o ABSOLUTE
    _printf_p                                0x00000000   Number         0  stubs.o ABSOLUTE
    _printf_percent                          0x00000000   Number         0  stubs.o ABSOLUTE
    _printf_pre_padding                      0x00000000   Number         0  stubs.o ABSOLUTE
    _printf_return_value                     0x00000000   Number         0  stubs.o ABSOLUTE
    _printf_s                                0x00000000   Number         0  stubs.o ABSOLUTE
    _printf_sizespec                         0x00000000   Number         0  stubs.o ABSOLUTE
    _printf_str                              0x00000000   Number         0  stubs.o ABSOLUTE
    _printf_truncate_signed                  0x00000000   Number         0  stubs.o ABSOLUTE
    _printf_truncate_unsigned                0x00000000   Number         0  stubs.o ABSOLUTE
    _printf_u                                0x00000000   Number         0  stubs.o ABSOLUTE
    _printf_wc                               0x00000000   Number         0  stubs.o ABSOLUTE
    _printf_wctomb                           0x00000000   Number         0  stubs.o ABSOLUTE
    _printf_widthprec                        0x00000000   Number         0  stubs.o ABSOLUTE
    _printf_x                                0x00000000   Number         0  stubs.o ABSOLUTE
    __cpp_initialize__aeabi_                  - Undefined Weak Reference
    __cxa_finalize                            - Undefined Weak Reference
    __decompress                              - Undefined Weak Reference
    _clock_init                               - Undefined Weak Reference
    _microlib_exit                            - Undefined Weak Reference
    __Vectors_Size                           0x00000130   Number         0  startup_stm32f10x_hd.o ABSOLUTE
    __Vectors                                0x08000000   Data           4  startup_stm32f10x_hd.o(RESET)
    __Vectors_End                            0x08000130   Data           0  startup_stm32f10x_hd.o(RESET)
    __main                                   0x08000131   Thumb Code     0  entry.o(.ARM.Collect$$$$00000000)
    _main_stk                                0x08000131   Thumb Code     0  entry2.o(.ARM.Collect$$$$00000001)
    _main_scatterload                        0x08000135   Thumb Code     0  entry5.o(.ARM.Collect$$$$00000004)
    __main_after_scatterload                 0x08000139   Thumb Code     0  entry5.o(.ARM.Collect$$$$00000004)
    _main_clock                              0x08000139   Thumb Code     0  entry7b.o(.ARM.Collect$$$$00000008)
    _main_cpp_init                           0x08000139   Thumb Code     0  entry8b.o(.ARM.Collect$$$$0000000A)
    _main_init                               0x08000139   Thumb Code     0  entry9a.o(.ARM.Collect$$$$0000000B)
    __rt_final_cpp                           0x08000141   Thumb Code     0  entry10a.o(.ARM.Collect$$$$0000000D)
    __rt_final_exit                          0x08000141   Thumb Code     0  entry11a.o(.ARM.Collect$$$$0000000F)
    Reset_Handler                            0x08000145   Thumb Code     8  startup_stm32f10x_hd.o(.text)
    ADC1_2_IRQHandler                        0x0800015f   Thumb Code     0  startup_stm32f10x_hd.o(.text)
    ADC3_IRQHandler                          0x0800015f   Thumb Code     0  startup_stm32f10x_hd.o(.text)
    CAN1_RX1_IRQHandler                      0x0800015f   Thumb Code     0  startup_stm32f10x_hd.o(.text)
    CAN1_SCE_IRQHandler                      0x0800015f   Thumb Code     0  startup_stm32f10x_hd.o(.text)
    DMA1_Channel1_IRQHandler                 0x0800015f   Thumb Code     0  startup_stm32f10x_hd.o(.text)
    DMA1_Channel2_IRQHandler                 0x0800015f   Thumb Code     0  startup_stm32f10x_hd.o(.text)
    DMA1_Channel3_IRQHandler                 0x0800015f   Thumb Code     0  startup_stm32f10x_hd.o(.text)
    DMA1_Channel4_IRQHandler                 0x0800015f   Thumb Code     0  startup_stm32f10x_hd.o(.text)
    DMA1_Channel5_IRQHandler                 0x0800015f   Thumb Code     0  startup_stm32f10x_hd.o(.text)
    DMA1_Channel6_IRQHandler                 0x0800015f   Thumb Code     0  startup_stm32f10x_hd.o(.text)
    DMA1_Channel7_IRQHandler                 0x0800015f   Thumb Code     0  startup_stm32f10x_hd.o(.text)
    DMA2_Channel1_IRQHandler                 0x0800015f   Thumb Code     0  startup_stm32f10x_hd.o(.text)
    DMA2_Channel2_IRQHandler                 0x0800015f   Thumb Code     0  startup_stm32f10x_hd.o(.text)
    DMA2_Channel3_IRQHandler                 0x0800015f   Thumb Code     0  startup_stm32f10x_hd.o(.text)
    DMA2_Channel4_5_IRQHandler               0x0800015f   Thumb Code     0  startup_stm32f10x_hd.o(.text)
    EXTI0_IRQHandler                         0x0800015f   Thumb Code     0  startup_stm32f10x_hd.o(.text)
    EXTI1_IRQHandler                         0x0800015f   Thumb Code     0  startup_stm32f10x_hd.o(.text)
    EXTI2_IRQHandler                         0x0800015f   Thumb Code     0  startup_stm32f10x_hd.o(.text)
    EXTI4_IRQHandler                         0x0800015f   Thumb Code     0  startup_stm32f10x_hd.o(.text)
    EXTI9_5_IRQHandler                       0x0800015f   Thumb Code     0  startup_stm32f10x_hd.o(.text)
    FLASH_IRQHandler                         0x0800015f   Thumb Code     0  startup_stm32f10x_hd.o(.text)
    FSMC_IRQHandler                          0x0800015f   Thumb Code     0  startup_stm32f10x_hd.o(.text)
    I2C1_ER_IRQHandler                       0x0800015f   Thumb Code     0  startup_stm32f10x_hd.o(.text)
    I2C1_EV_IRQHandler                       0x0800015f   Thumb Code     0  startup_stm32f10x_hd.o(.text)
    I2C2_ER_IRQHandler                       0x0800015f   Thumb Code     0  startup_stm32f10x_hd.o(.text)
    I2C2_EV_IRQHandler                       0x0800015f   Thumb Code     0  startup_stm32f10x_hd.o(.text)
    PVD_IRQHandler                           0x0800015f   Thumb Code     0  startup_stm32f10x_hd.o(.text)
    RCC_IRQHandler                           0x0800015f   Thumb Code     0  startup_stm32f10x_hd.o(.text)
    RTCAlarm_IRQHandler                      0x0800015f   Thumb Code     0  startup_stm32f10x_hd.o(.text)
    RTC_IRQHandler                           0x0800015f   Thumb Code     0  startup_stm32f10x_hd.o(.text)
    SDIO_IRQHandler                          0x0800015f   Thumb Code     0  startup_stm32f10x_hd.o(.text)
    SPI1_IRQHandler                          0x0800015f   Thumb Code     0  startup_stm32f10x_hd.o(.text)
    SPI2_IRQHandler                          0x0800015f   Thumb Code     0  startup_stm32f10x_hd.o(.text)
    SPI3_IRQHandler                          0x0800015f   Thumb Code     0  startup_stm32f10x_hd.o(.text)
    TAMPER_IRQHandler                        0x0800015f   Thumb Code     0  startup_stm32f10x_hd.o(.text)
    TIM1_BRK_IRQHandler                      0x0800015f   Thumb Code     0  startup_stm32f10x_hd.o(.text)
    TIM1_CC_IRQHandler                       0x0800015f   Thumb Code     0  startup_stm32f10x_hd.o(.text)
    TIM1_TRG_COM_IRQHandler                  0x0800015f   Thumb Code     0  startup_stm32f10x_hd.o(.text)
    TIM1_UP_IRQHandler                       0x0800015f   Thumb Code     0  startup_stm32f10x_hd.o(.text)
    TIM2_IRQHandler                          0x0800015f   Thumb Code     0  startup_stm32f10x_hd.o(.text)
    TIM4_IRQHandler                          0x0800015f   Thumb Code     0  startup_stm32f10x_hd.o(.text)
    TIM6_IRQHandler                          0x0800015f   Thumb Code     0  startup_stm32f10x_hd.o(.text)
    TIM7_IRQHandler                          0x0800015f   Thumb Code     0  startup_stm32f10x_hd.o(.text)
    TIM8_BRK_IRQHandler                      0x0800015f   Thumb Code     0  startup_stm32f10x_hd.o(.text)
    TIM8_CC_IRQHandler                       0x0800015f   Thumb Code     0  startup_stm32f10x_hd.o(.text)
    TIM8_TRG_COM_IRQHandler                  0x0800015f   Thumb Code     0  startup_stm32f10x_hd.o(.text)
    TIM8_UP_IRQHandler                       0x0800015f   Thumb Code     0  startup_stm32f10x_hd.o(.text)
    USART1_IRQHandler                        0x0800015f   Thumb Code     0  startup_stm32f10x_hd.o(.text)
    USBWakeUp_IRQHandler                     0x0800015f   Thumb Code     0  startup_stm32f10x_hd.o(.text)
    USB_HP_CAN1_TX_IRQHandler                0x0800015f   Thumb Code     0  startup_stm32f10x_hd.o(.text)
    WWDG_IRQHandler                          0x0800015f   Thumb Code     0  startup_stm32f10x_hd.o(.text)
    __aeabi_fadd                             0x08000169   Thumb Code   164  fadd.o(.text)
    __aeabi_fsub                             0x0800020d   Thumb Code     6  fadd.o(.text)
    __aeabi_frsub                            0x08000213   Thumb Code     6  fadd.o(.text)
    __aeabi_fmul                             0x08000219   Thumb Code   100  fmul.o(.text)
    __aeabi_fdiv                             0x0800027d   Thumb Code   124  fdiv.o(.text)
    __aeabi_dadd                             0x080002f9   Thumb Code   322  dadd.o(.text)
    __aeabi_dsub                             0x0800043b   Thumb Code     6  dadd.o(.text)
    __aeabi_drsub                            0x08000441   Thumb Code     6  dadd.o(.text)
    __aeabi_dmul                             0x08000447   Thumb Code   228  dmul.o(.text)
    __aeabi_ddiv                             0x0800052b   Thumb Code   222  ddiv.o(.text)
    __aeabi_i2f                              0x08000609   Thumb Code    18  fflti.o(.text)
    __aeabi_ui2d                             0x0800061b   Thumb Code    26  dfltui.o(.text)
    __aeabi_f2iz                             0x08000635   Thumb Code    50  ffixi.o(.text)
    __aeabi_d2iz                             0x08000667   Thumb Code    62  dfixi.o(.text)
    __aeabi_f2d                              0x080006a5   Thumb Code    38  f2d.o(.text)
    __aeabi_cfcmpeq                          0x080006cd   Thumb Code     0  cfcmple.o(.text)
    __aeabi_cfcmple                          0x080006cd   Thumb Code    20  cfcmple.o(.text)
    __aeabi_uidiv                            0x080006e1   Thumb Code     0  uidiv.o(.text)
    __aeabi_uidivmod                         0x080006e1   Thumb Code    44  uidiv.o(.text)
    __aeabi_uldivmod                         0x0800070d   Thumb Code    98  uldiv.o(.text)
    __aeabi_llsl                             0x0800076f   Thumb Code    30  llshl.o(.text)
    _ll_shift_l                              0x0800076f   Thumb Code     0  llshl.o(.text)
    __aeabi_llsr                             0x0800078d   Thumb Code    32  llushr.o(.text)
    _ll_ushift_r                             0x0800078d   Thumb Code     0  llushr.o(.text)
    __aeabi_lasr                             0x080007ad   Thumb Code    36  llsshr.o(.text)
    _ll_sshift_r                             0x080007ad   Thumb Code     0  llsshr.o(.text)
    __I$use$fp                               0x080007d1   Thumb Code     0  iusefp.o(.text)
    _float_round                             0x080007d1   Thumb Code    18  fepilogue.o(.text)
    _float_epilogue                          0x080007e3   Thumb Code    92  fepilogue.o(.text)
    _double_round                            0x0800083f   Thumb Code    30  depilogue.o(.text)
    _double_epilogue                         0x0800085d   Thumb Code   156  depilogue.o(.text)
    __aeabi_d2ulz                            0x080008f9   Thumb Code    48  dfixul.o(.text)
    __aeabi_cdrcmple                         0x08000929   Thumb Code    48  cdrcmple.o(.text)
    __scatterload                            0x08000959   Thumb Code    28  init.o(.text)
    __scatterload_rt2                        0x08000959   Thumb Code     0  init.o(.text)
    __ARM_scalbn                             0x0800097d   Thumb Code    46  dscalb.o(.text)
    scalbn                                   0x0800097d   Thumb Code     0  dscalb.o(.text)
    __aeabi_i2d                              0x080009ab   Thumb Code    34  dflti.o(.text)
    BusFault_Handler                         0x080009cd   Thumb Code     4  stm32f10x_it.o(i.BusFault_Handler)
    ComToUart                                0x080009d1   Thumb Code    44  bsp_uart_fifo.o(i.ComToUart)
    DBGMCU_Config                            0x08000a71   Thumb Code    26  stm32f10x_dbgmcu.o(i.DBGMCU_Config)
    DebugMon_Handler                         0x08000a91   Thumb Code     2  stm32f10x_it.o(i.DebugMon_Handler)
    EXTI15_10_IRQHandler                     0x08000a95   Thumb Code    40  bsp_encoder.o(i.EXTI15_10_IRQHandler)
    EXTI3_IRQHandler                         0x08000ac1   Thumb Code    36  bsp_encoder.o(i.EXTI3_IRQHandler)
    EXTI_ClearITPendingBit                   0x08000ae9   Thumb Code     6  stm32f10x_exti.o(i.EXTI_ClearITPendingBit)
    EXTI_GetITStatus                         0x08000af5   Thumb Code    34  stm32f10x_exti.o(i.EXTI_GetITStatus)
    EXTI_Init                                0x08000b1d   Thumb Code   142  stm32f10x_exti.o(i.EXTI_Init)
    GPIO_EXTILineConfig                      0x08000bb1   Thumb Code    60  stm32f10x_gpio.o(i.GPIO_EXTILineConfig)
    GPIO_Init                                0x08000bf1   Thumb Code   278  stm32f10x_gpio.o(i.GPIO_Init)
    GPIO_PinRemapConfig                      0x08000d09   Thumb Code   138  stm32f10x_gpio.o(i.GPIO_PinRemapConfig)
    GPIO_ResetBits                           0x08000d99   Thumb Code     4  stm32f10x_gpio.o(i.GPIO_ResetBits)
    GPIO_SetBits                             0x08000d9d   Thumb Code     4  stm32f10x_gpio.o(i.GPIO_SetBits)
    HardFault_Handler                        0x08000da1   Thumb Code     4  stm32f10x_it.o(i.HardFault_Handler)
    MemManage_Handler                        0x0800115d   Thumb Code     4  stm32f10x_it.o(i.MemManage_Handler)
    NMI_Handler                              0x08001161   Thumb Code     2  stm32f10x_it.o(i.NMI_Handler)
    NVIC_Init                                0x08001165   Thumb Code   100  misc.o(i.NVIC_Init)
    NVIC_PriorityGroupConfig                 0x080011d5   Thumb Code    10  misc.o(i.NVIC_PriorityGroupConfig)
    PendSV_Handler                           0x080011e9   Thumb Code     2  stm32f10x_it.o(i.PendSV_Handler)
    RCC_APB1PeriphClockCmd                   0x080011ed   Thumb Code    26  stm32f10x_rcc.o(i.RCC_APB1PeriphClockCmd)
    RCC_APB2PeriphClockCmd                   0x0800120d   Thumb Code    26  stm32f10x_rcc.o(i.RCC_APB2PeriphClockCmd)
    RCC_GetClocksFreq                        0x0800122d   Thumb Code   192  stm32f10x_rcc.o(i.RCC_GetClocksFreq)
    RS485_SendBefor                          0x08001301   Thumb Code     8  bsp_uart_fifo.o(i.RS485_SendBefor)
    RS485_SendOver                           0x0800130d   Thumb Code     8  bsp_uart_fifo.o(i.RS485_SendOver)
    SVC_Handler                              0x08001319   Thumb Code     2  stm32f10x_it.o(i.SVC_Handler)
    SysTick_Handler                          0x08001405   Thumb Code     8  bsp_timer.o(i.SysTick_Handler)
    SysTick_ISR                              0x0800140d   Thumb Code    78  bsp_timer.o(i.SysTick_ISR)
    SystemInit                               0x0800146d   Thumb Code    78  system_stm32f10x.o(i.SystemInit)
    TIM3_IRQHandler                          0x0800170d   Thumb Code   142  bsp_ir_decode.o(i.TIM3_IRQHandler)
    TIM5_IRQHandler                          0x080017a1   Thumb Code   140  bsp_timer.o(i.TIM5_IRQHandler)
    TIM_ClearITPendingBit                    0x08001841   Thumb Code     6  stm32f10x_tim.o(i.TIM_ClearITPendingBit)
    TIM_Cmd                                  0x08001847   Thumb Code    24  stm32f10x_tim.o(i.TIM_Cmd)
    TIM_CtrlPWMOutputs                       0x0800185f   Thumb Code    30  stm32f10x_tim.o(i.TIM_CtrlPWMOutputs)
    TIM_GetCapture1                          0x0800187d   Thumb Code     6  stm32f10x_tim.o(i.TIM_GetCapture1)
    TIM_GetCapture2                          0x08001883   Thumb Code     6  stm32f10x_tim.o(i.TIM_GetCapture2)
    TIM_GetCapture3                          0x08001889   Thumb Code     6  stm32f10x_tim.o(i.TIM_GetCapture3)
    TIM_GetCapture4                          0x0800188f   Thumb Code     8  stm32f10x_tim.o(i.TIM_GetCapture4)
    TIM_GetCounter                           0x08001897   Thumb Code     6  stm32f10x_tim.o(i.TIM_GetCounter)
    TIM_GetITStatus                          0x0800189d   Thumb Code    34  stm32f10x_tim.o(i.TIM_GetITStatus)
    TIM_ICInit                               0x080018c1   Thumb Code   150  stm32f10x_tim.o(i.TIM_ICInit)
    TIM_ITConfig                             0x0800196d   Thumb Code    18  stm32f10x_tim.o(i.TIM_ITConfig)
    TIM_OC1Init                              0x08001981   Thumb Code   132  stm32f10x_tim.o(i.TIM_OC1Init)
    TIM_OC1PreloadConfig                     0x08001a19   Thumb Code    18  stm32f10x_tim.o(i.TIM_OC1PreloadConfig)
    TIM_OC2Init                              0x08001a2d   Thumb Code   154  stm32f10x_tim.o(i.TIM_OC2Init)
    TIM_OC2PreloadConfig                     0x08001ad1   Thumb Code    26  stm32f10x_tim.o(i.TIM_OC2PreloadConfig)
    TIM_OC3Init                              0x08001aed   Thumb Code   150  stm32f10x_tim.o(i.TIM_OC3Init)
    TIM_OC3PreloadConfig                     0x08001b8d   Thumb Code    18  stm32f10x_tim.o(i.TIM_OC3PreloadConfig)
    TIM_OC4Init                              0x08001ba1   Thumb Code   114  stm32f10x_tim.o(i.TIM_OC4Init)
    TIM_OC4PreloadConfig                     0x08001c1d   Thumb Code    26  stm32f10x_tim.o(i.TIM_OC4PreloadConfig)
    TIM_SetCompare1                          0x08001c37   Thumb Code     4  stm32f10x_tim.o(i.TIM_SetCompare1)
    TIM_SetCompare2                          0x08001c3b   Thumb Code     4  stm32f10x_tim.o(i.TIM_SetCompare2)
    TIM_SetCompare3                          0x08001c3f   Thumb Code     4  stm32f10x_tim.o(i.TIM_SetCompare3)
    TIM_SetCompare4                          0x08001c43   Thumb Code     6  stm32f10x_tim.o(i.TIM_SetCompare4)
    TIM_SetIC1Prescaler                      0x08001c49   Thumb Code    18  stm32f10x_tim.o(i.TIM_SetIC1Prescaler)
    TIM_SetIC2Prescaler                      0x08001c5b   Thumb Code    26  stm32f10x_tim.o(i.TIM_SetIC2Prescaler)
    TIM_SetIC3Prescaler                      0x08001c75   Thumb Code    18  stm32f10x_tim.o(i.TIM_SetIC3Prescaler)
    TIM_SetIC4Prescaler                      0x08001c87   Thumb Code    26  stm32f10x_tim.o(i.TIM_SetIC4Prescaler)
    TIM_TimeBaseInit                         0x08001ca1   Thumb Code   122  stm32f10x_tim.o(i.TIM_TimeBaseInit)
    UART4_IRQHandler                         0x08001d45   Thumb Code    10  bsp_uart_fifo.o(i.UART4_IRQHandler)
    UART5_IRQHandler                         0x08001d55   Thumb Code    10  bsp_uart_fifo.o(i.UART5_IRQHandler)
    USART2_IRQHandler                        0x08001d65   Thumb Code    10  bsp_uart_fifo.o(i.USART2_IRQHandler)
    USART3_IRQHandler                        0x08001d75   Thumb Code    10  bsp_uart_fifo.o(i.USART3_IRQHandler)
    USART_ClearFlag                          0x08001d85   Thumb Code    18  stm32f10x_usart.o(i.USART_ClearFlag)
    USART_Cmd                                0x08001d97   Thumb Code    24  stm32f10x_usart.o(i.USART_Cmd)
    USART_GetITStatus                        0x08001daf   Thumb Code    84  stm32f10x_usart.o(i.USART_GetITStatus)
    USART_ITConfig                           0x08001e03   Thumb Code    74  stm32f10x_usart.o(i.USART_ITConfig)
    USART_Init                               0x08001e4d   Thumb Code   210  stm32f10x_usart.o(i.USART_Init)
    USART_ReceiveData                        0x08001f25   Thumb Code    10  stm32f10x_usart.o(i.USART_ReceiveData)
    USART_SendData                           0x08001f2f   Thumb Code     8  stm32f10x_usart.o(i.USART_SendData)
    USB_LP_CAN1_RX0_IRQHandler               0x08001f39   Thumb Code     6  stm32f10x_it.o(i.USB_LP_CAN1_RX0_IRQHandler)
    UsageFault_Handler                       0x08002199   Thumb Code     4  stm32f10x_it.o(i.UsageFault_Handler)
    __0printf                                0x0800219d   Thumb Code    22  printfa.o(i.__0printf)
    __1printf                                0x0800219d   Thumb Code     0  printfa.o(i.__0printf)
    __2printf                                0x0800219d   Thumb Code     0  printfa.o(i.__0printf)
    __c89printf                              0x0800219d   Thumb Code     0  printfa.o(i.__0printf)
    printf                                   0x0800219d   Thumb Code     0  printfa.o(i.__0printf)
    __ARM_fpclassify                         0x080021bd   Thumb Code    40  fpclassify.o(i.__ARM_fpclassify)
    __ieee754_rem_pio2                       0x080021e5   Thumb Code   828  rred.o(i.__ieee754_rem_pio2)
    __kernel_cos                             0x0800256d   Thumb Code   230  cos_i.o(i.__kernel_cos)
    __kernel_poly                            0x08002669   Thumb Code   170  poly.o(i.__kernel_poly)
    __kernel_sin                             0x08002715   Thumb Code   224  sin_i.o(i.__kernel_sin)
    __mathlib_dbl_infnan                     0x08002801   Thumb Code     6  dunder.o(i.__mathlib_dbl_infnan)
    __mathlib_dbl_invalid                    0x08002807   Thumb Code    12  dunder.o(i.__mathlib_dbl_invalid)
    __mathlib_dbl_underflow                  0x08002815   Thumb Code    10  dunder.o(i.__mathlib_dbl_underflow)
    __scatterload_copy                       0x08002825   Thumb Code    14  handlers.o(i.__scatterload_copy)
    __scatterload_null                       0x08002833   Thumb Code     2  handlers.o(i.__scatterload_null)
    __scatterload_zeroinit                   0x08002835   Thumb Code    14  handlers.o(i.__scatterload_zeroinit)
    __set_errno                              0x08002851   Thumb Code     6  errno.o(i.__set_errno)
    bsp_AngleReadRaw                         0x0800333d   Thumb Code    26  bsp_angle.o(i.bsp_AngleReadRaw)
    bsp_AngleRevByte                         0x0800335d   Thumb Code    48  bsp_angle.o(i.bsp_AngleRevByte)
    bsp_DelayMS                              0x080033a9   Thumb Code    58  bsp_timer.o(i.bsp_DelayMS)
    bsp_DelayUS                              0x080033ed   Thumb Code    76  bsp_timer.o(i.bsp_DelayUS)
    bsp_EncoderGetPulseT                     0x080035e9   Thumb Code    24  bsp_encoder.o(i.bsp_EncoderGetPulseT)
    bsp_GetKey                               0x08003605   Thumb Code    46  bsp_key.o(i.bsp_GetKey)
    bsp_GetRunTime                           0x08003639   Thumb Code    22  bsp_timer.o(i.bsp_GetRunTime)
    bsp_IMU_GetData                          0x08003655   Thumb Code    60  bsp_angle.o(i.bsp_IMU_GetData)
    bsp_IRD_StopWork                         0x0800389d   Thumb Code    52  bsp_ir_decode.o(i.bsp_IRD_StopWork)
    bsp_Idle                                 0x08003ab9   Thumb Code     2  bsp.o(i.bsp_Idle)
    bsp_Init                                 0x08003abb   Thumb Code   126  bsp.o(i.bsp_Init)
    bsp_InitAngle                            0x08003b39   Thumb Code    38  bsp_angle.o(i.bsp_InitAngle)
    bsp_InitCollision                        0x08003b65   Thumb Code    54  bsp_collision.o(i.bsp_InitCollision)
    bsp_InitEncoder                          0x08003ba5   Thumb Code     8  bsp_encoder.o(i.bsp_InitEncoder)
    bsp_InitHardTimer                        0x08003bb5   Thumb Code    94  bsp_timer.o(i.bsp_InitHardTimer)
    bsp_InitKey                              0x08003c21   Thumb Code    12  bsp_key.o(i.bsp_InitKey)
    bsp_InitLed                              0x08003d6d   Thumb Code   148  bsp_led.o(i.bsp_InitLed)
    bsp_InitMotor                            0x08003e09   Thumb Code    28  bsp_motor.o(i.bsp_InitMotor)
    bsp_InitPid                              0x08003e25   Thumb Code    56  bsp_control.o(i.bsp_InitPid)
    bsp_InitSW                               0x08003e69   Thumb Code   174  bsp_powerswitch.o(i.bsp_InitSW)
    bsp_InitSpeaker                          0x08003f2d   Thumb Code    76  bsp_speaker.o(i.bsp_InitSpeaker)
    bsp_InitTimer                            0x08003f7d   Thumb Code    88  bsp_timer.o(i.bsp_InitTimer)
    bsp_InitUart                             0x080041cd   Thumb Code    16  bsp_uart_fifo.o(i.bsp_InitUart)
    bsp_KeyScan                              0x08004301   Thumb Code    22  bsp_key.o(i.bsp_KeyScan)
    bsp_LedAppProc                           0x08004319   Thumb Code    60  bsp_ledapp.o(i.bsp_LedAppProc)
    bsp_LedOff                               0x08004359   Thumb Code    76  bsp_led.o(i.bsp_LedOff)
    bsp_LedToggle                            0x080043ad   Thumb Code   108  bsp_led.o(i.bsp_LedToggle)
    bsp_MotorGetSpeed                        0x0800445d   Thumb Code    68  bsp_control.o(i.bsp_MotorGetSpeed)
    bsp_MotorSetPWM                          0x080044a9   Thumb Code    96  bsp_motor.o(i.bsp_MotorSetPWM)
    bsp_PidSched                             0x08004799   Thumb Code    44  bsp_control.o(i.bsp_PidSched)
    bsp_PositionUpdate                       0x080047c9   Thumb Code   546  bsp_position.o(i.bsp_PositionUpdate)
    bsp_PutKey                               0x08004a05   Thumb Code    28  bsp_key.o(i.bsp_PutKey)
    bsp_RunPer10ms                           0x08004a49   Thumb Code    12  bsp.o(i.bsp_RunPer10ms)
    bsp_RunPer1ms                            0x08004a55   Thumb Code     2  bsp.o(i.bsp_RunPer1ms)
    bsp_SetLedState                          0x08004a59   Thumb Code    26  bsp_ledapp.o(i.bsp_SetLedState)
    bsp_SperkerPlay                          0x08004a79   Thumb Code    84  bsp_speaker.o(i.bsp_SperkerPlay)
    bsp_StartHardTimer                       0x08004ad1   Thumb Code   180  bsp_timer.o(i.bsp_StartHardTimer)
    bsp_SwOff                                0x08004b99   Thumb Code    88  bsp_powerswitch.o(i.bsp_SwOff)
    bsp_SwOn                                 0x08004c05   Thumb Code    88  bsp_powerswitch.o(i.bsp_SwOn)
    comSendBuf                               0x08004c71   Thumb Code    46  bsp_uart_fifo.o(i.comSendBuf)
    comSendChar                              0x08004c9f   Thumb Code    16  bsp_uart_fifo.o(i.comSendChar)
    cos                                      0x08004cb1   Thumb Code   148  cos.o(i.cos)
    fputc                                    0x08004d4d   Thumb Code    18  bsp_uart_fifo.o(i.fputc)
    main                                     0x08004d5f   Thumb Code    36  main.o(i.main)
    sin                                      0x08004d91   Thumb Code   150  sin.o(i.sin)
    Region$$Table$$Base                      0x08004f70   Number         0  anon$$obj.o(Region$$Table)
    Region$$Table$$Limit                     0x08004f90   Number         0  anon$$obj.o(Region$$Table)
    g_iRunTime                               0x20000014   Data           4  bsp_timer.o(.data)
    SystemCoreClock                          0x20000040   Data           4  system_stm32f10x.o(.data)
    AHBPrescTable                            0x20000044   Data          16  system_stm32f10x.o(.data)
    __stdout                                 0x20000054   Data           4  stdout.o(.data)
    __initial_sp                             0x2000a3b0   Data           0  startup_stm32f10x_hd.o(STACK)



==============================================================================

Memory Map of the image

  Image Entry point : 0x08000131

  Load Region LR_IROM1 (Base: 0x08000000, Size: 0x00004fec, Max: 0x00080000, ABSOLUTE)

    Execution Region ER_IROM1 (Base: 0x08000000, Size: 0x00004f90, Max: 0x00080000, ABSOLUTE)

    Base Addr    Size         Type   Attr      Idx    E Section Name        Object

    0x08000000   0x00000130   Data   RO         1973    RESET               startup_stm32f10x_hd.o
    0x08000130   0x00000000   Code   RO         3914  * .ARM.Collect$$$$00000000  mc_w.l(entry.o)
    0x08000130   0x00000004   Code   RO         4253    .ARM.Collect$$$$00000001  mc_w.l(entry2.o)
    0x08000134   0x00000004   Code   RO         4256    .ARM.Collect$$$$00000004  mc_w.l(entry5.o)
    0x08000138   0x00000000   Code   RO         4258    .ARM.Collect$$$$00000008  mc_w.l(entry7b.o)
    0x08000138   0x00000000   Code   RO         4260    .ARM.Collect$$$$0000000A  mc_w.l(entry8b.o)
    0x08000138   0x00000008   Code   RO         4261    .ARM.Collect$$$$0000000B  mc_w.l(entry9a.o)
    0x08000140   0x00000000   Code   RO         4263    .ARM.Collect$$$$0000000D  mc_w.l(entry10a.o)
    0x08000140   0x00000000   Code   RO         4265    .ARM.Collect$$$$0000000F  mc_w.l(entry11a.o)
    0x08000140   0x00000004   Code   RO         4254    .ARM.Collect$$$$00002712  mc_w.l(entry2.o)
    0x08000144   0x00000024   Code   RO         1974    .text               startup_stm32f10x_hd.o
    0x08000168   0x000000b0   Code   RO         4193    .text               mf_w.l(fadd.o)
    0x08000218   0x00000064   Code   RO         4195    .text               mf_w.l(fmul.o)
    0x0800027c   0x0000007c   Code   RO         4197    .text               mf_w.l(fdiv.o)
    0x080002f8   0x0000014e   Code   RO         4199    .text               mf_w.l(dadd.o)
    0x08000446   0x000000e4   Code   RO         4201    .text               mf_w.l(dmul.o)
    0x0800052a   0x000000de   Code   RO         4203    .text               mf_w.l(ddiv.o)
    0x08000608   0x00000012   Code   RO         4205    .text               mf_w.l(fflti.o)
    0x0800061a   0x0000001a   Code   RO         4209    .text               mf_w.l(dfltui.o)
    0x08000634   0x00000032   Code   RO         4211    .text               mf_w.l(ffixi.o)
    0x08000666   0x0000003e   Code   RO         4215    .text               mf_w.l(dfixi.o)
    0x080006a4   0x00000026   Code   RO         4217    .text               mf_w.l(f2d.o)
    0x080006ca   0x00000002   PAD
    0x080006cc   0x00000014   Code   RO         4221    .text               mf_w.l(cfcmple.o)
    0x080006e0   0x0000002c   Code   RO         4268    .text               mc_w.l(uidiv.o)
    0x0800070c   0x00000062   Code   RO         4270    .text               mc_w.l(uldiv.o)
    0x0800076e   0x0000001e   Code   RO         4272    .text               mc_w.l(llshl.o)
    0x0800078c   0x00000020   Code   RO         4274    .text               mc_w.l(llushr.o)
    0x080007ac   0x00000024   Code   RO         4276    .text               mc_w.l(llsshr.o)
    0x080007d0   0x00000000   Code   RO         4285    .text               mc_w.l(iusefp.o)
    0x080007d0   0x0000006e   Code   RO         4286    .text               mf_w.l(fepilogue.o)
    0x0800083e   0x000000ba   Code   RO         4288    .text               mf_w.l(depilogue.o)
    0x080008f8   0x00000030   Code   RO         4290    .text               mf_w.l(dfixul.o)
    0x08000928   0x00000030   Code   RO         4292    .text               mf_w.l(cdrcmple.o)
    0x08000958   0x00000024   Code   RO         4298    .text               mc_w.l(init.o)
    0x0800097c   0x0000002e   Code   RO         4300    .text               mf_w.l(dscalb.o)
    0x080009aa   0x00000022   Code   RO         4302    .text               mf_w.l(dflti.o)
    0x080009cc   0x00000004   Code   RO         1304    i.BusFault_Handler  stm32f10x_it.o
    0x080009d0   0x0000003c   Code   RO         1531    i.ComToUart         bsp_uart_fifo.o
    0x08000a0c   0x00000062   Code   RO         1532    i.ConfigUartNVIC    bsp_uart_fifo.o
    0x08000a6e   0x00000002   PAD
    0x08000a70   0x00000020   Code   RO         3640    i.DBGMCU_Config     stm32f10x_dbgmcu.o
    0x08000a90   0x00000002   Code   RO         1305    i.DebugMon_Handler  stm32f10x_it.o
    0x08000a92   0x00000002   PAD
    0x08000a94   0x0000002c   Code   RO          617    i.EXTI15_10_IRQHandler  bsp_encoder.o
    0x08000ac0   0x00000028   Code   RO          618    i.EXTI3_IRQHandler  bsp_encoder.o
    0x08000ae8   0x0000000c   Code   RO         3579    i.EXTI_ClearITPendingBit  stm32f10x_exti.o
    0x08000af4   0x00000028   Code   RO         3583    i.EXTI_GetITStatus  stm32f10x_exti.o
    0x08000b1c   0x00000094   Code   RO         3584    i.EXTI_Init         stm32f10x_exti.o
    0x08000bb0   0x00000040   Code   RO         1983    i.GPIO_EXTILineConfig  stm32f10x_gpio.o
    0x08000bf0   0x00000116   Code   RO         1986    i.GPIO_Init         stm32f10x_gpio.o
    0x08000d06   0x00000002   PAD
    0x08000d08   0x00000090   Code   RO         1988    i.GPIO_PinRemapConfig  stm32f10x_gpio.o
    0x08000d98   0x00000004   Code   RO         1993    i.GPIO_ResetBits    stm32f10x_gpio.o
    0x08000d9c   0x00000004   Code   RO         1994    i.GPIO_SetBits      stm32f10x_gpio.o
    0x08000da0   0x00000004   Code   RO         1306    i.HardFault_Handler  stm32f10x_it.o
    0x08000da4   0x00000264   Code   RO         1533    i.InitHardUart      bsp_uart_fifo.o
    0x08001008   0x0000002c   Code   RO         1389    i.IsKeyDown1        bsp_key.o
    0x08001034   0x0000002c   Code   RO         1390    i.IsKeyDown10       bsp_key.o
    0x08001060   0x0000002c   Code   RO         1391    i.IsKeyDown2        bsp_key.o
    0x0800108c   0x0000002c   Code   RO         1392    i.IsKeyDown3        bsp_key.o
    0x080010b8   0x00000018   Code   RO         1393    i.IsKeyDown4        bsp_key.o
    0x080010d0   0x00000018   Code   RO         1394    i.IsKeyDown5        bsp_key.o
    0x080010e8   0x00000018   Code   RO         1395    i.IsKeyDown6        bsp_key.o
    0x08001100   0x00000018   Code   RO         1396    i.IsKeyDown7        bsp_key.o
    0x08001118   0x00000018   Code   RO         1397    i.IsKeyDown8        bsp_key.o
    0x08001130   0x0000002c   Code   RO         1398    i.IsKeyDown9        bsp_key.o
    0x0800115c   0x00000004   Code   RO         1307    i.MemManage_Handler  stm32f10x_it.o
    0x08001160   0x00000002   Code   RO         1308    i.NMI_Handler       stm32f10x_it.o
    0x08001162   0x00000002   PAD
    0x08001164   0x00000070   Code   RO         2310    i.NVIC_Init         misc.o
    0x080011d4   0x00000014   Code   RO         2311    i.NVIC_PriorityGroupConfig  misc.o
    0x080011e8   0x00000002   Code   RO         1309    i.PendSV_Handler    stm32f10x_it.o
    0x080011ea   0x00000002   PAD
    0x080011ec   0x00000020   Code   RO         2104    i.RCC_APB1PeriphClockCmd  stm32f10x_rcc.o
    0x0800120c   0x00000020   Code   RO         2106    i.RCC_APB2PeriphClockCmd  stm32f10x_rcc.o
    0x0800122c   0x000000d4   Code   RO         2114    i.RCC_GetClocksFreq  stm32f10x_rcc.o
    0x08001300   0x0000000c   Code   RO         1536    i.RS485_SendBefor   bsp_uart_fifo.o
    0x0800130c   0x0000000c   Code   RO         1538    i.RS485_SendOver    bsp_uart_fifo.o
    0x08001318   0x00000002   Code   RO         1310    i.SVC_Handler       stm32f10x_it.o
    0x0800131a   0x00000008   Code   RO         3672    i.SetSysClock       system_stm32f10x.o
    0x08001322   0x00000002   PAD
    0x08001324   0x000000e0   Code   RO         3673    i.SetSysClockTo72   system_stm32f10x.o
    0x08001404   0x00000008   Code   RO         1183    i.SysTick_Handler   bsp_timer.o
    0x0800140c   0x00000060   Code   RO         1184    i.SysTick_ISR       bsp_timer.o
    0x0800146c   0x00000060   Code   RO         3675    i.SystemInit        system_stm32f10x.o
    0x080014cc   0x00000080   Code   RO         2354    i.TI1_Config        stm32f10x_tim.o
    0x0800154c   0x00000098   Code   RO         2355    i.TI2_Config        stm32f10x_tim.o
    0x080015e4   0x00000090   Code   RO         2356    i.TI3_Config        stm32f10x_tim.o
    0x08001674   0x00000098   Code   RO         2357    i.TI4_Config        stm32f10x_tim.o
    0x0800170c   0x00000094   Code   RO         1894    i.TIM3_IRQHandler   bsp_ir_decode.o
    0x080017a0   0x000000a0   Code   RO         1185    i.TIM5_IRQHandler   bsp_timer.o
    0x08001840   0x00000006   Code   RO         2365    i.TIM_ClearITPendingBit  stm32f10x_tim.o
    0x08001846   0x00000018   Code   RO         2370    i.TIM_Cmd           stm32f10x_tim.o
    0x0800185e   0x0000001e   Code   RO         2372    i.TIM_CtrlPWMOutputs  stm32f10x_tim.o
    0x0800187c   0x00000006   Code   RO         2385    i.TIM_GetCapture1   stm32f10x_tim.o
    0x08001882   0x00000006   Code   RO         2386    i.TIM_GetCapture2   stm32f10x_tim.o
    0x08001888   0x00000006   Code   RO         2387    i.TIM_GetCapture3   stm32f10x_tim.o
    0x0800188e   0x00000008   Code   RO         2388    i.TIM_GetCapture4   stm32f10x_tim.o
    0x08001896   0x00000006   Code   RO         2389    i.TIM_GetCounter    stm32f10x_tim.o
    0x0800189c   0x00000022   Code   RO         2391    i.TIM_GetITStatus   stm32f10x_tim.o
    0x080018be   0x00000002   PAD
    0x080018c0   0x000000ac   Code   RO         2393    i.TIM_ICInit        stm32f10x_tim.o
    0x0800196c   0x00000012   Code   RO         2395    i.TIM_ITConfig      stm32f10x_tim.o
    0x0800197e   0x00000002   PAD
    0x08001980   0x00000098   Code   RO         2399    i.TIM_OC1Init       stm32f10x_tim.o
    0x08001a18   0x00000012   Code   RO         2402    i.TIM_OC1PreloadConfig  stm32f10x_tim.o
    0x08001a2a   0x00000002   PAD
    0x08001a2c   0x000000a4   Code   RO         2404    i.TIM_OC2Init       stm32f10x_tim.o
    0x08001ad0   0x0000001a   Code   RO         2407    i.TIM_OC2PreloadConfig  stm32f10x_tim.o
    0x08001aea   0x00000002   PAD
    0x08001aec   0x000000a0   Code   RO         2409    i.TIM_OC3Init       stm32f10x_tim.o
    0x08001b8c   0x00000012   Code   RO         2412    i.TIM_OC3PreloadConfig  stm32f10x_tim.o
    0x08001b9e   0x00000002   PAD
    0x08001ba0   0x0000007c   Code   RO         2414    i.TIM_OC4Init       stm32f10x_tim.o
    0x08001c1c   0x0000001a   Code   RO         2416    i.TIM_OC4PreloadConfig  stm32f10x_tim.o
    0x08001c36   0x00000004   Code   RO         2431    i.TIM_SetCompare1   stm32f10x_tim.o
    0x08001c3a   0x00000004   Code   RO         2432    i.TIM_SetCompare2   stm32f10x_tim.o
    0x08001c3e   0x00000004   Code   RO         2433    i.TIM_SetCompare3   stm32f10x_tim.o
    0x08001c42   0x00000006   Code   RO         2434    i.TIM_SetCompare4   stm32f10x_tim.o
    0x08001c48   0x00000012   Code   RO         2436    i.TIM_SetIC1Prescaler  stm32f10x_tim.o
    0x08001c5a   0x0000001a   Code   RO         2437    i.TIM_SetIC2Prescaler  stm32f10x_tim.o
    0x08001c74   0x00000012   Code   RO         2438    i.TIM_SetIC3Prescaler  stm32f10x_tim.o
    0x08001c86   0x0000001a   Code   RO         2439    i.TIM_SetIC4Prescaler  stm32f10x_tim.o
    0x08001ca0   0x000000a4   Code   RO         2441    i.TIM_TimeBaseInit  stm32f10x_tim.o
    0x08001d44   0x00000010   Code   RO         1540    i.UART4_IRQHandler  bsp_uart_fifo.o
    0x08001d54   0x00000010   Code   RO         1541    i.UART5_IRQHandler  bsp_uart_fifo.o
    0x08001d64   0x00000010   Code   RO         1542    i.USART2_IRQHandler  bsp_uart_fifo.o
    0x08001d74   0x00000010   Code   RO         1543    i.USART3_IRQHandler  bsp_uart_fifo.o
    0x08001d84   0x00000012   Code   RO         2910    i.USART_ClearFlag   stm32f10x_usart.o
    0x08001d96   0x00000018   Code   RO         2914    i.USART_Cmd         stm32f10x_usart.o
    0x08001dae   0x00000054   Code   RO         2918    i.USART_GetITStatus  stm32f10x_usart.o
    0x08001e02   0x0000004a   Code   RO         2920    i.USART_ITConfig    stm32f10x_usart.o
    0x08001e4c   0x000000d8   Code   RO         2921    i.USART_Init        stm32f10x_usart.o
    0x08001f24   0x0000000a   Code   RO         2928    i.USART_ReceiveData  stm32f10x_usart.o
    0x08001f2e   0x00000008   Code   RO         2931    i.USART_SendData    stm32f10x_usart.o
    0x08001f36   0x00000002   PAD
    0x08001f38   0x0000000c   Code   RO         1311    i.USB_LP_CAN1_RX0_IRQHandler  stm32f10x_it.o
    0x08001f44   0x000000e6   Code   RO         1545    i.UartIRQ           bsp_uart_fifo.o
    0x0800202a   0x00000072   Code   RO         1546    i.UartSend          bsp_uart_fifo.o
    0x0800209c   0x000000fc   Code   RO         1547    i.UartVarInit       bsp_uart_fifo.o
    0x08002198   0x00000004   Code   RO         1312    i.UsageFault_Handler  stm32f10x_it.o
    0x0800219c   0x00000020   Code   RO         4165    i.__0printf         mc_w.l(printfa.o)
    0x080021bc   0x00000028   Code   RO         4294    i.__ARM_fpclassify  m_ws.l(fpclassify.o)
    0x080021e4   0x00000388   Code   RO         4242    i.__ieee754_rem_pio2  m_ws.l(rred.o)
    0x0800256c   0x000000fc   Code   RO         4225    i.__kernel_cos      m_ws.l(cos_i.o)
    0x08002668   0x000000aa   Code   RO         4296    i.__kernel_poly     m_ws.l(poly.o)
    0x08002712   0x00000002   PAD
    0x08002714   0x000000ec   Code   RO         4247    i.__kernel_sin      m_ws.l(sin_i.o)
    0x08002800   0x00000006   Code   RO         4229    i.__mathlib_dbl_infnan  m_ws.l(dunder.o)
    0x08002806   0x0000000c   Code   RO         4231    i.__mathlib_dbl_invalid  m_ws.l(dunder.o)
    0x08002812   0x00000002   PAD
    0x08002814   0x00000010   Code   RO         4234    i.__mathlib_dbl_underflow  m_ws.l(dunder.o)
    0x08002824   0x0000000e   Code   RO         4306    i.__scatterload_copy  mc_w.l(handlers.o)
    0x08002832   0x00000002   Code   RO         4307    i.__scatterload_null  mc_w.l(handlers.o)
    0x08002834   0x0000000e   Code   RO         4308    i.__scatterload_zeroinit  mc_w.l(handlers.o)
    0x08002842   0x00000006   Code   RO         1186    i.__set_PRIMASK     bsp_timer.o
    0x08002848   0x00000006   Code   RO         1548    i.__set_PRIMASK     bsp_uart_fifo.o
    0x0800284e   0x00000002   PAD
    0x08002850   0x0000000c   Code   RO         4280    i.__set_errno       mc_w.l(errno.o)
    0x0800285c   0x00000164   Code   RO         4172    i._fp_digits        mc_w.l(printfa.o)
    0x080029c0   0x000006dc   Code   RO         4173    i._printf_core      mc_w.l(printfa.o)
    0x0800309c   0x00000024   Code   RO         4174    i._printf_post_padding  mc_w.l(printfa.o)
    0x080030c0   0x0000002e   Code   RO         4175    i._printf_pre_padding  mc_w.l(printfa.o)
    0x080030ee   0x00000002   PAD
    0x080030f0   0x000000e4   Code   RO          280    i.bsp_AngleAnalyzeApp  bsp_angle.o
    0x080031d4   0x000000dc   Code   RO          281    i.bsp_AngleCheck    bsp_angle.o
    0x080032b0   0x0000001c   Code   RO          282    i.bsp_AngleChkXorCalc  bsp_angle.o
    0x080032cc   0x00000070   Code   RO          283    i.bsp_AnglePoll     bsp_angle.o
    0x0800333c   0x00000020   Code   RO          285    i.bsp_AngleReadRaw  bsp_angle.o
    0x0800335c   0x00000038   Code   RO          286    i.bsp_AngleRevByte  bsp_angle.o
    0x08003394   0x00000014   Code   RO          288    i.bsp_AngleTimeout  bsp_angle.o
    0x080033a8   0x00000044   Code   RO         1187    i.bsp_DelayMS       bsp_timer.o
    0x080033ec   0x00000054   Code   RO         1188    i.bsp_DelayUS       bsp_timer.o
    0x08003440   0x000000cc   Code   RO         1400    i.bsp_DetectKey     bsp_key.o
    0x0800350c   0x000000dc   Code   RO          619    i.bsp_EXTI_Config   bsp_encoder.o
    0x080035e8   0x0000001c   Code   RO          620    i.bsp_EncoderGetPulseT  bsp_encoder.o
    0x08003604   0x00000034   Code   RO         1401    i.bsp_GetKey        bsp_key.o
    0x08003638   0x0000001c   Code   RO         1189    i.bsp_GetRunTime    bsp_timer.o
    0x08003654   0x00000040   Code   RO          290    i.bsp_IMU_GetData   bsp_angle.o
    0x08003694   0x00000208   Code   RO         1895    i.bsp_IRD_DecodeNec  bsp_ir_decode.o
    0x0800389c   0x00000038   Code   RO         1897    i.bsp_IRD_StopWork  bsp_ir_decode.o
    0x080038d4   0x00000130   Code   RO         1898    i.bsp_IR_GetPulseWidth  bsp_ir_decode.o
    0x08003a04   0x000000b4   Code   RO         1903    i.bsp_IR_TimeOutProc  bsp_ir_decode.o
    0x08003ab8   0x00000002   Code   RO         1266    i.bsp_Idle          bsp.o
    0x08003aba   0x0000007e   Code   RO         1267    i.bsp_Init          bsp.o
    0x08003b38   0x0000002c   Code   RO          291    i.bsp_InitAngle     bsp_angle.o
    0x08003b64   0x00000040   Code   RO          248    i.bsp_InitCollision  bsp_collision.o
    0x08003ba4   0x00000008   Code   RO          623    i.bsp_InitEncoder   bsp_encoder.o
    0x08003bac   0x00000008   Code   RO          624    i.bsp_InitGPIO      bsp_encoder.o
    0x08003bb4   0x0000006c   Code   RO         1190    i.bsp_InitHardTimer  bsp_timer.o
    0x08003c20   0x0000000c   Code   RO         1404    i.bsp_InitKey       bsp_key.o
    0x08003c2c   0x00000090   Code   RO         1405    i.bsp_InitKeyHard   bsp_key.o
    0x08003cbc   0x000000b0   Code   RO         1406    i.bsp_InitKeyVar    bsp_key.o
    0x08003d6c   0x0000009c   Code   RO         1139    i.bsp_InitLed       bsp_led.o
    0x08003e08   0x0000001c   Code   RO          763    i.bsp_InitMotor     bsp_motor.o
    0x08003e24   0x00000044   Code   RO          679    i.bsp_InitPid       bsp_control.o
    0x08003e68   0x000000c4   Code   RO          215    i.bsp_InitSW        bsp_powerswitch.o
    0x08003f2c   0x00000050   Code   RO         1067    i.bsp_InitSpeaker   bsp_speaker.o
    0x08003f7c   0x00000064   Code   RO         1191    i.bsp_InitTimer     bsp_timer.o
    0x08003fe0   0x00000100   Code   RO          764    i.bsp_InitTimer1    bsp_motor.o
    0x080040e0   0x000000ec   Code   RO          765    i.bsp_InitTimer4    bsp_motor.o
    0x080041cc   0x00000010   Code   RO         1549    i.bsp_InitUart      bsp_uart_fifo.o
    0x080041dc   0x00000034   Code   RO          766    i.bsp_InitVacuum    bsp_motor.o
    0x08004210   0x000000f0   Code   RO            3    i.bsp_KeyProc       main.o
    0x08004300   0x00000016   Code   RO         1408    i.bsp_KeyScan       bsp_key.o
    0x08004316   0x00000002   PAD
    0x08004318   0x00000040   Code   RO         1100    i.bsp_LedAppProc    bsp_ledapp.o
    0x08004358   0x00000054   Code   RO         1141    i.bsp_LedOff        bsp_led.o
    0x080043ac   0x00000074   Code   RO         1143    i.bsp_LedToggle     bsp_led.o
    0x08004420   0x0000003c   Code   RO          680    i.bsp_MotorBrake    bsp_control.o
    0x0800445c   0x0000004c   Code   RO          682    i.bsp_MotorGetSpeed  bsp_control.o
    0x080044a8   0x00000064   Code   RO          768    i.bsp_MotorSetPWM   bsp_motor.o
    0x0800450c   0x00000028   Code   RO          685    i.bsp_PidClear      bsp_control.o
    0x08004534   0x00000264   Code   RO          686    i.bsp_PidExec       bsp_control.o
    0x08004798   0x00000030   Code   RO          687    i.bsp_PidSched      bsp_control.o
    0x080047c8   0x0000023c   Code   RO          833    i.bsp_PositionUpdate  bsp_position.o
    0x08004a04   0x00000020   Code   RO         1409    i.bsp_PutKey        bsp_key.o
    0x08004a24   0x00000024   Code   RO          688    i.bsp_PwmLimit      bsp_control.o
    0x08004a48   0x0000000c   Code   RO         1268    i.bsp_RunPer10ms    bsp.o
    0x08004a54   0x00000002   Code   RO         1269    i.bsp_RunPer1ms     bsp.o
    0x08004a56   0x00000002   PAD
    0x08004a58   0x00000020   Code   RO         1102    i.bsp_SetLedState   bsp_ledapp.o
    0x08004a78   0x00000058   Code   RO         1069    i.bsp_SperkerPlay   bsp_speaker.o
    0x08004ad0   0x000000c8   Code   RO         1192    i.bsp_StartHardTimer  bsp_timer.o
    0x08004b98   0x0000006c   Code   RO          216    i.bsp_SwOff         bsp_powerswitch.o
    0x08004c04   0x0000006c   Code   RO          217    i.bsp_SwOn          bsp_powerswitch.o
    0x08004c70   0x0000002e   Code   RO         1556    i.comSendBuf        bsp_uart_fifo.o
    0x08004c9e   0x00000010   Code   RO         1557    i.comSendChar       bsp_uart_fifo.o
    0x08004cae   0x00000002   PAD
    0x08004cb0   0x0000009c   Code   RO         3899    i.cos               m_ws.l(cos.o)
    0x08004d4c   0x00000012   Code   RO         1559    i.fputc             bsp_uart_fifo.o
    0x08004d5e   0x00000024   Code   RO            4    i.main              main.o
    0x08004d82   0x0000000e   Code   RO          690    i.myabs             bsp_control.o
    0x08004d90   0x000000a0   Code   RO         3907    i.sin               m_ws.l(sin.o)
    0x08004e30   0x00000020   Data   RO         1906    .constdata          bsp_ir_decode.o
    0x08004e50   0x00000030   Data   RO         4226    .constdata          m_ws.l(cos_i.o)
    0x08004e80   0x000000c8   Data   RO         4244    .constdata          m_ws.l(rred.o)
    0x08004f48   0x00000028   Data   RO         4248    .constdata          m_ws.l(sin_i.o)
    0x08004f70   0x00000020   Data   RO         4304    Region$$Table       anon$$obj.o


    Execution Region RW_IRAM1 (Base: 0x20000000, Size: 0x0000a3b0, Max: 0x00010000, ABSOLUTE)

    Base Addr    Size         Type   Attr      Idx    E Section Name        Object

    0x20000000   0x0000000a   Data   RW          692    .data               bsp_control.o
    0x2000000a   0x00000002   PAD
    0x2000000c   0x0000001d   Data   RW         1193    .data               bsp_timer.o
    0x20000029   0x00000001   Data   RW         1907    .data               bsp_ir_decode.o
    0x2000002a   0x00000014   Data   RW         2134    .data               stm32f10x_rcc.o
    0x2000003e   0x00000002   PAD
    0x20000040   0x00000014   Data   RW         3676    .data               system_stm32f10x.o
    0x20000054   0x00000004   Data   RW         4267    .data               mc_w.l(stdout.o)
    0x20000058   0x00000004   Data   RW         4281    .data               mc_w.l(errno.o)
    0x2000005c   0x00000084   Zero   RW          292    .bss                bsp_angle.o
    0x200000e0   0x00000010   Zero   RW          625    .bss                bsp_encoder.o
    0x200000f0   0x00000088   Zero   RW          691    .bss                bsp_control.o
    0x20000178   0x00000050   Zero   RW          837    .bss                bsp_position.o
    0x200001c8   0x0000000c   Zero   RW         1103    .bss                bsp_ledapp.o
    0x200001d4   0x000000ad   Zero   RW         1412    .bss                bsp_key.o
    0x20000281   0x00000003   PAD
    0x20000284   0x000020a0   Zero   RW         1560    .bss                bsp_uart_fifo.o
    0x20002324   0x0000008c   Zero   RW         1905    .bss                bsp_ir_decode.o
    0x200023b0   0x00008000   Zero   RW         1971    STACK               startup_stm32f10x_hd.o


==============================================================================

Image component sizes


      Code (inc. data)   RO Data    RW Data    ZI Data      Debug   Object Name

       142          0          0          0          0       1755   bsp.o
       804         90          0          0        132       5560   bsp_angle.o
        64         10          0          0          0        520   bsp_collision.o
       954         66          0         10        136       5005   bsp_control.o
       348         20          0          0         16       3603   bsp_encoder.o
      1208         44         32          1        140       3561   bsp_ir_decode.o
       982        128          0          0        173       9046   bsp_key.o
       356         24          0          0          0       1603   bsp_led.o
        96         10          0          0         12       1571   bsp_ledapp.o
       672         30          0          0          0       3018   bsp_motor.o
       572         26          0          0         80        829   bsp_position.o
       412         74          0          0          0       1652   bsp_powerswitch.o
       168          8          0          0          0       1088   bsp_speaker.o
       858        108          0         29          0      29900   bsp_timer.o
      1556        158          0          0       8352      10015   bsp_uart_fifo.o
       276        128          0          0          0     268339   main.o
       132         22          0          0          0       1655   misc.o
        36          8        304          0      32768        892   startup_stm32f10x_hd.o
        32          6          0          0          0        592   stm32f10x_dbgmcu.o
       200         18          0          0          0       2248   stm32f10x_exti.o
       494         10          0          0          0       4684   stm32f10x_gpio.o
        36          6          0          0          0       3889   stm32f10x_it.o
       276         32          0         20          0       4594   stm32f10x_rcc.o
      1850        200          0          0          0      20957   stm32f10x_tim.o
       434          6          0          0          0       6329   stm32f10x_usart.o
       328         28          0         20          0       2189   system_stm32f10x.o

    ----------------------------------------------------------------------
     13318       1260        368         84      41812     395094   Object Totals
         0          0         32          0          0          0   (incl. Generated)
        32          0          0          4          3          0   (incl. Padding)

    ----------------------------------------------------------------------

      Code (inc. data)   RO Data    RW Data    ZI Data      Debug   Library Member Name

       156          8          0          0          0        104   cos.o
       252         22         48          0          0        124   cos_i.o
        34          6          0          0          0        204   dunder.o
        40          0          0          0          0         68   fpclassify.o
       170          0          0          0          0         96   poly.o
       904         76        200          0          0        140   rred.o
       160         10          0          0          0        108   sin.o
       236         12         40          0          0        128   sin_i.o
         0          0          0          0          0          0   entry.o
         0          0          0          0          0          0   entry10a.o
         0          0          0          0          0          0   entry11a.o
         8          4          0          0          0          0   entry2.o
         4          0          0          0          0          0   entry5.o
         0          0          0          0          0          0   entry7b.o
         0          0          0          0          0          0   entry8b.o
         8          4          0          0          0          0   entry9a.o
        12          6          0          4          0         68   errno.o
        30          0          0          0          0          0   handlers.o
        36          8          0          0          0         68   init.o
         0          0          0          0          0          0   iusefp.o
        30          0          0          0          0         68   llshl.o
        36          0          0          0          0         68   llsshr.o
        32          0          0          0          0         68   llushr.o
      2226         90          0          0          0        444   printfa.o
         0          0          0          4          0          0   stdout.o
        44          0          0          0          0         80   uidiv.o
        98          0          0          0          0         92   uldiv.o
        48          0          0          0          0         68   cdrcmple.o
        20          0          0          0          0         68   cfcmple.o
       334          0          0          0          0        148   dadd.o
       222          0          0          0          0        100   ddiv.o
       186          0          0          0          0        176   depilogue.o
        62          0          0          0          0         80   dfixi.o
        48          0          0          0          0         68   dfixul.o
        34          0          0          0          0         76   dflti.o
        26          0          0          0          0         76   dfltui.o
       228          0          0          0          0         96   dmul.o
        46          0          0          0          0         80   dscalb.o
        38          0          0          0          0         68   f2d.o
       176          0          0          0          0        140   fadd.o
       124          0          0          0          0         88   fdiv.o
       110          0          0          0          0        168   fepilogue.o
        50          0          0          0          0         68   ffixi.o
        18          0          0          0          0         68   fflti.o
       100          0          0          0          0         76   fmul.o

    ----------------------------------------------------------------------
      6394        246        288          8          0       3640   Library Totals
         8          0          0          0          0          0   (incl. Padding)

    ----------------------------------------------------------------------

      Code (inc. data)   RO Data    RW Data    ZI Data      Debug   Library Name

      1952        134        288          0          0        972   m_ws.l
      2564        112          0          8          0        956   mc_w.l
      1870          0          0          0          0       1712   mf_w.l

    ----------------------------------------------------------------------
      6394        246        288          8          0       3640   Library Totals

    ----------------------------------------------------------------------

==============================================================================


      Code (inc. data)   RO Data    RW Data    ZI Data      Debug   

     19712       1506        656         92      41812     388850   Grand Totals
     19712       1506        656         92      41812     388850   ELF Image Totals
     19712       1506        656         92          0          0   ROM Totals

==============================================================================

    Total RO  Size (Code + RO Data)                20368 (  19.89kB)
    Total RW  Size (RW Data + ZI Data)             41904 (  40.92kB)
    Total ROM Size (Code + RO Data + RW Data)      20460 (  19.98kB)

==============================================================================

